 EditCase

 Timestamp is 60492308 (Wed Mar 10 19:50:32 2021)

 Preferred load address is 0000000180000000

 Start         Length     Name                   Class
 0001:00000000 00000008H .CRT$XCA                CODE
 0001:00000008 00000008H .CRT$XCZ                CODE
 0001:00000010 00000008H .CRT$XIA                CODE
 0001:00000018 00000018H .CRT$XIC                CODE
 0001:00000030 00000008H .CRT$XIZ                CODE
 0001:00000038 00000008H .CRT$XPA                CODE
 0001:00000040 00000010H .CRT$XPX                CODE
 0001:00000050 00000008H .CRT$XPXA               CODE
 0001:00000058 00000008H .CRT$XPZ                CODE
 0001:00000060 00000008H .CRT$XTA                CODE
 0001:00000068 00000008H .CRT$XTZ                CODE
 0001:00000070 00000000H .gfids$y                CODE
 0001:00000070 00007598H .rdata                  CODE
 0001:00007608 00000000H .rdata$r                CODE
 0001:00007608 00000290H .rdata$zzzdbg           CODE
 0001:00007898 00000008H .rtc$IAA                CODE
 0001:000078a0 00000008H .rtc$IZZ                CODE
 0001:000078a8 00000008H .rtc$TAA                CODE
 0001:000078b0 00000010H .rtc$TZZ                CODE
 0001:000078c0 0000b780H .text$mn                CODE
 0001:00013040 00000020H .text$mn$00             CODE
 0001:00013060 000002e0H .text$x                 CODE
 0001:00013340 00000b80H .xdata                  CODE
 0001:00013eb8 00000000H .xdata$x                CODE
 0001:00013ec0 000000a4H .edata                  CODE
 0002:00000000 00000a50H .data                   DATA
 0002:00000a50 00000000H .data$r                 DATA
 0002:00000a50 00001470H .bss                    DATA
 0003:00000000 00000db0H .pdata                  DATA
 0004:00000000 00000248H .idata$5                DATA
 0004:00000248 00000010H .00cfg                  DATA
 0004:00000258 00000014H .idata$2                DATA
 0004:0000026c 00000014H .idata$3                DATA
 0004:00000280 00000248H .idata$4                DATA
 0004:000004c8 0000052aH .idata$6                DATA
 0005:00000000 00000094H _RDATA                  DATA
 0006:00000000 00000060H .rsrc$01                DATA
 0006:00000060 00000388H .rsrc$02                DATA

  Address         Publics by Value              Rva+Base               Lib:Object

 0000:00000000       __hybrid_code_map          0000000000000000     <absolute>
 0000:00000000       __guard_iat_count          0000000000000000     <absolute>
 0000:00000000       __guard_fids_count         0000000000000000     <absolute>
 0000:00000000       __volatile_metadata        0000000000000000     <absolute>
 0000:00000000       __guard_longjmp_count      0000000000000000     <absolute>
 0000:00000000       __guard_longjmp_table      0000000000000000     <absolute>
 0000:00000000       __guard_iat_table          0000000000000000     <absolute>
 0000:00000000       __hybrid_code_map_count    0000000000000000     <absolute>
 0000:00000000       ___safe_se_handler_count   0000000000000000     <absolute>
 0000:00000000       __enclave_config           0000000000000000     <absolute>
 0000:00000000       __AbsoluteZero             0000000000000000     <absolute>
 0000:00000000       ___safe_se_handler_table   0000000000000000     <absolute>
 0000:00000000       __dynamic_value_reloc_table 0000000000000000     <absolute>
 0000:00000000       __guard_fids_table         0000000000000000     <absolute>
 0000:00000000       __hybrid_auxiliary_iat     0000000000000000     <absolute>
 0000:00000100       __guard_flags              0000000000000100     <absolute>
 0000:00000000       __ImageBase                0000000180000000     <linker-defined>
 0001:00000000       __xc_a                     0000000180001000     LIBCMT:initializers.obj
 0001:00000008       __xc_z                     0000000180001008     LIBCMT:initializers.obj
 0001:00000010       __xi_a                     0000000180001010     LIBCMT:initializers.obj
 0001:00000018       __acrt_multibyte_initializer 0000000180001018     libucrt:multibyte_initializer.obj
 0001:00000020       __acrt_stdio_initializer   0000000180001020     libucrt:stdio_initializer.obj
 0001:00000028       __acrt_tran_fma3_initializer 0000000180001028     libucrt:fma3_initializer.obj
 0001:00000030       __xi_z                     0000000180001030     LIBCMT:initializers.obj
 0001:00000038       __xp_a                     0000000180001038     LIBCMT:initializers.obj
 0001:00000040       __acrt_locale_terminator   0000000180001040     libucrt:locale_initializer.obj
 0001:00000048       __dcrt_console_output_terminator 0000000180001048     libucrt:console_output_initializer.obj
 0001:00000050       __acrt_stdio_terminator    0000000180001050     libucrt:stdio_initializer.obj
 0001:00000058       __xp_z                     0000000180001058     LIBCMT:initializers.obj
 0001:00000060       __xt_a                     0000000180001060     LIBCMT:initializers.obj
 0001:00000068       __xt_z                     0000000180001068     LIBCMT:initializers.obj
 0001:00000080       MainGuid                   0000000180001080     EditCase.obj
 0001:00000090       MenuGuid                   0000000180001090     EditCase.obj
 0001:000000a0       ??_C@_1BC@MGKGEOAP@?$AAE?$AAd?$AAi?$AAt?$AAC?$AAa?$AAs?$AAe@ 00000001800010a0     EditCase.obj
 0001:000000c0       ??_C@_1EK@IFCLLMMP@?$AAT?$AAe?$AAx?$AAt?$AA?5?$AAc?$AAa?$AAs?$AAe?$AA?5?$AAc?$AAo?$AAn?$AAv?$AAe@ 00000001800010c0     EditCase.obj
 0001:00000110       ??_C@_1DE@BGKMIKPD@?$AAE?$AAu?$AAg?$AAe?$AAn?$AAe?$AA?5?$AAR?$AAo?$AAs?$AAh?$AAa?$AAl?$AA?5?$AA?$CG@ 0000000180001110     EditCase.obj
 0001:00000144       ??_C@_13GMDMCADD@?$AA?$CD@ 0000000180001144     EditCase.obj
 0001:00000148       ??_C@_1BG@DENGNAGA@?$AAA?$AAd?$AAd?$AAW?$AAo?$AAr?$AAd?$AAD?$AAi?$AAv@ 0000000180001148     EditCase.obj
 0001:00000160       ??_C@_1BA@CAKIGJMA@?$AAW?$AAo?$AAr?$AAd?$AAD?$AAi?$AAv@ 0000000180001160     EditCase.obj
 0001:00000170       ??_C@_19DHONEMF@?$AA?5?$AA?6?$AA?$AN?$AA?7@ 0000000180001170     EditCase.obj
 0001:00000180       ??_C@_1M@LPIADJOF@?$AAL?$AAO?$AAW?$AAE?$AAR@ 0000000180001180     EditCase.obj
 0001:00000190       ??_C@_1M@NMMEOLKN@?$AAT?$AAI?$AAT?$AAL?$AAE@ 0000000180001190     EditCase.obj
 0001:000001a0       ??_C@_1M@PCFBDNPE@?$AAU?$AAP?$AAP?$AAE?$AAR@ 00000001800011a0     EditCase.obj
 0001:000001b0       ??_C@_1O@NJHKFPAK@?$AAT?$AAO?$AAG?$AAG?$AAL?$AAE@ 00000001800011b0     EditCase.obj
 0001:000001c0       ??_C@_1O@BIAHPDPJ@?$AAC?$AAY?$AAC?$AAL?$AAI?$AAC@ 00000001800011c0     EditCase.obj
 0001:000001d0       ??_C@_1BC@ENICKDH@?$AAC?$AAo?$AAn?$AAt?$AAe?$AAn?$AAt?$AAs@ 00000001800011d0     EditCase.obj
 0001:000001f0       __xmm@00000004000000030000000200000001 00000001800011f0     EditCase.obj
 0001:00000200       __xmm@ffffffffffffffffffffffffffffffff 0000000180001200     EditCase.obj
 0001:00000210       _pRawDllMain               0000000180001210     LIBCMT:dll_dllmain.obj
 0001:00000210       _pDefaultRawDllMain        0000000180001210     LIBCMT:dll_dllmain.obj
 0001:00000218       _pDestructExceptionObject  0000000180001218     libvcruntime:ehhelpers.obj
 0001:00000920       ??_C@_08EHJDFFNH@__based?$CI@ 0000000180001920     libvcruntime:undname.obj
 0001:00000930       ??_C@_07KOLFKCDI@__cdecl@  0000000180001930     libvcruntime:undname.obj
 0001:00000938       ??_C@_08GHMPAG@__pascal@   0000000180001938     libvcruntime:undname.obj
 0001:00000948       ??_C@_09IFJBGAPI@__stdcall@ 0000000180001948     libvcruntime:undname.obj
 0001:00000958       ??_C@_0L@NPHFGOKO@__thiscall@ 0000000180001958     libvcruntime:undname.obj
 0001:00000968       ??_C@_0L@JMKHOMEK@__fastcall@ 0000000180001968     libvcruntime:undname.obj
 0001:00000978       ??_C@_0N@BCKKPABJ@__vectorcall@ 0000000180001978     libvcruntime:undname.obj
 0001:00000988       ??_C@_09HIJEGCPM@__clrcall@ 0000000180001988     libvcruntime:undname.obj
 0001:00000994       ??_C@_06GHPCKEAG@__eabi@   0000000180001994     libvcruntime:undname.obj
 0001:000009a0       ??_C@_09IOPIDJLG@__swift_1@ 00000001800019a0     libvcruntime:undname.obj
 0001:000009b0       ??_C@_09KFNFGKHF@__swift_2@ 00000001800019b0     libvcruntime:undname.obj
 0001:000009c0       ??_C@_07JOMMBBKO@__ptr64@  00000001800019c0     libvcruntime:undname.obj
 0001:000009c8       ??_C@_0L@PILCLIHE@__restrict@ 00000001800019c8     libvcruntime:undname.obj
 0001:000009d8       ??_C@_0M@GFIIJFMG@__unaligned@ 00000001800019d8     libvcruntime:undname.obj
 0001:000009e8       ??_C@_09DHDLOLLB@restrict?$CI@ 00000001800019e8     libvcruntime:undname.obj
 0001:000009f2       ??_C@_00CNPNBAHC@@         00000001800019f2     libvcruntime:undname.obj
 0001:000009f4       ??_C@_04NIHEBCM@?5new@     00000001800019f4     libvcruntime:undname.obj
 0001:00000a00       ??_C@_07FPCDHGMM@?5delete@ 0000000180001a00     libvcruntime:undname.obj
 0001:00000a08       ??_C@_01NEMOKFLO@?$DN@     0000000180001a08     libvcruntime:undname.obj
 0001:00000a0c       ??_C@_02GPIOPFAK@?$DO?$DO@ 0000000180001a0c     libvcruntime:undname.obj
 0001:00000a10       ??_C@_02FODMEDOG@?$DM?$DM@ 0000000180001a10     libvcruntime:undname.obj
 0001:00000a14       ??_C@_01DCLJPIOD@?$CB@     0000000180001a14     libvcruntime:undname.obj
 0001:00000a18       ??_C@_02EGOFBIJA@?$DN?$DN@ 0000000180001a18     libvcruntime:undname.obj
 0001:00000a1c       ??_C@_02FDNJECIE@?$CB?$DN@ 0000000180001a1c     libvcruntime:undname.obj
 0001:00000a20       ??_C@_02GPECMEKF@?$FL?$FN@ 0000000180001a20     libvcruntime:undname.obj
 0001:00000a28       ??_C@_08LHJFAFGD@operator@ 0000000180001a28     libvcruntime:undname.obj
 0001:00000a34       ??_C@_02HBOOOICD@?9?$DO@   0000000180001a34     libvcruntime:undname.obj
 0001:00000a38       ??_C@_01NBENCBCI@?$CK@     0000000180001a38     libvcruntime:undname.obj
 0001:00000a3c       ??_C@_02ECNGHCIF@?$CL?$CL@ 0000000180001a3c     libvcruntime:undname.obj
 0001:00000a40       ??_C@_02BAABKJLB@?9?9@     0000000180001a40     libvcruntime:undname.obj
 0001:00000a44       ??_C@_01JOAMLHOP@?9@       0000000180001a44     libvcruntime:undname.obj
 0001:00000a48       ??_C@_01MIFGBAGJ@?$CL@     0000000180001a48     libvcruntime:undname.obj
 0001:00000a4c       ??_C@_01HNPIGOCE@?$CG@     0000000180001a4c     libvcruntime:undname.obj
 0001:00000a50       ??_C@_03MNHNFDLC@?9?$DO?$CK@ 0000000180001a50     libvcruntime:undname.obj
 0001:00000a54       ??_C@_01KMDKNFGN@?1@       0000000180001a54     libvcruntime:undname.obj
 0001:00000a58       ??_C@_01FGNFDNOH@?$CF@     0000000180001a58     libvcruntime:undname.obj
 0001:00000a5c       ??_C@_01MNNFJEPP@?$DM@     0000000180001a5c     libvcruntime:undname.obj
 0001:00000a60       ??_C@_02EHCHHCKH@?$DM?$DN@ 0000000180001a60     libvcruntime:undname.obj
 0001:00000a64       ??_C@_01PPODPGHN@?$DO@     0000000180001a64     libvcruntime:undname.obj
 0001:00000a68       ??_C@_02EEKDKGMJ@?$DO?$DN@ 0000000180001a68     libvcruntime:undname.obj
 0001:00000a6c       ??_C@_01IHBHIGKO@?0@       0000000180001a6c     libvcruntime:undname.obj
 0001:00000a70       ??_C@_02HCKGKOFO@?$CI?$CJ@ 0000000180001a70     libvcruntime:undname.obj
 0001:00000a74       ??_C@_01PJKLJHI@?$HO@      0000000180001a74     libvcruntime:undname.obj
 0001:00000a78       ??_C@_01JKBOJNNK@?$FO@     0000000180001a78     libvcruntime:undname.obj
 0001:00000a7c       ??_C@_01DNKMNLPK@?$HM@     0000000180001a7c     libvcruntime:undname.obj
 0001:00000a80       ??_C@_02PPKAJPJL@?$CG?$CG@ 0000000180001a80     libvcruntime:undname.obj
 0001:00000a84       ??_C@_02NONPIBCD@?$HM?$HM@ 0000000180001a84     libvcruntime:undname.obj
 0001:00000a88       ??_C@_02FPIMKNGF@?$CK?$DN@ 0000000180001a88     libvcruntime:undname.obj
 0001:00000a8c       ??_C@_02FOEOMHFC@?$CL?$DN@ 0000000180001a8c     libvcruntime:undname.obj
 0001:00000a90       ??_C@_02FKMDLLOA@?9?$DN@   0000000180001a90     libvcruntime:undname.obj
 0001:00000a94       ??_C@_02FJEHGPIO@?1?$DN@   0000000180001a94     libvcruntime:undname.obj
 0001:00000a98       ??_C@_02FENAOKFI@?$CF?$DN@ 0000000180001a98     libvcruntime:undname.obj
 0001:00000a9c       ??_C@_03IKFCCPFF@?$DO?$DO?$DN@ 0000000180001a9c     libvcruntime:undname.obj
 0001:00000aa0       ??_C@_03CDNPDDLA@?$DM?$DM?$DN@ 0000000180001aa0     libvcruntime:undname.obj
 0001:00000aa4       ??_C@_02FGJGFEAB@?$CG?$DN@ 0000000180001aa4     libvcruntime:undname.obj
 0001:00000aa8       ??_C@_02DHLNPPGH@?$HM?$DN@ 0000000180001aa8     libvcruntime:undname.obj
 0001:00000aac       ??_C@_02MHEGNOJ@?$FO?$DN@  0000000180001aac     libvcruntime:undname.obj
 0001:00000ab0       ??_C@_09IFPLHPGF@?$GAvftable?8@ 0000000180001ab0     libvcruntime:undname.obj
 0001:00000ac0       ??_C@_09BLBHBJP@?$GAvbtable?8@ 0000000180001ac0     libvcruntime:undname.obj
 0001:00000ad0       ??_C@_07FEEIOKP@?$GAvcall?8@ 0000000180001ad0     libvcruntime:undname.obj
 0001:00000ad8       ??_C@_08LLFFHHDJ@?$GAtypeof?8@ 0000000180001ad8     libvcruntime:undname.obj
 0001:00000ae8       ??_C@_0BF@KDPPACIK@?$GAlocal?5static?5guard?8@ 0000000180001ae8     libvcruntime:undname.obj
 0001:00000b00       ??_C@_08OBABFOLI@?$GAstring?8@ 0000000180001b00     libvcruntime:undname.obj
 0001:00000b10       ??_C@_0BD@JDLKDPAB@?$GAvbase?5destructor?8@ 0000000180001b10     libvcruntime:undname.obj
 0001:00000b28       ??_C@_0BN@DEGPLNFK@?$GAvector?5deleting?5destructor?8@ 0000000180001b28     libvcruntime:undname.obj
 0001:00000b48       ??_C@_0BO@OBMKPJIG@?$GAdefault?5constructor?5closure?8@ 0000000180001b48     libvcruntime:undname.obj
 0001:00000b68       ??_C@_0BN@IMDCHIKM@?$GAscalar?5deleting?5destructor?8@ 0000000180001b68     libvcruntime:undname.obj
 0001:00000b88       ??_C@_0BO@PFGOCPJJ@?$GAvector?5constructor?5iterator?8@ 0000000180001b88     libvcruntime:undname.obj
 0001:00000ba8       ??_C@_0BN@LFPFMEDL@?$GAvector?5destructor?5iterator?8@ 0000000180001ba8     libvcruntime:undname.obj
 0001:00000bc8       ??_C@_0CE@IKBNEHA@?$GAvector?5vbase?5constructor?5itera@ 0000000180001bc8     libvcruntime:undname.obj
 0001:00000bf0       ??_C@_0BL@NILFHHPC@?$GAvirtual?5displacement?5map?8@ 0000000180001bf0     libvcruntime:undname.obj
 0001:00000c10       ??_C@_0CB@JONCMFFK@?$GAeh?5vector?5constructor?5iterator@ 0000000180001c10     libvcruntime:undname.obj
 0001:00000c38       ??_C@_0CA@GCEOPDGL@?$GAeh?5vector?5destructor?5iterator?8@ 0000000180001c38     libvcruntime:undname.obj
 0001:00000c58       ??_C@_0CH@OOJPLCPH@?$GAeh?5vector?5vbase?5constructor?5it@ 0000000180001c58     libvcruntime:undname.obj
 0001:00000c80       ??_C@_0BL@LLKPOHJI@?$GAcopy?5constructor?5closure?8@ 0000000180001c80     libvcruntime:undname.obj
 0001:00000ca0       ??_C@_0BA@KBCDOMBN@?$GAudt?5returning?8@ 0000000180001ca0     libvcruntime:undname.obj
 0001:00000cb0       ??_C@_03KLGMFNMG@?$GAEH@   0000000180001cb0     libvcruntime:undname.obj
 0001:00000cb4       ??_C@_05KHLCHHI@?$GARTTI@  0000000180001cb4     libvcruntime:undname.obj
 0001:00000cc0       ??_C@_0BA@KKLDJDLB@?$GAlocal?5vftable?8@ 0000000180001cc0     libvcruntime:undname.obj
 0001:00000cd0       ??_C@_0CE@IIHCMGGL@?$GAlocal?5vftable?5constructor?5clos@ 0000000180001cd0     libvcruntime:undname.obj
 0001:00000cf4       ??_C@_06FHBGPFGH@?5new?$FL?$FN@ 0000000180001cf4     libvcruntime:undname.obj
 0001:00000d00       ??_C@_09LBNFPBCA@?5delete?$FL?$FN@ 0000000180001d00     libvcruntime:undname.obj
 0001:00000d10       ??_C@_0P@HJKNJFNN@?$GAomni?5callsig?8@ 0000000180001d10     libvcruntime:undname.obj
 0001:00000d20       ??_C@_0BL@CNOONJFP@?$GAplacement?5delete?5closure?8@ 0000000180001d20     libvcruntime:undname.obj
 0001:00000d40       ??_C@_0BN@CKNJLHMB@?$GAplacement?5delete?$FL?$FN?5closure?8@ 0000000180001d40     libvcruntime:undname.obj
 0001:00000d60       ??_C@_0CG@CFDHKGGD@?$GAmanaged?5vector?5constructor?5ite@ 0000000180001d60     libvcruntime:undname.obj
 0001:00000d88       ??_C@_0CF@IMGKMJNO@?$GAmanaged?5vector?5destructor?5iter@ 0000000180001d88     libvcruntime:undname.obj
 0001:00000db0       ??_C@_0CG@HLDDJMAG@?$GAeh?5vector?5copy?5constructor?5ite@ 0000000180001db0     libvcruntime:undname.obj
 0001:00000dd8       ??_C@_0CM@FCBBDIGB@?$GAeh?5vector?5vbase?5copy?5construct@ 0000000180001dd8     libvcruntime:undname.obj
 0001:00000e08       ??_C@_0BL@CLIPGLGB@?$GAdynamic?5initializer?5for?5?8@ 0000000180001e08     libvcruntime:undname.obj
 0001:00000e28       ??_C@_0CB@PDBIFEP@?$GAdynamic?5atexit?5destructor?5for?5@ 0000000180001e28     libvcruntime:undname.obj
 0001:00000e50       ??_C@_0CD@CGAJBKEJ@?$GAvector?5copy?5constructor?5iterat@ 0000000180001e50     libvcruntime:undname.obj
 0001:00000e78       ??_C@_0CJ@GJELGAMM@?$GAvector?5vbase?5copy?5constructor?5@ 0000000180001e78     libvcruntime:undname.obj
 0001:00000ea8       ??_C@_0CL@FGIJHLCE@?$GAmanaged?5vector?5copy?5constructo@ 0000000180001ea8     libvcruntime:undname.obj
 0001:00000ed8       ??_C@_0BM@PMGGMLDN@?$GAlocal?5static?5thread?5guard?8@ 0000000180001ed8     libvcruntime:undname.obj
 0001:00000ef8       ??_C@_0N@BDNMDMOL@operator?5?$CC?$CC?5@ 0000000180001ef8     libvcruntime:undname.obj
 0001:00000f08       ??_C@_0BC@GGEBGALA@operator?5co_await@ 0000000180001f08     libvcruntime:undname.obj
 0001:00000f20       ??_C@_0M@GAAIMMOH@operator?$DM?$DN?$DO@ 0000000180001f20     libvcruntime:undname.obj
 0001:00000f30       ??_C@_0BC@DAFEJGAK@?5Type?5Descriptor?8@ 0000000180001f30     libvcruntime:undname.obj
 0001:00000f48       ??_C@_0BM@LDKODKLH@?5Base?5Class?5Descriptor?5at?5?$CI@ 0000000180001f48     libvcruntime:undname.obj
 0001:00000f68       ??_C@_0BD@LGICGFMM@?5Base?5Class?5Array?8@ 0000000180001f68     libvcruntime:undname.obj
 0001:00000f80       ??_C@_0BN@MECKDCOJ@?5Class?5Hierarchy?5Descriptor?8@ 0000000180001f80     libvcruntime:undname.obj
 0001:00000fa0       ??_C@_0BK@CFCOFLF@?5Complete?5Object?5Locator?8@ 0000000180001fa0     libvcruntime:undname.obj
 0001:00000fc0       ??_C@_0BG@JNJLAMPM@?$GAanonymous?5namespace?8@ 0000000180001fc0     libvcruntime:undname.obj
 0001:00000ff0       ??_C@_1DM@KHCHBNEB@?$AAa?$AAp?$AAi?$AA?9?$AAm?$AAs?$AA?9?$AAw?$AAi?$AAn?$AA?9?$AAc?$AAo?$AAr?$AAe@ 0000000180001ff0     libvcruntime:winapi_downlevel.obj
 0001:00001030       ??_C@_1DK@LPPGFMPP@?$AAa?$AAp?$AAi?$AA?9?$AAm?$AAs?$AA?9?$AAw?$AAi?$AAn?$AA?9?$AAc?$AAo?$AAr?$AAe@ 0000000180002030     libvcruntime:winapi_downlevel.obj
 0001:00001070       ??_C@_1BC@GDMECMAK@?$AAk?$AAe?$AAr?$AAn?$AAe?$AAl?$AA3?$AA2@ 0000000180002070     libvcruntime:winapi_downlevel.obj
 0001:00001088       ??_C@_1BA@PFFKHIOG@?$AAa?$AAp?$AAi?$AA?9?$AAm?$AAs?$AA?9@ 0000000180002088     libvcruntime:winapi_downlevel.obj
 0001:000010a0       ??_C@_08KNHFBNJ@FlsAlloc@  00000001800020a0     libvcruntime:winapi_downlevel.obj
 0001:000010b8       ??_C@_07PEJMOBNF@FlsFree@  00000001800020b8     libvcruntime:winapi_downlevel.obj
 0001:000010c8       ??_C@_0M@GDNOONDI@FlsGetValue@ 00000001800020c8     libvcruntime:winapi_downlevel.obj
 0001:000010e0       ??_C@_0M@JCPCPOEF@FlsSetValue@ 00000001800020e0     libvcruntime:winapi_downlevel.obj
 0001:000010f8       ??_C@_0BM@HCFOFFN@InitializeCriticalSectionEx@ 00000001800020f8     libvcruntime:winapi_downlevel.obj
 0001:00001120       __acrt_exception_action_table 0000000180002120     libucrt:exception_filter.obj
 0001:000011e0       __acrt_signal_action_table_count 00000001800021e0     libucrt:exception_filter.obj
 0001:000011e8       __acrt_signal_action_first_fpe_index 00000001800021e8     libucrt:exception_filter.obj
 0001:000011f0       __acrt_signal_action_fpe_count 00000001800021f0     libucrt:exception_filter.obj
 0001:000011f8       ??_C@_1BI@BGOHAHKC@?$AAm?$AAs?$AAc?$AAo?$AAr?$AAe?$AAe?$AA?4?$AAd?$AAl?$AAl@ 00000001800021f8     libucrt:exit.obj
 0001:00001210       ??_C@_0P@MIGLKIOC@CorExitProcess@ 0000000180002210     libucrt:exit.obj
 0001:000014a8       ??_C@_1M@HPNHIDJI@?$AAj?$AAa?$AA?9?$AAJ?$AAP@ 00000001800024a8     libucrt:mbctype.obj
 0001:000014b8       ??_C@_1M@BIBDDEMK@?$AAz?$AAh?$AA?9?$AAC?$AAN@ 00000001800024b8     libucrt:mbctype.obj
 0001:000014c8       ??_C@_1M@JLOOOEGK@?$AAk?$AAo?$AA?9?$AAK?$AAR@ 00000001800024c8     libucrt:mbctype.obj
 0001:000014d8       ??_C@_1M@CLNBBOPM@?$AAz?$AAh?$AA?9?$AAT?$AAW@ 00000001800024d8     libucrt:mbctype.obj
 0001:00001590       ??_C@_1EA@JGEFHKEI@?$AAa?$AAp?$AAi?$AA?9?$AAm?$AAs?$AA?9?$AAw?$AAi?$AAn?$AA?9?$AAc?$AAo?$AAr?$AAe@ 0000000180002590     libucrt:winapi_thunks.obj
 0001:000015d0       ??_C@_1DI@IJCEHOCB@?$AAa?$AAp?$AAi?$AA?9?$AAm?$AAs?$AA?9?$AAw?$AAi?$AAn?$AA?9?$AAc?$AAo?$AAr?$AAe@ 00000001800025d0     libucrt:winapi_thunks.obj
 0001:00001610       ??_C@_1EI@MPIAOHOC@?$AAa?$AAp?$AAi?$AA?9?$AAm?$AAs?$AA?9?$AAw?$AAi?$AAn?$AA?9?$AAc?$AAo?$AAr?$AAe@ 0000000180002610     libucrt:winapi_thunks.obj
 0001:00001660       ??_C@_1FK@FPHCKFIE@?$AAa?$AAp?$AAi?$AA?9?$AAm?$AAs?$AA?9?$AAw?$AAi?$AAn?$AA?9?$AAc?$AAo?$AAr?$AAe@ 0000000180002660     libucrt:winapi_thunks.obj
 0001:000016c0       ??_C@_1EM@DILCGIIO@?$AAa?$AAp?$AAi?$AA?9?$AAm?$AAs?$AA?9?$AAw?$AAi?$AAn?$AA?9?$AAc?$AAo?$AAr?$AAe@ 00000001800026c0     libucrt:winapi_thunks.obj
 0001:00001710       ??_C@_1DM@LNCGDDPN@?$AAa?$AAp?$AAi?$AA?9?$AAm?$AAs?$AA?9?$AAw?$AAi?$AAn?$AA?9?$AAc?$AAo?$AAr?$AAe@ 0000000180002710     libucrt:winapi_thunks.obj
 0001:00001750       ??_C@_1DO@FPAPJEMD@?$AAa?$AAp?$AAi?$AA?9?$AAm?$AAs?$AA?9?$AAw?$AAi?$AAn?$AA?9?$AAc?$AAo?$AAr?$AAe@ 0000000180002750     libucrt:winapi_thunks.obj
 0001:00001790       ??_C@_1DK@NDHNAHIO@?$AAa?$AAp?$AAi?$AA?9?$AAm?$AAs?$AA?9?$AAw?$AAi?$AAn?$AA?9?$AAc?$AAo?$AAr?$AAe@ 0000000180002790     libucrt:winapi_thunks.obj
 0001:000017d0       ??_C@_1DM@KGHDGBCM@?$AAa?$AAp?$AAi?$AA?9?$AAm?$AAs?$AA?9?$AAw?$AAi?$AAn?$AA?9?$AAc?$AAo?$AAr?$AAe@ 00000001800027d0     libucrt:winapi_thunks.obj
 0001:00001810       ??_C@_1EO@IJIOEFOH@?$AAa?$AAp?$AAi?$AA?9?$AAm?$AAs?$AA?9?$AAw?$AAi?$AAn?$AA?9?$AAr?$AAt?$AAc?$AAo@ 0000000180002810     libucrt:winapi_thunks.obj
 0001:00001860       ??_C@_1FG@HHGEKANL@?$AAa?$AAp?$AAi?$AA?9?$AAm?$AAs?$AA?9?$AAw?$AAi?$AAn?$AA?9?$AAs?$AAe?$AAc?$AAu@ 0000000180002860     libucrt:winapi_thunks.obj
 0001:000018c0       ??_C@_1EG@DBIOJECG@?$AAe?$AAx?$AAt?$AA?9?$AAm?$AAs?$AA?9?$AAw?$AAi?$AAn?$AA?9?$AAn?$AAt?$AAu?$AAs@ 00000001800028c0     libucrt:winapi_thunks.obj
 0001:00001910       ??_C@_1EO@FIHMJCLF@?$AAe?$AAx?$AAt?$AA?9?$AAm?$AAs?$AA?9?$AAw?$AAi?$AAn?$AA?9?$AAn?$AAt?$AAu?$AAs@ 0000000180002910     libucrt:winapi_thunks.obj
 0001:00001960       ??_C@_1BC@DNHGCMLG@?$AAa?$AAd?$AAv?$AAa?$AAp?$AAi?$AA3?$AA2@ 0000000180002960     libucrt:winapi_thunks.obj
 0001:00001978       ??_C@_1M@OAIMIKLP@?$AAn?$AAt?$AAd?$AAl?$AAl@ 0000000180002978     libucrt:winapi_thunks.obj
 0001:00001990       ??_C@_1EG@DPGNFKGC@?$AAa?$AAp?$AAi?$AA?9?$AAm?$AAs?$AA?9?$AAw?$AAi?$AAn?$AA?9?$AAa?$AAp?$AAp?$AAm@ 0000000180002990     libucrt:winapi_thunks.obj
 0001:000019d8       ??_C@_1O@BCCLBEOE@?$AAu?$AAs?$AAe?$AAr?$AA3?$AA2@ 00000001800029d8     libucrt:winapi_thunks.obj
 0001:000019e8       ??_C@_1BA@IAIFMGEF@?$AAe?$AAx?$AAt?$AA?9?$AAm?$AAs?$AA?9@ 00000001800029e8     libucrt:winapi_thunks.obj
 0001:00001a00       ??_C@_0BA@FHFNEAED@AreFileApisANSI@ 0000000180002a00     libucrt:winapi_thunks.obj
 0001:00001a40       ??_C@_0O@KKBNKAPF@LCMapStringEx@ 0000000180002a40     libucrt:winapi_thunks.obj
 0001:00001a58       ??_C@_0BB@HBDEELFH@LocaleNameToLCID@ 0000000180002a58     libucrt:winapi_thunks.obj
 0001:00001a70       ??_C@_0CF@OJOFEIGO@AppPolicyGetProcessTerminationM@ 0000000180002a70     libucrt:winapi_thunks.obj
 0001:00001aa0       __lc_time_c                0000000180002aa0     libucrt:nlsdata.obj
 0001:00001d60       ??_C@_03KOEHGMDN@Sun@      0000000180002d60     libucrt:nlsdata.obj
 0001:00001d64       ??_C@_03PDAGKDH@Mon@       0000000180002d64     libucrt:nlsdata.obj
 0001:00001d68       ??_C@_03NAGEINEP@Tue@      0000000180002d68     libucrt:nlsdata.obj
 0001:00001d6c       ??_C@_03MHOMLAJA@Wed@      0000000180002d6c     libucrt:nlsdata.obj
 0001:00001d70       ??_C@_03IOFIKPDN@Thu@      0000000180002d70     libucrt:nlsdata.obj
 0001:00001d74       ??_C@_03IDIOELNC@Fri@      0000000180002d74     libucrt:nlsdata.obj
 0001:00001d78       ??_C@_03FEFJNEK@Sat@       0000000180002d78     libucrt:nlsdata.obj
 0001:00001d7c       ??_C@_06OOPIFAJ@Sunday@    0000000180002d7c     libucrt:nlsdata.obj
 0001:00001d84       ??_C@_06JLEDEDGH@Monday@   0000000180002d84     libucrt:nlsdata.obj
 0001:00001d90       ??_C@_07BAAGCFCM@Tuesday@  0000000180002d90     libucrt:nlsdata.obj
 0001:00001d98       ??_C@_09DLIGFAKA@Wednesday@ 0000000180002d98     libucrt:nlsdata.obj
 0001:00001da8       ??_C@_08HACCIKIA@Thursday@ 0000000180002da8     libucrt:nlsdata.obj
 0001:00001db4       ??_C@_06JECMNKMI@Friday@   0000000180002db4     libucrt:nlsdata.obj
 0001:00001dc0       ??_C@_08INBOOONO@Saturday@ 0000000180002dc0     libucrt:nlsdata.obj
 0001:00001dcc       ??_C@_03JIHJHPIE@Jan@      0000000180002dcc     libucrt:nlsdata.obj
 0001:00001dd0       ??_C@_03HJBDCHOM@Feb@      0000000180002dd0     libucrt:nlsdata.obj
 0001:00001dd4       ??_C@_03ODNJBKGA@Mar@      0000000180002dd4     libucrt:nlsdata.obj
 0001:00001dd8       ??_C@_03LEOLGMJP@Apr@      0000000180002dd8     libucrt:nlsdata.obj
 0001:00001ddc       ??_C@_03CNMDKL@May@        0000000180002ddc     libucrt:nlsdata.obj
 0001:00001de0       ??_C@_03IDFGHECI@Jun@      0000000180002de0     libucrt:nlsdata.obj
 0001:00001de4       ??_C@_03LBGABGKK@Jul@      0000000180002de4     libucrt:nlsdata.obj
 0001:00001de8       ??_C@_03IFJFEIGA@Aug@      0000000180002de8     libucrt:nlsdata.obj
 0001:00001dec       ??_C@_03GGCAPAJC@Sep@      0000000180002dec     libucrt:nlsdata.obj
 0001:00001df0       ??_C@_03BMAOKBAD@Oct@      0000000180002df0     libucrt:nlsdata.obj
 0001:00001df4       ??_C@_03JPJOFNIA@Nov@      0000000180002df4     libucrt:nlsdata.obj
 0001:00001df8       ??_C@_03MKABNOCG@Dec@      0000000180002df8     libucrt:nlsdata.obj
 0001:00001e00       ??_C@_07CGJPFGJA@January@  0000000180002e00     libucrt:nlsdata.obj
 0001:00001e08       ??_C@_08GNJGEPFN@February@ 0000000180002e08     libucrt:nlsdata.obj
 0001:00001e14       ??_C@_05HPCKOFNC@March@    0000000180002e14     libucrt:nlsdata.obj
 0001:00001e1c       ??_C@_05DMJDNLEJ@April@    0000000180002e1c     libucrt:nlsdata.obj
 0001:00001e24       ??_C@_04CNLMGBGM@June@     0000000180002e24     libucrt:nlsdata.obj
 0001:00001e2c       ??_C@_04MIEPOIFP@July@     0000000180002e2c     libucrt:nlsdata.obj
 0001:00001e34       ??_C@_06LBBHFDDG@August@   0000000180002e34     libucrt:nlsdata.obj
 0001:00001e40       ??_C@_09BHHEALKD@September@ 0000000180002e40     libucrt:nlsdata.obj
 0001:00001e50       ??_C@_07JJNFCEND@October@  0000000180002e50     libucrt:nlsdata.obj
 0001:00001e58       ??_C@_08HCHEGEOA@November@ 0000000180002e58     libucrt:nlsdata.obj
 0001:00001e68       ??_C@_08EDHMEBNP@December@ 0000000180002e68     libucrt:nlsdata.obj
 0001:00001e74       ??_C@_02DEDBPAFC@AM@       0000000180002e74     libucrt:nlsdata.obj
 0001:00001e78       ??_C@_02CJNFDJBF@PM@       0000000180002e78     libucrt:nlsdata.obj
 0001:00001e80       ??_C@_08BPBNCDIB@MM?1dd?1yy@ 0000000180002e80     libucrt:nlsdata.obj
 0001:00001e90       ??_C@_0BE@CKGJFCPC@dddd?0?5MMMM?5dd?0?5yyyy@ 0000000180002e90     libucrt:nlsdata.obj
 0001:00001ea8       ??_C@_08JCCMCCIL@HH?3mm?3ss@ 0000000180002ea8     libucrt:nlsdata.obj
 0001:00001eb8       ??_C@_17MBGCMIPB@?$AAS?$AAu?$AAn@ 0000000180002eb8     libucrt:nlsdata.obj
 0001:00001ec0       ??_C@_17KBOMKBF@?$AAM?$AAo?$AAn@ 0000000180002ec0     libucrt:nlsdata.obj
 0001:00001ec8       ??_C@_17BMKGEGOJ@?$AAT?$AAu?$AAe@ 0000000180002ec8     libucrt:nlsdata.obj
 0001:00001ed0       ??_C@_17CJEDCEPE@?$AAW?$AAe?$AAd@ 0000000180002ed0     libucrt:nlsdata.obj
 0001:00001ed8       ??_C@_17PDPHAADD@?$AAT?$AAh?$AAu@ 0000000180002ed8     libucrt:nlsdata.obj
 0001:00001ee0       ??_C@_17HFOLPPLP@?$AAF?$AAr?$AAi@ 0000000180002ee0     libucrt:nlsdata.obj
 0001:00001ee8       ??_C@_17GGIBDPIH@?$AAS?$AAa?$AAt@ 0000000180002ee8     libucrt:nlsdata.obj
 0001:00001ef0       ??_C@_1O@IHNHDHPB@?$AAS?$AAu?$AAn?$AAd?$AAa?$AAy@ 0000000180002ef0     libucrt:nlsdata.obj
 0001:00001f00       ??_C@_1O@MMNBFLIA@?$AAM?$AAo?$AAn?$AAd?$AAa?$AAy@ 0000000180002f00     libucrt:nlsdata.obj
 0001:00001f10       ??_C@_1BA@ENFBFFEK@?$AAT?$AAu?$AAe?$AAs?$AAd?$AAa?$AAy@ 0000000180002f10     libucrt:nlsdata.obj
 0001:00001f20       ??_C@_1BE@EBOGMDOH@?$AAW?$AAe?$AAd?$AAn?$AAe?$AAs?$AAd?$AAa?$AAy@ 0000000180002f20     libucrt:nlsdata.obj
 0001:00001f38       ??_C@_1BC@HHMNLIHE@?$AAT?$AAh?$AAu?$AAr?$AAs?$AAd?$AAa?$AAy@ 0000000180002f38     libucrt:nlsdata.obj
 0001:00001f50       ??_C@_1O@PDICJHAG@?$AAF?$AAr?$AAi?$AAd?$AAa?$AAy@ 0000000180002f50     libucrt:nlsdata.obj
 0001:00001f60       ??_C@_1BC@ENMNNPAJ@?$AAS?$AAa?$AAt?$AAu?$AAr?$AAd?$AAa?$AAy@ 0000000180002f60     libucrt:nlsdata.obj
 0001:00001f78       ??_C@_17DKNBKCHM@?$AAJ?$AAa?$AAn@ 0000000180002f78     libucrt:nlsdata.obj
 0001:00001f80       ??_C@_17LMDJEKJN@?$AAF?$AAe?$AAb@ 0000000180002f80     libucrt:nlsdata.obj
 0001:00001f88       ??_C@_17CKNLEDEC@?$AAM?$AAa?$AAr@ 0000000180002f88     libucrt:nlsdata.obj
 0001:00001f90       ??_C@_17LFPOIHDD@?$AAA?$AAp?$AAr@ 0000000180002f90     libucrt:nlsdata.obj
 0001:00001f98       ??_C@_17PNNKMEED@?$AAM?$AAa?$AAy@ 0000000180002f98     libucrt:nlsdata.obj
 0001:00001fa0       ??_C@_17KCJGOCPB@?$AAJ?$AAu?$AAn@ 0000000180002fa0     libucrt:nlsdata.obj
 0001:00001fa8       ??_C@_17IJPCKHK@?$AAJ?$AAu?$AAl@ 0000000180002fa8     libucrt:nlsdata.obj
 0001:00001fb0       ??_C@_17ICPELBCN@?$AAA?$AAu?$AAg@ 0000000180002fb0     libucrt:nlsdata.obj
 0001:00001fb8       ??_C@_17HCHCOKMG@?$AAS?$AAe?$AAp@ 0000000180002fb8     libucrt:nlsdata.obj
 0001:00001fc0       ??_C@_17FNLKOI@?$AAO?$AAc?$AAt@ 0000000180002fc0     libucrt:nlsdata.obj
 0001:00001fc8       ??_C@_17BBDMLCIG@?$AAN?$AAo?$AAv@ 0000000180002fc8     libucrt:nlsdata.obj
 0001:00001fd0       ??_C@_17EGKACKIF@?$AAD?$AAe?$AAc@ 0000000180002fd0     libucrt:nlsdata.obj
 0001:00001fd8       ??_C@_1BA@EFMEIEBA@?$AAJ?$AAa?$AAn?$AAu?$AAa?$AAr?$AAy@ 0000000180002fd8     libucrt:nlsdata.obj
 0001:00001fe8       ??_C@_1BC@JGDDFFAM@?$AAF?$AAe?$AAb?$AAr?$AAu?$AAa?$AAr?$AAy@ 0000000180002fe8     libucrt:nlsdata.obj
 0001:00002000       ??_C@_1M@IKEENEDF@?$AAM?$AAa?$AAr?$AAc?$AAh@ 0000000180003000     libucrt:nlsdata.obj
 0001:00002010       ??_C@_1M@GJNLMHFD@?$AAA?$AAp?$AAr?$AAi?$AAl@ 0000000180003010     libucrt:nlsdata.obj
 0001:00002020       ??_C@_19EPFLPGAP@?$AAJ?$AAu?$AAn?$AAe@ 0000000180003020     libucrt:nlsdata.obj
 0001:00002030       ??_C@_19BIFMLPCD@?$AAJ?$AAu?$AAl?$AAy@ 0000000180003030     libucrt:nlsdata.obj
 0001:00002040       ??_C@_1O@PAHLKOAC@?$AAA?$AAu?$AAg?$AAu?$AAs?$AAt@ 0000000180003040     libucrt:nlsdata.obj
 0001:00002050       ??_C@_1BE@DKAAMBJL@?$AAS?$AAe?$AAp?$AAt?$AAe?$AAm?$AAb?$AAe?$AAr@ 0000000180003050     libucrt:nlsdata.obj
 0001:00002068       ??_C@_1BA@EPANDLNG@?$AAO?$AAc?$AAt?$AAo?$AAb?$AAe?$AAr@ 0000000180003068     libucrt:nlsdata.obj
 0001:00002078       ??_C@_1BC@BGLIFPF@?$AAN?$AAo?$AAv?$AAe?$AAm?$AAb?$AAe?$AAr@ 0000000180003078     libucrt:nlsdata.obj
 0001:00002090       ??_C@_1BC@FEMKIFH@?$AAD?$AAe?$AAc?$AAe?$AAm?$AAb?$AAe?$AAr@ 0000000180003090     libucrt:nlsdata.obj
 0001:000020a4       ??_C@_15ODEHAHHF@?$AAA?$AAM@ 00000001800030a4     libucrt:nlsdata.obj
 0001:000020ac       ??_C@_15CLMNNGEL@?$AAP?$AAM@ 00000001800030ac     libucrt:nlsdata.obj
 0001:000020b8       ??_C@_1BC@IEBCMHCM@?$AAM?$AAM?$AA?1?$AAd?$AAd?$AA?1?$AAy?$AAy@ 00000001800030b8     libucrt:nlsdata.obj
 0001:000020d0       ??_C@_1CI@KNAKOEBC@?$AAd?$AAd?$AAd?$AAd?$AA?0?$AA?5?$AAM?$AAM?$AAM?$AAM?$AA?5?$AAd?$AAd?$AA?0?$AA?5@ 00000001800030d0     libucrt:nlsdata.obj
 0001:000020f8       ??_C@_1BC@GDGBMEMK@?$AAH?$AAH?$AA?3?$AAm?$AAm?$AA?3?$AAs?$AAs@ 00000001800030f8     libucrt:nlsdata.obj
 0001:00002110       ??_C@_1M@BMHNFIME@?$AAe?$AAn?$AA?9?$AAU?$AAS@ 0000000180003110     libucrt:nlsdata.obj
 0001:00002120       __newctype                 0000000180003120     libucrt:ctype.obj
 0001:00002420       __newclmap                 0000000180003420     libucrt:ctype.obj
 0001:000025a0       __newcumap                 00000001800035a0     libucrt:ctype.obj
 0001:00003560       ??_C@_15EMKDOKLE@?$AAa?$AAr@ 0000000180004560     libucrt:lcidtoname_downlevel.obj
 0001:00003568       ??_C@_15KNPADPLH@?$AAb?$AAg@ 0000000180004568     libucrt:lcidtoname_downlevel.obj
 0001:00003570       ??_C@_15EDMHLDMO@?$AAc?$AAa@ 0000000180004570     libucrt:lcidtoname_downlevel.obj
 0001:00003578       ??_C@_1O@BPEAJADD@?$AAz?$AAh?$AA?9?$AAC?$AAH?$AAS@ 0000000180004578     libucrt:lcidtoname_downlevel.obj
 0001:00003588       ??_C@_15LJNHCMNK@?$AAc?$AAs@ 0000000180004588     libucrt:lcidtoname_downlevel.obj
 0001:00003590       ??_C@_15FOMCIDHG@?$AAd?$AAa@ 0000000180004590     libucrt:lcidtoname_downlevel.obj
 0001:00003598       ??_C@_15NBKABECB@?$AAd?$AAe@ 0000000180004598     libucrt:lcidtoname_downlevel.obj
 0001:000035a0       ??_C@_15GHPEIIAO@?$AAe?$AAl@ 00000001800045a0     libucrt:lcidtoname_downlevel.obj
 0001:000035a8       ??_C@_15MNPNEAIF@?$AAe?$AAn@ 00000001800045a8     libucrt:lcidtoname_downlevel.obj
 0001:000035b0       ??_C@_15GPIOMPMH@?$AAe?$AAs@ 00000001800045b0     libucrt:lcidtoname_downlevel.obj
 0001:000035b8       ??_C@_15NGLOAKJC@?$AAf?$AAi@ 00000001800045b8     libucrt:lcidtoname_downlevel.obj
 0001:000035c0       ??_C@_15FBKGNKAM@?$AAf?$AAr@ 00000001800045c0     libucrt:lcidtoname_downlevel.obj
 0001:000035c8       ??_C@_15KGGCNEFK@?$AAh?$AAe@ 00000001800045c8     libucrt:lcidtoname_downlevel.obj
 0001:000035d0       ??_C@_15PGHLIDMF@?$AAh?$AAu@ 00000001800045d0     libucrt:lcidtoname_downlevel.obj
 0001:000035d8       ??_C@_15BIEMAPLM@?$AAi?$AAs@ 00000001800045d8     libucrt:lcidtoname_downlevel.obj
 0001:000035e0       ??_C@_15IFJLDHAF@?$AAi?$AAt@ 00000001800045e0     libucrt:lcidtoname_downlevel.obj
 0001:000035e8       ??_C@_15GEMIOCAG@?$AAj?$AAa@ 00000001800045e8     libucrt:lcidtoname_downlevel.obj
 0001:000035f0       ??_C@_15EPELEGJA@?$AAk?$AAo@ 00000001800045f0     libucrt:lcidtoname_downlevel.obj
 0001:000035f8       ??_C@_15NDDHIMN@?$AAn?$AAl@ 00000001800045f8     libucrt:lcidtoname_downlevel.obj
 0001:00003600       ??_C@_15BPIGNHCD@?$AAn?$AAo@ 0000000180004600     libucrt:lcidtoname_downlevel.obj
 0001:00003608       ??_C@_15DEOPBLCG@?$AAp?$AAl@ 0000000180004608     libucrt:lcidtoname_downlevel.obj
 0001:00003610       ??_C@_15KBECGEFG@?$AAp?$AAt@ 0000000180004610     libucrt:lcidtoname_downlevel.obj
 0001:00003618       ??_C@_15GLJCBFMD@?$AAr?$AAo@ 0000000180004618     libucrt:lcidtoname_downlevel.obj
 0001:00003620       ??_C@_15FEDGKCDI@?$AAr?$AAu@ 0000000180004620     libucrt:lcidtoname_downlevel.obj
 0001:00003628       ??_C@_15GLKMLLHM@?$AAh?$AAr@ 0000000180004628     libucrt:lcidtoname_downlevel.obj
 0001:00003630       ??_C@_15CPKMFBDB@?$AAs?$AAk@ 0000000180004630     libucrt:lcidtoname_downlevel.obj
 0001:00003638       ??_C@_15BAAIOGMK@?$AAs?$AAq@ 0000000180004638     libucrt:lcidtoname_downlevel.obj
 0001:00003640       ??_C@_15INNPNOHD@?$AAs?$AAv@ 0000000180004640     libucrt:lcidtoname_downlevel.obj
 0001:00003648       ??_C@_15CABMMOGH@?$AAt?$AAh@ 0000000180004648     libucrt:lcidtoname_downlevel.obj
 0001:00003650       ??_C@_15BPLIHJJM@?$AAt?$AAr@ 0000000180004650     libucrt:lcidtoname_downlevel.obj
 0001:00003658       ??_C@_15NEOEKKDJ@?$AAu?$AAr@ 0000000180004658     libucrt:lcidtoname_downlevel.obj
 0001:00003660       ??_C@_15NFICGAJK@?$AAi?$AAd@ 0000000180004660     libucrt:lcidtoname_downlevel.obj
 0001:00003668       ??_C@_15PJPFLCCM@?$AAu?$AAk@ 0000000180004668     libucrt:lcidtoname_downlevel.obj
 0001:00003670       ??_C@_15HPJPHDM@?$AAb?$AAe@ 0000000180004670     libucrt:lcidtoname_downlevel.obj
 0001:00003678       ??_C@_15LCHLGJII@?$AAs?$AAl@ 0000000180004678     libucrt:lcidtoname_downlevel.obj
 0001:00003680       ??_C@_15PCFJPHHO@?$AAe?$AAt@ 0000000180004680     libucrt:lcidtoname_downlevel.obj
 0001:00003688       ??_C@_15HPFPGODN@?$AAl?$AAv@ 0000000180004688     libucrt:lcidtoname_downlevel.obj
 0001:00003690       ??_C@_15NFFGKGLG@?$AAl?$AAt@ 0000000180004690     libucrt:lcidtoname_downlevel.obj
 0001:00003698       ??_C@_15BDAKCCHN@?$AAf?$AAa@ 0000000180004698     libucrt:lcidtoname_downlevel.obj
 0001:000036a0       ??_C@_15NFGIAIAJ@?$AAv?$AAi@ 00000001800046a0     libucrt:lcidtoname_downlevel.obj
 0001:000036a8       ??_C@_15LMKNDMHN@?$AAh?$AAy@ 00000001800046a8     libucrt:lcidtoname_downlevel.obj
 0001:000036b0       ??_C@_15IJBHMCFL@?$AAa?$AAz@ 00000001800046b0     libucrt:lcidtoname_downlevel.obj
 0001:000036b8       ??_C@_15EKOFJABL@?$AAe?$AAu@ 00000001800046b8     libucrt:lcidtoname_downlevel.obj
 0001:000036c0       ??_C@_15BGHADCNK@?$AAm?$AAk@ 00000001800046c0     libucrt:lcidtoname_downlevel.obj
 0001:000036c8       ??_C@_15JDNICKHM@?$AAa?$AAf@ 00000001800046c8     libucrt:lcidtoname_downlevel.obj
 0001:000036d0       ??_C@_15KPJEDBKD@?$AAk?$AAa@ 00000001800046d0     libucrt:lcidtoname_downlevel.obj
 0001:000036d8       ??_C@_15PDNFFFEO@?$AAf?$AAo@ 00000001800046d8     libucrt:lcidtoname_downlevel.obj
 0001:000036e0       ??_C@_15OMLEGLOC@?$AAh?$AAi@ 00000001800046e0     libucrt:lcidtoname_downlevel.obj
 0001:000036e8       ??_C@_15IDNNENKK@?$AAm?$AAs@ 00000001800046e8     libucrt:lcidtoname_downlevel.obj
 0001:000036f0       ??_C@_15MACJNBMH@?$AAk?$AAk@ 00000001800046f0     libucrt:lcidtoname_downlevel.obj
 0001:000036f8       ??_C@_15DKDJEOND@?$AAk?$AAy@ 00000001800046f8     libucrt:lcidtoname_downlevel.obj
 0001:00003700       ??_C@_15DFGDLJBG@?$AAs?$AAw@ 0000000180004700     libucrt:lcidtoname_downlevel.obj
 0001:00003708       ??_C@_15BBFAICNG@?$AAu?$AAz@ 0000000180004708     libucrt:lcidtoname_downlevel.obj
 0001:00003710       ??_C@_15DKNDCGEA@?$AAt?$AAt@ 0000000180004710     libucrt:lcidtoname_downlevel.obj
 0001:00003718       ??_C@_15MGIFMDPL@?$AAp?$AAa@ 0000000180004718     libucrt:lcidtoname_downlevel.obj
 0001:00003720       ??_C@_15HCNDBBA@?$AAg?$AAu@ 0000000180004720     libucrt:lcidtoname_downlevel.obj
 0001:00003728       ??_C@_15FNBEIBON@?$AAt?$AAa@ 0000000180004728     libucrt:lcidtoname_downlevel.obj
 0001:00003730       ??_C@_15NCHGBGLK@?$AAt?$AAe@ 0000000180004730     libucrt:lcidtoname_downlevel.obj
 0001:00003738       ??_C@_15PHPHCBPF@?$AAk?$AAn@ 0000000180004738     libucrt:lcidtoname_downlevel.obj
 0001:00003740       ??_C@_15DLGBCKMP@?$AAm?$AAr@ 0000000180004740     libucrt:lcidtoname_downlevel.obj
 0001:00003748       ??_C@_15EABBLBFF@?$AAs?$AAa@ 0000000180004748     libucrt:lcidtoname_downlevel.obj
 0001:00003750       ??_C@_15CBKOMCOI@?$AAm?$AAn@ 0000000180004750     libucrt:lcidtoname_downlevel.obj
 0001:00003758       ??_C@_15CKDMCJAF@?$AAg?$AAl@ 0000000180004758     libucrt:lcidtoname_downlevel.obj
 0001:00003760       ??_C@_17CNJFBPG@?$AAk?$AAo?$AAk@ 0000000180004760     libucrt:lcidtoname_downlevel.obj
 0001:00003768       ??_C@_17FFBJICPL@?$AAs?$AAy?$AAr@ 0000000180004768     libucrt:lcidtoname_downlevel.obj
 0001:00003770       ??_C@_17KPNDCPAF@?$AAd?$AAi?$AAv@ 0000000180004770     libucrt:lcidtoname_downlevel.obj
 0001:00003778       ??_C@_11LOCGONAA@@         0000000180004778     libucrt:lcidtoname_downlevel.obj
 0001:00003780       ??_C@_1M@OKAHONE@?$AAa?$AAr?$AA?9?$AAS?$AAA@ 0000000180004780     libucrt:lcidtoname_downlevel.obj
 0001:00003790       ??_C@_1M@FFFIGIGK@?$AAb?$AAg?$AA?9?$AAB?$AAG@ 0000000180004790     libucrt:lcidtoname_downlevel.obj
 0001:000037a0       ??_C@_1M@BJNKEDC@?$AAc?$AAa?$AA?9?$AAE?$AAS@ 00000001800047a0     libucrt:lcidtoname_downlevel.obj
 0001:000037b0       ??_C@_1M@IJJHFJHA@?$AAc?$AAs?$AA?9?$AAC?$AAZ@ 00000001800047b0     libucrt:lcidtoname_downlevel.obj
 0001:000037c0       ??_C@_1M@CLPEOBGI@?$AAd?$AAa?$AA?9?$AAD?$AAK@ 00000001800047c0     libucrt:lcidtoname_downlevel.obj
 0001:000037d0       ??_C@_1M@MCMADGCB@?$AAd?$AAe?$AA?9?$AAD?$AAE@ 00000001800047d0     libucrt:lcidtoname_downlevel.obj
 0001:000037e0       ??_C@_1M@OOCKEMAM@?$AAe?$AAl?$AA?9?$AAG?$AAR@ 00000001800047e0     libucrt:lcidtoname_downlevel.obj
 0001:000037f0       ??_C@_1M@DDNJFGID@?$AAf?$AAi?$AA?9?$AAF?$AAI@ 00000001800047f0     libucrt:lcidtoname_downlevel.obj
 0001:00003800       ??_C@_1M@GLIPPMAC@?$AAf?$AAr?$AA?9?$AAF?$AAR@ 0000000180004800     libucrt:lcidtoname_downlevel.obj
 0001:00003810       ??_C@_1M@GFMCHPE@?$AAh?$AAe?$AA?9?$AAI?$AAL@ 0000000180004810     libucrt:lcidtoname_downlevel.obj
 0001:00003820       ??_C@_1M@MHLPGNKM@?$AAh?$AAu?$AA?9?$AAH?$AAU@ 0000000180004820     libucrt:lcidtoname_downlevel.obj
 0001:00003830       ??_C@_1M@LPDDNNPN@?$AAi?$AAs?$AA?9?$AAI?$AAS@ 0000000180004830     libucrt:lcidtoname_downlevel.obj
 0001:00003840       ??_C@_1M@MADIPODN@?$AAi?$AAt?$AA?9?$AAI?$AAT@ 0000000180004840     libucrt:lcidtoname_downlevel.obj
 0001:00003850       ??_C@_1M@IHBJJGG@?$AAn?$AAl?$AA?9?$AAN?$AAL@ 0000000180004850     libucrt:lcidtoname_downlevel.obj
 0001:00003860       ??_C@_1M@EANAGDL@?$AAn?$AAb?$AA?9?$AAN?$AAO@ 0000000180004860     libucrt:lcidtoname_downlevel.obj
 0001:00003870       ??_C@_1M@NEIEMEGP@?$AAp?$AAl?$AA?9?$AAP?$AAL@ 0000000180004870     libucrt:lcidtoname_downlevel.obj
 0001:00003880       ??_C@_1M@BOCFIGEP@?$AAp?$AAt?$AA?9?$AAB?$AAR@ 0000000180004880     libucrt:lcidtoname_downlevel.obj
 0001:00003890       ??_C@_1M@IMPFOPBG@?$AAr?$AAo?$AA?9?$AAR?$AAO@ 0000000180004890     libucrt:lcidtoname_downlevel.obj
 0001:000038a0       ??_C@_1M@IDNNEJMM@?$AAr?$AAu?$AA?9?$AAR?$AAU@ 00000001800048a0     libucrt:lcidtoname_downlevel.obj
 0001:000038b0       ??_C@_1M@LILEEOGM@?$AAh?$AAr?$AA?9?$AAH?$AAR@ 00000001800048b0     libucrt:lcidtoname_downlevel.obj
 0001:000038c0       ??_C@_1M@FKIFEHPB@?$AAs?$AAk?$AA?9?$AAS?$AAK@ 00000001800048c0     libucrt:lcidtoname_downlevel.obj
 0001:000038d0       ??_C@_1M@LJMAMNPJ@?$AAs?$AAq?$AA?9?$AAA?$AAL@ 00000001800048d0     libucrt:lcidtoname_downlevel.obj
 0001:000038e0       ??_C@_1M@GIAKDKJK@?$AAs?$AAv?$AA?9?$AAS?$AAE@ 00000001800048e0     libucrt:lcidtoname_downlevel.obj
 0001:000038f0       ??_C@_1M@MKJKIKCL@?$AAt?$AAh?$AA?9?$AAT?$AAH@ 00000001800048f0     libucrt:lcidtoname_downlevel.obj
 0001:00003900       ??_C@_1M@MFLCCMPB@?$AAt?$AAr?$AA?9?$AAT?$AAR@ 0000000180004900     libucrt:lcidtoname_downlevel.obj
 0001:00003910       ??_C@_1M@OIJHDKJN@?$AAu?$AAr?$AA?9?$AAP?$AAK@ 0000000180004910     libucrt:lcidtoname_downlevel.obj
 0001:00003920       ??_C@_1M@LHIPCIEK@?$AAi?$AAd?$AA?9?$AAI?$AAD@ 0000000180004920     libucrt:lcidtoname_downlevel.obj
 0001:00003930       ??_C@_1M@MFMOBGI@?$AAu?$AAk?$AA?9?$AAU?$AAA@ 0000000180004930     libucrt:lcidtoname_downlevel.obj
 0001:00003940       ??_C@_1M@OBGLJIPL@?$AAb?$AAe?$AA?9?$AAB?$AAY@ 0000000180004940     libucrt:lcidtoname_downlevel.obj
 0001:00003950       ??_C@_1M@BCFAJEAD@?$AAs?$AAl?$AA?9?$AAS?$AAI@ 0000000180004950     libucrt:lcidtoname_downlevel.obj
 0001:00003960       ??_C@_1M@FKFFEDDN@?$AAe?$AAt?$AA?9?$AAE?$AAE@ 0000000180004960     libucrt:lcidtoname_downlevel.obj
 0001:00003970       ??_C@_1M@KGKKAACI@?$AAl?$AAv?$AA?9?$AAL?$AAV@ 0000000180004970     libucrt:lcidtoname_downlevel.obj
 0001:00003980       ??_C@_1M@IFGBIJO@?$AAl?$AAt?$AA?9?$AAL?$AAT@ 0000000180004980     libucrt:lcidtoname_downlevel.obj
 0001:00003990       ??_C@_1M@FGEAHEDM@?$AAf?$AAa?$AA?9?$AAI?$AAR@ 0000000180004990     libucrt:lcidtoname_downlevel.obj
 0001:000039a0       ??_C@_1M@KBMAIBFN@?$AAv?$AAi?$AA?9?$AAV?$AAN@ 00000001800049a0     libucrt:lcidtoname_downlevel.obj
 0001:000039b0       ??_C@_1M@GPCBKDJK@?$AAh?$AAy?$AA?9?$AAA?$AAM@ 00000001800049b0     libucrt:lcidtoname_downlevel.obj
 0001:000039c0       ??_C@_1BG@BECMDDJB@?$AAa?$AAz?$AA?9?$AAA?$AAZ?$AA?9?$AAL?$AAa?$AAt?$AAn@ 00000001800049c0     libucrt:lcidtoname_downlevel.obj
 0001:000039d8       ??_C@_1M@MAOFCAEA@?$AAe?$AAu?$AA?9?$AAE?$AAS@ 00000001800049d8     libucrt:lcidtoname_downlevel.obj
 0001:000039e8       ??_C@_1M@IGHABKPI@?$AAm?$AAk?$AA?9?$AAM?$AAK@ 00000001800049e8     libucrt:lcidtoname_downlevel.obj
 0001:000039f8       ??_C@_1M@IAIGNEJG@?$AAt?$AAn?$AA?9?$AAZ?$AAA@ 00000001800049f8     libucrt:lcidtoname_downlevel.obj
 0001:00003a08       ??_C@_1M@IIJCOJFA@?$AAx?$AAh?$AA?9?$AAZ?$AAA@ 0000000180004a08     libucrt:lcidtoname_downlevel.obj
 0001:00003a18       ??_C@_1M@LGPJHNJH@?$AAz?$AAu?$AA?9?$AAZ?$AAA@ 0000000180004a18     libucrt:lcidtoname_downlevel.obj
 0001:00003a28       ??_C@_1M@HOKAOIO@?$AAa?$AAf?$AA?9?$AAZ?$AAA@ 0000000180004a28     libucrt:lcidtoname_downlevel.obj
 0001:00003a38       ??_C@_1M@DPCLHLIE@?$AAk?$AAa?$AA?9?$AAG?$AAE@ 0000000180004a38     libucrt:lcidtoname_downlevel.obj
 0001:00003a48       ??_C@_1M@BLKMHJBI@?$AAf?$AAo?$AA?9?$AAF?$AAO@ 0000000180004a48     libucrt:lcidtoname_downlevel.obj
 0001:00003a58       ??_C@_1M@LGGJAPPB@?$AAh?$AAi?$AA?9?$AAI?$AAN@ 0000000180004a58     libucrt:lcidtoname_downlevel.obj
 0001:00003a68       ??_C@_1M@FIKPIHFE@?$AAm?$AAt?$AA?9?$AAM?$AAT@ 0000000180004a68     libucrt:lcidtoname_downlevel.obj
 0001:00003a78       ??_C@_1M@HEGGPBFA@?$AAs?$AAe?$AA?9?$AAN?$AAO@ 0000000180004a78     libucrt:lcidtoname_downlevel.obj
 0001:00003a88       ??_C@_1M@EIBJEEPA@?$AAm?$AAs?$AA?9?$AAM?$AAY@ 0000000180004a88     libucrt:lcidtoname_downlevel.obj
 0001:00003a98       ??_C@_1M@FHLBGMPP@?$AAk?$AAk?$AA?9?$AAK?$AAZ@ 0000000180004a98     libucrt:lcidtoname_downlevel.obj
 0001:00003aa8       ??_C@_1M@NGJJLCGI@?$AAk?$AAy?$AA?9?$AAK?$AAG@ 0000000180004aa8     libucrt:lcidtoname_downlevel.obj
 0001:00003ab8       ??_C@_1M@GIENNBFC@?$AAs?$AAw?$AA?9?$AAK?$AAE@ 0000000180004ab8     libucrt:lcidtoname_downlevel.obj
 0001:00003ac8       ??_C@_1BG@NDGMJIMJ@?$AAu?$AAz?$AA?9?$AAU?$AAZ?$AA?9?$AAL?$AAa?$AAt?$AAn@ 0000000180004ac8     libucrt:lcidtoname_downlevel.obj
 0001:00003ae0       ??_C@_1M@IDCCIHBC@?$AAt?$AAt?$AA?9?$AAR?$AAU@ 0000000180004ae0     libucrt:lcidtoname_downlevel.obj
 0001:00003af0       ??_C@_1M@LOICPMOJ@?$AAb?$AAn?$AA?9?$AAI?$AAN@ 0000000180004af0     libucrt:lcidtoname_downlevel.obj
 0001:00003b00       ??_C@_1M@KPKKNEAH@?$AAp?$AAa?$AA?9?$AAI?$AAN@ 0000000180004b00     libucrt:lcidtoname_downlevel.obj
 0001:00003b10       ??_C@_1M@PJGPPBOG@?$AAg?$AAu?$AA?9?$AAI?$AAN@ 0000000180004b10     libucrt:lcidtoname_downlevel.obj
 0001:00003b20       ??_C@_1M@KMKMOPHI@?$AAt?$AAa?$AA?9?$AAI?$AAN@ 0000000180004b20     libucrt:lcidtoname_downlevel.obj
 0001:00003b30       ??_C@_1M@KFEHEPAC@?$AAt?$AAe?$AA?9?$AAI?$AAN@ 0000000180004b30     libucrt:lcidtoname_downlevel.obj
 0001:00003b40       ??_C@_1M@CDCLMGHI@?$AAk?$AAn?$AA?9?$AAI?$AAN@ 0000000180004b40     libucrt:lcidtoname_downlevel.obj
 0001:00003b50       ??_C@_1M@MIODLDKF@?$AAm?$AAl?$AA?9?$AAI?$AAN@ 0000000180004b50     libucrt:lcidtoname_downlevel.obj
 0001:00003b60       ??_C@_1M@PBIEACPO@?$AAm?$AAr?$AA?9?$AAI?$AAN@ 0000000180004b60     libucrt:lcidtoname_downlevel.obj
 0001:00003b70       ??_C@_1M@NIDEAGPH@?$AAs?$AAa?$AA?9?$AAI?$AAN@ 0000000180004b70     libucrt:lcidtoname_downlevel.obj
 0001:00003b80       ??_C@_1M@FHIHCBIO@?$AAm?$AAn?$AA?9?$AAM?$AAN@ 0000000180004b80     libucrt:lcidtoname_downlevel.obj
 0001:00003b90       ??_C@_1M@JAIJPENP@?$AAc?$AAy?$AA?9?$AAG?$AAB@ 0000000180004b90     libucrt:lcidtoname_downlevel.obj
 0001:00003ba0       ??_C@_1M@PHGFBEPN@?$AAg?$AAl?$AA?9?$AAE?$AAS@ 0000000180004ba0     libucrt:lcidtoname_downlevel.obj
 0001:00003bb0       ??_C@_1O@KPIPDNCP@?$AAk?$AAo?$AAk?$AA?9?$AAI?$AAN@ 0000000180004bb0     libucrt:lcidtoname_downlevel.obj
 0001:00003bc0       ??_C@_1O@KNHJLDJA@?$AAs?$AAy?$AAr?$AA?9?$AAS?$AAY@ 0000000180004bc0     libucrt:lcidtoname_downlevel.obj
 0001:00003bd0       ??_C@_1O@MKEKBLAH@?$AAd?$AAi?$AAv?$AA?9?$AAM?$AAV@ 0000000180004bd0     libucrt:lcidtoname_downlevel.obj
 0001:00003be0       ??_C@_1O@OHDCKDDF@?$AAq?$AAu?$AAz?$AA?9?$AAB?$AAO@ 0000000180004be0     libucrt:lcidtoname_downlevel.obj
 0001:00003bf0       ??_C@_1M@LEPJNLFD@?$AAn?$AAs?$AA?9?$AAZ?$AAA@ 0000000180004bf0     libucrt:lcidtoname_downlevel.obj
 0001:00003c00       ??_C@_1M@OMLEIIJB@?$AAm?$AAi?$AA?9?$AAN?$AAZ@ 0000000180004c00     libucrt:lcidtoname_downlevel.obj
 0001:00003c10       ??_C@_1M@PMPEAILG@?$AAa?$AAr?$AA?9?$AAI?$AAQ@ 0000000180004c10     libucrt:lcidtoname_downlevel.obj
 0001:00003c20       ??_C@_1M@CNKPNOEE@?$AAd?$AAe?$AA?9?$AAC?$AAH@ 0000000180004c20     libucrt:lcidtoname_downlevel.obj
 0001:00003c30       ??_C@_1M@LKMGMLKO@?$AAe?$AAn?$AA?9?$AAG?$AAB@ 0000000180004c30     libucrt:lcidtoname_downlevel.obj
 0001:00003c40       ??_C@_1M@PGKJFFGL@?$AAe?$AAs?$AA?9?$AAM?$AAX@ 0000000180004c40     libucrt:lcidtoname_downlevel.obj
 0001:00003c50       ??_C@_1M@DNNANBDC@?$AAf?$AAr?$AA?9?$AAB?$AAE@ 0000000180004c50     libucrt:lcidtoname_downlevel.obj
 0001:00003c60       ??_C@_1M@HLGMDFHM@?$AAi?$AAt?$AA?9?$AAC?$AAH@ 0000000180004c60     libucrt:lcidtoname_downlevel.obj
 0001:00003c70       ??_C@_1M@CLLBGJH@?$AAn?$AAl?$AA?9?$AAB?$AAE@ 0000000180004c70     libucrt:lcidtoname_downlevel.obj
 0001:00003c80       ??_C@_1M@BODBOGLF@?$AAn?$AAn?$AA?9?$AAN?$AAO@ 0000000180004c80     libucrt:lcidtoname_downlevel.obj
 0001:00003c90       ??_C@_1M@HFFAHKAD@?$AAp?$AAt?$AA?9?$AAP?$AAT@ 0000000180004c90     libucrt:lcidtoname_downlevel.obj
 0001:00003ca0       ??_C@_1BG@LNOAKHIE@?$AAs?$AAr?$AA?9?$AAS?$AAP?$AA?9?$AAL?$AAa?$AAt?$AAn@ 0000000180004ca0     libucrt:lcidtoname_downlevel.obj
 0001:00003cb8       ??_C@_1M@HBMHBGAK@?$AAs?$AAv?$AA?9?$AAF?$AAI@ 0000000180004cb8     libucrt:lcidtoname_downlevel.obj
 0001:00003cc8       ??_C@_1BG@DGCJGJBE@?$AAa?$AAz?$AA?9?$AAA?$AAZ?$AA?9?$AAC?$AAy?$AAr?$AAl@ 0000000180004cc8     libucrt:lcidtoname_downlevel.obj
 0001:00003ce0       ??_C@_1M@KEJDAAHB@?$AAs?$AAe?$AA?9?$AAS?$AAE@ 0000000180004ce0     libucrt:lcidtoname_downlevel.obj
 0001:00003cf0       ??_C@_1M@HEIBJJAD@?$AAm?$AAs?$AA?9?$AAB?$AAN@ 0000000180004cf0     libucrt:lcidtoname_downlevel.obj
 0001:00003d00       ??_C@_1BG@PBGJMCEM@?$AAu?$AAz?$AA?9?$AAU?$AAZ?$AA?9?$AAC?$AAy?$AAr?$AAl@ 0000000180004d00     libucrt:lcidtoname_downlevel.obj
 0001:00003d18       ??_C@_1O@LAOBCMDF@?$AAq?$AAu?$AAz?$AA?9?$AAE?$AAC@ 0000000180004d18     libucrt:lcidtoname_downlevel.obj
 0001:00003d28       ??_C@_1M@POEEMAIO@?$AAa?$AAr?$AA?9?$AAE?$AAG@ 0000000180004d28     libucrt:lcidtoname_downlevel.obj
 0001:00003d38       ??_C@_1M@EFAKDEDL@?$AAz?$AAh?$AA?9?$AAH?$AAK@ 0000000180004d38     libucrt:lcidtoname_downlevel.obj
 0001:00003d48       ??_C@_1M@HKKIJHGI@?$AAd?$AAe?$AA?9?$AAA?$AAT@ 0000000180004d48     libucrt:lcidtoname_downlevel.obj
 0001:00003d58       ??_C@_1M@KBFBEHJF@?$AAe?$AAn?$AA?9?$AAA?$AAU@ 0000000180004d58     libucrt:lcidtoname_downlevel.obj
 0001:00003d68       ??_C@_1M@MNPLFAAH@?$AAe?$AAs?$AA?9?$AAE?$AAS@ 0000000180004d68     libucrt:lcidtoname_downlevel.obj
 0001:00003d78       ??_C@_1M@HJOOJFMA@?$AAf?$AAr?$AA?9?$AAC?$AAA@ 0000000180004d78     libucrt:lcidtoname_downlevel.obj
 0001:00003d88       ??_C@_1BG@JPOFPNAB@?$AAs?$AAr?$AA?9?$AAS?$AAP?$AA?9?$AAC?$AAy?$AAr?$AAl@ 0000000180004d88     libucrt:lcidtoname_downlevel.obj
 0001:00003da0       ??_C@_1M@LNFOCMOB@?$AAs?$AAe?$AA?9?$AAF?$AAI@ 0000000180004da0     libucrt:lcidtoname_downlevel.obj
 0001:00003db0       ??_C@_1O@MGJBOAMB@?$AAq?$AAu?$AAz?$AA?9?$AAP?$AAE@ 0000000180004db0     libucrt:lcidtoname_downlevel.obj
 0001:00003dc0       ??_C@_1M@GJINLBOK@?$AAa?$AAr?$AA?9?$AAL?$AAY@ 0000000180004dc0     libucrt:lcidtoname_downlevel.obj
 0001:00003dd0       ??_C@_1M@GGMNHJNL@?$AAz?$AAh?$AA?9?$AAS?$AAG@ 0000000180004dd0     libucrt:lcidtoname_downlevel.obj
 0001:00003de0       ??_C@_1M@HOIKODND@?$AAd?$AAe?$AA?9?$AAL?$AAU@ 0000000180004de0     libucrt:lcidtoname_downlevel.obj
 0001:00003df0       ??_C@_1M@DDOCCGFG@?$AAe?$AAn?$AA?9?$AAC?$AAA@ 0000000180004df0     libucrt:lcidtoname_downlevel.obj
 0001:00003e00       ??_C@_1M@BNOEMJLF@?$AAe?$AAs?$AA?9?$AAG?$AAT@ 0000000180004e00     libucrt:lcidtoname_downlevel.obj
 0001:00003e10       ??_C@_1M@EOGNKEK@?$AAf?$AAr?$AA?9?$AAC?$AAH@ 0000000180004e10     libucrt:lcidtoname_downlevel.obj
 0001:00003e20       ??_C@_1M@FLIDJFHL@?$AAh?$AAr?$AA?9?$AAB?$AAA@ 0000000180004e20     libucrt:lcidtoname_downlevel.obj
 0001:00003e30       ??_C@_1O@FMCELNAJ@?$AAs?$AAm?$AAj?$AA?9?$AAN?$AAO@ 0000000180004e30     libucrt:lcidtoname_downlevel.obj
 0001:00003e40       ??_C@_1M@JHGLJMGJ@?$AAa?$AAr?$AA?9?$AAD?$AAZ@ 0000000180004e40     libucrt:lcidtoname_downlevel.obj
 0001:00003e50       ??_C@_1M@JKKFDCNP@?$AAz?$AAh?$AA?9?$AAM?$AAO@ 0000000180004e50     libucrt:lcidtoname_downlevel.obj
 0001:00003e60       ??_C@_1M@GEEFALPE@?$AAd?$AAe?$AA?9?$AAL?$AAI@ 0000000180004e60     libucrt:lcidtoname_downlevel.obj
 0001:00003e70       ??_C@_1M@IGEOFBG@?$AAe?$AAn?$AA?9?$AAN?$AAZ@ 0000000180004e70     libucrt:lcidtoname_downlevel.obj
 0001:00003e80       ??_C@_1M@KDBONEHP@?$AAe?$AAs?$AA?9?$AAC?$AAR@ 0000000180004e80     libucrt:lcidtoname_downlevel.obj
 0001:00003e90       ??_C@_1M@FHMDOHNN@?$AAf?$AAr?$AA?9?$AAL?$AAU@ 0000000180004e90     libucrt:lcidtoname_downlevel.obj
 0001:00003ea0       ??_C@_1BG@NFKKMAFG@?$AAb?$AAs?$AA?9?$AAB?$AAA?$AA?9?$AAL?$AAa?$AAt?$AAn@ 0000000180004ea0     libucrt:lcidtoname_downlevel.obj
 0001:00003eb8       ??_C@_1O@IMNBEMCI@?$AAs?$AAm?$AAj?$AA?9?$AAS?$AAE@ 0000000180004eb8     libucrt:lcidtoname_downlevel.obj
 0001:00003ec8       ??_C@_1M@DHHMBNDP@?$AAa?$AAr?$AA?9?$AAM?$AAA@ 0000000180004ec8     libucrt:lcidtoname_downlevel.obj
 0001:00003ed8       ??_C@_1M@BNBLJCGH@?$AAe?$AAn?$AA?9?$AAI?$AAE@ 0000000180004ed8     libucrt:lcidtoname_downlevel.obj
 0001:00003ee8       ??_C@_1M@GEPAFMDL@?$AAe?$AAs?$AA?9?$AAP?$AAA@ 0000000180004ee8     libucrt:lcidtoname_downlevel.obj
 0001:00003ef8       ??_C@_1M@OJONDMDL@?$AAf?$AAr?$AA?9?$AAM?$AAC@ 0000000180004ef8     libucrt:lcidtoname_downlevel.obj
 0001:00003f08       ??_C@_1BG@OBCNFJB@?$AAs?$AAr?$AA?9?$AAB?$AAA?$AA?9?$AAL?$AAa?$AAt?$AAn@ 0000000180004f08     libucrt:lcidtoname_downlevel.obj
 0001:00003f20       ??_C@_1O@KEMEEGPO@?$AAs?$AAm?$AAa?$AA?9?$AAN?$AAO@ 0000000180004f20     libucrt:lcidtoname_downlevel.obj
 0001:00003f30       ??_C@_1M@ELMGFODK@?$AAa?$AAr?$AA?9?$AAT?$AAN@ 0000000180004f30     libucrt:lcidtoname_downlevel.obj
 0001:00003f40       ??_C@_1M@BHDLHFAF@?$AAe?$AAn?$AA?9?$AAZ?$AAA@ 0000000180004f40     libucrt:lcidtoname_downlevel.obj
 0001:00003f50       ??_C@_1M@BMGIGLIF@?$AAe?$AAs?$AA?9?$AAD?$AAO@ 0000000180004f50     libucrt:lcidtoname_downlevel.obj
 0001:00003f60       ??_C@_1BG@CMBHIPBE@?$AAs?$AAr?$AA?9?$AAB?$AAA?$AA?9?$AAC?$AAy?$AAr?$AAl@ 0000000180004f60     libucrt:lcidtoname_downlevel.obj
 0001:00003f78       ??_C@_1O@HEDBLHNP@?$AAs?$AAm?$AAa?$AA?9?$AAS?$AAE@ 0000000180004f78     libucrt:lcidtoname_downlevel.obj
 0001:00003f88       ??_C@_1M@DAGCADIM@?$AAa?$AAr?$AA?9?$AAO?$AAM@ 0000000180004f88     libucrt:lcidtoname_downlevel.obj
 0001:00003f98       ??_C@_1M@FODLMICG@?$AAe?$AAn?$AA?9?$AAJ?$AAM@ 0000000180004f98     libucrt:lcidtoname_downlevel.obj
 0001:00003fa8       ??_C@_1M@DNMLCIHB@?$AAe?$AAs?$AA?9?$AAV?$AAE@ 0000000180004fa8     libucrt:lcidtoname_downlevel.obj
 0001:00003fb8       ??_C@_1O@EOKHMKJK@?$AAs?$AAm?$AAs?$AA?9?$AAF?$AAI@ 0000000180004fb8     libucrt:lcidtoname_downlevel.obj
 0001:00003fc8       ??_C@_1M@CAFJMKOF@?$AAa?$AAr?$AA?9?$AAY?$AAE@ 0000000180004fc8     libucrt:lcidtoname_downlevel.obj
 0001:00003fd8       ??_C@_1M@CBFHIJLI@?$AAe?$AAn?$AA?9?$AAC?$AAB@ 0000000180004fd8     libucrt:lcidtoname_downlevel.obj
 0001:00003fe8       ??_C@_1M@BGNFLDN@?$AAe?$AAs?$AA?9?$AAC?$AAO@ 0000000180004fe8     libucrt:lcidtoname_downlevel.obj
 0001:00003ff8       ??_C@_1O@JMPHMAMC@?$AAs?$AAm?$AAn?$AA?9?$AAF?$AAI@ 0000000180004ff8     libucrt:lcidtoname_downlevel.obj
 0001:00004008       ??_C@_1M@JLANABKE@?$AAa?$AAr?$AA?9?$AAS?$AAY@ 0000000180005008     libucrt:lcidtoname_downlevel.obj
 0001:00004018       ??_C@_1M@HPKGCFGN@?$AAe?$AAn?$AA?9?$AAB?$AAZ@ 0000000180005018     libucrt:lcidtoname_downlevel.obj
 0001:00004028       ??_C@_1M@OLJCMLGM@?$AAe?$AAs?$AA?9?$AAP?$AAE@ 0000000180005028     libucrt:lcidtoname_downlevel.obj
 0001:00004038       ??_C@_1M@MKKGFKLE@?$AAa?$AAr?$AA?9?$AAJ?$AAO@ 0000000180005038     libucrt:lcidtoname_downlevel.obj
 0001:00004048       ??_C@_1M@EKPGLDNI@?$AAe?$AAn?$AA?9?$AAT?$AAT@ 0000000180005048     libucrt:lcidtoname_downlevel.obj
 0001:00004058       ??_C@_1M@OONGHFHE@?$AAe?$AAs?$AA?9?$AAA?$AAR@ 0000000180005058     libucrt:lcidtoname_downlevel.obj
 0001:00004068       ??_C@_1M@OOJFGBHE@?$AAa?$AAr?$AA?9?$AAL?$AAB@ 0000000180005068     libucrt:lcidtoname_downlevel.obj
 0001:00004078       ??_C@_1M@GCEJHNEG@?$AAe?$AAn?$AA?9?$AAZ?$AAW@ 0000000180005078     libucrt:lcidtoname_downlevel.obj
 0001:00004088       ??_C@_1M@JNOCAHJI@?$AAe?$AAs?$AA?9?$AAE?$AAC@ 0000000180005088     libucrt:lcidtoname_downlevel.obj
 0001:00004098       ??_C@_1M@JEFHPGGB@?$AAa?$AAr?$AA?9?$AAK?$AAW@ 0000000180005098     libucrt:lcidtoname_downlevel.obj
 0001:000040a8       ??_C@_1M@MLKIBJOJ@?$AAe?$AAn?$AA?9?$AAP?$AAH@ 00000001800050a8     libucrt:lcidtoname_downlevel.obj
 0001:000040b8       ??_C@_1M@BDNIPEND@?$AAe?$AAs?$AA?9?$AAC?$AAL@ 00000001800050b8     libucrt:lcidtoname_downlevel.obj
 0001:000040c8       ??_C@_1M@MPNMEKBD@?$AAa?$AAr?$AA?9?$AAA?$AAE@ 00000001800050c8     libucrt:lcidtoname_downlevel.obj
 0001:000040d8       ??_C@_1M@KBJALCPI@?$AAe?$AAs?$AA?9?$AAU?$AAY@ 00000001800050d8     libucrt:lcidtoname_downlevel.obj
 0001:000040e8       ??_C@_1M@LLCCOAGA@?$AAa?$AAr?$AA?9?$AAB?$AAH@ 00000001800050e8     libucrt:lcidtoname_downlevel.obj
 0001:000040f8       ??_C@_1M@PBFNCDEL@?$AAe?$AAs?$AA?9?$AAP?$AAY@ 00000001800050f8     libucrt:lcidtoname_downlevel.obj
 0001:00004108       ??_C@_1M@EDGINPNP@?$AAa?$AAr?$AA?9?$AAQ?$AAA@ 0000000180005108     libucrt:lcidtoname_downlevel.obj
 0001:00004118       ??_C@_1M@MKDBIIJI@?$AAe?$AAs?$AA?9?$AAB?$AAO@ 0000000180005118     libucrt:lcidtoname_downlevel.obj
 0001:00004128       ??_C@_1M@CPKKEBLD@?$AAe?$AAs?$AA?9?$AAS?$AAV@ 0000000180005128     libucrt:lcidtoname_downlevel.obj
 0001:00004138       ??_C@_1M@NDBGMMJL@?$AAe?$AAs?$AA?9?$AAH?$AAN@ 0000000180005138     libucrt:lcidtoname_downlevel.obj
 0001:00004148       ??_C@_1M@JIJIBHDP@?$AAe?$AAs?$AA?9?$AAN?$AAI@ 0000000180005148     libucrt:lcidtoname_downlevel.obj
 0001:00004158       ??_C@_1M@CGFMKEEK@?$AAe?$AAs?$AA?9?$AAP?$AAR@ 0000000180005158     libucrt:lcidtoname_downlevel.obj
 0001:00004168       ??_C@_1O@ICJHKIIK@?$AAz?$AAh?$AA?9?$AAC?$AAH?$AAT@ 0000000180005168     libucrt:lcidtoname_downlevel.obj
 0001:00004178       ??_C@_15CLNEJCE@?$AAs?$AAr@ 0000000180005178     libucrt:lcidtoname_downlevel.obj
 0001:00004fc0       ??_C@_1M@KAHEKEIG@?$AAa?$AAf?$AA?9?$AAz?$AAa@ 0000000180005fc0     libucrt:lcidtoname_downlevel.obj
 0001:00004fd0       ??_C@_1M@GIECOABL@?$AAa?$AAr?$AA?9?$AAa?$AAe@ 0000000180005fd0     libucrt:lcidtoname_downlevel.obj
 0001:00004fe0       ??_C@_1M@BMLMEKGI@?$AAa?$AAr?$AA?9?$AAb?$AAh@ 0000000180005fe0     libucrt:lcidtoname_downlevel.obj
 0001:00004ff0       ??_C@_1M@DAPFDGGB@?$AAa?$AAr?$AA?9?$AAd?$AAz@ 0000000180005ff0     libucrt:lcidtoname_downlevel.obj
 0001:00005000       ??_C@_1M@FJNKGKIG@?$AAa?$AAr?$AA?9?$AAe?$AAg@ 0000000180006000     libucrt:lcidtoname_downlevel.obj
 0001:00005010       ??_C@_1M@FLGKKCLO@?$AAa?$AAr?$AA?9?$AAi?$AAq@ 0000000180006010     libucrt:lcidtoname_downlevel.obj
 0001:00005020       ??_C@_1M@GNDIPALM@?$AAa?$AAr?$AA?9?$AAj?$AAo@ 0000000180006020     libucrt:lcidtoname_downlevel.obj
 0001:00005030       ??_C@_1M@DDMJFMGJ@?$AAa?$AAr?$AA?9?$AAk?$AAw@ 0000000180006030     libucrt:lcidtoname_downlevel.obj
 0001:00005040       ??_C@_1M@EJALMLHM@?$AAa?$AAr?$AA?9?$AAl?$AAb@ 0000000180006040     libucrt:lcidtoname_downlevel.obj
 0001:00005050       ??_C@_1M@MOBDBLOC@?$AAa?$AAr?$AA?9?$AAl?$AAy@ 0000000180006050     libucrt:lcidtoname_downlevel.obj
 0001:00005060       ??_C@_1M@JAOCLHDH@?$AAa?$AAr?$AA?9?$AAm?$AAa@ 0000000180006060     libucrt:lcidtoname_downlevel.obj
 0001:00005070       ??_C@_1M@JHPMKJIE@?$AAa?$AAr?$AA?9?$AAo?$AAm@ 0000000180006070     libucrt:lcidtoname_downlevel.obj
 0001:00005080       ??_C@_1M@OEPGHFNH@?$AAa?$AAr?$AA?9?$AAq?$AAa@ 0000000180006080     libucrt:lcidtoname_downlevel.obj
 0001:00005090       ??_C@_1M@KJDONENM@?$AAa?$AAr?$AA?9?$AAs?$AAa@ 0000000180006090     libucrt:lcidtoname_downlevel.obj
 0001:000050a0       ??_C@_1M@DMJDKLKM@?$AAa?$AAr?$AA?9?$AAs?$AAy@ 00000001800060a0     libucrt:lcidtoname_downlevel.obj
 0001:000050b0       ??_C@_1M@OMFIPEDC@?$AAa?$AAr?$AA?9?$AAt?$AAn@ 00000001800060b0     libucrt:lcidtoname_downlevel.obj
 0001:000050c0       ??_C@_1M@IHMHGAON@?$AAa?$AAr?$AA?9?$AAy?$AAe@ 00000001800060c0     libucrt:lcidtoname_downlevel.obj
 0001:000050d0       ??_C@_1BG@KDCPGJGB@?$AAa?$AAz?$AA?9?$AAa?$AAz?$AA?9?$AAc?$AAy?$AAr?$AAl@ 00000001800060d0     libucrt:lcidtoname_downlevel.obj
 0001:000050e8       ??_C@_1BG@IBCKDDOE@?$AAa?$AAz?$AA?9?$AAa?$AAz?$AA?9?$AAl?$AAa?$AAt?$AAn@ 00000001800060e8     libucrt:lcidtoname_downlevel.obj
 0001:00005100       ??_C@_1M@EGPFDCPD@?$AAb?$AAe?$AA?9?$AAb?$AAy@ 0000000180006100     libucrt:lcidtoname_downlevel.obj
 0001:00005110       ??_C@_1M@PCMGMCGC@?$AAb?$AAg?$AA?9?$AAb?$AAg@ 0000000180006110     libucrt:lcidtoname_downlevel.obj
 0001:00005120       ??_C@_1M@BJBMFGOB@?$AAb?$AAn?$AA?9?$AAi?$AAn@ 0000000180006120     libucrt:lcidtoname_downlevel.obj
 0001:00005130       ??_C@_1BG@EAKMMACD@?$AAb?$AAs?$AA?9?$AAb?$AAa?$AA?9?$AAl?$AAa?$AAt?$AAn@ 0000000180006130     libucrt:lcidtoname_downlevel.obj
 0001:00005148       ??_C@_1M@KGADAODK@?$AAc?$AAa?$AA?9?$AAe?$AAs@ 0000000180006148     libucrt:lcidtoname_downlevel.obj
 0001:00005158       ??_C@_1M@COAJPDHI@?$AAc?$AAs?$AA?9?$AAc?$AAz@ 0000000180006158     libucrt:lcidtoname_downlevel.obj
 0001:00005168       ??_C@_1M@DHBHFONH@?$AAc?$AAy?$AA?9?$AAg?$AAb@ 0000000180006168     libucrt:lcidtoname_downlevel.obj
 0001:00005178       ??_C@_1M@IMGKELGA@?$AAd?$AAa?$AA?9?$AAd?$AAk@ 0000000180006178     libucrt:lcidtoname_downlevel.obj
 0001:00005188       ??_C@_1M@NNDGDNGA@?$AAd?$AAe?$AA?9?$AAa?$AAt@ 0000000180006188     libucrt:lcidtoname_downlevel.obj
 0001:00005198       ??_C@_1M@IKDBHEEM@?$AAd?$AAe?$AA?9?$AAc?$AAh@ 0000000180006198     libucrt:lcidtoname_downlevel.obj
 0001:000051a8       ??_C@_1M@GFFOJMCJ@?$AAd?$AAe?$AA?9?$AAd?$AAe@ 00000001800061a8     libucrt:lcidtoname_downlevel.obj
 0001:000051b8       ??_C@_1M@MDNLKBPM@?$AAd?$AAe?$AA?9?$AAl?$AAi@ 00000001800061b8     libucrt:lcidtoname_downlevel.obj
 0001:000051c8       ??_C@_1M@NJBEEJNL@?$AAd?$AAe?$AA?9?$AAl?$AAu@ 00000001800061c8     libucrt:lcidtoname_downlevel.obj
 0001:000051d8       ??_C@_1O@GNNELBAP@?$AAd?$AAi?$AAv?$AA?9?$AAm?$AAv@ 00000001800061d8     libucrt:lcidtoname_downlevel.obj
 0001:000051e8       ??_C@_1M@EJLEOGAE@?$AAe?$AAl?$AA?9?$AAg?$AAr@ 00000001800061e8     libucrt:lcidtoname_downlevel.obj
 0001:000051f8       ??_C@_1M@GMPONJN@?$AAe?$AAn?$AA?9?$AAa?$AAu@ 00000001800061f8     libucrt:lcidtoname_downlevel.obj
 0001:00005208       ??_C@_1M@NIDIIPGF@?$AAe?$AAn?$AA?9?$AAb?$AAz@ 0000000180006208     libucrt:lcidtoname_downlevel.obj
 0001:00005218       ??_C@_1M@JEHMIMFO@?$AAe?$AAn?$AA?9?$AAc?$AAa@ 0000000180006218     libucrt:lcidtoname_downlevel.obj
 0001:00005228       ??_C@_1M@IGMJCDLA@?$AAe?$AAn?$AA?9?$AAc?$AAb@ 0000000180006228     libucrt:lcidtoname_downlevel.obj
 0001:00005238       ??_C@_1M@BNFIGBKG@?$AAe?$AAn?$AA?9?$AAg?$AAb@ 0000000180006238     libucrt:lcidtoname_downlevel.obj
 0001:00005248       ??_C@_1M@LKIFDIGP@?$AAe?$AAn?$AA?9?$AAi?$AAe@ 0000000180006248     libucrt:lcidtoname_downlevel.obj
 0001:00005258       ??_C@_1M@PJKFGCCO@?$AAe?$AAn?$AA?9?$AAj?$AAm@ 0000000180006258     libucrt:lcidtoname_downlevel.obj
 0001:00005268       ??_C@_1M@KPPKEPBO@?$AAe?$AAn?$AA?9?$AAn?$AAz@ 0000000180006268     libucrt:lcidtoname_downlevel.obj
 0001:00005278       ??_C@_1M@GMDGLDOB@?$AAe?$AAn?$AA?9?$AAp?$AAh@ 0000000180006278     libucrt:lcidtoname_downlevel.obj
 0001:00005288       ??_C@_1M@ONGIBJNA@?$AAe?$AAn?$AA?9?$AAt?$AAt@ 0000000180006288     libucrt:lcidtoname_downlevel.obj
 0001:00005298       ??_C@_1M@LLODPCMM@?$AAe?$AAn?$AA?9?$AAu?$AAs@ 0000000180006298     libucrt:lcidtoname_downlevel.obj
 0001:000052a8       ??_C@_1M@LAKFNPAN@?$AAe?$AAn?$AA?9?$AAz?$AAa@ 00000001800062a8     libucrt:lcidtoname_downlevel.obj
 0001:000052b8       ??_C@_1M@MFNHNHEO@?$AAe?$AAn?$AA?9?$AAz?$AAw@ 00000001800062b8     libucrt:lcidtoname_downlevel.obj
 0001:000052c8       ??_C@_1M@EJEINPHM@?$AAe?$AAs?$AA?9?$AAa?$AAr@ 00000001800062c8     libucrt:lcidtoname_downlevel.obj
 0001:000052d8       ??_C@_1M@GNKPCCJA@?$AAe?$AAs?$AA?9?$AAb?$AAo@ 00000001800062d8     libucrt:lcidtoname_downlevel.obj
 0001:000052e8       ??_C@_1M@LEEGFONL@?$AAe?$AAs?$AA?9?$AAc?$AAl@ 00000001800062e8     libucrt:lcidtoname_downlevel.obj
 0001:000052f8       ??_C@_1M@KGPDPBDF@?$AAe?$AAs?$AA?9?$AAc?$AAo@ 00000001800062f8     libucrt:lcidtoname_downlevel.obj
 0001:00005308       ??_C@_1M@EIAHOHH@?$AAe?$AAs?$AA?9?$AAc?$AAr@ 0000000180006308     libucrt:lcidtoname_downlevel.obj
 0001:00005318       ??_C@_1M@LLPGMBIN@?$AAe?$AAs?$AA?9?$AAd?$AAo@ 0000000180006318     libucrt:lcidtoname_downlevel.obj
 0001:00005328       ??_C@_1M@DKHMKNJA@?$AAe?$AAs?$AA?9?$AAe?$AAc@ 0000000180006328     libucrt:lcidtoname_downlevel.obj
 0001:00005338       ??_C@_1M@GKGFPKAP@?$AAe?$AAs?$AA?9?$AAe?$AAs@ 0000000180006338     libucrt:lcidtoname_downlevel.obj
 0001:00005348       ??_C@_1M@LKHKGDLN@?$AAe?$AAs?$AA?9?$AAg?$AAt@ 0000000180006348     libucrt:lcidtoname_downlevel.obj
 0001:00005358       ??_C@_1M@HEIIGGJD@?$AAe?$AAs?$AA?9?$AAh?$AAn@ 0000000180006358     libucrt:lcidtoname_downlevel.obj
 0001:00005368       ??_C@_1M@FBDHPPGD@?$AAe?$AAs?$AA?9?$AAm?$AAx@ 0000000180006368     libucrt:lcidtoname_downlevel.obj
 0001:00005378       ??_C@_1M@DPAGLNDH@?$AAe?$AAs?$AA?9?$AAn?$AAi@ 0000000180006378     libucrt:lcidtoname_downlevel.obj
 0001:00005388       ??_C@_1M@MDGOPGDD@?$AAe?$AAs?$AA?9?$AAp?$AAa@ 0000000180006388     libucrt:lcidtoname_downlevel.obj
 0001:00005398       ??_C@_1M@EMAMGBGE@?$AAe?$AAs?$AA?9?$AAp?$AAe@ 0000000180006398     libucrt:lcidtoname_downlevel.obj
 0001:000053a8       ??_C@_1M@IBMCAOEC@?$AAe?$AAs?$AA?9?$AAp?$AAr@ 00000001800063a8     libucrt:lcidtoname_downlevel.obj
 0001:000053b8       ??_C@_1M@FGMDIJED@?$AAe?$AAs?$AA?9?$AAp?$AAy@ 00000001800063b8     libucrt:lcidtoname_downlevel.obj
 0001:000053c8       ??_C@_1M@IIDEOLLL@?$AAe?$AAs?$AA?9?$AAs?$AAv@ 00000001800063c8     libucrt:lcidtoname_downlevel.obj
 0001:000053d8       ??_C@_1M@GAOBIPA@?$AAe?$AAs?$AA?9?$AAu?$AAy@ 00000001800063d8     libucrt:lcidtoname_downlevel.obj
 0001:000053e8       ??_C@_1M@JKFFICHJ@?$AAe?$AAs?$AA?9?$AAv?$AAe@ 00000001800063e8     libucrt:lcidtoname_downlevel.obj
 0001:000053f8       ??_C@_1M@PNMLOJDF@?$AAe?$AAt?$AA?9?$AAe?$AAe@ 00000001800063f8     libucrt:lcidtoname_downlevel.obj
 0001:00005408       ??_C@_1M@GHHLIKEI@?$AAe?$AAu?$AA?9?$AAe?$AAs@ 0000000180006408     libucrt:lcidtoname_downlevel.obj
 0001:00005418       ??_C@_1M@PBNONODE@?$AAf?$AAa?$AA?9?$AAi?$AAr@ 0000000180006418     libucrt:lcidtoname_downlevel.obj
 0001:00005428       ??_C@_1M@JEEHPMIL@?$AAf?$AAi?$AA?9?$AAf?$AAi@ 0000000180006428     libucrt:lcidtoname_downlevel.obj
 0001:00005438       ??_C@_1M@LMDCNDBA@?$AAf?$AAo?$AA?9?$AAf?$AAo@ 0000000180006438     libucrt:lcidtoname_downlevel.obj
 0001:00005448       ??_C@_1M@JKEOHLDK@?$AAf?$AAr?$AA?9?$AAb?$AAe@ 0000000180006448     libucrt:lcidtoname_downlevel.obj
 0001:00005458       ??_C@_1M@NOHADPMI@?$AAf?$AAr?$AA?9?$AAc?$AAa@ 0000000180006458     libucrt:lcidtoname_downlevel.obj
 0001:00005468       ??_C@_1M@KDHIHAEC@?$AAf?$AAr?$AA?9?$AAc?$AAh@ 0000000180006468     libucrt:lcidtoname_downlevel.obj
 0001:00005478       ??_C@_1M@MMBBFGAK@?$AAf?$AAr?$AA?9?$AAf?$AAr@ 0000000180006478     libucrt:lcidtoname_downlevel.obj
 0001:00005488       ??_C@_1M@PAFNENNF@?$AAf?$AAr?$AA?9?$AAl?$AAu@ 0000000180006488     libucrt:lcidtoname_downlevel.obj
 0001:00005498       ??_C@_1M@EOHDJGDD@?$AAf?$AAr?$AA?9?$AAm?$AAc@ 0000000180006498     libucrt:lcidtoname_downlevel.obj
 0001:000054a8       ??_C@_1M@FAPLLOPF@?$AAg?$AAl?$AA?9?$AAe?$AAs@ 00000001800064a8     libucrt:lcidtoname_downlevel.obj
 0001:000054b8       ??_C@_1M@FOPBFLOO@?$AAg?$AAu?$AA?9?$AAi?$AAn@ 00000001800064b8     libucrt:lcidtoname_downlevel.obj
 0001:000054c8       ??_C@_1M@KBMCINPM@?$AAh?$AAe?$AA?9?$AAi?$AAl@ 00000001800064c8     libucrt:lcidtoname_downlevel.obj
 0001:000054d8       ??_C@_1M@BBPHKFPJ@?$AAh?$AAi?$AA?9?$AAi?$AAn@ 00000001800064d8     libucrt:lcidtoname_downlevel.obj
 0001:000054e8       ??_C@_1M@PMBNDPHD@?$AAh?$AAr?$AA?9?$AAb?$AAa@ 00000001800064e8     libucrt:lcidtoname_downlevel.obj
 0001:000054f8       ??_C@_1M@BPCKOEGE@?$AAh?$AAr?$AA?9?$AAh?$AAr@ 00000001800064f8     libucrt:lcidtoname_downlevel.obj
 0001:00005508       ??_C@_1M@GACBMHKE@?$AAh?$AAu?$AA?9?$AAh?$AAu@ 0000000180006508     libucrt:lcidtoname_downlevel.obj
 0001:00005518       ??_C@_1M@MILPAJJC@?$AAh?$AAy?$AA?9?$AAa?$AAm@ 0000000180006518     libucrt:lcidtoname_downlevel.obj
 0001:00005528       ??_C@_1M@BABBICEC@?$AAi?$AAd?$AA?9?$AAi?$AAd@ 0000000180006528     libucrt:lcidtoname_downlevel.obj
 0001:00005538       ??_C@_1M@BIKNHHPF@?$AAi?$AAs?$AA?9?$AAi?$AAs@ 0000000180006538     libucrt:lcidtoname_downlevel.obj
 0001:00005548       ??_C@_1M@NMPCJPHE@?$AAi?$AAt?$AA?9?$AAc?$AAh@ 0000000180006548     libucrt:lcidtoname_downlevel.obj
 0001:00005558       ??_C@_1M@GHKGFEDF@?$AAi?$AAt?$AA?9?$AAi?$AAt@ 0000000180006558     libucrt:lcidtoname_downlevel.obj
 0001:00005568       ??_C@_1M@NIEJCJJA@?$AAj?$AAa?$AA?9?$AAj?$AAp@ 0000000180006568     libucrt:lcidtoname_downlevel.obj
 0001:00005578       ??_C@_1M@JILFNBIM@?$AAk?$AAa?$AA?9?$AAg?$AAe@ 0000000180006578     libucrt:lcidtoname_downlevel.obj
 0001:00005588       ??_C@_1M@PACPMGPH@?$AAk?$AAk?$AA?9?$AAk?$AAz@ 0000000180006588     libucrt:lcidtoname_downlevel.obj
 0001:00005598       ??_C@_1M@IELFGMHA@?$AAk?$AAn?$AA?9?$AAi?$AAn@ 0000000180006598     libucrt:lcidtoname_downlevel.obj
 0001:000055a8       ??_C@_1O@IBBJHCH@?$AAk?$AAo?$AAk?$AA?9?$AAi?$AAn@ 00000001800065a8     libucrt:lcidtoname_downlevel.obj
 0001:000055b8       ??_C@_1M@DMHAEOGC@?$AAk?$AAo?$AA?9?$AAk?$AAr@ 00000001800065b8     libucrt:lcidtoname_downlevel.obj
 0001:000055c8       ??_C@_1M@HBAHBIGA@?$AAk?$AAy?$AA?9?$AAk?$AAg@ 00000001800065c8     libucrt:lcidtoname_downlevel.obj
 0001:000055d8       ??_C@_1M@KPMILCJG@?$AAl?$AAt?$AA?9?$AAl?$AAt@ 00000001800065d8     libucrt:lcidtoname_downlevel.obj
 0001:000055e8       ??_C@_1M@BDEKKCA@?$AAl?$AAv?$AA?9?$AAl?$AAv@ 00000001800065e8     libucrt:lcidtoname_downlevel.obj
 0001:000055f8       ??_C@_1M@ELCKCCJJ@?$AAm?$AAi?$AA?9?$AAn?$AAz@ 00000001800065f8     libucrt:lcidtoname_downlevel.obj
 0001:00005608       ??_C@_1M@CBOOLAPA@?$AAm?$AAk?$AA?9?$AAm?$AAk@ 0000000180006608     libucrt:lcidtoname_downlevel.obj
 0001:00005618       ??_C@_1M@GPHNBJKN@?$AAm?$AAl?$AA?9?$AAi?$AAn@ 0000000180006618     libucrt:lcidtoname_downlevel.obj
 0001:00005628       ??_C@_1M@PABJILIG@?$AAm?$AAn?$AA?9?$AAm?$AAn@ 0000000180006628     libucrt:lcidtoname_downlevel.obj
 0001:00005638       ??_C@_1M@FGBKKIPG@?$AAm?$AAr?$AA?9?$AAi?$AAn@ 0000000180006638     libucrt:lcidtoname_downlevel.obj
 0001:00005648       ??_C@_1M@NDBPDDAL@?$AAm?$AAs?$AA?9?$AAb?$AAn@ 0000000180006648     libucrt:lcidtoname_downlevel.obj
 0001:00005658       ??_C@_1M@OPIHOOPI@?$AAm?$AAs?$AA?9?$AAm?$AAy@ 0000000180006658     libucrt:lcidtoname_downlevel.obj
 0001:00005668       ??_C@_1M@PPDBCNFM@?$AAm?$AAt?$AA?9?$AAm?$AAt@ 0000000180006668     libucrt:lcidtoname_downlevel.obj
 0001:00005678       ??_C@_1M@KDJDKMDD@?$AAn?$AAb?$AA?9?$AAn?$AAo@ 0000000180006678     libucrt:lcidtoname_downlevel.obj
 0001:00005688       ??_C@_1M@KFCFLMJP@?$AAn?$AAl?$AA?9?$AAb?$AAe@ 0000000180006688     libucrt:lcidtoname_downlevel.obj
 0001:00005698       ??_C@_1M@KPOPDDGO@?$AAn?$AAl?$AA?9?$AAn?$AAl@ 0000000180006698     libucrt:lcidtoname_downlevel.obj
 0001:000056a8       ??_C@_1M@LJKPEMLN@?$AAn?$AAn?$AA?9?$AAn?$AAo@ 00000001800066a8     libucrt:lcidtoname_downlevel.obj
 0001:000056b8       ??_C@_1M@BDGHHBFL@?$AAn?$AAs?$AA?9?$AAz?$AAa@ 00000001800066b8     libucrt:lcidtoname_downlevel.obj
 0001:000056c8       ??_C@_1M@IDEHOAP@?$AAp?$AAa?$AA?9?$AAi?$AAn@ 00000001800066c8     libucrt:lcidtoname_downlevel.obj
 0001:000056d8       ??_C@_1M@HDBKGOGH@?$AAp?$AAl?$AA?9?$AAp?$AAl@ 00000001800066d8     libucrt:lcidtoname_downlevel.obj
 0001:000056e8       ??_C@_1M@LJLLCMEH@?$AAp?$AAt?$AA?9?$AAb?$AAr@ 00000001800066e8     libucrt:lcidtoname_downlevel.obj
 0001:000056f8       ??_C@_1M@NCMONAAL@?$AAp?$AAt?$AA?9?$AAp?$AAt@ 00000001800066f8     libucrt:lcidtoname_downlevel.obj
 0001:00005708       ??_C@_1O@EAKMAJDN@?$AAq?$AAu?$AAz?$AA?9?$AAb?$AAo@ 0000000180006708     libucrt:lcidtoname_downlevel.obj
 0001:00005718       ??_C@_1O@BHHPIGDN@?$AAq?$AAu?$AAz?$AA?9?$AAe?$AAc@ 0000000180006718     libucrt:lcidtoname_downlevel.obj
 0001:00005728       ??_C@_1O@GBAPEKMJ@?$AAq?$AAu?$AAz?$AA?9?$AAp?$AAe@ 0000000180006728     libucrt:lcidtoname_downlevel.obj
 0001:00005738       ??_C@_1M@CLGLEFBO@?$AAr?$AAo?$AA?9?$AAr?$AAo@ 0000000180006738     libucrt:lcidtoname_downlevel.obj
 0001:00005748       ??_C@_1M@CEEDODME@?$AAr?$AAu?$AA?9?$AAr?$AAu@ 0000000180006748     libucrt:lcidtoname_downlevel.obj
 0001:00005758       ??_C@_1M@HPKKKMPP@?$AAs?$AAa?$AA?9?$AAi?$AAn@ 0000000180006758     libucrt:lcidtoname_downlevel.obj
 0001:00005768       ??_C@_1M@BKMAIGOJ@?$AAs?$AAe?$AA?9?$AAf?$AAi@ 0000000180006768     libucrt:lcidtoname_downlevel.obj
 0001:00005778       ??_C@_1M@NDPIFLFI@?$AAs?$AAe?$AA?9?$AAn?$AAo@ 0000000180006778     libucrt:lcidtoname_downlevel.obj
 0001:00005788       ??_C@_1M@DANKKHJ@?$AAs?$AAe?$AA?9?$AAs?$AAe@ 0000000180006788     libucrt:lcidtoname_downlevel.obj
 0001:00005798       ??_C@_1M@PNBLONPJ@?$AAs?$AAk?$AA?9?$AAs?$AAk@ 0000000180006798     libucrt:lcidtoname_downlevel.obj
 0001:000057a8       ??_C@_1M@LFMODOAL@?$AAs?$AAl?$AA?9?$AAs?$AAi@ 00000001800067a8     libucrt:lcidtoname_downlevel.obj
 0001:000057b8       ??_C@_1O@DFKOMPG@?$AAs?$AAm?$AAa?$AA?9?$AAn?$AAo@ 00000001800067b8     libucrt:lcidtoname_downlevel.obj
 0001:000057c8       ??_C@_1O@NDKPBNNH@?$AAs?$AAm?$AAa?$AA?9?$AAs?$AAe@ 00000001800067c8     libucrt:lcidtoname_downlevel.obj
 0001:000057d8       ??_C@_1O@PLLKBHAB@?$AAs?$AAm?$AAj?$AA?9?$AAn?$AAo@ 00000001800067d8     libucrt:lcidtoname_downlevel.obj
 0001:000057e8       ??_C@_1O@CLEPOGCA@?$AAs?$AAm?$AAj?$AA?9?$AAs?$AAe@ 00000001800067e8     libucrt:lcidtoname_downlevel.obj
 0001:000057f8       ??_C@_1O@DLGJGKMK@?$AAs?$AAm?$AAn?$AA?9?$AAf?$AAi@ 00000001800067f8     libucrt:lcidtoname_downlevel.obj
 0001:00005808       ??_C@_1O@OJDJGAJC@?$AAs?$AAm?$AAs?$AA?9?$AAf?$AAi@ 0000000180006808     libucrt:lcidtoname_downlevel.obj
 0001:00005818       ??_C@_1M@BOFOGHPB@?$AAs?$AAq?$AA?9?$AAa?$AAl@ 0000000180006818     libucrt:lcidtoname_downlevel.obj
 0001:00005828       ??_C@_1BG@LJBBIPGB@?$AAs?$AAr?$AA?9?$AAb?$AAa?$AA?9?$AAc?$AAy?$AAr?$AAl@ 0000000180006828     libucrt:lcidtoname_downlevel.obj
 0001:00005840       ??_C@_1BG@JLBENFOE@?$AAs?$AAr?$AA?9?$AAb?$AAa?$AA?9?$AAl?$AAa?$AAt?$AAn@ 0000000180006840     libucrt:lcidtoname_downlevel.obj
 0001:00005858       ??_C@_1BG@KODPNHE@?$AAs?$AAr?$AA?9?$AAs?$AAp?$AA?9?$AAc?$AAy?$AAr?$AAl@ 0000000180006858     libucrt:lcidtoname_downlevel.obj
 0001:00005870       ??_C@_1BG@CIOGKHPB@?$AAs?$AAr?$AA?9?$AAs?$AAp?$AA?9?$AAl?$AAa?$AAt?$AAn@ 0000000180006870     libucrt:lcidtoname_downlevel.obj
 0001:00005888       ??_C@_1M@NGFJLMAC@?$AAs?$AAv?$AA?9?$AAf?$AAi@ 0000000180006888     libucrt:lcidtoname_downlevel.obj
 0001:00005898       ??_C@_1M@MPJEJAJC@?$AAs?$AAv?$AA?9?$AAs?$AAe@ 0000000180006898     libucrt:lcidtoname_downlevel.obj
 0001:000058a8       ??_C@_1M@MPNDHLFK@?$AAs?$AAw?$AA?9?$AAk?$AAe@ 00000001800068a8     libucrt:lcidtoname_downlevel.obj
 0001:000058b8       ??_C@_1O@KOHBJJI@?$AAs?$AAy?$AAr?$AA?9?$AAs?$AAy@ 00000001800068b8     libucrt:lcidtoname_downlevel.obj
 0001:000058c8       ??_C@_1M@LDCEFHA@?$AAt?$AAa?$AA?9?$AAi?$AAn@ 00000001800068c8     libucrt:lcidtoname_downlevel.obj
 0001:000058d8       ??_C@_1M@CNJOFAK@?$AAt?$AAe?$AA?9?$AAi?$AAn@ 00000001800068d8     libucrt:lcidtoname_downlevel.obj
 0001:000058e8       ??_C@_1M@GNAECACD@?$AAt?$AAh?$AA?9?$AAt?$AAh@ 00000001800068e8     libucrt:lcidtoname_downlevel.obj
 0001:000058f8       ??_C@_1M@CHBIHOJO@?$AAt?$AAn?$AA?9?$AAz?$AAa@ 00000001800068f8     libucrt:lcidtoname_downlevel.obj
 0001:00005908       ??_C@_1M@GCCMIGPJ@?$AAt?$AAr?$AA?9?$AAt?$AAr@ 0000000180006908     libucrt:lcidtoname_downlevel.obj
 0001:00005918       ??_C@_1M@CELMCNBK@?$AAt?$AAt?$AA?9?$AAr?$AAu@ 0000000180006918     libucrt:lcidtoname_downlevel.obj
 0001:00005928       ??_C@_1M@KLMCELGA@?$AAu?$AAk?$AA?9?$AAu?$AAa@ 0000000180006928     libucrt:lcidtoname_downlevel.obj
 0001:00005938       ??_C@_1M@EPAJJAJF@?$AAu?$AAr?$AA?9?$AAp?$AAk@ 0000000180006938     libucrt:lcidtoname_downlevel.obj
 0001:00005948       ??_C@_1BG@GEGPMCDJ@?$AAu?$AAz?$AA?9?$AAu?$AAz?$AA?9?$AAc?$AAy?$AAr?$AAl@ 0000000180006948     libucrt:lcidtoname_downlevel.obj
 0001:00005960       ??_C@_1BG@EGGKJILM@?$AAu?$AAz?$AA?9?$AAu?$AAz?$AA?9?$AAl?$AAa?$AAt?$AAn@ 0000000180006960     libucrt:lcidtoname_downlevel.obj
 0001:00005978       ??_C@_1M@GFOCLFF@?$AAv?$AAi?$AA?9?$AAv?$AAn@ 0000000180006978     libucrt:lcidtoname_downlevel.obj
 0001:00005988       ??_C@_1M@CPAMEDFI@?$AAx?$AAh?$AA?9?$AAz?$AAa@ 0000000180006988     libucrt:lcidtoname_downlevel.obj
 0001:00005998       ??_C@_1O@EBKIFIGN@?$AAz?$AAh?$AA?9?$AAc?$AAh?$AAs@ 0000000180006998     libucrt:lcidtoname_downlevel.obj
 0001:000059a8       ??_C@_1O@NMHPGANE@?$AAz?$AAh?$AA?9?$AAc?$AAh?$AAt@ 00000001800069a8     libucrt:lcidtoname_downlevel.obj
 0001:000059b8       ??_C@_1M@LPINJOMC@?$AAz?$AAh?$AA?9?$AAc?$AAn@ 00000001800069b8     libucrt:lcidtoname_downlevel.obj
 0001:000059c8       ??_C@_1M@OCJEJODD@?$AAz?$AAh?$AA?9?$AAh?$AAk@ 00000001800069c8     libucrt:lcidtoname_downlevel.obj
 0001:000059d8       ??_C@_1M@DNDLJINH@?$AAz?$AAh?$AA?9?$AAm?$AAo@ 00000001800069d8     libucrt:lcidtoname_downlevel.obj
 0001:000059e8       ??_C@_1M@MBFDNDND@?$AAz?$AAh?$AA?9?$AAs?$AAg@ 00000001800069e8     libucrt:lcidtoname_downlevel.obj
 0001:000059f8       ??_C@_1M@IMEPLEPE@?$AAz?$AAh?$AA?9?$AAt?$AAw@ 00000001800069f8     libucrt:lcidtoname_downlevel.obj
 0001:00005a08       ??_C@_1M@BBGHNHJP@?$AAz?$AAu?$AA?9?$AAz?$AAa@ 0000000180006a08     libucrt:lcidtoname_downlevel.obj
 0001:00005c70       ??_C@_1BA@BALFACEM@?$AAC?$AAO?$AAN?$AAO?$AAU?$AAT?$AA$@ 0000000180006c70     libucrt:initcon.obj
 0001:00005c80       __log10_256_lead           0000000180006c80     libucrt:log10_256_lead_tail_table.obj
 0001:00006490       __log10_256_tail           0000000180007490     libucrt:log10_256_lead_tail_table.obj
 0001:00006ca0       __log_F_inv_qword          0000000180007ca0     libucrt:log_f_inv_qword_table.obj
 0001:000074b0       ??_C@_05HGHHAHAP@log10@    00000001800084b0     libucrt:log_special.obj
 0001:00007500       _load_config_used          0000000180008500     LIBCMT:loadcfg.obj
 0001:00007898       __rtc_iaa                  0000000180008898     LIBCMT:initsect.obj
 0001:000078a0       __rtc_izz                  00000001800088a0     LIBCMT:initsect.obj
 0001:000078a8       __rtc_taa                  00000001800088a8     LIBCMT:initsect.obj
 0001:000078b0       __rtc_tzz                  00000001800088b0     LIBCMT:initsect.obj
 0001:000078d0       _alloca_probe              00000001800088d0 f   chkstk.obj
 0001:000078d0       __chkstk                   00000001800088d0 f   chkstk.obj
 0001:00007930       ?FindBounds@@YA_NPEA_W_J1AEA_J2@Z 0000000180008930 f   EditCase.obj
 0001:00007b30       ?FindEnd@@YA_JPEA_W_J1@Z   0000000180008b30 f   EditCase.obj
 0001:00007b90       ?FindStart@@YA_JPEA_W_J1@Z 0000000180008b90 f   EditCase.obj
 0001:00007bf0       ?GetNextCCType@@YAHPEA_W_J11@Z 0000000180008bf0 f   EditCase.obj
 0001:00007dc0       ExitFARW                   0000000180008dc0 f   EditCase.obj
 0001:00007dd0       GetGlobalInfoW             0000000180008dd0 f   EditCase.obj
 0001:00007e50       GetPluginInfoW             0000000180008e50 f   EditCase.obj
 0001:00007eb0       OpenW                      0000000180008eb0 f   EditCase.obj
 0001:000083e0       SetStartupInfoW            00000001800093e0 f   EditCase.obj
[...]
 0003:0000066c       $pdata$__doserrno          000000018001766c     libucrt:errno.obj
 0003:00000678       $pdata$__acrt_errno_map_os_error 0000000180017678     libucrt:errno.obj
 0003:00000684       $pdata$_calloc_base        0000000180017684     libucrt:calloc_base.obj
 0003:00000690       $pdata$??$__acrt_mbs_to_wcs_cp@U__crt_win32_buffer_internal_dynamic_resizing@@@@YAHQEBDAEAV?$__crt_win32_buffer@_WU__crt_win32_buffer_internal_dynamic_resizing@@@@I@Z 0000000180017690     libucrt:argv_wildcards.obj
 0003:0000069c       $pdata$??$__acrt_wcs_to_mbs_cp@U__crt_win32_buffer_internal_dynamic_resizing@@@@YAHQEB_WAEAV?$__crt_win32_buffer@DU__crt_win32_buffer_internal_dynamic_resizing@@@@I@Z 000000018001769c     libucrt:argv_wildcards.obj
 0003:000006a8       $pdata$??$common_expand_argv_wildcards@D@@YAHQEAPEADQEAPEAPEAD@Z 00000001800176a8     libucrt:argv_wildcards.obj
 0003:000006b4       $pdata$??$copy_and_add_argument_to_buffer@D@@YAHQEBD0_KAEAV?$argument_list@D@?A0x5f5c8891@@@Z 00000001800176b4     libucrt:argv_wildcards.obj
 0003:000006c0       $pdata$??$expand_argument_wildcards@D@@YAHQEAD0AEAV?$argument_list@D@?A0x5f5c8891@@@Z 00000001800176c0     libucrt:argv_wildcards.obj
 0003:000006cc       $pdata$__acrt_GetModuleFileNameA 00000001800176cc     libucrt:getmodulefilenamea.obj
 0003:000006d8       $pdata$??$__acrt_wcs_to_mbs_cp@U__crt_win32_buffer_no_resizing@@@@YAHQEB_WAEAV?$__crt_win32_buffer@DU__crt_win32_buffer_no_resizing@@@@I@Z 00000001800176d8     libucrt:getmodulefilenamea.obj
 0003:000006e4       $pdata$__acrt_update_thread_multibyte_data 00000001800176e4     libucrt:mbctype.obj
 0003:000006f0       $pdata$__acrt_initialize_multibyte 00000001800176f0     libucrt:mbctype.obj
 0003:000006fc       $pdata$_setmbcp_nolock     00000001800176fc     libucrt:mbctype.obj
 0003:00000708       $pdata$?getSystemCP@@YAHH@Z 0000000180017708     libucrt:mbctype.obj
 0003:00000714       $pdata$?setSBCS@@YAXPEAU__crt_multibyte_data@@@Z 0000000180017714     libucrt:mbctype.obj
 0003:00000720       $pdata$?update_thread_multibyte_data_internal@@YAPEAU__crt_multibyte_data@@QEAU__acrt_ptd@@QEAPEAU1@@Z 0000000180017720     libucrt:mbctype.obj
 0003:0000072c       $pdata$?fin$0@?0??update_thread_multibyte_data_internal@@YAPEAU__crt_multibyte_data@@QEAU__acrt_ptd@@QEAPEAU1@@Z@4HA 000000018001772c     libucrt:mbctype.obj
 0003:00000738       $pdata$?setmbcp_internal@@YAHH_NQEAU__acrt_ptd@@QEAPEAU__crt_multibyte_data@@@Z 0000000180017738     libucrt:mbctype.obj
 0003:00000744       $pdata$?setSBUpLow@@YAXPEAU__crt_multibyte_data@@@Z 0000000180017744     libucrt:mbctype.obj
 0003:00000750       $pdata$??$?RV<lambda_efdfa57d1f175319df784efa44bb7b81>@@AEAV<lambda_5f0a4c1567f8adc6734073e5d1e1b35c>@@V<lambda_2e8a7d3640ea6ccb4c2413664c2db6fd>@@@?$__crt_seh_guarded_call@X@@QEAAX$$QEAV<lambda_efdfa57d1f175319df784efa44bb7b81>@@AEAV<lambda_5f0a4c1567f8adc6734073e5d1e1b35c>@@$$QEAV<lambda_2e8a7d3640ea6ccb4c2413664c2db6fd>@@@Z 0000000180017750     libucrt:mbctype.obj
 0003:0000075c       $pdata$?x_ismbbtype_l@@YAHPEAU__crt_locale_pointers@@IHH@Z 000000018001775c     libucrt:ismbbyte.obj
 0003:00000768       $pdata$__acrt_initialize_command_line 0000000180017768     libucrt:argv_data.obj
 0003:00000774       $pdata$__acrt_WideCharToMultiByte 0000000180017774     libucrt:widechartomultibyte.obj
 0003:00000780       $pdata$__dcrt_get_narrow_environment_from_os 0000000180017780     libucrt:get_environment_from_os.obj
 0003:0000078c       $pdata$_recalloc_base      000000018001778c     libucrt:recalloc.obj
 0003:00000798       $pdata$__acrt_initialize_winapi_thunks 0000000180017798     libucrt:winapi_thunks.obj
 0003:000007a4       $pdata$__acrt_uninitialize_winapi_thunks 00000001800177a4     libucrt:winapi_thunks.obj
 0003:000007b0       $pdata$__acrt_AreFileApisANSI 00000001800177b0     libucrt:winapi_thunks.obj
 0003:000007bc       $pdata$__acrt_FlsAlloc     00000001800177bc     libucrt:winapi_thunks.obj
 0003:000007c8       $pdata$__acrt_FlsFree      00000001800177c8     libucrt:winapi_thunks.obj
 0003:000007d4       $pdata$__acrt_FlsGetValue  00000001800177d4     libucrt:winapi_thunks.obj
 0003:000007e0       $pdata$__acrt_FlsSetValue  00000001800177e0     libucrt:winapi_thunks.obj
 0003:000007ec       $pdata$__acrt_InitializeCriticalSectionEx 00000001800177ec     libucrt:winapi_thunks.obj
 0003:000007f8       $pdata$__acrt_LCMapStringEx 00000001800177f8     libucrt:winapi_thunks.obj
 0003:00000804       $pdata$__acrt_LocaleNameToLCID 0000000180017804     libucrt:winapi_thunks.obj
 0003:00000810       $pdata$__acrt_AppPolicyGetProcessTerminationMethodInternal 0000000180017810     libucrt:winapi_thunks.obj
 0003:0000081c       $pdata$?try_get_function@@YAPEAXW4function_id@?A0x391cf84c@@QEBDQEBW4module_id@2@2@Z 000000018001781c     libucrt:winapi_thunks.obj
 0003:00000828       $pdata$__acrt_initialize_heap 0000000180017828     libucrt:heap_handle.obj
 0003:00000834       $pdata$__acrt_initialize_lowio 0000000180017834     libucrt:ioinit.obj
 0003:00000840       $pdata$__acrt_initialize_lowio$fin$0 0000000180017840     libucrt:ioinit.obj
 0003:00000840       $pdata$__acrt_lowio_ensure_fh_exists$fin$0 0000000180017840     libucrt:osfinfo.obj
 0003:0000084c       $pdata$__acrt_uninitialize_lowio 000000018001784c     libucrt:ioinit.obj
 0003:00000858       $pdata$?initialize_inherited_file_handles_nolock@@YAXXZ 0000000180017858     libucrt:ioinit.obj
 0003:00000864       $pdata$?initialize_stdio_handles_nolock@@YAXXZ 0000000180017864     libucrt:ioinit.obj
 0003:00000870       $pdata$__acrt_execute_initializers 0000000180017870     libucrt:shared_initialization.obj
 0003:0000087c       $pdata$__acrt_execute_uninitializers 000000018001787c     libucrt:shared_initialization.obj
 0003:00000888       $pdata$_callnewh           0000000180017888     libucrt:new_handler.obj
 0003:00000894       $pdata$_query_new_handler  0000000180017894     libucrt:new_handler.obj
 0003:000008a0       $pdata$_query_new_handler$fin$0 00000001800178a0     libucrt:new_handler.obj
 0003:000008ac       $pdata$__acrt_get_sigabrt_handler 00000001800178ac     libucrt:signal.obj
 0003:000008b8       $pdata$raise               00000001800178b8     libucrt:signal.obj
 0003:000008c4       $pdata$raise$fin$0         00000001800178c4     libucrt:signal.obj
 0003:000008d0       $pdata$??$?RV<lambda_450d765d439847d4c735a33c368b5fc0>@@AEAV<lambda_44731a7d0e6d81c3e6aa82d741081786>@@V<lambda_601a2a7da3b7a96e9554ac7215c4b07c>@@@?$__crt_seh_guarded_call@P6AXH@Z@@QEAAP6AXH@Z$$QEAV<lambda_450d765d439847d4c735a33c368b5fc0>@@AEAV<lambda_44731a7d0e6d81c3e6aa82d741081786>@@$$QEAV<lambda_601a2a7da3b7a96e9554ac7215c4b07c>@@@Z 00000001800178d0     libucrt:signal.obj
 0003:000008dc       $pdata$_fflush_nolock      00000001800178dc     libucrt:fflush.obj
 0003:000008e8       $pdata$__acrt_stdio_flush_nolock 00000001800178e8     libucrt:fflush.obj
 0003:000008f4       $pdata$?common_flush_all@@YAH_N@Z 00000001800178f4     libucrt:fflush.obj
 0003:00000900       $pdata$??$?RV<lambda_842d9ff0dc9ef11c61343bbaebe7f885>@@AEAV<lambda_c5860995281e5c4ce005b3de8f5874ee>@@V<lambda_d90129c13df834fdcbf8d2b88dafcf2d>@@@?$__crt_seh_guarded_call@X@@QEAAX$$QEAV<lambda_842d9ff0dc9ef11c61343bbaebe7f885>@@AEAV<lambda_c5860995281e5c4ce005b3de8f5874ee>@@$$QEAV<lambda_d90129c13df834fdcbf8d2b88dafcf2d>@@@Z 0000000180017900     libucrt:fflush.obj
 0003:0000090c       $pdata$?fin$0@?0???$?RV<lambda_842d9ff0dc9ef11c61343bbaebe7f885>@@AEAV<lambda_c5860995281e5c4ce005b3de8f5874ee>@@V<lambda_d90129c13df834fdcbf8d2b88dafcf2d>@@@?$__crt_seh_guarded_call@X@@QEAAX$$QEAV<lambda_842d9ff0dc9ef11c61343bbaebe7f885>@@AEAV<lambda_c5860995281e5c4ce005b3de8f5874ee>@@$$QEAV<lambda_d90129c13df834fdcbf8d2b88dafcf2d>@@@Z@4HA 000000018001790c     libucrt:fflush.obj
 0003:00000918       $pdata$??$?RV<lambda_886d6c58226a84441f68b9f2b8217b83>@@AEAV<lambda_ab61a845afdef5b7c387490eaf3616ee>@@V<lambda_f7f22ab5edc0698d5f6905b0d3f44752>@@@?$__crt_seh_guarded_call@X@@QEAAX$$QEAV<lambda_886d6c58226a84441f68b9f2b8217b83>@@AEAV<lambda_ab61a845afdef5b7c387490eaf3616ee>@@$$QEAV<lambda_f7f22ab5edc0698d5f6905b0d3f44752>@@@Z 0000000180017918     libucrt:fflush.obj
 0003:00000924       $pdata$?fin$0@?0???$?RV<lambda_886d6c58226a84441f68b9f2b8217b83>@@AEAV<lambda_ab61a845afdef5b7c387490eaf3616ee>@@V<lambda_f7f22ab5edc0698d5f6905b0d3f44752>@@@?$__crt_seh_guarded_call@X@@QEAAX$$QEAV<lambda_886d6c58226a84441f68b9f2b8217b83>@@AEAV<lambda_ab61a845afdef5b7c387490eaf3616ee>@@$$QEAV<lambda_f7f22ab5edc0698d5f6905b0d3f44752>@@@Z@4HA 0000000180017924     libucrt:fflush.obj
 0003:00000930       $pdata$__acrt_initialize_stdio 0000000180017930     libucrt:_file.obj
 0003:0000093c       $pdata$__acrt_uninitialize_stdio 000000018001793c     libucrt:_file.obj
 0003:00000948       $pdata$_mbtowc_l           0000000180017948     libucrt:mbtowc.obj
 0003:00000954       $pdata$__acrt_update_locale_info 0000000180017954     libucrt:locale_update.obj
 0003:00000960       $pdata$__acrt_update_multibyte_info 0000000180017960     libucrt:locale_update.obj
 0003:0000096c       $pdata$_fileno             000000018001796c     libucrt:fileno.obj
 0003:00000978       $pdata$__acrt_uninitialize_locale 0000000180017978     libucrt:wsetlocale.obj
 0003:00000984       $pdata$??$?RV<lambda_410d79af7f07d98d83a3f525b3859a53>@@AEAV<lambda_3e16ef9562a7dcce91392c22ab16ea36>@@V<lambda_38119f0e861e05405d8a144b9b982f0a>@@@?$__crt_seh_guarded_call@X@@QEAAX$$QEAV<lambda_410d79af7f07d98d83a3f525b3859a53>@@AEAV<lambda_3e16ef9562a7dcce91392c22ab16ea36>@@$$QEAV<lambda_38119f0e861e05405d8a144b9b982f0a>@@@Z 0000000180017984     libucrt:wsetlocale.obj
 0003:00000990       $pdata$?fin$0@?0???$?RV<lambda_410d79af7f07d98d83a3f525b3859a53>@@AEAV<lambda_3e16ef9562a7dcce91392c22ab16ea36>@@V<lambda_38119f0e861e05405d8a144b9b982f0a>@@@?$__crt_seh_guarded_call@X@@QEAAX$$QEAV<lambda_410d79af7f07d98d83a3f525b3859a53>@@AEAV<lambda_3e16ef9562a7dcce91392c22ab16ea36>@@$$QEAV<lambda_38119f0e861e05405d8a144b9b982f0a>@@@Z@4HA 0000000180017990     libucrt:wsetlocale.obj
 0003:0000099c       $pdata$__pctype_func       000000018001799c     libucrt:ctype.obj
 0003:000009a8       $pdata$__acrt_release_locale_ref 00000001800179a8     libucrt:locale_refcounting.obj
 0003:000009b4       $pdata$__acrt_free_locale  00000001800179b4     libucrt:locale_refcounting.obj
 0003:000009c0       $pdata$__acrt_locale_free_lc_time_if_unreferenced 00000001800179c0     libucrt:locale_refcounting.obj
 0003:000009cc       $pdata$__acrt_update_thread_locale_data 00000001800179cc     libucrt:locale_refcounting.obj
 0003:000009d8       $pdata$__acrt_update_thread_locale_data$fin$0 00000001800179d8     libucrt:locale_refcounting.obj
 0003:000009e4       $pdata$_updatetlocinfoEx_nolock 00000001800179e4     libucrt:locale_refcounting.obj
 0003:000009f0       $pdata$qsort               00000001800179f0     libucrt:qsort.obj
 0003:000009fc       $pdata$4$qsort             00000001800179fc     libucrt:qsort.obj
 0003:00000a08       $pdata$5$qsort             0000000180017a08     libucrt:qsort.obj
 0003:00000a14       $pdata$strncpy_s           0000000180017a14     libucrt:strncpy_s.obj
 0003:00000a20       $pdata$strpbrk             0000000180017a20     libucrt:strpbrk.obj
 0003:00000a2c       $pdata$fallbackMethod      0000000180017a2c     libucrt:strpbrk.obj
 0003:00000a38       $pdata$_mbsdec_l           0000000180017a38     libucrt:mbsdec.obj
 0003:00000a44       $pdata$__acrt_GetStringTypeA 0000000180017a44     libucrt:getstringtypea.obj
 0003:00000a50       $pdata$__acrt_LCMapStringA 0000000180017a50     libucrt:lcmapstringa.obj
 0003:00000a5c       $pdata$?__acrt_LCMapStringA_stat@@YAHPEAU__crt_locale_pointers@@PEB_WKPEBDHPEADHHH@Z 0000000180017a5c     libucrt:lcmapstringa.obj
 0003:00000a68       $pdata$?initialize_multibyte@@YAHXZ 0000000180017a68     libucrt:multibyte_initializer.obj
 0003:00000a74       $pdata$_msize_base         0000000180017a74     libucrt:msize.obj
 0003:00000a80       $pdata$_realloc_base       0000000180017a80     libucrt:realloc_base.obj
 0003:00000a8c       $pdata$__acrt_DownlevelLocaleNameToLCID 0000000180017a8c     libucrt:lcidtoname_downlevel.obj
 0003:00000a98       $pdata$_get_osfhandle      0000000180017a98     libucrt:osfinfo.obj
 0003:00000aa4       $pdata$_free_osfhnd        0000000180017aa4     libucrt:osfinfo.obj
 0003:00000ab0       $pdata$__acrt_lowio_create_handle_array 0000000180017ab0     libucrt:osfinfo.obj
 0003:00000abc       $pdata$__acrt_lowio_destroy_handle_array 0000000180017abc     libucrt:osfinfo.obj
 0003:00000ac8       $pdata$__acrt_lowio_ensure_fh_exists 0000000180017ac8     libucrt:osfinfo.obj
 0003:00000ad4       $pdata$_commit             0000000180017ad4     libucrt:commit.obj
 0003:00000ae0       $pdata$??$?RV<lambda_a37b2b86f63e897a80ea819b0eb08c01>@@AEAV<lambda_38ce7e780aa69e748d6df282ebc68efe>@@V<lambda_99fb1378e971ab6e7edea83e3a7a83a2>@@@?$__crt_seh_guarded_call@H@@QEAAH$$QEAV<lambda_a37b2b86f63e897a80ea819b0eb08c01>@@AEAV<lambda_38ce7e780aa69e748d6df282ebc68efe>@@$$QEAV<lambda_99fb1378e971ab6e7edea83e3a7a83a2>@@@Z 0000000180017ae0     libucrt:commit.obj
 0003:00000aec       $pdata$?fin$0@?0???$?RV<lambda_751a882b2c74d4b022dec766aa51a29a>@@AEAV<lambda_628dfdc04ba53c8bfc02c9951375f3f5>@@V<lambda_f6c7be5f7998530c34de24c7437d6b54>@@@?$__crt_seh_guarded_call@H@@QEAAH$$QEAV<lambda_751a882b2c74d4b022dec766aa51a29a>@@AEAV<lambda_628dfdc04ba53c8bfc02c9951375f3f5>@@$$QEAV<lambda_f6c7be5f7998530c34de24c7437d6b54>@@@Z@4HA 0000000180017aec     libucrt:close.obj
 0003:00000aec       $pdata$?fin$0@?0???$?RV<lambda_a37b2b86f63e897a80ea819b0eb08c01>@@AEAV<lambda_38ce7e780aa69e748d6df282ebc68efe>@@V<lambda_99fb1378e971ab6e7edea83e3a7a83a2>@@@?$__crt_seh_guarded_call@H@@QEAAH$$QEAV<lambda_a37b2b86f63e897a80ea819b0eb08c01>@@AEAV<lambda_38ce7e780aa69e748d6df282ebc68efe>@@$$QEAV<lambda_99fb1378e971ab6e7edea83e3a7a83a2>@@@Z@4HA 0000000180017aec     libucrt:commit.obj
 0003:00000af8       $pdata$_write              0000000180017af8     libucrt:write.obj
 0003:00000b04       $pdata$_write$fin$0        0000000180017b04     libucrt:write.obj
 0003:00000b10       $pdata$_write_nolock       0000000180017b10     libucrt:write.obj
 0003:00000b1c       $pdata$?write_double_translated_ansi_nolock@@YA?AUwrite_result@?A0x17268360@@HQEBDI@Z 0000000180017b1c     libucrt:write.obj
 0003:00000b28       $pdata$?write_text_ansi_nolock@@YA?AUwrite_result@?A0x17268360@@HQEBDI@Z 0000000180017b28     libucrt:write.obj
 0003:00000b34       $pdata$?write_text_utf16le_nolock@@YA?AUwrite_result@?A0x17268360@@HQEBDI@Z 0000000180017b34     libucrt:write.obj
 0003:00000b40       $pdata$?write_text_utf8_nolock@@YA?AUwrite_result@?A0x17268360@@HQEBDI@Z 0000000180017b40     libucrt:write.obj
 0003:00000b4c       $pdata$_fcloseall          0000000180017b4c     libucrt:closeall.obj
 0003:00000b58       $pdata$_fcloseall$fin$0    0000000180017b58     libucrt:closeall.obj
 0003:00000b64       $pdata$__acrt_stdio_free_buffer_nolock 0000000180017b64     libucrt:_freebuf.obj
 0003:00000b70       $pdata$_isatty             0000000180017b70     libucrt:isatty.obj
 0003:00000b7c       $pdata$_isleadbyte_l       0000000180017b7c     libucrt:_wctype.obj
 0003:00000b88       $pdata$?__mbrtowc_utf8@__crt_mbstring@@YA_KPEA_WPEBD_KPEAU_Mbstatet@@@Z 0000000180017b88     libucrt:mbrtowc.obj
 0003:00000b94       $pdata$?__mbsrtowcs_utf8@__crt_mbstring@@YA_KPEA_WPEAPEBD_KPEAU_Mbstatet@@@Z 0000000180017b94     libucrt:mbrtowc.obj
 0003:00000ba0       $pdata$__acrt_locale_free_monetary 0000000180017ba0     libucrt:initmon.obj
 0003:00000bac       $pdata$__acrt_locale_free_numeric 0000000180017bac     libucrt:initnum.obj
 0003:00000bb8       $pdata$__acrt_locale_free_time 0000000180017bb8     libucrt:inittime.obj
 0003:00000bc4       $pdata$?free_crt_array_internal@@YAXQEAPEBX_K@Z 0000000180017bc4     libucrt:inittime.obj
 0003:00000bd0       $pdata$??$common_lseek_nolock@_J@@YA_JH_JH@Z 0000000180017bd0     libucrt:lseek.obj
 0003:00000bdc       $pdata$_putwch_nolock      0000000180017bdc     libucrt:putwch.obj
 0003:00000be8       $pdata$fclose              0000000180017be8     libucrt:fclose.obj
 0003:00000bf4       $pdata$fclose$fin$0        0000000180017bf4     libucrt:fclose.obj
 0003:00000c00       $pdata$_fclose_nolock      0000000180017c00     libucrt:fclose.obj
 0003:00000c0c       $pdata$?__mbrtoc32_utf8@__crt_mbstring@@YA_KPEA_UPEBD_KPEAU_Mbstatet@@@Z 0000000180017c0c     libucrt:mbrtoc32.obj
 0003:00000c24       $pdata$__dcrt_lowio_ensure_console_output_initialized 0000000180017c24     libucrt:initcon.obj
 0003:00000c30       $pdata$__dcrt_write_console 0000000180017c30     libucrt:initcon.obj
 0003:00000c3c       $pdata$__dcrt_terminate_console_output 0000000180017c3c     libucrt:initcon.obj
 0003:00000c48       $pdata$_close              0000000180017c48     libucrt:close.obj
 0003:00000c54       $pdata$_close_nolock       0000000180017c54     libucrt:close.obj
 0003:00000c60       $pdata$??$?RV<lambda_751a882b2c74d4b022dec766aa51a29a>@@AEAV<lambda_628dfdc04ba53c8bfc02c9951375f3f5>@@V<lambda_f6c7be5f7998530c34de24c7437d6b54>@@@?$__crt_seh_guarded_call@H@@QEAAH$$QEAV<lambda_751a882b2c74d4b022dec766aa51a29a>@@AEAV<lambda_628dfdc04ba53c8bfc02c9951375f3f5>@@$$QEAV<lambda_f6c7be5f7998530c34de24c7437d6b54>@@@Z 0000000180017c60     libucrt:close.obj
 0003:00000c6c       $pdata$_call_matherr       0000000180017c6c     libucrt:libm_error.obj
 0003:00000c78       $pdata$_exception_enabled  0000000180017c78     libucrt:libm_error.obj
 0003:00000c84       $pdata$_handle_error       0000000180017c84     libucrt:libm_error.obj
 0003:00000c90       $pdata$__acrt_initialize_fma3 0000000180017c90     libucrt:fma3_available.obj
 0003:00000c9c       $pdata$_log_special_common 0000000180017c9c     libucrt:log_special.obj
 0003:00000ca8       $pdata$_log10_special      0000000180017ca8     libucrt:log_special.obj
 0003:00000cc0       $pdata$_set_errno_from_matherr 0000000180017cc0     libucrt:fpexcept.obj
 0003:00000ccc       $pdata$_raise_exc          0000000180017ccc     libucrt:fpexcept.obj
 0003:00000cd8       $pdata$_raise_exc_ex       0000000180017cd8     libucrt:fpexcept.obj
 0003:00000ce4       $pdata$_clrfp              0000000180017ce4     libucrt:fpctrl.obj
 0003:00000cf0       $pdata$_ctrlfp             0000000180017cf0     libucrt:fpctrl.obj
 0003:00000cfc       $pdata$_ctrlfp$filt$0      0000000180017cfc     libucrt:fpctrl.obj
 0003:00000d08       $pdata$_statfp             0000000180017d08     libucrt:fpctrl.obj
 0003:00000d14       $pdata$_set_statfp         0000000180017d14     libucrt:fpctrl.obj
 0003:00000d20       $pdata$_IsNonwritableInCurrentImage 0000000180017d20     LIBCMT:pesect.obj
 0003:00000d2c       $pdata$_IsNonwritableInCurrentImage$filt$0 0000000180017d2c     LIBCMT:pesect.obj
 0003:00000d38       $pdata$__GSHandlerCheckCommon 0000000180017d38     LIBCMT:gshandler.obj
 0003:00000d44       $pdata$__GSHandlerCheck    0000000180017d44     LIBCMT:gshandler.obj
 0003:00000d5c       $pdata$__report_securityfailure 0000000180017d5c     LIBCMT:gs_report.obj
 0003:00000d68       $pdata$__report_rangecheckfailure 0000000180017d68     LIBCMT:gs_report.obj
 0003:00000d74       $pdata$__report_gsfailure  0000000180017d74     LIBCMT:gs_report.obj
 0003:00000d80       $pdata$capture_current_context 0000000180017d80     LIBCMT:gs_report.obj
 0003:00000d8c       $pdata$capture_previous_context 0000000180017d8c     LIBCMT:gs_report.obj
 0003:00000d98       $pdata$__raise_securityfailure 0000000180017d98     LIBCMT:gs_report.obj
 0004:00000510       .idata$6                   0000000180018510     kernel32:KERNEL32.dll
 0005:00000000       MoveSmall                  0000000180019000     libvcruntime:memcpy.obj
 0005:00000050       MsetTab                    0000000180019050     libvcruntime:memset.obj
 0006:00000060       $R000000                   000000018001a060     EditCase.res
