 TmpPanel

 Timestamp is 6049238c (Wed Mar 10 19:52:44 2021)

 Preferred load address is 0000000180000000

 Start         Length     Name                   Class
 0001:00000000 00000008H .CRT$XCA                CODE
 0001:00000008 00000008H .CRT$XCZ                CODE
 0001:00000010 00000008H .CRT$XIA                CODE
 0001:00000018 00000018H .CRT$XIC                CODE
 0001:00000030 00000008H .CRT$XIZ                CODE
 0001:00000038 00000008H .CRT$XPA                CODE
 0001:00000040 00000010H .CRT$XPX                CODE
 0001:00000050 00000008H .CRT$XPXA               CODE
 0001:00000058 00000008H .CRT$XPZ                CODE
 0001:00000060 00000008H .CRT$XTA                CODE
 0001:00000068 00000008H .CRT$XTZ                CODE
 0001:00000070 00000000H .gfids$y                CODE
 0001:00000070 00007b38H .rdata                  CODE
 0001:00007ba8 000001f4H .rdata$r                CODE
 0001:00007d9c 000002c4H .rdata$zzzdbg           CODE
 0001:00008060 00000008H .rtc$IAA                CODE
 0001:00008068 00000008H .rtc$IZZ                CODE
 0001:00008070 00000008H .rtc$TAA                CODE
 0001:00008078 00000008H .rtc$TZZ                CODE
 0001:00008080 000134a0H .text$mn                CODE
 0001:0001b520 00000020H .text$mn$00             CODE
 0001:0001b540 000002e0H .text$x                 CODE
 0001:0001b820 00001328H .xdata                  CODE
 0001:0001cb48 000000f8H .xdata$x                CODE
 0001:0001cc40 00000192H .edata                  CODE
 0002:00000000 00000a28H .data                   DATA
 0002:00000a28 000000a8H .data$r                 DATA
 0002:00000ad0 00001ec0H .bss                    DATA
 0003:00000000 00001464H .pdata                  DATA
 0004:00000000 000002e0H .idata$5                DATA
 0004:000002e0 00000010H .00cfg                  DATA
 0004:000002f0 0000003cH .idata$2                DATA
 0004:0000032c 00000014H .idata$3                DATA
 0004:00000340 000002e0H .idata$4                DATA
 0004:00000620 0000067cH .idata$6                DATA
 0005:00000000 00000094H _RDATA                  DATA
 0006:00000000 00000060H .rsrc$01                DATA
 0006:00000060 00000378H .rsrc$02                DATA

  Address         Publics by Value              Rva+Base               Lib:Object

 0000:00000000       __hybrid_code_map_count    0000000000000000     <absolute>
 0000:00000000       __hybrid_code_map          0000000000000000     <absolute>
 0000:00000000       __guard_iat_count          0000000000000000     <absolute>
 0000:00000000       __guard_longjmp_count      0000000000000000     <absolute>
 0000:00000000       __volatile_metadata        0000000000000000     <absolute>
 0000:00000000       __guard_longjmp_table      0000000000000000     <absolute>
 0000:00000000       __guard_iat_table          0000000000000000     <absolute>
 0000:00000000       __guard_fids_count         0000000000000000     <absolute>
 0000:00000000       ___safe_se_handler_count   0000000000000000     <absolute>
 0000:00000000       __enclave_config           0000000000000000     <absolute>
 0000:00000000       __AbsoluteZero             0000000000000000     <absolute>
 0000:00000000       ___safe_se_handler_table   0000000000000000     <absolute>
 0000:00000000       __guard_fids_table         0000000000000000     <absolute>
 0000:00000000       __hybrid_auxiliary_iat     0000000000000000     <absolute>
 0000:00000000       __dynamic_value_reloc_table 0000000000000000     <absolute>
 0000:00000100       __guard_flags              0000000000000100     <absolute>
 0000:00000000       __ImageBase                0000000180000000     <linker-defined>
 0001:00000000       __xc_a                     0000000180001000     LIBCMT:initializers.obj
 0001:00000008       __xc_z                     0000000180001008     LIBCMT:initializers.obj
 0001:00000010       __xi_a                     0000000180001010     LIBCMT:initializers.obj
 0001:00000018       __acrt_multibyte_initializer 0000000180001018     libucrt:multibyte_initializer.obj
 0001:00000020       __acrt_stdio_initializer   0000000180001020     libucrt:stdio_initializer.obj
 0001:00000028       __acrt_tran_fma3_initializer 0000000180001028     libucrt:fma3_initializer.obj
 0001:00000030       __xi_z                     0000000180001030     LIBCMT:initializers.obj
 0001:00000038       __xp_a                     0000000180001038     LIBCMT:initializers.obj
 0001:00000040       __acrt_locale_terminator   0000000180001040     libucrt:locale_initializer.obj
 0001:00000048       __dcrt_console_output_terminator 0000000180001048     libucrt:console_output_initializer.obj
 0001:00000050       __acrt_stdio_terminator    0000000180001050     libucrt:stdio_initializer.obj
 0001:00000058       __xp_z                     0000000180001058     LIBCMT:initializers.obj
 0001:00000060       __xt_a                     0000000180001060     LIBCMT:initializers.obj
 0001:00000068       __xt_z                     0000000180001068     LIBCMT:initializers.obj
 0001:00000070       MainGuid                   0000000180001070     TmpPanel.obj
 0001:00000080       MenuGuid                   0000000180001080     TmpPanel.obj
 0001:00000090       ConfigDialogGuid           0000000180001090     TmpPanel.obj
 0001:000000a0       ??_C@_11LOCGONAA@@         00000001800010a0     TmpPanel.obj
 0001:000000a8       ??_C@_1O@CILPHMLJ@?$AAF?$AAA?$AAR?$AAT?$AAM?$AAP@ 00000001800010a8     TmpPanel.obj
 0001:000000b8       ??_C@_1BM@MDBPDFDA@?$AA?$CF?$AAC?$AAO?$AAM?$AAS?$AAP?$AAE?$AAC?$AA?$CF?$AA?5?$AA?1?$AAc?$AA?5@ 00000001800010b8     TmpPanel.obj
 0001:000000d4       ??_C@_13IMODFHAA@?$AA?9@   00000001800010d4     TmpPanel.obj
 0001:000000d8       ??_C@_15KIOHKAAB@?$AA?$CK?$AA?4@ 00000001800010d8     TmpPanel.obj
 0001:000000e0       ??_C@_1BC@ENICKDH@?$AAC?$AAo?$AAn?$AAt?$AAe?$AAn?$AAt?$AAs@ 00000001800010e0     TmpPanel.obj
 0001:000000f8       ??_C@_19BDAJEHDN@?$AAo?$AAp?$AAe?$AAn@ 00000001800010f8     TmpPanel.obj
 0001:00000108       ??_C@_1BC@DDPAOGMO@?$AAT?$AAm?$AAp?$AAP?$AAa?$AAn?$AAe?$AAl@ 0000000180001108     TmpPanel.obj
 0001:00000120       ??_C@_1EA@PHBPOOLI@?$AAT?$AAe?$AAm?$AAp?$AAo?$AAr?$AAa?$AAr?$AAy?$AA?5?$AAP?$AAa?$AAn?$AAe?$AAl@ 0000000180001120     TmpPanel.obj
 0001:00000160       ??_C@_1DE@BGKMIKPD@?$AAE?$AAu?$AAg?$AAe?$AAn?$AAe?$AA?5?$AAR?$AAo?$AAs?$AAh?$AAa?$AAl?$AA?5?$AA?$CG@ 0000000180001160     TmpPanel.obj
 0001:000001f0       ??_7PluginCheckBoxBinding@@6B@ 00000001800011f0     TmpCfg.obj
 0001:00000200       ??_7PluginEditFieldBinding@@6B@ 0000000180001200     TmpCfg.obj
 0001:00000210       ??_C@_1BO@NGDOFANC@?$AAA?$AAd?$AAd?$AAT?$AAo?$AAD?$AAi?$AAs?$AAk?$AAs?$AAM?$AAe?$AAn?$AAu@ 0000000180001210     TmpCfg.obj
 0001:00000230       ??_C@_1CC@PNNAOHJC@?$AAA?$AAd?$AAd?$AAT?$AAo?$AAP?$AAl?$AAu?$AAg?$AAi?$AAn?$AAs?$AAM?$AAe?$AAn@ 0000000180001230     TmpCfg.obj
 0001:00000258       ??_C@_1BI@CPJJFPIA@?$AAC?$AAo?$AAm?$AAm?$AAo?$AAn?$AAP?$AAa?$AAn?$AAe?$AAl@ 0000000180001258     TmpCfg.obj
 0001:00000270       ??_C@_1BM@FPOJMDKB@?$AAS?$AAa?$AAf?$AAe?$AAM?$AAo?$AAd?$AAe?$AAP?$AAa?$AAn?$AAe?$AAl@ 0000000180001270     TmpCfg.obj
 0001:00000290       ??_C@_1BG@NHJCENND@?$AAA?$AAn?$AAy?$AAI?$AAn?$AAP?$AAa?$AAn?$AAe?$AAl@ 0000000180001290     TmpCfg.obj
 0001:000002a8       ??_C@_1BK@BNOFJDBM@?$AAC?$AAo?$AAp?$AAy?$AAC?$AAo?$AAn?$AAt?$AAe?$AAn?$AAt?$AAs@ 00000001800012a8     TmpCfg.obj
 0001:000002c8       ??_C@_19OBGHODPD@?$AAM?$AAo?$AAd?$AAe@ 00000001800012c8     TmpCfg.obj
 0001:000002d8       ??_C@_1CA@JNAJBENN@?$AAM?$AAe?$AAn?$AAu?$AAF?$AAo?$AAr?$AAF?$AAi?$AAl?$AAe?$AAl?$AAi?$AAs?$AAt@ 00000001800012d8     TmpCfg.obj
 0001:000002f8       ??_C@_1DC@BNKDLIA@?$AAN?$AAe?$AAw?$AAP?$AAa?$AAn?$AAe?$AAl?$AAF?$AAo?$AAr?$AAS?$AAe?$AAa?$AAr@ 00000001800012f8     TmpCfg.obj
 0001:00000330       ??_C@_1CA@GMFGCAGE@?$AAF?$AAu?$AAl?$AAl?$AAS?$AAc?$AAr?$AAe?$AAe?$AAn?$AAP?$AAa?$AAn?$AAe?$AAl@ 0000000180001330     TmpCfg.obj
 0001:00000350       ??_C@_1BC@JCHBPJL@?$AAL?$AAi?$AAs?$AAt?$AAU?$AAT?$AAF?$AA8@ 0000000180001350     TmpCfg.obj
 0001:00000368       ??_C@_17PBMJFEI@?$AAN?$AA?0?$AAS@ 0000000180001368     TmpCfg.obj
 0001:00000370       ??_C@_1BI@KCJICNAC@?$AAC?$AAo?$AAl?$AAu?$AAm?$AAn?$AAT?$AAy?$AAp?$AAe?$AAs@ 0000000180001370     TmpCfg.obj
 0001:00000388       ??_C@_17FKOBGGOI@?$AA0?$AA?0?$AA8@ 0000000180001388     TmpCfg.obj
 0001:00000390       ??_C@_1BK@IJFPLJEF@?$AAC?$AAo?$AAl?$AAu?$AAm?$AAn?$AAW?$AAi?$AAd?$AAt?$AAh?$AAs@ 0000000180001390     TmpCfg.obj
 0001:000003b0       ??_C@_1BE@CNONJJPK@?$AAN?$AAR?$AA?0?$AAS?$AAC?$AA?0?$AAD?$AA?0?$AAT@ 00000001800013b0     TmpCfg.obj
 0001:000003c8       ??_C@_1CE@CFCOMBOO@?$AAS?$AAt?$AAa?$AAt?$AAu?$AAs?$AAC?$AAo?$AAl?$AAu?$AAm?$AAn?$AAT?$AAy?$AAp@ 00000001800013c8     TmpCfg.obj
 0001:000003f0       ??_C@_1BA@HANPCFLL@?$AA0?$AA?0?$AA8?$AA?0?$AA0?$AA?0?$AA5@ 00000001800013f0     TmpCfg.obj
 0001:00000400       ??_C@_1CG@NCCICMEA@?$AAS?$AAt?$AAa?$AAt?$AAu?$AAs?$AAC?$AAo?$AAl?$AAu?$AAm?$AAn?$AAW?$AAi?$AAd@ 0000000180001400     TmpCfg.obj
 0001:00000428       ??_C@_1O@HIOLBLLI@?$AA?$CK?$AA?4?$AAt?$AAe?$AAm?$AAp@ 0000000180001428     TmpCfg.obj
 0001:00000438       ??_C@_19KOBLENB@?$AAM?$AAa?$AAs?$AAk@ 0000000180001438     TmpCfg.obj
 0001:00000448       ??_C@_17GNJCADOE@?$AAt?$AAm?$AAp@ 0000000180001448     TmpCfg.obj
 0001:00000450       ??_C@_1O@GBAEOCCH@?$AAP?$AAr?$AAe?$AAf?$AAi?$AAx@ 0000000180001450     TmpCfg.obj
 0001:00000460       ??_C@_1O@BJPKKLLM@?$AAC?$AAo?$AAn?$AAf?$AAi?$AAg@ 0000000180001460     TmpCfg.obj
 0001:00000470       ??_C@_1CM@OOGBEAGB@?$AAT?$AAe?$AAm?$AAp?$AAP?$AAa?$AAn?$AAe?$AAl?$AA?4?$AAC?$AAo?$AAl?$AAu?$AAm@ 0000000180001470     TmpCfg.obj
 0001:000004a0       ??_C@_1CO@PEIMNADN@?$AAT?$AAe?$AAm?$AAp?$AAP?$AAa?$AAn?$AAe?$AAl?$AA?4?$AAC?$AAo?$AAl?$AAu?$AAm@ 00000001800014a0     TmpCfg.obj
 0001:000004d0       ??_C@_1DI@DFFNPDGJ@?$AAT?$AAe?$AAm?$AAp?$AAP?$AAa?$AAn?$AAe?$AAl?$AA?4?$AAS?$AAt?$AAa?$AAt?$AAu@ 00000001800014d0     TmpCfg.obj
 0001:00000508       ??_C@_1DK@GODNGDDP@?$AAT?$AAe?$AAm?$AAp?$AAP?$AAa?$AAn?$AAe?$AAl?$AA?4?$AAS?$AAt?$AAa?$AAt?$AAu@ 0000000180001508     TmpCfg.obj
 0001:00000548       ??_C@_1BO@JLKBMGBC@?$AAT?$AAe?$AAm?$AAp?$AAP?$AAa?$AAn?$AAe?$AAl?$AA?4?$AAM?$AAa?$AAs?$AAk@ 0000000180001548     TmpCfg.obj
 0001:00000568       ??_C@_1CC@CFPIPDCG@?$AAT?$AAe?$AAm?$AAp?$AAP?$AAa?$AAn?$AAe?$AAl?$AA?4?$AAP?$AAr?$AAe?$AAf?$AAi@ 0000000180001568     TmpCfg.obj
 0001:00000590       __xmm@00000000000000020000000000000000 0000000180001590     TmpCfg.obj
 0001:000005a0       __xmm@ffffffffffffffffffffffffffffffff 00000001800015a0     TmpCfg.obj
 0001:000005b0       ??_C@_15DDHGOCBH@?$AA?4?$AA?4@ 00000001800015b0     TmpClass.obj
 0001:000005b8       ??_C@_19NHGNNLNG@?$AA?$CI?$AAR?$AA?$CJ?$AA?5@ 00000001800015b8     TmpClass.obj
 0001:000005c8       ??_C@_1O@OCNONAPA@?$AA?5?$AA?$CF?$AAs?$AA?$CF?$AAs?$AA?5@ 00000001800015c8     TmpClass.obj
 0001:000005d8       ??_C@_13FPGAJAPJ@?$AA?2@   00000001800015d8     TmpClass.obj
 0001:000005dc       ??_C@_13BBDEGPLJ@?$AA?$CK@ 00000001800015dc     TmpClass.obj
 0001:000005e0       ??_C@_13JOFGPIOO@?$AA?4@   00000001800015e0     TmpClass.obj
 0001:000005e8       ??_C@_1M@HCONLDPB@?$AAp?$AAa?$AAn?$AAe?$AAl@ 00000001800015e8     TmpClass.obj
 0001:000005f8       ??_C@_1CE@FHMHDLFC@?$AAT?$AAm?$AAp?$AAP?$AAa?$AAn?$AAe?$AAl?$AA?4?$AAS?$AAa?$AAv?$AAe?$AAL?$AAi@ 00000001800015f8     TmpClass.obj
 0001:00000624       ??_C@_15JNBOKNOG@?$AA?$AN?$AA?6@ 0000000180001624     TmpClass.obj
 0001:0000062c       ??_C@_02PCIJFNDE@?$AN?6@   000000018000162c     TmpClass.obj
 0001:00000648       ??_C@_19BKJMDJK@?$AA?2?$AA?2?$AA?4?$AA?2@ 0000000180001648     TmpClass.obj
 0001:00000658       ??_C@_1CE@JKDBMIKG@?$AA?2?$AA?2?$AA?4?$AA?2?$AAP?$AAh?$AAy?$AAs?$AAi?$AAc?$AAa?$AAl?$AAD?$AAr?$AAi@ 0000000180001658     TmpClass.obj
 0001:00000680       ??_C@_1BE@BNONMOPA@?$AA?2?$AA?2?$AA?4?$AA?2?$AAc?$AAd?$AAr?$AAo?$AAm@ 0000000180001680     TmpClass.obj
 0001:000006a0       __xmm@00000000000000010000000000000000 00000001800016a0     TmpClass.obj
 0001:000006b0       __xmm@00000000000000010000000000000001 00000001800016b0     TmpClass.obj
 0001:000006c0       ??_C@_1BC@NAEGMMKI@?$AA?2?$AA?2?$AA?$DP?$AA?2?$AAU?$AAN?$AAC?$AA?2@ 00000001800016c0     TmpMix.obj
 0001:000006d8       ??_C@_19MJCDBCKE@?$AA?2?$AA?2?$AA?$DP?$AA?2@ 00000001800016d8     TmpMix.obj
 0001:000006e8       ??_C@_1CC@OPFFOEHP@?$AA?$CF?$AAF?$AAA?$AAR?$AAH?$AAO?$AAM?$AAE?$AA?$CF?$AA?$DL?$AA?$CF?$AAP?$AAA?$AAT?$AAH@ 00000001800016e8     TmpMix.obj
 0001:00000710       _pDefaultRawDllMain        0000000180001710     LIBCMT:dll_dllmain.obj
 0001:00000710       _pRawDllMain               0000000180001710     LIBCMT:dll_dllmain.obj
 0001:00000720       ??_7exception@std@@6B@     0000000180001720     LIBCMT:throw_bad_alloc.obj
 0001:00000730       ??_C@_0BC@EOODALEL@Unknown?5exception@ 0000000180001730     LIBCMT:throw_bad_alloc.obj
 0001:00000750       ??_7bad_alloc@std@@6B@     0000000180001750     LIBCMT:throw_bad_alloc.obj
 0001:00000760       ??_C@_0P@GHFPNOJB@bad?5allocation@ 0000000180001760     LIBCMT:throw_bad_alloc.obj
 0001:00000778       ??_7bad_array_new_length@std@@6B@ 0000000180001778     LIBCMT:throw_bad_alloc.obj
 0001:00000788       ??_C@_0BF@KINCDENJ@bad?5array?5new?5length@ 0000000180001788     LIBCMT:throw_bad_alloc.obj
 0001:000007a8       ??_7type_info@@6B@         00000001800017a8     LIBCMT:std_type_info_static.obj
 0001:000007b0       _pDestructExceptionObject  00000001800017b0     libvcruntime:ehhelpers.obj
 0001:00000ec0       ??_C@_08EHJDFFNH@__based?$CI@ 0000000180001ec0     libvcruntime:undname.obj
 0001:00000ed0       ??_C@_07KOLFKCDI@__cdecl@  0000000180001ed0     libvcruntime:undname.obj
 0001:00000ed8       ??_C@_08GHMPAG@__pascal@   0000000180001ed8     libvcruntime:undname.obj
 0001:00000ee8       ??_C@_09IFJBGAPI@__stdcall@ 0000000180001ee8     libvcruntime:undname.obj
 0001:00000ef8       ??_C@_0L@NPHFGOKO@__thiscall@ 0000000180001ef8     libvcruntime:undname.obj
 0001:00000f08       ??_C@_0L@JMKHOMEK@__fastcall@ 0000000180001f08     libvcruntime:undname.obj
 0001:00000f18       ??_C@_0N@BCKKPABJ@__vectorcall@ 0000000180001f18     libvcruntime:undname.obj
 0001:00000f28       ??_C@_09HIJEGCPM@__clrcall@ 0000000180001f28     libvcruntime:undname.obj
 0001:00000f34       ??_C@_06GHPCKEAG@__eabi@   0000000180001f34     libvcruntime:undname.obj
 0001:00000f40       ??_C@_09IOPIDJLG@__swift_1@ 0000000180001f40     libvcruntime:undname.obj
 0001:00000f50       ??_C@_09KFNFGKHF@__swift_2@ 0000000180001f50     libvcruntime:undname.obj
 0001:00000f60       ??_C@_07JOMMBBKO@__ptr64@  0000000180001f60     libvcruntime:undname.obj
 0001:00000f68       ??_C@_0L@PILCLIHE@__restrict@ 0000000180001f68     libvcruntime:undname.obj
 0001:00000f78       ??_C@_0M@GFIIJFMG@__unaligned@ 0000000180001f78     libvcruntime:undname.obj
 0001:00000f88       ??_C@_09DHDLOLLB@restrict?$CI@ 0000000180001f88     libvcruntime:undname.obj
 0001:00000f92       ??_C@_00CNPNBAHC@@         0000000180001f92     libvcruntime:undname.obj
 0001:00000f94       ??_C@_04NIHEBCM@?5new@     0000000180001f94     libvcruntime:undname.obj
 0001:00000fa0       ??_C@_07FPCDHGMM@?5delete@ 0000000180001fa0     libvcruntime:undname.obj
 0001:00000fa8       ??_C@_01NEMOKFLO@?$DN@     0000000180001fa8     libvcruntime:undname.obj
 0001:00000fac       ??_C@_02GPIOPFAK@?$DO?$DO@ 0000000180001fac     libvcruntime:undname.obj
 0001:00000fb0       ??_C@_02FODMEDOG@?$DM?$DM@ 0000000180001fb0     libvcruntime:undname.obj
 0001:00000fb4       ??_C@_01DCLJPIOD@?$CB@     0000000180001fb4     libvcruntime:undname.obj
 0001:00000fb8       ??_C@_02EGOFBIJA@?$DN?$DN@ 0000000180001fb8     libvcruntime:undname.obj
 0001:00000fbc       ??_C@_02FDNJECIE@?$CB?$DN@ 0000000180001fbc     libvcruntime:undname.obj
 0001:00000fc0       ??_C@_02GPECMEKF@?$FL?$FN@ 0000000180001fc0     libvcruntime:undname.obj
 0001:00000fc8       ??_C@_08LHJFAFGD@operator@ 0000000180001fc8     libvcruntime:undname.obj
 0001:00000fd4       ??_C@_02HBOOOICD@?9?$DO@   0000000180001fd4     libvcruntime:undname.obj
 0001:00000fd8       ??_C@_01NBENCBCI@?$CK@     0000000180001fd8     libvcruntime:undname.obj
 0001:00000fdc       ??_C@_02ECNGHCIF@?$CL?$CL@ 0000000180001fdc     libvcruntime:undname.obj
 0001:00000fe0       ??_C@_02BAABKJLB@?9?9@     0000000180001fe0     libvcruntime:undname.obj
 0001:00000fe4       ??_C@_01JOAMLHOP@?9@       0000000180001fe4     libvcruntime:undname.obj
 0001:00000fe8       ??_C@_01MIFGBAGJ@?$CL@     0000000180001fe8     libvcruntime:undname.obj
 0001:00000fec       ??_C@_01HNPIGOCE@?$CG@     0000000180001fec     libvcruntime:undname.obj
 0001:00000ff0       ??_C@_03MNHNFDLC@?9?$DO?$CK@ 0000000180001ff0     libvcruntime:undname.obj
 0001:00000ff4       ??_C@_01KMDKNFGN@?1@       0000000180001ff4     libvcruntime:undname.obj
 0001:00000ff8       ??_C@_01FGNFDNOH@?$CF@     0000000180001ff8     libvcruntime:undname.obj
 0001:00000ffc       ??_C@_01MNNFJEPP@?$DM@     0000000180001ffc     libvcruntime:undname.obj
 0001:00001000       ??_C@_02EHCHHCKH@?$DM?$DN@ 0000000180002000     libvcruntime:undname.obj
 0001:00001004       ??_C@_01PPODPGHN@?$DO@     0000000180002004     libvcruntime:undname.obj
 0001:00001008       ??_C@_02EEKDKGMJ@?$DO?$DN@ 0000000180002008     libvcruntime:undname.obj
 0001:0000100c       ??_C@_01IHBHIGKO@?0@       000000018000200c     libvcruntime:undname.obj
 0001:00001010       ??_C@_02HCKGKOFO@?$CI?$CJ@ 0000000180002010     libvcruntime:undname.obj
 0001:00001014       ??_C@_01PJKLJHI@?$HO@      0000000180002014     libvcruntime:undname.obj
 0001:00001018       ??_C@_01JKBOJNNK@?$FO@     0000000180002018     libvcruntime:undname.obj
 0001:0000101c       ??_C@_01DNKMNLPK@?$HM@     000000018000201c     libvcruntime:undname.obj
 0001:00001020       ??_C@_02PPKAJPJL@?$CG?$CG@ 0000000180002020     libvcruntime:undname.obj
 0001:00001024       ??_C@_02NONPIBCD@?$HM?$HM@ 0000000180002024     libvcruntime:undname.obj
 0001:00001028       ??_C@_02FPIMKNGF@?$CK?$DN@ 0000000180002028     libvcruntime:undname.obj
 0001:0000102c       ??_C@_02FOEOMHFC@?$CL?$DN@ 000000018000202c     libvcruntime:undname.obj
 0001:00001030       ??_C@_02FKMDLLOA@?9?$DN@   0000000180002030     libvcruntime:undname.obj
 0001:00001034       ??_C@_02FJEHGPIO@?1?$DN@   0000000180002034     libvcruntime:undname.obj
 0001:00001038       ??_C@_02FENAOKFI@?$CF?$DN@ 0000000180002038     libvcruntime:undname.obj
 0001:0000103c       ??_C@_03IKFCCPFF@?$DO?$DO?$DN@ 000000018000203c     libvcruntime:undname.obj
 0001:00001040       ??_C@_03CDNPDDLA@?$DM?$DM?$DN@ 0000000180002040     libvcruntime:undname.obj
 0001:00001044       ??_C@_02FGJGFEAB@?$CG?$DN@ 0000000180002044     libvcruntime:undname.obj
 0001:00001048       ??_C@_02DHLNPPGH@?$HM?$DN@ 0000000180002048     libvcruntime:undname.obj
 0001:0000104c       ??_C@_02MHEGNOJ@?$FO?$DN@  000000018000204c     libvcruntime:undname.obj
 0001:00001050       ??_C@_09IFPLHPGF@?$GAvftable?8@ 0000000180002050     libvcruntime:undname.obj
 0001:00001060       ??_C@_09BLBHBJP@?$GAvbtable?8@ 0000000180002060     libvcruntime:undname.obj
 0001:00001070       ??_C@_07FEEIOKP@?$GAvcall?8@ 0000000180002070     libvcruntime:undname.obj
 0001:00001078       ??_C@_08LLFFHHDJ@?$GAtypeof?8@ 0000000180002078     libvcruntime:undname.obj
 0001:00001088       ??_C@_0BF@KDPPACIK@?$GAlocal?5static?5guard?8@ 0000000180002088     libvcruntime:undname.obj
 0001:000010a0       ??_C@_08OBABFOLI@?$GAstring?8@ 00000001800020a0     libvcruntime:undname.obj
 0001:000010b0       ??_C@_0BD@JDLKDPAB@?$GAvbase?5destructor?8@ 00000001800020b0     libvcruntime:undname.obj
 0001:000010c8       ??_C@_0BN@DEGPLNFK@?$GAvector?5deleting?5destructor?8@ 00000001800020c8     libvcruntime:undname.obj
 0001:000010e8       ??_C@_0BO@OBMKPJIG@?$GAdefault?5constructor?5closure?8@ 00000001800020e8     libvcruntime:undname.obj
 0001:00001108       ??_C@_0BN@IMDCHIKM@?$GAscalar?5deleting?5destructor?8@ 0000000180002108     libvcruntime:undname.obj
 0001:00001128       ??_C@_0BO@PFGOCPJJ@?$GAvector?5constructor?5iterator?8@ 0000000180002128     libvcruntime:undname.obj
 0001:00001148       ??_C@_0BN@LFPFMEDL@?$GAvector?5destructor?5iterator?8@ 0000000180002148     libvcruntime:undname.obj
 0001:00001168       ??_C@_0CE@IKBNEHA@?$GAvector?5vbase?5constructor?5itera@ 0000000180002168     libvcruntime:undname.obj
 0001:00001190       ??_C@_0BL@NILFHHPC@?$GAvirtual?5displacement?5map?8@ 0000000180002190     libvcruntime:undname.obj
 0001:000011b0       ??_C@_0CB@JONCMFFK@?$GAeh?5vector?5constructor?5iterator@ 00000001800021b0     libvcruntime:undname.obj
 0001:000011d8       ??_C@_0CA@GCEOPDGL@?$GAeh?5vector?5destructor?5iterator?8@ 00000001800021d8     libvcruntime:undname.obj
 0001:000011f8       ??_C@_0CH@OOJPLCPH@?$GAeh?5vector?5vbase?5constructor?5it@ 00000001800021f8     libvcruntime:undname.obj
 0001:00001220       ??_C@_0BL@LLKPOHJI@?$GAcopy?5constructor?5closure?8@ 0000000180002220     libvcruntime:undname.obj
 0001:00001240       ??_C@_0BA@KBCDOMBN@?$GAudt?5returning?8@ 0000000180002240     libvcruntime:undname.obj
 0001:00001250       ??_C@_03KLGMFNMG@?$GAEH@   0000000180002250     libvcruntime:undname.obj
 0001:00001254       ??_C@_05KHLCHHI@?$GARTTI@  0000000180002254     libvcruntime:undname.obj
 0001:00001260       ??_C@_0BA@KKLDJDLB@?$GAlocal?5vftable?8@ 0000000180002260     libvcruntime:undname.obj
 0001:00001270       ??_C@_0CE@IIHCMGGL@?$GAlocal?5vftable?5constructor?5clos@ 0000000180002270     libvcruntime:undname.obj
 0001:00001294       ??_C@_06FHBGPFGH@?5new?$FL?$FN@ 0000000180002294     libvcruntime:undname.obj
 0001:000012a0       ??_C@_09LBNFPBCA@?5delete?$FL?$FN@ 00000001800022a0     libvcruntime:undname.obj
 0001:000012b0       ??_C@_0P@HJKNJFNN@?$GAomni?5callsig?8@ 00000001800022b0     libvcruntime:undname.obj
 0001:000012c0       ??_C@_0BL@CNOONJFP@?$GAplacement?5delete?5closure?8@ 00000001800022c0     libvcruntime:undname.obj
 0001:000012e0       ??_C@_0BN@CKNJLHMB@?$GAplacement?5delete?$FL?$FN?5closure?8@ 00000001800022e0     libvcruntime:undname.obj
 0001:00001300       ??_C@_0CG@CFDHKGGD@?$GAmanaged?5vector?5constructor?5ite@ 0000000180002300     libvcruntime:undname.obj
 0001:00001328       ??_C@_0CF@IMGKMJNO@?$GAmanaged?5vector?5destructor?5iter@ 0000000180002328     libvcruntime:undname.obj
 0001:00001350       ??_C@_0CG@HLDDJMAG@?$GAeh?5vector?5copy?5constructor?5ite@ 0000000180002350     libvcruntime:undname.obj
 0001:00001378       ??_C@_0CM@FCBBDIGB@?$GAeh?5vector?5vbase?5copy?5construct@ 0000000180002378     libvcruntime:undname.obj
 0001:000013a8       ??_C@_0BL@CLIPGLGB@?$GAdynamic?5initializer?5for?5?8@ 00000001800023a8     libvcruntime:undname.obj
 0001:000013c8       ??_C@_0CB@PDBIFEP@?$GAdynamic?5atexit?5destructor?5for?5@ 00000001800023c8     libvcruntime:undname.obj
 0001:000013f0       ??_C@_0CD@CGAJBKEJ@?$GAvector?5copy?5constructor?5iterat@ 00000001800023f0     libvcruntime:undname.obj
 0001:00001418       ??_C@_0CJ@GJELGAMM@?$GAvector?5vbase?5copy?5constructor?5@ 0000000180002418     libvcruntime:undname.obj
 0001:00001448       ??_C@_0CL@FGIJHLCE@?$GAmanaged?5vector?5copy?5constructo@ 0000000180002448     libvcruntime:undname.obj
 0001:00001478       ??_C@_0BM@PMGGMLDN@?$GAlocal?5static?5thread?5guard?8@ 0000000180002478     libvcruntime:undname.obj
 0001:00001498       ??_C@_0N@BDNMDMOL@operator?5?$CC?$CC?5@ 0000000180002498     libvcruntime:undname.obj
 0001:000014a8       ??_C@_0BC@GGEBGALA@operator?5co_await@ 00000001800024a8     libvcruntime:undname.obj
 0001:000014c0       ??_C@_0M@GAAIMMOH@operator?$DM?$DN?$DO@ 00000001800024c0     libvcruntime:undname.obj
 0001:000014d0       ??_C@_0BC@DAFEJGAK@?5Type?5Descriptor?8@ 00000001800024d0     libvcruntime:undname.obj
 0001:000014e8       ??_C@_0BM@LDKODKLH@?5Base?5Class?5Descriptor?5at?5?$CI@ 00000001800024e8     libvcruntime:undname.obj
 0001:00001508       ??_C@_0BD@LGICGFMM@?5Base?5Class?5Array?8@ 0000000180002508     libvcruntime:undname.obj
 0001:00001520       ??_C@_0BN@MECKDCOJ@?5Class?5Hierarchy?5Descriptor?8@ 0000000180002520     libvcruntime:undname.obj
 0001:00001540       ??_C@_0BK@CFCOFLF@?5Complete?5Object?5Locator?8@ 0000000180002540     libvcruntime:undname.obj
 0001:00001560       ??_C@_0BG@JNJLAMPM@?$GAanonymous?5namespace?8@ 0000000180002560     libvcruntime:undname.obj
 0001:00001590       ??_C@_1DM@KHCHBNEB@?$AAa?$AAp?$AAi?$AA?9?$AAm?$AAs?$AA?9?$AAw?$AAi?$AAn?$AA?9?$AAc?$AAo?$AAr?$AAe@ 0000000180002590     libvcruntime:winapi_downlevel.obj
 0001:000015d0       ??_C@_1DK@LPPGFMPP@?$AAa?$AAp?$AAi?$AA?9?$AAm?$AAs?$AA?9?$AAw?$AAi?$AAn?$AA?9?$AAc?$AAo?$AAr?$AAe@ 00000001800025d0     libvcruntime:winapi_downlevel.obj
 0001:00001610       ??_C@_1BC@GDMECMAK@?$AAk?$AAe?$AAr?$AAn?$AAe?$AAl?$AA3?$AA2@ 0000000180002610     libvcruntime:winapi_downlevel.obj
 0001:00001628       ??_C@_1BA@PFFKHIOG@?$AAa?$AAp?$AAi?$AA?9?$AAm?$AAs?$AA?9@ 0000000180002628     libvcruntime:winapi_downlevel.obj
 0001:00001640       ??_C@_08KNHFBNJ@FlsAlloc@  0000000180002640     libvcruntime:winapi_downlevel.obj
 0001:00001658       ??_C@_07PEJMOBNF@FlsFree@  0000000180002658     libvcruntime:winapi_downlevel.obj
 0001:00001668       ??_C@_0M@GDNOONDI@FlsGetValue@ 0000000180002668     libvcruntime:winapi_downlevel.obj
 0001:00001680       ??_C@_0M@JCPCPOEF@FlsSetValue@ 0000000180002680     libvcruntime:winapi_downlevel.obj
 0001:00001698       ??_C@_0BM@HCFOFFN@InitializeCriticalSectionEx@ 0000000180002698     libvcruntime:winapi_downlevel.obj
 0001:000016c0       __acrt_exception_action_table 00000001800026c0     libucrt:exception_filter.obj
 0001:00001780       __acrt_signal_action_table_count 0000000180002780     libucrt:exception_filter.obj
 0001:00001788       __acrt_signal_action_first_fpe_index 0000000180002788     libucrt:exception_filter.obj
 0001:00001790       __acrt_signal_action_fpe_count 0000000180002790     libucrt:exception_filter.obj
 0001:00001798       ??_C@_1BI@BGOHAHKC@?$AAm?$AAs?$AAc?$AAo?$AAr?$AAe?$AAe?$AA?4?$AAd?$AAl?$AAl@ 0000000180002798     libucrt:exit.obj
 0001:000017b0       ??_C@_0P@MIGLKIOC@CorExitProcess@ 00000001800027b0     libucrt:exit.obj
 0001:00001a48       ??_C@_1M@HPNHIDJI@?$AAj?$AAa?$AA?9?$AAJ?$AAP@ 0000000180002a48     libucrt:mbctype.obj
 0001:00001a58       ??_C@_1M@BIBDDEMK@?$AAz?$AAh?$AA?9?$AAC?$AAN@ 0000000180002a58     libucrt:mbctype.obj
 0001:00001a68       ??_C@_1M@JLOOOEGK@?$AAk?$AAo?$AA?9?$AAK?$AAR@ 0000000180002a68     libucrt:mbctype.obj
 0001:00001a78       ??_C@_1M@CLNBBOPM@?$AAz?$AAh?$AA?9?$AAT?$AAW@ 0000000180002a78     libucrt:mbctype.obj
 0001:00001b30       ??_C@_1EA@JGEFHKEI@?$AAa?$AAp?$AAi?$AA?9?$AAm?$AAs?$AA?9?$AAw?$AAi?$AAn?$AA?9?$AAc?$AAo?$AAr?$AAe@ 0000000180002b30     libucrt:winapi_thunks.obj
 0001:00001b70       ??_C@_1DI@IJCEHOCB@?$AAa?$AAp?$AAi?$AA?9?$AAm?$AAs?$AA?9?$AAw?$AAi?$AAn?$AA?9?$AAc?$AAo?$AAr?$AAe@ 0000000180002b70     libucrt:winapi_thunks.obj
 0001:00001bb0       ??_C@_1EI@MPIAOHOC@?$AAa?$AAp?$AAi?$AA?9?$AAm?$AAs?$AA?9?$AAw?$AAi?$AAn?$AA?9?$AAc?$AAo?$AAr?$AAe@ 0000000180002bb0     libucrt:winapi_thunks.obj
 0001:00001c00       ??_C@_1FK@FPHCKFIE@?$AAa?$AAp?$AAi?$AA?9?$AAm?$AAs?$AA?9?$AAw?$AAi?$AAn?$AA?9?$AAc?$AAo?$AAr?$AAe@ 0000000180002c00     libucrt:winapi_thunks.obj
 0001:00001c60       ??_C@_1EM@DILCGIIO@?$AAa?$AAp?$AAi?$AA?9?$AAm?$AAs?$AA?9?$AAw?$AAi?$AAn?$AA?9?$AAc?$AAo?$AAr?$AAe@ 0000000180002c60     libucrt:winapi_thunks.obj
 0001:00001cb0       ??_C@_1DM@LNCGDDPN@?$AAa?$AAp?$AAi?$AA?9?$AAm?$AAs?$AA?9?$AAw?$AAi?$AAn?$AA?9?$AAc?$AAo?$AAr?$AAe@ 0000000180002cb0     libucrt:winapi_thunks.obj
 0001:00001cf0       ??_C@_1DO@FPAPJEMD@?$AAa?$AAp?$AAi?$AA?9?$AAm?$AAs?$AA?9?$AAw?$AAi?$AAn?$AA?9?$AAc?$AAo?$AAr?$AAe@ 0000000180002cf0     libucrt:winapi_thunks.obj
 0001:00001d30       ??_C@_1DK@NDHNAHIO@?$AAa?$AAp?$AAi?$AA?9?$AAm?$AAs?$AA?9?$AAw?$AAi?$AAn?$AA?9?$AAc?$AAo?$AAr?$AAe@ 0000000180002d30     libucrt:winapi_thunks.obj
 0001:00001d70       ??_C@_1DM@KGHDGBCM@?$AAa?$AAp?$AAi?$AA?9?$AAm?$AAs?$AA?9?$AAw?$AAi?$AAn?$AA?9?$AAc?$AAo?$AAr?$AAe@ 0000000180002d70     libucrt:winapi_thunks.obj
 0001:00001db0       ??_C@_1EO@IJIOEFOH@?$AAa?$AAp?$AAi?$AA?9?$AAm?$AAs?$AA?9?$AAw?$AAi?$AAn?$AA?9?$AAr?$AAt?$AAc?$AAo@ 0000000180002db0     libucrt:winapi_thunks.obj
 0001:00001e00       ??_C@_1FG@HHGEKANL@?$AAa?$AAp?$AAi?$AA?9?$AAm?$AAs?$AA?9?$AAw?$AAi?$AAn?$AA?9?$AAs?$AAe?$AAc?$AAu@ 0000000180002e00     libucrt:winapi_thunks.obj
 0001:00001e60       ??_C@_1EG@DBIOJECG@?$AAe?$AAx?$AAt?$AA?9?$AAm?$AAs?$AA?9?$AAw?$AAi?$AAn?$AA?9?$AAn?$AAt?$AAu?$AAs@ 0000000180002e60     libucrt:winapi_thunks.obj
 0001:00001eb0       ??_C@_1EO@FIHMJCLF@?$AAe?$AAx?$AAt?$AA?9?$AAm?$AAs?$AA?9?$AAw?$AAi?$AAn?$AA?9?$AAn?$AAt?$AAu?$AAs@ 0000000180002eb0     libucrt:winapi_thunks.obj
 0001:00001f00       ??_C@_1BC@DNHGCMLG@?$AAa?$AAd?$AAv?$AAa?$AAp?$AAi?$AA3?$AA2@ 0000000180002f00     libucrt:winapi_thunks.obj
 0001:00001f18       ??_C@_1M@OAIMIKLP@?$AAn?$AAt?$AAd?$AAl?$AAl@ 0000000180002f18     libucrt:winapi_thunks.obj
 0001:00001f30       ??_C@_1EG@DPGNFKGC@?$AAa?$AAp?$AAi?$AA?9?$AAm?$AAs?$AA?9?$AAw?$AAi?$AAn?$AA?9?$AAa?$AAp?$AAp?$AAm@ 0000000180002f30     libucrt:winapi_thunks.obj
 0001:00001f78       ??_C@_1O@BCCLBEOE@?$AAu?$AAs?$AAe?$AAr?$AA3?$AA2@ 0000000180002f78     libucrt:winapi_thunks.obj
 0001:00001f88       ??_C@_1BA@IAIFMGEF@?$AAe?$AAx?$AAt?$AA?9?$AAm?$AAs?$AA?9@ 0000000180002f88     libucrt:winapi_thunks.obj
 0001:00001fa0       ??_C@_0BA@FHFNEAED@AreFileApisANSI@ 0000000180002fa0     libucrt:winapi_thunks.obj
 0001:00001fe0       ??_C@_0O@KKBNKAPF@LCMapStringEx@ 0000000180002fe0     libucrt:winapi_thunks.obj
 0001:00001ff8       ??_C@_0BB@HBDEELFH@LocaleNameToLCID@ 0000000180002ff8     libucrt:winapi_thunks.obj
 0001:00002010       ??_C@_0CF@OJOFEIGO@AppPolicyGetProcessTerminationM@ 0000000180003010     libucrt:winapi_thunks.obj
 0001:00002040       __lc_time_c                0000000180003040     libucrt:nlsdata.obj
 0001:00002300       ??_C@_03KOEHGMDN@Sun@      0000000180003300     libucrt:nlsdata.obj
 0001:00002304       ??_C@_03PDAGKDH@Mon@       0000000180003304     libucrt:nlsdata.obj
 0001:00002308       ??_C@_03NAGEINEP@Tue@      0000000180003308     libucrt:nlsdata.obj
 0001:0000230c       ??_C@_03MHOMLAJA@Wed@      000000018000330c     libucrt:nlsdata.obj
 0001:00002310       ??_C@_03IOFIKPDN@Thu@      0000000180003310     libucrt:nlsdata.obj
 0001:00002314       ??_C@_03IDIOELNC@Fri@      0000000180003314     libucrt:nlsdata.obj
 0001:00002318       ??_C@_03FEFJNEK@Sat@       0000000180003318     libucrt:nlsdata.obj
 0001:0000231c       ??_C@_06OOPIFAJ@Sunday@    000000018000331c     libucrt:nlsdata.obj
 0001:00002324       ??_C@_06JLEDEDGH@Monday@   0000000180003324     libucrt:nlsdata.obj
 0001:00002330       ??_C@_07BAAGCFCM@Tuesday@  0000000180003330     libucrt:nlsdata.obj
 0001:00002338       ??_C@_09DLIGFAKA@Wednesday@ 0000000180003338     libucrt:nlsdata.obj
 0001:00002348       ??_C@_08HACCIKIA@Thursday@ 0000000180003348     libucrt:nlsdata.obj
 0001:00002354       ??_C@_06JECMNKMI@Friday@   0000000180003354     libucrt:nlsdata.obj
 0001:00002360       ??_C@_08INBOOONO@Saturday@ 0000000180003360     libucrt:nlsdata.obj
 0001:0000236c       ??_C@_03JIHJHPIE@Jan@      000000018000336c     libucrt:nlsdata.obj
 0001:00002370       ??_C@_03HJBDCHOM@Feb@      0000000180003370     libucrt:nlsdata.obj
 0001:00002374       ??_C@_03ODNJBKGA@Mar@      0000000180003374     libucrt:nlsdata.obj
 0001:00002378       ??_C@_03LEOLGMJP@Apr@      0000000180003378     libucrt:nlsdata.obj
 0001:0000237c       ??_C@_03CNMDKL@May@        000000018000337c     libucrt:nlsdata.obj
 0001:00002380       ??_C@_03IDFGHECI@Jun@      0000000180003380     libucrt:nlsdata.obj
 0001:00002384       ??_C@_03LBGABGKK@Jul@      0000000180003384     libucrt:nlsdata.obj
 0001:00002388       ??_C@_03IFJFEIGA@Aug@      0000000180003388     libucrt:nlsdata.obj
 0001:0000238c       ??_C@_03GGCAPAJC@Sep@      000000018000338c     libucrt:nlsdata.obj
 0001:00002390       ??_C@_03BMAOKBAD@Oct@      0000000180003390     libucrt:nlsdata.obj
 0001:00002394       ??_C@_03JPJOFNIA@Nov@      0000000180003394     libucrt:nlsdata.obj
 0001:00002398       ??_C@_03MKABNOCG@Dec@      0000000180003398     libucrt:nlsdata.obj
 0001:000023a0       ??_C@_07CGJPFGJA@January@  00000001800033a0     libucrt:nlsdata.obj
 0001:000023a8       ??_C@_08GNJGEPFN@February@ 00000001800033a8     libucrt:nlsdata.obj
 0001:000023b4       ??_C@_05HPCKOFNC@March@    00000001800033b4     libucrt:nlsdata.obj
 0001:000023bc       ??_C@_05DMJDNLEJ@April@    00000001800033bc     libucrt:nlsdata.obj
 0001:000023c4       ??_C@_04CNLMGBGM@June@     00000001800033c4     libucrt:nlsdata.obj
 0001:000023cc       ??_C@_04MIEPOIFP@July@     00000001800033cc     libucrt:nlsdata.obj
 0001:000023d4       ??_C@_06LBBHFDDG@August@   00000001800033d4     libucrt:nlsdata.obj
 0001:000023e0       ??_C@_09BHHEALKD@September@ 00000001800033e0     libucrt:nlsdata.obj
 0001:000023f0       ??_C@_07JJNFCEND@October@  00000001800033f0     libucrt:nlsdata.obj
 0001:000023f8       ??_C@_08HCHEGEOA@November@ 00000001800033f8     libucrt:nlsdata.obj
 0001:00002408       ??_C@_08EDHMEBNP@December@ 0000000180003408     libucrt:nlsdata.obj
 0001:00002414       ??_C@_02DEDBPAFC@AM@       0000000180003414     libucrt:nlsdata.obj
 0001:00002418       ??_C@_02CJNFDJBF@PM@       0000000180003418     libucrt:nlsdata.obj
 0001:00002420       ??_C@_08BPBNCDIB@MM?1dd?1yy@ 0000000180003420     libucrt:nlsdata.obj
 0001:00002430       ??_C@_0BE@CKGJFCPC@dddd?0?5MMMM?5dd?0?5yyyy@ 0000000180003430     libucrt:nlsdata.obj
 0001:00002448       ??_C@_08JCCMCCIL@HH?3mm?3ss@ 0000000180003448     libucrt:nlsdata.obj
 0001:00002458       ??_C@_17MBGCMIPB@?$AAS?$AAu?$AAn@ 0000000180003458     libucrt:nlsdata.obj
 0001:00002460       ??_C@_17KBOMKBF@?$AAM?$AAo?$AAn@ 0000000180003460     libucrt:nlsdata.obj
 0001:00002468       ??_C@_17BMKGEGOJ@?$AAT?$AAu?$AAe@ 0000000180003468     libucrt:nlsdata.obj
 0001:00002470       ??_C@_17CJEDCEPE@?$AAW?$AAe?$AAd@ 0000000180003470     libucrt:nlsdata.obj
 0001:00002478       ??_C@_17PDPHAADD@?$AAT?$AAh?$AAu@ 0000000180003478     libucrt:nlsdata.obj
 0001:00002480       ??_C@_17HFOLPPLP@?$AAF?$AAr?$AAi@ 0000000180003480     libucrt:nlsdata.obj
 0001:00002488       ??_C@_17GGIBDPIH@?$AAS?$AAa?$AAt@ 0000000180003488     libucrt:nlsdata.obj
 0001:00002490       ??_C@_1O@IHNHDHPB@?$AAS?$AAu?$AAn?$AAd?$AAa?$AAy@ 0000000180003490     libucrt:nlsdata.obj
 0001:000024a0       ??_C@_1O@MMNBFLIA@?$AAM?$AAo?$AAn?$AAd?$AAa?$AAy@ 00000001800034a0     libucrt:nlsdata.obj
 0001:000024b0       ??_C@_1BA@ENFBFFEK@?$AAT?$AAu?$AAe?$AAs?$AAd?$AAa?$AAy@ 00000001800034b0     libucrt:nlsdata.obj
 0001:000024c0       ??_C@_1BE@EBOGMDOH@?$AAW?$AAe?$AAd?$AAn?$AAe?$AAs?$AAd?$AAa?$AAy@ 00000001800034c0     libucrt:nlsdata.obj
 0001:000024d8       ??_C@_1BC@HHMNLIHE@?$AAT?$AAh?$AAu?$AAr?$AAs?$AAd?$AAa?$AAy@ 00000001800034d8     libucrt:nlsdata.obj
 0001:000024f0       ??_C@_1O@PDICJHAG@?$AAF?$AAr?$AAi?$AAd?$AAa?$AAy@ 00000001800034f0     libucrt:nlsdata.obj
 0001:00002500       ??_C@_1BC@ENMNNPAJ@?$AAS?$AAa?$AAt?$AAu?$AAr?$AAd?$AAa?$AAy@ 0000000180003500     libucrt:nlsdata.obj
 0001:00002518       ??_C@_17DKNBKCHM@?$AAJ?$AAa?$AAn@ 0000000180003518     libucrt:nlsdata.obj
 0001:00002520       ??_C@_17LMDJEKJN@?$AAF?$AAe?$AAb@ 0000000180003520     libucrt:nlsdata.obj
 0001:00002528       ??_C@_17CKNLEDEC@?$AAM?$AAa?$AAr@ 0000000180003528     libucrt:nlsdata.obj
 0001:00002530       ??_C@_17LFPOIHDD@?$AAA?$AAp?$AAr@ 0000000180003530     libucrt:nlsdata.obj
 0001:00002538       ??_C@_17PNNKMEED@?$AAM?$AAa?$AAy@ 0000000180003538     libucrt:nlsdata.obj
 0001:00002540       ??_C@_17KCJGOCPB@?$AAJ?$AAu?$AAn@ 0000000180003540     libucrt:nlsdata.obj
 0001:00002548       ??_C@_17IJPCKHK@?$AAJ?$AAu?$AAl@ 0000000180003548     libucrt:nlsdata.obj
 0001:00002550       ??_C@_17ICPELBCN@?$AAA?$AAu?$AAg@ 0000000180003550     libucrt:nlsdata.obj
 0001:00002558       ??_C@_17HCHCOKMG@?$AAS?$AAe?$AAp@ 0000000180003558     libucrt:nlsdata.obj
 0001:00002560       ??_C@_17FNLKOI@?$AAO?$AAc?$AAt@ 0000000180003560     libucrt:nlsdata.obj
 0001:00002568       ??_C@_17BBDMLCIG@?$AAN?$AAo?$AAv@ 0000000180003568     libucrt:nlsdata.obj
 0001:00002570       ??_C@_17EGKACKIF@?$AAD?$AAe?$AAc@ 0000000180003570     libucrt:nlsdata.obj
 0001:00002578       ??_C@_1BA@EFMEIEBA@?$AAJ?$AAa?$AAn?$AAu?$AAa?$AAr?$AAy@ 0000000180003578     libucrt:nlsdata.obj
 0001:00002588       ??_C@_1BC@JGDDFFAM@?$AAF?$AAe?$AAb?$AAr?$AAu?$AAa?$AAr?$AAy@ 0000000180003588     libucrt:nlsdata.obj
 0001:000025a0       ??_C@_1M@IKEENEDF@?$AAM?$AAa?$AAr?$AAc?$AAh@ 00000001800035a0     libucrt:nlsdata.obj
 0001:000025b0       ??_C@_1M@GJNLMHFD@?$AAA?$AAp?$AAr?$AAi?$AAl@ 00000001800035b0     libucrt:nlsdata.obj
 0001:000025c0       ??_C@_19EPFLPGAP@?$AAJ?$AAu?$AAn?$AAe@ 00000001800035c0     libucrt:nlsdata.obj
 0001:000025d0       ??_C@_19BIFMLPCD@?$AAJ?$AAu?$AAl?$AAy@ 00000001800035d0     libucrt:nlsdata.obj
 0001:000025e0       ??_C@_1O@PAHLKOAC@?$AAA?$AAu?$AAg?$AAu?$AAs?$AAt@ 00000001800035e0     libucrt:nlsdata.obj
 0001:000025f0       ??_C@_1BE@DKAAMBJL@?$AAS?$AAe?$AAp?$AAt?$AAe?$AAm?$AAb?$AAe?$AAr@ 00000001800035f0     libucrt:nlsdata.obj
 0001:00002608       ??_C@_1BA@EPANDLNG@?$AAO?$AAc?$AAt?$AAo?$AAb?$AAe?$AAr@ 0000000180003608     libucrt:nlsdata.obj
 0001:00002618       ??_C@_1BC@BGLIFPF@?$AAN?$AAo?$AAv?$AAe?$AAm?$AAb?$AAe?$AAr@ 0000000180003618     libucrt:nlsdata.obj
 0001:00002630       ??_C@_1BC@FEMKIFH@?$AAD?$AAe?$AAc?$AAe?$AAm?$AAb?$AAe?$AAr@ 0000000180003630     libucrt:nlsdata.obj
 0001:00002644       ??_C@_15ODEHAHHF@?$AAA?$AAM@ 0000000180003644     libucrt:nlsdata.obj
 0001:0000264c       ??_C@_15CLMNNGEL@?$AAP?$AAM@ 000000018000364c     libucrt:nlsdata.obj
 0001:00002658       ??_C@_1BC@IEBCMHCM@?$AAM?$AAM?$AA?1?$AAd?$AAd?$AA?1?$AAy?$AAy@ 0000000180003658     libucrt:nlsdata.obj
 0001:00002670       ??_C@_1CI@KNAKOEBC@?$AAd?$AAd?$AAd?$AAd?$AA?0?$AA?5?$AAM?$AAM?$AAM?$AAM?$AA?5?$AAd?$AAd?$AA?0?$AA?5@ 0000000180003670     libucrt:nlsdata.obj
 0001:00002698       ??_C@_1BC@GDGBMEMK@?$AAH?$AAH?$AA?3?$AAm?$AAm?$AA?3?$AAs?$AAs@ 0000000180003698     libucrt:nlsdata.obj
 0001:000026b0       ??_C@_1M@BMHNFIME@?$AAe?$AAn?$AA?9?$AAU?$AAS@ 00000001800036b0     libucrt:nlsdata.obj
 0001:000026c0       __newctype                 00000001800036c0     libucrt:ctype.obj
 0001:000029c0       __newclmap                 00000001800039c0     libucrt:ctype.obj
 0001:00002b40       __newcumap                 0000000180003b40     libucrt:ctype.obj
 0001:00003b00       ??_C@_15EMKDOKLE@?$AAa?$AAr@ 0000000180004b00     libucrt:lcidtoname_downlevel.obj
 0001:00003b08       ??_C@_15KNPADPLH@?$AAb?$AAg@ 0000000180004b08     libucrt:lcidtoname_downlevel.obj
 0001:00003b10       ??_C@_15EDMHLDMO@?$AAc?$AAa@ 0000000180004b10     libucrt:lcidtoname_downlevel.obj
 0001:00003b18       ??_C@_1O@BPEAJADD@?$AAz?$AAh?$AA?9?$AAC?$AAH?$AAS@ 0000000180004b18     libucrt:lcidtoname_downlevel.obj
 0001:00003b28       ??_C@_15LJNHCMNK@?$AAc?$AAs@ 0000000180004b28     libucrt:lcidtoname_downlevel.obj
 0001:00003b30       ??_C@_15FOMCIDHG@?$AAd?$AAa@ 0000000180004b30     libucrt:lcidtoname_downlevel.obj
 0001:00003b38       ??_C@_15NBKABECB@?$AAd?$AAe@ 0000000180004b38     libucrt:lcidtoname_downlevel.obj
 0001:00003b40       ??_C@_15GHPEIIAO@?$AAe?$AAl@ 0000000180004b40     libucrt:lcidtoname_downlevel.obj
 0001:00003b48       ??_C@_15MNPNEAIF@?$AAe?$AAn@ 0000000180004b48     libucrt:lcidtoname_downlevel.obj
 0001:00003b50       ??_C@_15GPIOMPMH@?$AAe?$AAs@ 0000000180004b50     libucrt:lcidtoname_downlevel.obj
 0001:00003b58       ??_C@_15NGLOAKJC@?$AAf?$AAi@ 0000000180004b58     libucrt:lcidtoname_downlevel.obj
 0001:00003b60       ??_C@_15FBKGNKAM@?$AAf?$AAr@ 0000000180004b60     libucrt:lcidtoname_downlevel.obj
 0001:00003b68       ??_C@_15KGGCNEFK@?$AAh?$AAe@ 0000000180004b68     libucrt:lcidtoname_downlevel.obj
 0001:00003b70       ??_C@_15PGHLIDMF@?$AAh?$AAu@ 0000000180004b70     libucrt:lcidtoname_downlevel.obj
 0001:00003b78       ??_C@_15BIEMAPLM@?$AAi?$AAs@ 0000000180004b78     libucrt:lcidtoname_downlevel.obj
 0001:00003b80       ??_C@_15IFJLDHAF@?$AAi?$AAt@ 0000000180004b80     libucrt:lcidtoname_downlevel.obj
 0001:00003b88       ??_C@_15GEMIOCAG@?$AAj?$AAa@ 0000000180004b88     libucrt:lcidtoname_downlevel.obj
 0001:00003b90       ??_C@_15EPELEGJA@?$AAk?$AAo@ 0000000180004b90     libucrt:lcidtoname_downlevel.obj
 0001:00003b98       ??_C@_15NDDHIMN@?$AAn?$AAl@ 0000000180004b98     libucrt:lcidtoname_downlevel.obj
 0001:00003ba0       ??_C@_15BPIGNHCD@?$AAn?$AAo@ 0000000180004ba0     libucrt:lcidtoname_downlevel.obj
 0001:00003ba8       ??_C@_15DEOPBLCG@?$AAp?$AAl@ 0000000180004ba8     libucrt:lcidtoname_downlevel.obj
 0001:00003bb0       ??_C@_15KBECGEFG@?$AAp?$AAt@ 0000000180004bb0     libucrt:lcidtoname_downlevel.obj
 0001:00003bb8       ??_C@_15GLJCBFMD@?$AAr?$AAo@ 0000000180004bb8     libucrt:lcidtoname_downlevel.obj
 0001:00003bc0       ??_C@_15FEDGKCDI@?$AAr?$AAu@ 0000000180004bc0     libucrt:lcidtoname_downlevel.obj
 0001:00003bc8       ??_C@_15GLKMLLHM@?$AAh?$AAr@ 0000000180004bc8     libucrt:lcidtoname_downlevel.obj
 0001:00003bd0       ??_C@_15CPKMFBDB@?$AAs?$AAk@ 0000000180004bd0     libucrt:lcidtoname_downlevel.obj
 0001:00003bd8       ??_C@_15BAAIOGMK@?$AAs?$AAq@ 0000000180004bd8     libucrt:lcidtoname_downlevel.obj
 0001:00003be0       ??_C@_15INNPNOHD@?$AAs?$AAv@ 0000000180004be0     libucrt:lcidtoname_downlevel.obj
 0001:00003be8       ??_C@_15CABMMOGH@?$AAt?$AAh@ 0000000180004be8     libucrt:lcidtoname_downlevel.obj
 0001:00003bf0       ??_C@_15BPLIHJJM@?$AAt?$AAr@ 0000000180004bf0     libucrt:lcidtoname_downlevel.obj
 0001:00003bf8       ??_C@_15NEOEKKDJ@?$AAu?$AAr@ 0000000180004bf8     libucrt:lcidtoname_downlevel.obj
 0001:00003c00       ??_C@_15NFICGAJK@?$AAi?$AAd@ 0000000180004c00     libucrt:lcidtoname_downlevel.obj
 0001:00003c08       ??_C@_15PJPFLCCM@?$AAu?$AAk@ 0000000180004c08     libucrt:lcidtoname_downlevel.obj
 0001:00003c10       ??_C@_15HPJPHDM@?$AAb?$AAe@ 0000000180004c10     libucrt:lcidtoname_downlevel.obj
 0001:00003c18       ??_C@_15LCHLGJII@?$AAs?$AAl@ 0000000180004c18     libucrt:lcidtoname_downlevel.obj
 0001:00003c20       ??_C@_15PCFJPHHO@?$AAe?$AAt@ 0000000180004c20     libucrt:lcidtoname_downlevel.obj
 0001:00003c28       ??_C@_15HPFPGODN@?$AAl?$AAv@ 0000000180004c28     libucrt:lcidtoname_downlevel.obj
 0001:00003c30       ??_C@_15NFFGKGLG@?$AAl?$AAt@ 0000000180004c30     libucrt:lcidtoname_downlevel.obj
 0001:00003c38       ??_C@_15BDAKCCHN@?$AAf?$AAa@ 0000000180004c38     libucrt:lcidtoname_downlevel.obj
 0001:00003c40       ??_C@_15NFGIAIAJ@?$AAv?$AAi@ 0000000180004c40     libucrt:lcidtoname_downlevel.obj
 0001:00003c48       ??_C@_15LMKNDMHN@?$AAh?$AAy@ 0000000180004c48     libucrt:lcidtoname_downlevel.obj
 0001:00003c50       ??_C@_15IJBHMCFL@?$AAa?$AAz@ 0000000180004c50     libucrt:lcidtoname_downlevel.obj
 0001:00003c58       ??_C@_15EKOFJABL@?$AAe?$AAu@ 0000000180004c58     libucrt:lcidtoname_downlevel.obj
 0001:00003c60       ??_C@_15BGHADCNK@?$AAm?$AAk@ 0000000180004c60     libucrt:lcidtoname_downlevel.obj
 0001:00003c68       ??_C@_15JDNICKHM@?$AAa?$AAf@ 0000000180004c68     libucrt:lcidtoname_downlevel.obj
 0001:00003c70       ??_C@_15KPJEDBKD@?$AAk?$AAa@ 0000000180004c70     libucrt:lcidtoname_downlevel.obj
 0001:00003c78       ??_C@_15PDNFFFEO@?$AAf?$AAo@ 0000000180004c78     libucrt:lcidtoname_downlevel.obj
 0001:00003c80       ??_C@_15OMLEGLOC@?$AAh?$AAi@ 0000000180004c80     libucrt:lcidtoname_downlevel.obj
 0001:00003c88       ??_C@_15IDNNENKK@?$AAm?$AAs@ 0000000180004c88     libucrt:lcidtoname_downlevel.obj
 0001:00003c90       ??_C@_15MACJNBMH@?$AAk?$AAk@ 0000000180004c90     libucrt:lcidtoname_downlevel.obj
 0001:00003c98       ??_C@_15DKDJEOND@?$AAk?$AAy@ 0000000180004c98     libucrt:lcidtoname_downlevel.obj
 0001:00003ca0       ??_C@_15DFGDLJBG@?$AAs?$AAw@ 0000000180004ca0     libucrt:lcidtoname_downlevel.obj
 0001:00003ca8       ??_C@_15BBFAICNG@?$AAu?$AAz@ 0000000180004ca8     libucrt:lcidtoname_downlevel.obj
 0001:00003cb0       ??_C@_15DKNDCGEA@?$AAt?$AAt@ 0000000180004cb0     libucrt:lcidtoname_downlevel.obj
 0001:00003cb8       ??_C@_15MGIFMDPL@?$AAp?$AAa@ 0000000180004cb8     libucrt:lcidtoname_downlevel.obj
 0001:00003cc0       ??_C@_15HCNDBBA@?$AAg?$AAu@ 0000000180004cc0     libucrt:lcidtoname_downlevel.obj
 0001:00003cc8       ??_C@_15FNBEIBON@?$AAt?$AAa@ 0000000180004cc8     libucrt:lcidtoname_downlevel.obj
 0001:00003cd0       ??_C@_15NCHGBGLK@?$AAt?$AAe@ 0000000180004cd0     libucrt:lcidtoname_downlevel.obj
 0001:00003cd8       ??_C@_15PHPHCBPF@?$AAk?$AAn@ 0000000180004cd8     libucrt:lcidtoname_downlevel.obj
 0001:00003ce0       ??_C@_15DLGBCKMP@?$AAm?$AAr@ 0000000180004ce0     libucrt:lcidtoname_downlevel.obj
 0001:00003ce8       ??_C@_15EABBLBFF@?$AAs?$AAa@ 0000000180004ce8     libucrt:lcidtoname_downlevel.obj
 0001:00003cf0       ??_C@_15CBKOMCOI@?$AAm?$AAn@ 0000000180004cf0     libucrt:lcidtoname_downlevel.obj
 0001:00003cf8       ??_C@_15CKDMCJAF@?$AAg?$AAl@ 0000000180004cf8     libucrt:lcidtoname_downlevel.obj
 0001:00003d00       ??_C@_17CNJFBPG@?$AAk?$AAo?$AAk@ 0000000180004d00     libucrt:lcidtoname_downlevel.obj
 0001:00003d08       ??_C@_17FFBJICPL@?$AAs?$AAy?$AAr@ 0000000180004d08     libucrt:lcidtoname_downlevel.obj
 0001:00003d10       ??_C@_17KPNDCPAF@?$AAd?$AAi?$AAv@ 0000000180004d10     libucrt:lcidtoname_downlevel.obj
 0001:00003d18       ??_C@_1M@OKAHONE@?$AAa?$AAr?$AA?9?$AAS?$AAA@ 0000000180004d18     libucrt:lcidtoname_downlevel.obj
 0001:00003d28       ??_C@_1M@FFFIGIGK@?$AAb?$AAg?$AA?9?$AAB?$AAG@ 0000000180004d28     libucrt:lcidtoname_downlevel.obj
 0001:00003d38       ??_C@_1M@BJNKEDC@?$AAc?$AAa?$AA?9?$AAE?$AAS@ 0000000180004d38     libucrt:lcidtoname_downlevel.obj
 0001:00003d48       ??_C@_1M@IJJHFJHA@?$AAc?$AAs?$AA?9?$AAC?$AAZ@ 0000000180004d48     libucrt:lcidtoname_downlevel.obj
 0001:00003d58       ??_C@_1M@CLPEOBGI@?$AAd?$AAa?$AA?9?$AAD?$AAK@ 0000000180004d58     libucrt:lcidtoname_downlevel.obj
 0001:00003d68       ??_C@_1M@MCMADGCB@?$AAd?$AAe?$AA?9?$AAD?$AAE@ 0000000180004d68     libucrt:lcidtoname_downlevel.obj
 0001:00003d78       ??_C@_1M@OOCKEMAM@?$AAe?$AAl?$AA?9?$AAG?$AAR@ 0000000180004d78     libucrt:lcidtoname_downlevel.obj
 0001:00003d88       ??_C@_1M@DDNJFGID@?$AAf?$AAi?$AA?9?$AAF?$AAI@ 0000000180004d88     libucrt:lcidtoname_downlevel.obj
 0001:00003d98       ??_C@_1M@GLIPPMAC@?$AAf?$AAr?$AA?9?$AAF?$AAR@ 0000000180004d98     libucrt:lcidtoname_downlevel.obj
 0001:00003da8       ??_C@_1M@GFMCHPE@?$AAh?$AAe?$AA?9?$AAI?$AAL@ 0000000180004da8     libucrt:lcidtoname_downlevel.obj
 0001:00003db8       ??_C@_1M@MHLPGNKM@?$AAh?$AAu?$AA?9?$AAH?$AAU@ 0000000180004db8     libucrt:lcidtoname_downlevel.obj
 0001:00003dc8       ??_C@_1M@LPDDNNPN@?$AAi?$AAs?$AA?9?$AAI?$AAS@ 0000000180004dc8     libucrt:lcidtoname_downlevel.obj
 0001:00003dd8       ??_C@_1M@MADIPODN@?$AAi?$AAt?$AA?9?$AAI?$AAT@ 0000000180004dd8     libucrt:lcidtoname_downlevel.obj
 0001:00003de8       ??_C@_1M@IHBJJGG@?$AAn?$AAl?$AA?9?$AAN?$AAL@ 0000000180004de8     libucrt:lcidtoname_downlevel.obj
 0001:00003df8       ??_C@_1M@EANAGDL@?$AAn?$AAb?$AA?9?$AAN?$AAO@ 0000000180004df8     libucrt:lcidtoname_downlevel.obj
 0001:00003e08       ??_C@_1M@NEIEMEGP@?$AAp?$AAl?$AA?9?$AAP?$AAL@ 0000000180004e08     libucrt:lcidtoname_downlevel.obj
 0001:00003e18       ??_C@_1M@BOCFIGEP@?$AAp?$AAt?$AA?9?$AAB?$AAR@ 0000000180004e18     libucrt:lcidtoname_downlevel.obj
 0001:00003e28       ??_C@_1M@IMPFOPBG@?$AAr?$AAo?$AA?9?$AAR?$AAO@ 0000000180004e28     libucrt:lcidtoname_downlevel.obj
 0001:00003e38       ??_C@_1M@IDNNEJMM@?$AAr?$AAu?$AA?9?$AAR?$AAU@ 0000000180004e38     libucrt:lcidtoname_downlevel.obj
 0001:00003e48       ??_C@_1M@LILEEOGM@?$AAh?$AAr?$AA?9?$AAH?$AAR@ 0000000180004e48     libucrt:lcidtoname_downlevel.obj
 0001:00003e58       ??_C@_1M@FKIFEHPB@?$AAs?$AAk?$AA?9?$AAS?$AAK@ 0000000180004e58     libucrt:lcidtoname_downlevel.obj
 0001:00003e68       ??_C@_1M@LJMAMNPJ@?$AAs?$AAq?$AA?9?$AAA?$AAL@ 0000000180004e68     libucrt:lcidtoname_downlevel.obj
 0001:00003e78       ??_C@_1M@GIAKDKJK@?$AAs?$AAv?$AA?9?$AAS?$AAE@ 0000000180004e78     libucrt:lcidtoname_downlevel.obj
 0001:00003e88       ??_C@_1M@MKJKIKCL@?$AAt?$AAh?$AA?9?$AAT?$AAH@ 0000000180004e88     libucrt:lcidtoname_downlevel.obj
 0001:00003e98       ??_C@_1M@MFLCCMPB@?$AAt?$AAr?$AA?9?$AAT?$AAR@ 0000000180004e98     libucrt:lcidtoname_downlevel.obj
 0001:00003ea8       ??_C@_1M@OIJHDKJN@?$AAu?$AAr?$AA?9?$AAP?$AAK@ 0000000180004ea8     libucrt:lcidtoname_downlevel.obj
 0001:00003eb8       ??_C@_1M@LHIPCIEK@?$AAi?$AAd?$AA?9?$AAI?$AAD@ 0000000180004eb8     libucrt:lcidtoname_downlevel.obj
 0001:00003ec8       ??_C@_1M@MFMOBGI@?$AAu?$AAk?$AA?9?$AAU?$AAA@ 0000000180004ec8     libucrt:lcidtoname_downlevel.obj
 0001:00003ed8       ??_C@_1M@OBGLJIPL@?$AAb?$AAe?$AA?9?$AAB?$AAY@ 0000000180004ed8     libucrt:lcidtoname_downlevel.obj
 0001:00003ee8       ??_C@_1M@BCFAJEAD@?$AAs?$AAl?$AA?9?$AAS?$AAI@ 0000000180004ee8     libucrt:lcidtoname_downlevel.obj
 0001:00003ef8       ??_C@_1M@FKFFEDDN@?$AAe?$AAt?$AA?9?$AAE?$AAE@ 0000000180004ef8     libucrt:lcidtoname_downlevel.obj
 0001:00003f08       ??_C@_1M@KGKKAACI@?$AAl?$AAv?$AA?9?$AAL?$AAV@ 0000000180004f08     libucrt:lcidtoname_downlevel.obj
 0001:00003f18       ??_C@_1M@IFGBIJO@?$AAl?$AAt?$AA?9?$AAL?$AAT@ 0000000180004f18     libucrt:lcidtoname_downlevel.obj
 0001:00003f28       ??_C@_1M@FGEAHEDM@?$AAf?$AAa?$AA?9?$AAI?$AAR@ 0000000180004f28     libucrt:lcidtoname_downlevel.obj
 0001:00003f38       ??_C@_1M@KBMAIBFN@?$AAv?$AAi?$AA?9?$AAV?$AAN@ 0000000180004f38     libucrt:lcidtoname_downlevel.obj
 0001:00003f48       ??_C@_1M@GPCBKDJK@?$AAh?$AAy?$AA?9?$AAA?$AAM@ 0000000180004f48     libucrt:lcidtoname_downlevel.obj
 0001:00003f58       ??_C@_1BG@BECMDDJB@?$AAa?$AAz?$AA?9?$AAA?$AAZ?$AA?9?$AAL?$AAa?$AAt?$AAn@ 0000000180004f58     libucrt:lcidtoname_downlevel.obj
 0001:00003f70       ??_C@_1M@MAOFCAEA@?$AAe?$AAu?$AA?9?$AAE?$AAS@ 0000000180004f70     libucrt:lcidtoname_downlevel.obj
 0001:00003f80       ??_C@_1M@IGHABKPI@?$AAm?$AAk?$AA?9?$AAM?$AAK@ 0000000180004f80     libucrt:lcidtoname_downlevel.obj
 0001:00003f90       ??_C@_1M@IAIGNEJG@?$AAt?$AAn?$AA?9?$AAZ?$AAA@ 0000000180004f90     libucrt:lcidtoname_downlevel.obj
 0001:00003fa0       ??_C@_1M@IIJCOJFA@?$AAx?$AAh?$AA?9?$AAZ?$AAA@ 0000000180004fa0     libucrt:lcidtoname_downlevel.obj
 0001:00003fb0       ??_C@_1M@LGPJHNJH@?$AAz?$AAu?$AA?9?$AAZ?$AAA@ 0000000180004fb0     libucrt:lcidtoname_downlevel.obj
 0001:00003fc0       ??_C@_1M@HOKAOIO@?$AAa?$AAf?$AA?9?$AAZ?$AAA@ 0000000180004fc0     libucrt:lcidtoname_downlevel.obj
 0001:00003fd0       ??_C@_1M@DPCLHLIE@?$AAk?$AAa?$AA?9?$AAG?$AAE@ 0000000180004fd0     libucrt:lcidtoname_downlevel.obj
 0001:00003fe0       ??_C@_1M@BLKMHJBI@?$AAf?$AAo?$AA?9?$AAF?$AAO@ 0000000180004fe0     libucrt:lcidtoname_downlevel.obj
 0001:00003ff0       ??_C@_1M@LGGJAPPB@?$AAh?$AAi?$AA?9?$AAI?$AAN@ 0000000180004ff0     libucrt:lcidtoname_downlevel.obj
 0001:00004000       ??_C@_1M@FIKPIHFE@?$AAm?$AAt?$AA?9?$AAM?$AAT@ 0000000180005000     libucrt:lcidtoname_downlevel.obj
 0001:00004010       ??_C@_1M@HEGGPBFA@?$AAs?$AAe?$AA?9?$AAN?$AAO@ 0000000180005010     libucrt:lcidtoname_downlevel.obj
 0001:00004020       ??_C@_1M@EIBJEEPA@?$AAm?$AAs?$AA?9?$AAM?$AAY@ 0000000180005020     libucrt:lcidtoname_downlevel.obj
 0001:00004030       ??_C@_1M@FHLBGMPP@?$AAk?$AAk?$AA?9?$AAK?$AAZ@ 0000000180005030     libucrt:lcidtoname_downlevel.obj
 0001:00004040       ??_C@_1M@NGJJLCGI@?$AAk?$AAy?$AA?9?$AAK?$AAG@ 0000000180005040     libucrt:lcidtoname_downlevel.obj
 0001:00004050       ??_C@_1M@GIENNBFC@?$AAs?$AAw?$AA?9?$AAK?$AAE@ 0000000180005050     libucrt:lcidtoname_downlevel.obj
 0001:00004060       ??_C@_1BG@NDGMJIMJ@?$AAu?$AAz?$AA?9?$AAU?$AAZ?$AA?9?$AAL?$AAa?$AAt?$AAn@ 0000000180005060     libucrt:lcidtoname_downlevel.obj
 0001:00004078       ??_C@_1M@IDCCIHBC@?$AAt?$AAt?$AA?9?$AAR?$AAU@ 0000000180005078     libucrt:lcidtoname_downlevel.obj
 0001:00004088       ??_C@_1M@LOICPMOJ@?$AAb?$AAn?$AA?9?$AAI?$AAN@ 0000000180005088     libucrt:lcidtoname_downlevel.obj
 0001:00004098       ??_C@_1M@KPKKNEAH@?$AAp?$AAa?$AA?9?$AAI?$AAN@ 0000000180005098     libucrt:lcidtoname_downlevel.obj
 0001:000040a8       ??_C@_1M@PJGPPBOG@?$AAg?$AAu?$AA?9?$AAI?$AAN@ 00000001800050a8     libucrt:lcidtoname_downlevel.obj
 0001:000040b8       ??_C@_1M@KMKMOPHI@?$AAt?$AAa?$AA?9?$AAI?$AAN@ 00000001800050b8     libucrt:lcidtoname_downlevel.obj
 0001:000040c8       ??_C@_1M@KFEHEPAC@?$AAt?$AAe?$AA?9?$AAI?$AAN@ 00000001800050c8     libucrt:lcidtoname_downlevel.obj
 0001:000040d8       ??_C@_1M@CDCLMGHI@?$AAk?$AAn?$AA?9?$AAI?$AAN@ 00000001800050d8     libucrt:lcidtoname_downlevel.obj
 0001:000040e8       ??_C@_1M@MIODLDKF@?$AAm?$AAl?$AA?9?$AAI?$AAN@ 00000001800050e8     libucrt:lcidtoname_downlevel.obj
 0001:000040f8       ??_C@_1M@PBIEACPO@?$AAm?$AAr?$AA?9?$AAI?$AAN@ 00000001800050f8     libucrt:lcidtoname_downlevel.obj
 0001:00004108       ??_C@_1M@NIDEAGPH@?$AAs?$AAa?$AA?9?$AAI?$AAN@ 0000000180005108     libucrt:lcidtoname_downlevel.obj
 0001:00004118       ??_C@_1M@FHIHCBIO@?$AAm?$AAn?$AA?9?$AAM?$AAN@ 0000000180005118     libucrt:lcidtoname_downlevel.obj
 0001:00004128       ??_C@_1M@JAIJPENP@?$AAc?$AAy?$AA?9?$AAG?$AAB@ 0000000180005128     libucrt:lcidtoname_downlevel.obj
 0001:00004138       ??_C@_1M@PHGFBEPN@?$AAg?$AAl?$AA?9?$AAE?$AAS@ 0000000180005138     libucrt:lcidtoname_downlevel.obj
 0001:00004148       ??_C@_1O@KPIPDNCP@?$AAk?$AAo?$AAk?$AA?9?$AAI?$AAN@ 0000000180005148     libucrt:lcidtoname_downlevel.obj
 0001:00004158       ??_C@_1O@KNHJLDJA@?$AAs?$AAy?$AAr?$AA?9?$AAS?$AAY@ 0000000180005158     libucrt:lcidtoname_downlevel.obj
 0001:00004168       ??_C@_1O@MKEKBLAH@?$AAd?$AAi?$AAv?$AA?9?$AAM?$AAV@ 0000000180005168     libucrt:lcidtoname_downlevel.obj
 0001:00004178       ??_C@_1O@OHDCKDDF@?$AAq?$AAu?$AAz?$AA?9?$AAB?$AAO@ 0000000180005178     libucrt:lcidtoname_downlevel.obj
 0001:00004188       ??_C@_1M@LEPJNLFD@?$AAn?$AAs?$AA?9?$AAZ?$AAA@ 0000000180005188     libucrt:lcidtoname_downlevel.obj
 0001:00004198       ??_C@_1M@OMLEIIJB@?$AAm?$AAi?$AA?9?$AAN?$AAZ@ 0000000180005198     libucrt:lcidtoname_downlevel.obj
 0001:000041a8       ??_C@_1M@PMPEAILG@?$AAa?$AAr?$AA?9?$AAI?$AAQ@ 00000001800051a8     libucrt:lcidtoname_downlevel.obj
 0001:000041b8       ??_C@_1M@CNKPNOEE@?$AAd?$AAe?$AA?9?$AAC?$AAH@ 00000001800051b8     libucrt:lcidtoname_downlevel.obj
 0001:000041c8       ??_C@_1M@LKMGMLKO@?$AAe?$AAn?$AA?9?$AAG?$AAB@ 00000001800051c8     libucrt:lcidtoname_downlevel.obj
 0001:000041d8       ??_C@_1M@PGKJFFGL@?$AAe?$AAs?$AA?9?$AAM?$AAX@ 00000001800051d8     libucrt:lcidtoname_downlevel.obj
 0001:000041e8       ??_C@_1M@DNNANBDC@?$AAf?$AAr?$AA?9?$AAB?$AAE@ 00000001800051e8     libucrt:lcidtoname_downlevel.obj
 0001:000041f8       ??_C@_1M@HLGMDFHM@?$AAi?$AAt?$AA?9?$AAC?$AAH@ 00000001800051f8     libucrt:lcidtoname_downlevel.obj
 0001:00004208       ??_C@_1M@CLLBGJH@?$AAn?$AAl?$AA?9?$AAB?$AAE@ 0000000180005208     libucrt:lcidtoname_downlevel.obj
 0001:00004218       ??_C@_1M@BODBOGLF@?$AAn?$AAn?$AA?9?$AAN?$AAO@ 0000000180005218     libucrt:lcidtoname_downlevel.obj
 0001:00004228       ??_C@_1M@HFFAHKAD@?$AAp?$AAt?$AA?9?$AAP?$AAT@ 0000000180005228     libucrt:lcidtoname_downlevel.obj
 0001:00004238       ??_C@_1BG@LNOAKHIE@?$AAs?$AAr?$AA?9?$AAS?$AAP?$AA?9?$AAL?$AAa?$AAt?$AAn@ 0000000180005238     libucrt:lcidtoname_downlevel.obj
 0001:00004250       ??_C@_1M@HBMHBGAK@?$AAs?$AAv?$AA?9?$AAF?$AAI@ 0000000180005250     libucrt:lcidtoname_downlevel.obj
 0001:00004260       ??_C@_1BG@DGCJGJBE@?$AAa?$AAz?$AA?9?$AAA?$AAZ?$AA?9?$AAC?$AAy?$AAr?$AAl@ 0000000180005260     libucrt:lcidtoname_downlevel.obj
 0001:00004278       ??_C@_1M@KEJDAAHB@?$AAs?$AAe?$AA?9?$AAS?$AAE@ 0000000180005278     libucrt:lcidtoname_downlevel.obj
 0001:00004288       ??_C@_1M@HEIBJJAD@?$AAm?$AAs?$AA?9?$AAB?$AAN@ 0000000180005288     libucrt:lcidtoname_downlevel.obj
 0001:00004298       ??_C@_1BG@PBGJMCEM@?$AAu?$AAz?$AA?9?$AAU?$AAZ?$AA?9?$AAC?$AAy?$AAr?$AAl@ 0000000180005298     libucrt:lcidtoname_downlevel.obj
 0001:000042b0       ??_C@_1O@LAOBCMDF@?$AAq?$AAu?$AAz?$AA?9?$AAE?$AAC@ 00000001800052b0     libucrt:lcidtoname_downlevel.obj
 0001:000042c0       ??_C@_1M@POEEMAIO@?$AAa?$AAr?$AA?9?$AAE?$AAG@ 00000001800052c0     libucrt:lcidtoname_downlevel.obj
 0001:000042d0       ??_C@_1M@EFAKDEDL@?$AAz?$AAh?$AA?9?$AAH?$AAK@ 00000001800052d0     libucrt:lcidtoname_downlevel.obj
 0001:000042e0       ??_C@_1M@HKKIJHGI@?$AAd?$AAe?$AA?9?$AAA?$AAT@ 00000001800052e0     libucrt:lcidtoname_downlevel.obj
 0001:000042f0       ??_C@_1M@KBFBEHJF@?$AAe?$AAn?$AA?9?$AAA?$AAU@ 00000001800052f0     libucrt:lcidtoname_downlevel.obj
 0001:00004300       ??_C@_1M@MNPLFAAH@?$AAe?$AAs?$AA?9?$AAE?$AAS@ 0000000180005300     libucrt:lcidtoname_downlevel.obj
 0001:00004310       ??_C@_1M@HJOOJFMA@?$AAf?$AAr?$AA?9?$AAC?$AAA@ 0000000180005310     libucrt:lcidtoname_downlevel.obj
 0001:00004320       ??_C@_1BG@JPOFPNAB@?$AAs?$AAr?$AA?9?$AAS?$AAP?$AA?9?$AAC?$AAy?$AAr?$AAl@ 0000000180005320     libucrt:lcidtoname_downlevel.obj
 0001:00004338       ??_C@_1M@LNFOCMOB@?$AAs?$AAe?$AA?9?$AAF?$AAI@ 0000000180005338     libucrt:lcidtoname_downlevel.obj
 0001:00004348       ??_C@_1O@MGJBOAMB@?$AAq?$AAu?$AAz?$AA?9?$AAP?$AAE@ 0000000180005348     libucrt:lcidtoname_downlevel.obj
 0001:00004358       ??_C@_1M@GJINLBOK@?$AAa?$AAr?$AA?9?$AAL?$AAY@ 0000000180005358     libucrt:lcidtoname_downlevel.obj
 0001:00004368       ??_C@_1M@GGMNHJNL@?$AAz?$AAh?$AA?9?$AAS?$AAG@ 0000000180005368     libucrt:lcidtoname_downlevel.obj
 0001:00004378       ??_C@_1M@HOIKODND@?$AAd?$AAe?$AA?9?$AAL?$AAU@ 0000000180005378     libucrt:lcidtoname_downlevel.obj
 0001:00004388       ??_C@_1M@DDOCCGFG@?$AAe?$AAn?$AA?9?$AAC?$AAA@ 0000000180005388     libucrt:lcidtoname_downlevel.obj
 0001:00004398       ??_C@_1M@BNOEMJLF@?$AAe?$AAs?$AA?9?$AAG?$AAT@ 0000000180005398     libucrt:lcidtoname_downlevel.obj
 0001:000043a8       ??_C@_1M@EOGNKEK@?$AAf?$AAr?$AA?9?$AAC?$AAH@ 00000001800053a8     libucrt:lcidtoname_downlevel.obj
 0001:000043b8       ??_C@_1M@FLIDJFHL@?$AAh?$AAr?$AA?9?$AAB?$AAA@ 00000001800053b8     libucrt:lcidtoname_downlevel.obj
 0001:000043c8       ??_C@_1O@FMCELNAJ@?$AAs?$AAm?$AAj?$AA?9?$AAN?$AAO@ 00000001800053c8     libucrt:lcidtoname_downlevel.obj
 0001:000043d8       ??_C@_1M@JHGLJMGJ@?$AAa?$AAr?$AA?9?$AAD?$AAZ@ 00000001800053d8     libucrt:lcidtoname_downlevel.obj
 0001:000043e8       ??_C@_1M@JKKFDCNP@?$AAz?$AAh?$AA?9?$AAM?$AAO@ 00000001800053e8     libucrt:lcidtoname_downlevel.obj
 0001:000043f8       ??_C@_1M@GEEFALPE@?$AAd?$AAe?$AA?9?$AAL?$AAI@ 00000001800053f8     libucrt:lcidtoname_downlevel.obj
 0001:00004408       ??_C@_1M@IGEOFBG@?$AAe?$AAn?$AA?9?$AAN?$AAZ@ 0000000180005408     libucrt:lcidtoname_downlevel.obj
 0001:00004418       ??_C@_1M@KDBONEHP@?$AAe?$AAs?$AA?9?$AAC?$AAR@ 0000000180005418     libucrt:lcidtoname_downlevel.obj
 0001:00004428       ??_C@_1M@FHMDOHNN@?$AAf?$AAr?$AA?9?$AAL?$AAU@ 0000000180005428     libucrt:lcidtoname_downlevel.obj
 0001:00004438       ??_C@_1BG@NFKKMAFG@?$AAb?$AAs?$AA?9?$AAB?$AAA?$AA?9?$AAL?$AAa?$AAt?$AAn@ 0000000180005438     libucrt:lcidtoname_downlevel.obj
 0001:00004450       ??_C@_1O@IMNBEMCI@?$AAs?$AAm?$AAj?$AA?9?$AAS?$AAE@ 0000000180005450     libucrt:lcidtoname_downlevel.obj
 0001:00004460       ??_C@_1M@DHHMBNDP@?$AAa?$AAr?$AA?9?$AAM?$AAA@ 0000000180005460     libucrt:lcidtoname_downlevel.obj
 0001:00004470       ??_C@_1M@BNBLJCGH@?$AAe?$AAn?$AA?9?$AAI?$AAE@ 0000000180005470     libucrt:lcidtoname_downlevel.obj
 0001:00004480       ??_C@_1M@GEPAFMDL@?$AAe?$AAs?$AA?9?$AAP?$AAA@ 0000000180005480     libucrt:lcidtoname_downlevel.obj
 0001:00004490       ??_C@_1M@OJONDMDL@?$AAf?$AAr?$AA?9?$AAM?$AAC@ 0000000180005490     libucrt:lcidtoname_downlevel.obj
 0001:000044a0       ??_C@_1BG@OBCNFJB@?$AAs?$AAr?$AA?9?$AAB?$AAA?$AA?9?$AAL?$AAa?$AAt?$AAn@ 00000001800054a0     libucrt:lcidtoname_downlevel.obj
 0001:000044b8       ??_C@_1O@KEMEEGPO@?$AAs?$AAm?$AAa?$AA?9?$AAN?$AAO@ 00000001800054b8     libucrt:lcidtoname_downlevel.obj
 0001:000044c8       ??_C@_1M@ELMGFODK@?$AAa?$AAr?$AA?9?$AAT?$AAN@ 00000001800054c8     libucrt:lcidtoname_downlevel.obj
 0001:000044d8       ??_C@_1M@BHDLHFAF@?$AAe?$AAn?$AA?9?$AAZ?$AAA@ 00000001800054d8     libucrt:lcidtoname_downlevel.obj
 0001:000044e8       ??_C@_1M@BMGIGLIF@?$AAe?$AAs?$AA?9?$AAD?$AAO@ 00000001800054e8     libucrt:lcidtoname_downlevel.obj
 0001:000044f8       ??_C@_1BG@CMBHIPBE@?$AAs?$AAr?$AA?9?$AAB?$AAA?$AA?9?$AAC?$AAy?$AAr?$AAl@ 00000001800054f8     libucrt:lcidtoname_downlevel.obj
 0001:00004510       ??_C@_1O@HEDBLHNP@?$AAs?$AAm?$AAa?$AA?9?$AAS?$AAE@ 0000000180005510     libucrt:lcidtoname_downlevel.obj
 0001:00004520       ??_C@_1M@DAGCADIM@?$AAa?$AAr?$AA?9?$AAO?$AAM@ 0000000180005520     libucrt:lcidtoname_downlevel.obj
 0001:00004530       ??_C@_1M@FODLMICG@?$AAe?$AAn?$AA?9?$AAJ?$AAM@ 0000000180005530     libucrt:lcidtoname_downlevel.obj
 0001:00004540       ??_C@_1M@DNMLCIHB@?$AAe?$AAs?$AA?9?$AAV?$AAE@ 0000000180005540     libucrt:lcidtoname_downlevel.obj
 0001:00004550       ??_C@_1O@EOKHMKJK@?$AAs?$AAm?$AAs?$AA?9?$AAF?$AAI@ 0000000180005550     libucrt:lcidtoname_downlevel.obj
 0001:00004560       ??_C@_1M@CAFJMKOF@?$AAa?$AAr?$AA?9?$AAY?$AAE@ 0000000180005560     libucrt:lcidtoname_downlevel.obj
 0001:00004570       ??_C@_1M@CBFHIJLI@?$AAe?$AAn?$AA?9?$AAC?$AAB@ 0000000180005570     libucrt:lcidtoname_downlevel.obj
 0001:00004580       ??_C@_1M@BGNFLDN@?$AAe?$AAs?$AA?9?$AAC?$AAO@ 0000000180005580     libucrt:lcidtoname_downlevel.obj
 0001:00004590       ??_C@_1O@JMPHMAMC@?$AAs?$AAm?$AAn?$AA?9?$AAF?$AAI@ 0000000180005590     libucrt:lcidtoname_downlevel.obj
 0001:000045a0       ??_C@_1M@JLANABKE@?$AAa?$AAr?$AA?9?$AAS?$AAY@ 00000001800055a0     libucrt:lcidtoname_downlevel.obj
 0001:000045b0       ??_C@_1M@HPKGCFGN@?$AAe?$AAn?$AA?9?$AAB?$AAZ@ 00000001800055b0     libucrt:lcidtoname_downlevel.obj
 0001:000045c0       ??_C@_1M@OLJCMLGM@?$AAe?$AAs?$AA?9?$AAP?$AAE@ 00000001800055c0     libucrt:lcidtoname_downlevel.obj
 0001:000045d0       ??_C@_1M@MKKGFKLE@?$AAa?$AAr?$AA?9?$AAJ?$AAO@ 00000001800055d0     libucrt:lcidtoname_downlevel.obj
 0001:000045e0       ??_C@_1M@EKPGLDNI@?$AAe?$AAn?$AA?9?$AAT?$AAT@ 00000001800055e0     libucrt:lcidtoname_downlevel.obj
 0001:000045f0       ??_C@_1M@OONGHFHE@?$AAe?$AAs?$AA?9?$AAA?$AAR@ 00000001800055f0     libucrt:lcidtoname_downlevel.obj
 0001:00004600       ??_C@_1M@OOJFGBHE@?$AAa?$AAr?$AA?9?$AAL?$AAB@ 0000000180005600     libucrt:lcidtoname_downlevel.obj
 0001:00004610       ??_C@_1M@GCEJHNEG@?$AAe?$AAn?$AA?9?$AAZ?$AAW@ 0000000180005610     libucrt:lcidtoname_downlevel.obj
 0001:00004620       ??_C@_1M@JNOCAHJI@?$AAe?$AAs?$AA?9?$AAE?$AAC@ 0000000180005620     libucrt:lcidtoname_downlevel.obj
 0001:00004630       ??_C@_1M@JEFHPGGB@?$AAa?$AAr?$AA?9?$AAK?$AAW@ 0000000180005630     libucrt:lcidtoname_downlevel.obj
 0001:00004640       ??_C@_1M@MLKIBJOJ@?$AAe?$AAn?$AA?9?$AAP?$AAH@ 0000000180005640     libucrt:lcidtoname_downlevel.obj
 0001:00004650       ??_C@_1M@BDNIPEND@?$AAe?$AAs?$AA?9?$AAC?$AAL@ 0000000180005650     libucrt:lcidtoname_downlevel.obj
 0001:00004660       ??_C@_1M@MPNMEKBD@?$AAa?$AAr?$AA?9?$AAA?$AAE@ 0000000180005660     libucrt:lcidtoname_downlevel.obj
 0001:00004670       ??_C@_1M@KBJALCPI@?$AAe?$AAs?$AA?9?$AAU?$AAY@ 0000000180005670     libucrt:lcidtoname_downlevel.obj
 0001:00004680       ??_C@_1M@LLCCOAGA@?$AAa?$AAr?$AA?9?$AAB?$AAH@ 0000000180005680     libucrt:lcidtoname_downlevel.obj
 0001:00004690       ??_C@_1M@PBFNCDEL@?$AAe?$AAs?$AA?9?$AAP?$AAY@ 0000000180005690     libucrt:lcidtoname_downlevel.obj
 0001:000046a0       ??_C@_1M@EDGINPNP@?$AAa?$AAr?$AA?9?$AAQ?$AAA@ 00000001800056a0     libucrt:lcidtoname_downlevel.obj
 0001:000046b0       ??_C@_1M@MKDBIIJI@?$AAe?$AAs?$AA?9?$AAB?$AAO@ 00000001800056b0     libucrt:lcidtoname_downlevel.obj
 0001:000046c0       ??_C@_1M@CPKKEBLD@?$AAe?$AAs?$AA?9?$AAS?$AAV@ 00000001800056c0     libucrt:lcidtoname_downlevel.obj
 0001:000046d0       ??_C@_1M@NDBGMMJL@?$AAe?$AAs?$AA?9?$AAH?$AAN@ 00000001800056d0     libucrt:lcidtoname_downlevel.obj
 0001:000046e0       ??_C@_1M@JIJIBHDP@?$AAe?$AAs?$AA?9?$AAN?$AAI@ 00000001800056e0     libucrt:lcidtoname_downlevel.obj
 0001:000046f0       ??_C@_1M@CGFMKEEK@?$AAe?$AAs?$AA?9?$AAP?$AAR@ 00000001800056f0     libucrt:lcidtoname_downlevel.obj
 0001:00004700       ??_C@_1O@ICJHKIIK@?$AAz?$AAh?$AA?9?$AAC?$AAH?$AAT@ 0000000180005700     libucrt:lcidtoname_downlevel.obj
 0001:00004710       ??_C@_15CLNEJCE@?$AAs?$AAr@ 0000000180005710     libucrt:lcidtoname_downlevel.obj
 0001:00005560       ??_C@_1M@KAHEKEIG@?$AAa?$AAf?$AA?9?$AAz?$AAa@ 0000000180006560     libucrt:lcidtoname_downlevel.obj
 0001:00005570       ??_C@_1M@GIECOABL@?$AAa?$AAr?$AA?9?$AAa?$AAe@ 0000000180006570     libucrt:lcidtoname_downlevel.obj
 0001:00005580       ??_C@_1M@BMLMEKGI@?$AAa?$AAr?$AA?9?$AAb?$AAh@ 0000000180006580     libucrt:lcidtoname_downlevel.obj
 0001:00005590       ??_C@_1M@DAPFDGGB@?$AAa?$AAr?$AA?9?$AAd?$AAz@ 0000000180006590     libucrt:lcidtoname_downlevel.obj
 0001:000055a0       ??_C@_1M@FJNKGKIG@?$AAa?$AAr?$AA?9?$AAe?$AAg@ 00000001800065a0     libucrt:lcidtoname_downlevel.obj
 0001:000055b0       ??_C@_1M@FLGKKCLO@?$AAa?$AAr?$AA?9?$AAi?$AAq@ 00000001800065b0     libucrt:lcidtoname_downlevel.obj
 0001:000055c0       ??_C@_1M@GNDIPALM@?$AAa?$AAr?$AA?9?$AAj?$AAo@ 00000001800065c0     libucrt:lcidtoname_downlevel.obj
 0001:000055d0       ??_C@_1M@DDMJFMGJ@?$AAa?$AAr?$AA?9?$AAk?$AAw@ 00000001800065d0     libucrt:lcidtoname_downlevel.obj
 0001:000055e0       ??_C@_1M@EJALMLHM@?$AAa?$AAr?$AA?9?$AAl?$AAb@ 00000001800065e0     libucrt:lcidtoname_downlevel.obj
 0001:000055f0       ??_C@_1M@MOBDBLOC@?$AAa?$AAr?$AA?9?$AAl?$AAy@ 00000001800065f0     libucrt:lcidtoname_downlevel.obj
 0001:00005600       ??_C@_1M@JAOCLHDH@?$AAa?$AAr?$AA?9?$AAm?$AAa@ 0000000180006600     libucrt:lcidtoname_downlevel.obj
 0001:00005610       ??_C@_1M@JHPMKJIE@?$AAa?$AAr?$AA?9?$AAo?$AAm@ 0000000180006610     libucrt:lcidtoname_downlevel.obj
 0001:00005620       ??_C@_1M@OEPGHFNH@?$AAa?$AAr?$AA?9?$AAq?$AAa@ 0000000180006620     libucrt:lcidtoname_downlevel.obj
 0001:00005630       ??_C@_1M@KJDONENM@?$AAa?$AAr?$AA?9?$AAs?$AAa@ 0000000180006630     libucrt:lcidtoname_downlevel.obj
 0001:00005640       ??_C@_1M@DMJDKLKM@?$AAa?$AAr?$AA?9?$AAs?$AAy@ 0000000180006640     libucrt:lcidtoname_downlevel.obj
 0001:00005650       ??_C@_1M@OMFIPEDC@?$AAa?$AAr?$AA?9?$AAt?$AAn@ 0000000180006650     libucrt:lcidtoname_downlevel.obj
 0001:00005660       ??_C@_1M@IHMHGAON@?$AAa?$AAr?$AA?9?$AAy?$AAe@ 0000000180006660     libucrt:lcidtoname_downlevel.obj
 0001:00005670       ??_C@_1BG@KDCPGJGB@?$AAa?$AAz?$AA?9?$AAa?$AAz?$AA?9?$AAc?$AAy?$AAr?$AAl@ 0000000180006670     libucrt:lcidtoname_downlevel.obj
 0001:00005688       ??_C@_1BG@IBCKDDOE@?$AAa?$AAz?$AA?9?$AAa?$AAz?$AA?9?$AAl?$AAa?$AAt?$AAn@ 0000000180006688     libucrt:lcidtoname_downlevel.obj
 0001:000056a0       ??_C@_1M@EGPFDCPD@?$AAb?$AAe?$AA?9?$AAb?$AAy@ 00000001800066a0     libucrt:lcidtoname_downlevel.obj
 0001:000056b0       ??_C@_1M@PCMGMCGC@?$AAb?$AAg?$AA?9?$AAb?$AAg@ 00000001800066b0     libucrt:lcidtoname_downlevel.obj
 0001:000056c0       ??_C@_1M@BJBMFGOB@?$AAb?$AAn?$AA?9?$AAi?$AAn@ 00000001800066c0     libucrt:lcidtoname_downlevel.obj
 0001:000056d0       ??_C@_1BG@EAKMMACD@?$AAb?$AAs?$AA?9?$AAb?$AAa?$AA?9?$AAl?$AAa?$AAt?$AAn@ 00000001800066d0     libucrt:lcidtoname_downlevel.obj
 0001:000056e8       ??_C@_1M@KGADAODK@?$AAc?$AAa?$AA?9?$AAe?$AAs@ 00000001800066e8     libucrt:lcidtoname_downlevel.obj
 0001:000056f8       ??_C@_1M@COAJPDHI@?$AAc?$AAs?$AA?9?$AAc?$AAz@ 00000001800066f8     libucrt:lcidtoname_downlevel.obj
 0001:00005708       ??_C@_1M@DHBHFONH@?$AAc?$AAy?$AA?9?$AAg?$AAb@ 0000000180006708     libucrt:lcidtoname_downlevel.obj
 0001:00005718       ??_C@_1M@IMGKELGA@?$AAd?$AAa?$AA?9?$AAd?$AAk@ 0000000180006718     libucrt:lcidtoname_downlevel.obj
 0001:00005728       ??_C@_1M@NNDGDNGA@?$AAd?$AAe?$AA?9?$AAa?$AAt@ 0000000180006728     libucrt:lcidtoname_downlevel.obj
 0001:00005738       ??_C@_1M@IKDBHEEM@?$AAd?$AAe?$AA?9?$AAc?$AAh@ 0000000180006738     libucrt:lcidtoname_downlevel.obj
 0001:00005748       ??_C@_1M@GFFOJMCJ@?$AAd?$AAe?$AA?9?$AAd?$AAe@ 0000000180006748     libucrt:lcidtoname_downlevel.obj
 0001:00005758       ??_C@_1M@MDNLKBPM@?$AAd?$AAe?$AA?9?$AAl?$AAi@ 0000000180006758     libucrt:lcidtoname_downlevel.obj
 0001:00005768       ??_C@_1M@NJBEEJNL@?$AAd?$AAe?$AA?9?$AAl?$AAu@ 0000000180006768     libucrt:lcidtoname_downlevel.obj
 0001:00005778       ??_C@_1O@GNNELBAP@?$AAd?$AAi?$AAv?$AA?9?$AAm?$AAv@ 0000000180006778     libucrt:lcidtoname_downlevel.obj
 0001:00005788       ??_C@_1M@EJLEOGAE@?$AAe?$AAl?$AA?9?$AAg?$AAr@ 0000000180006788     libucrt:lcidtoname_downlevel.obj
 0001:00005798       ??_C@_1M@GMPONJN@?$AAe?$AAn?$AA?9?$AAa?$AAu@ 0000000180006798     libucrt:lcidtoname_downlevel.obj
 0001:000057a8       ??_C@_1M@NIDIIPGF@?$AAe?$AAn?$AA?9?$AAb?$AAz@ 00000001800067a8     libucrt:lcidtoname_downlevel.obj
 0001:000057b8       ??_C@_1M@JEHMIMFO@?$AAe?$AAn?$AA?9?$AAc?$AAa@ 00000001800067b8     libucrt:lcidtoname_downlevel.obj
 0001:000057c8       ??_C@_1M@IGMJCDLA@?$AAe?$AAn?$AA?9?$AAc?$AAb@ 00000001800067c8     libucrt:lcidtoname_downlevel.obj
 0001:000057d8       ??_C@_1M@BNFIGBKG@?$AAe?$AAn?$AA?9?$AAg?$AAb@ 00000001800067d8     libucrt:lcidtoname_downlevel.obj
 0001:000057e8       ??_C@_1M@LKIFDIGP@?$AAe?$AAn?$AA?9?$AAi?$AAe@ 00000001800067e8     libucrt:lcidtoname_downlevel.obj
 0001:000057f8       ??_C@_1M@PJKFGCCO@?$AAe?$AAn?$AA?9?$AAj?$AAm@ 00000001800067f8     libucrt:lcidtoname_downlevel.obj
 0001:00005808       ??_C@_1M@KPPKEPBO@?$AAe?$AAn?$AA?9?$AAn?$AAz@ 0000000180006808     libucrt:lcidtoname_downlevel.obj
 0001:00005818       ??_C@_1M@GMDGLDOB@?$AAe?$AAn?$AA?9?$AAp?$AAh@ 0000000180006818     libucrt:lcidtoname_downlevel.obj
 0001:00005828       ??_C@_1M@ONGIBJNA@?$AAe?$AAn?$AA?9?$AAt?$AAt@ 0000000180006828     libucrt:lcidtoname_downlevel.obj
 0001:00005838       ??_C@_1M@LLODPCMM@?$AAe?$AAn?$AA?9?$AAu?$AAs@ 0000000180006838     libucrt:lcidtoname_downlevel.obj
 0001:00005848       ??_C@_1M@LAKFNPAN@?$AAe?$AAn?$AA?9?$AAz?$AAa@ 0000000180006848     libucrt:lcidtoname_downlevel.obj
 0001:00005858       ??_C@_1M@MFNHNHEO@?$AAe?$AAn?$AA?9?$AAz?$AAw@ 0000000180006858     libucrt:lcidtoname_downlevel.obj
 0001:00005868       ??_C@_1M@EJEINPHM@?$AAe?$AAs?$AA?9?$AAa?$AAr@ 0000000180006868     libucrt:lcidtoname_downlevel.obj
 0001:00005878       ??_C@_1M@GNKPCCJA@?$AAe?$AAs?$AA?9?$AAb?$AAo@ 0000000180006878     libucrt:lcidtoname_downlevel.obj
 0001:00005888       ??_C@_1M@LEEGFONL@?$AAe?$AAs?$AA?9?$AAc?$AAl@ 0000000180006888     libucrt:lcidtoname_downlevel.obj
 0001:00005898       ??_C@_1M@KGPDPBDF@?$AAe?$AAs?$AA?9?$AAc?$AAo@ 0000000180006898     libucrt:lcidtoname_downlevel.obj
 0001:000058a8       ??_C@_1M@EIAHOHH@?$AAe?$AAs?$AA?9?$AAc?$AAr@ 00000001800068a8     libucrt:lcidtoname_downlevel.obj
 0001:000058b8       ??_C@_1M@LLPGMBIN@?$AAe?$AAs?$AA?9?$AAd?$AAo@ 00000001800068b8     libucrt:lcidtoname_downlevel.obj
 0001:000058c8       ??_C@_1M@DKHMKNJA@?$AAe?$AAs?$AA?9?$AAe?$AAc@ 00000001800068c8     libucrt:lcidtoname_downlevel.obj
 0001:000058d8       ??_C@_1M@GKGFPKAP@?$AAe?$AAs?$AA?9?$AAe?$AAs@ 00000001800068d8     libucrt:lcidtoname_downlevel.obj
 0001:000058e8       ??_C@_1M@LKHKGDLN@?$AAe?$AAs?$AA?9?$AAg?$AAt@ 00000001800068e8     libucrt:lcidtoname_downlevel.obj
 0001:000058f8       ??_C@_1M@HEIIGGJD@?$AAe?$AAs?$AA?9?$AAh?$AAn@ 00000001800068f8     libucrt:lcidtoname_downlevel.obj
 0001:00005908       ??_C@_1M@FBDHPPGD@?$AAe?$AAs?$AA?9?$AAm?$AAx@ 0000000180006908     libucrt:lcidtoname_downlevel.obj
 0001:00005918       ??_C@_1M@DPAGLNDH@?$AAe?$AAs?$AA?9?$AAn?$AAi@ 0000000180006918     libucrt:lcidtoname_downlevel.obj
 0001:00005928       ??_C@_1M@MDGOPGDD@?$AAe?$AAs?$AA?9?$AAp?$AAa@ 0000000180006928     libucrt:lcidtoname_downlevel.obj
 0001:00005938       ??_C@_1M@EMAMGBGE@?$AAe?$AAs?$AA?9?$AAp?$AAe@ 0000000180006938     libucrt:lcidtoname_downlevel.obj
 0001:00005948       ??_C@_1M@IBMCAOEC@?$AAe?$AAs?$AA?9?$AAp?$AAr@ 0000000180006948     libucrt:lcidtoname_downlevel.obj
 0001:00005958       ??_C@_1M@FGMDIJED@?$AAe?$AAs?$AA?9?$AAp?$AAy@ 0000000180006958     libucrt:lcidtoname_downlevel.obj
 0001:00005968       ??_C@_1M@IIDEOLLL@?$AAe?$AAs?$AA?9?$AAs?$AAv@ 0000000180006968     libucrt:lcidtoname_downlevel.obj
 0001:00005978       ??_C@_1M@GAOBIPA@?$AAe?$AAs?$AA?9?$AAu?$AAy@ 0000000180006978     libucrt:lcidtoname_downlevel.obj
 0001:00005988       ??_C@_1M@JKFFICHJ@?$AAe?$AAs?$AA?9?$AAv?$AAe@ 0000000180006988     libucrt:lcidtoname_downlevel.obj
 0001:00005998       ??_C@_1M@PNMLOJDF@?$AAe?$AAt?$AA?9?$AAe?$AAe@ 0000000180006998     libucrt:lcidtoname_downlevel.obj
 0001:000059a8       ??_C@_1M@GHHLIKEI@?$AAe?$AAu?$AA?9?$AAe?$AAs@ 00000001800069a8     libucrt:lcidtoname_downlevel.obj
 0001:000059b8       ??_C@_1M@PBNONODE@?$AAf?$AAa?$AA?9?$AAi?$AAr@ 00000001800069b8     libucrt:lcidtoname_downlevel.obj
 0001:000059c8       ??_C@_1M@JEEHPMIL@?$AAf?$AAi?$AA?9?$AAf?$AAi@ 00000001800069c8     libucrt:lcidtoname_downlevel.obj
 0001:000059d8       ??_C@_1M@LMDCNDBA@?$AAf?$AAo?$AA?9?$AAf?$AAo@ 00000001800069d8     libucrt:lcidtoname_downlevel.obj
 0001:000059e8       ??_C@_1M@JKEOHLDK@?$AAf?$AAr?$AA?9?$AAb?$AAe@ 00000001800069e8     libucrt:lcidtoname_downlevel.obj
 0001:000059f8       ??_C@_1M@NOHADPMI@?$AAf?$AAr?$AA?9?$AAc?$AAa@ 00000001800069f8     libucrt:lcidtoname_downlevel.obj
 0001:00005a08       ??_C@_1M@KDHIHAEC@?$AAf?$AAr?$AA?9?$AAc?$AAh@ 0000000180006a08     libucrt:lcidtoname_downlevel.obj
 0001:00005a18       ??_C@_1M@MMBBFGAK@?$AAf?$AAr?$AA?9?$AAf?$AAr@ 0000000180006a18     libucrt:lcidtoname_downlevel.obj
 0001:00005a28       ??_C@_1M@PAFNENNF@?$AAf?$AAr?$AA?9?$AAl?$AAu@ 0000000180006a28     libucrt:lcidtoname_downlevel.obj
 0001:00005a38       ??_C@_1M@EOHDJGDD@?$AAf?$AAr?$AA?9?$AAm?$AAc@ 0000000180006a38     libucrt:lcidtoname_downlevel.obj
 0001:00005a48       ??_C@_1M@FAPLLOPF@?$AAg?$AAl?$AA?9?$AAe?$AAs@ 0000000180006a48     libucrt:lcidtoname_downlevel.obj
 0001:00005a58       ??_C@_1M@FOPBFLOO@?$AAg?$AAu?$AA?9?$AAi?$AAn@ 0000000180006a58     libucrt:lcidtoname_downlevel.obj
 0001:00005a68       ??_C@_1M@KBMCINPM@?$AAh?$AAe?$AA?9?$AAi?$AAl@ 0000000180006a68     libucrt:lcidtoname_downlevel.obj
 0001:00005a78       ??_C@_1M@BBPHKFPJ@?$AAh?$AAi?$AA?9?$AAi?$AAn@ 0000000180006a78     libucrt:lcidtoname_downlevel.obj
 0001:00005a88       ??_C@_1M@PMBNDPHD@?$AAh?$AAr?$AA?9?$AAb?$AAa@ 0000000180006a88     libucrt:lcidtoname_downlevel.obj
 0001:00005a98       ??_C@_1M@BPCKOEGE@?$AAh?$AAr?$AA?9?$AAh?$AAr@ 0000000180006a98     libucrt:lcidtoname_downlevel.obj
 0001:00005aa8       ??_C@_1M@GACBMHKE@?$AAh?$AAu?$AA?9?$AAh?$AAu@ 0000000180006aa8     libucrt:lcidtoname_downlevel.obj
 0001:00005ab8       ??_C@_1M@MILPAJJC@?$AAh?$AAy?$AA?9?$AAa?$AAm@ 0000000180006ab8     libucrt:lcidtoname_downlevel.obj
 0001:00005ac8       ??_C@_1M@BABBICEC@?$AAi?$AAd?$AA?9?$AAi?$AAd@ 0000000180006ac8     libucrt:lcidtoname_downlevel.obj
 0001:00005ad8       ??_C@_1M@BIKNHHPF@?$AAi?$AAs?$AA?9?$AAi?$AAs@ 0000000180006ad8     libucrt:lcidtoname_downlevel.obj
 0001:00005ae8       ??_C@_1M@NMPCJPHE@?$AAi?$AAt?$AA?9?$AAc?$AAh@ 0000000180006ae8     libucrt:lcidtoname_downlevel.obj
 0001:00005af8       ??_C@_1M@GHKGFEDF@?$AAi?$AAt?$AA?9?$AAi?$AAt@ 0000000180006af8     libucrt:lcidtoname_downlevel.obj
 0001:00005b08       ??_C@_1M@NIEJCJJA@?$AAj?$AAa?$AA?9?$AAj?$AAp@ 0000000180006b08     libucrt:lcidtoname_downlevel.obj
 0001:00005b18       ??_C@_1M@JILFNBIM@?$AAk?$AAa?$AA?9?$AAg?$AAe@ 0000000180006b18     libucrt:lcidtoname_downlevel.obj
 0001:00005b28       ??_C@_1M@PACPMGPH@?$AAk?$AAk?$AA?9?$AAk?$AAz@ 0000000180006b28     libucrt:lcidtoname_downlevel.obj
 0001:00005b38       ??_C@_1M@IELFGMHA@?$AAk?$AAn?$AA?9?$AAi?$AAn@ 0000000180006b38     libucrt:lcidtoname_downlevel.obj
 0001:00005b48       ??_C@_1O@IBBJHCH@?$AAk?$AAo?$AAk?$AA?9?$AAi?$AAn@ 0000000180006b48     libucrt:lcidtoname_downlevel.obj
 0001:00005b58       ??_C@_1M@DMHAEOGC@?$AAk?$AAo?$AA?9?$AAk?$AAr@ 0000000180006b58     libucrt:lcidtoname_downlevel.obj
 0001:00005b68       ??_C@_1M@HBAHBIGA@?$AAk?$AAy?$AA?9?$AAk?$AAg@ 0000000180006b68     libucrt:lcidtoname_downlevel.obj
 0001:00005b78       ??_C@_1M@KPMILCJG@?$AAl?$AAt?$AA?9?$AAl?$AAt@ 0000000180006b78     libucrt:lcidtoname_downlevel.obj
 0001:00005b88       ??_C@_1M@BDEKKCA@?$AAl?$AAv?$AA?9?$AAl?$AAv@ 0000000180006b88     libucrt:lcidtoname_downlevel.obj
 0001:00005b98       ??_C@_1M@ELCKCCJJ@?$AAm?$AAi?$AA?9?$AAn?$AAz@ 0000000180006b98     libucrt:lcidtoname_downlevel.obj
 0001:00005ba8       ??_C@_1M@CBOOLAPA@?$AAm?$AAk?$AA?9?$AAm?$AAk@ 0000000180006ba8     libucrt:lcidtoname_downlevel.obj
 0001:00005bb8       ??_C@_1M@GPHNBJKN@?$AAm?$AAl?$AA?9?$AAi?$AAn@ 0000000180006bb8     libucrt:lcidtoname_downlevel.obj
 0001:00005bc8       ??_C@_1M@PABJILIG@?$AAm?$AAn?$AA?9?$AAm?$AAn@ 0000000180006bc8     libucrt:lcidtoname_downlevel.obj
 0001:00005bd8       ??_C@_1M@FGBKKIPG@?$AAm?$AAr?$AA?9?$AAi?$AAn@ 0000000180006bd8     libucrt:lcidtoname_downlevel.obj
 0001:00005be8       ??_C@_1M@NDBPDDAL@?$AAm?$AAs?$AA?9?$AAb?$AAn@ 0000000180006be8     libucrt:lcidtoname_downlevel.obj
 0001:00005bf8       ??_C@_1M@OPIHOOPI@?$AAm?$AAs?$AA?9?$AAm?$AAy@ 0000000180006bf8     libucrt:lcidtoname_downlevel.obj
 0001:00005c08       ??_C@_1M@PPDBCNFM@?$AAm?$AAt?$AA?9?$AAm?$AAt@ 0000000180006c08     libucrt:lcidtoname_downlevel.obj
 0001:00005c18       ??_C@_1M@KDJDKMDD@?$AAn?$AAb?$AA?9?$AAn?$AAo@ 0000000180006c18     libucrt:lcidtoname_downlevel.obj
 0001:00005c28       ??_C@_1M@KFCFLMJP@?$AAn?$AAl?$AA?9?$AAb?$AAe@ 0000000180006c28     libucrt:lcidtoname_downlevel.obj
 0001:00005c38       ??_C@_1M@KPOPDDGO@?$AAn?$AAl?$AA?9?$AAn?$AAl@ 0000000180006c38     libucrt:lcidtoname_downlevel.obj
 0001:00005c48       ??_C@_1M@LJKPEMLN@?$AAn?$AAn?$AA?9?$AAn?$AAo@ 0000000180006c48     libucrt:lcidtoname_downlevel.obj
 0001:00005c58       ??_C@_1M@BDGHHBFL@?$AAn?$AAs?$AA?9?$AAz?$AAa@ 0000000180006c58     libucrt:lcidtoname_downlevel.obj
 0001:00005c68       ??_C@_1M@IDEHOAP@?$AAp?$AAa?$AA?9?$AAi?$AAn@ 0000000180006c68     libucrt:lcidtoname_downlevel.obj
 0001:00005c78       ??_C@_1M@HDBKGOGH@?$AAp?$AAl?$AA?9?$AAp?$AAl@ 0000000180006c78     libucrt:lcidtoname_downlevel.obj
 0001:00005c88       ??_C@_1M@LJLLCMEH@?$AAp?$AAt?$AA?9?$AAb?$AAr@ 0000000180006c88     libucrt:lcidtoname_downlevel.obj
 0001:00005c98       ??_C@_1M@NCMONAAL@?$AAp?$AAt?$AA?9?$AAp?$AAt@ 0000000180006c98     libucrt:lcidtoname_downlevel.obj
 0001:00005ca8       ??_C@_1O@EAKMAJDN@?$AAq?$AAu?$AAz?$AA?9?$AAb?$AAo@ 0000000180006ca8     libucrt:lcidtoname_downlevel.obj
 0001:00005cb8       ??_C@_1O@BHHPIGDN@?$AAq?$AAu?$AAz?$AA?9?$AAe?$AAc@ 0000000180006cb8     libucrt:lcidtoname_downlevel.obj
 0001:00005cc8       ??_C@_1O@GBAPEKMJ@?$AAq?$AAu?$AAz?$AA?9?$AAp?$AAe@ 0000000180006cc8     libucrt:lcidtoname_downlevel.obj
 0001:00005cd8       ??_C@_1M@CLGLEFBO@?$AAr?$AAo?$AA?9?$AAr?$AAo@ 0000000180006cd8     libucrt:lcidtoname_downlevel.obj
 0001:00005ce8       ??_C@_1M@CEEDODME@?$AAr?$AAu?$AA?9?$AAr?$AAu@ 0000000180006ce8     libucrt:lcidtoname_downlevel.obj
 0001:00005cf8       ??_C@_1M@HPKKKMPP@?$AAs?$AAa?$AA?9?$AAi?$AAn@ 0000000180006cf8     libucrt:lcidtoname_downlevel.obj
 0001:00005d08       ??_C@_1M@BKMAIGOJ@?$AAs?$AAe?$AA?9?$AAf?$AAi@ 0000000180006d08     libucrt:lcidtoname_downlevel.obj
 0001:00005d18       ??_C@_1M@NDPIFLFI@?$AAs?$AAe?$AA?9?$AAn?$AAo@ 0000000180006d18     libucrt:lcidtoname_downlevel.obj
 0001:00005d28       ??_C@_1M@DANKKHJ@?$AAs?$AAe?$AA?9?$AAs?$AAe@ 0000000180006d28     libucrt:lcidtoname_downlevel.obj
 0001:00005d38       ??_C@_1M@PNBLONPJ@?$AAs?$AAk?$AA?9?$AAs?$AAk@ 0000000180006d38     libucrt:lcidtoname_downlevel.obj
 0001:00005d48       ??_C@_1M@LFMODOAL@?$AAs?$AAl?$AA?9?$AAs?$AAi@ 0000000180006d48     libucrt:lcidtoname_downlevel.obj
[...]
 0003:00000d44       $pdata$_invalid_parameter  0000000180021d44     libucrt:invalid_parameter.obj
 0003:00000d50       $pdata$_errno              0000000180021d50     libucrt:errno.obj
 0003:00000d5c       $pdata$__doserrno          0000000180021d5c     libucrt:errno.obj
 0003:00000d68       $pdata$__acrt_errno_map_os_error 0000000180021d68     libucrt:errno.obj
 0003:00000d74       $pdata$??$__acrt_mbs_to_wcs_cp@U__crt_win32_buffer_internal_dynamic_resizing@@@@YAHQEBDAEAV?$__crt_win32_buffer@_WU__crt_win32_buffer_internal_dynamic_resizing@@@@I@Z 0000000180021d74     libucrt:argv_wildcards.obj
 0003:00000d80       $pdata$??$__acrt_wcs_to_mbs_cp@U__crt_win32_buffer_internal_dynamic_resizing@@@@YAHQEB_WAEAV?$__crt_win32_buffer@DU__crt_win32_buffer_internal_dynamic_resizing@@@@I@Z 0000000180021d80     libucrt:argv_wildcards.obj
 0003:00000d8c       $pdata$??$common_expand_argv_wildcards@D@@YAHQEAPEADQEAPEAPEAD@Z 0000000180021d8c     libucrt:argv_wildcards.obj
 0003:00000d98       $pdata$??$copy_and_add_argument_to_buffer@D@@YAHQEBD0_KAEAV?$argument_list@D@?A0x5f5c8891@@@Z 0000000180021d98     libucrt:argv_wildcards.obj
 0003:00000da4       $pdata$??$expand_argument_wildcards@D@@YAHQEAD0AEAV?$argument_list@D@?A0x5f5c8891@@@Z 0000000180021da4     libucrt:argv_wildcards.obj
 0003:00000db0       $pdata$__acrt_GetModuleFileNameA 0000000180021db0     libucrt:getmodulefilenamea.obj
 0003:00000dbc       $pdata$??$__acrt_wcs_to_mbs_cp@U__crt_win32_buffer_no_resizing@@@@YAHQEB_WAEAV?$__crt_win32_buffer@DU__crt_win32_buffer_no_resizing@@@@I@Z 0000000180021dbc     libucrt:getmodulefilenamea.obj
 0003:00000dc8       $pdata$__acrt_update_thread_multibyte_data 0000000180021dc8     libucrt:mbctype.obj
 0003:00000dd4       $pdata$__acrt_initialize_multibyte 0000000180021dd4     libucrt:mbctype.obj
 0003:00000de0       $pdata$_setmbcp_nolock     0000000180021de0     libucrt:mbctype.obj
 0003:00000dec       $pdata$?getSystemCP@@YAHH@Z 0000000180021dec     libucrt:mbctype.obj
 0003:00000df8       $pdata$?setSBCS@@YAXPEAU__crt_multibyte_data@@@Z 0000000180021df8     libucrt:mbctype.obj
 0003:00000e04       $pdata$?update_thread_multibyte_data_internal@@YAPEAU__crt_multibyte_data@@QEAU__acrt_ptd@@QEAPEAU1@@Z 0000000180021e04     libucrt:mbctype.obj
 0003:00000e10       $pdata$?fin$0@?0??update_thread_multibyte_data_internal@@YAPEAU__crt_multibyte_data@@QEAU__acrt_ptd@@QEAPEAU1@@Z@4HA 0000000180021e10     libucrt:mbctype.obj
 0003:00000e1c       $pdata$?setmbcp_internal@@YAHH_NQEAU__acrt_ptd@@QEAPEAU__crt_multibyte_data@@@Z 0000000180021e1c     libucrt:mbctype.obj
 0003:00000e28       $pdata$?setSBUpLow@@YAXPEAU__crt_multibyte_data@@@Z 0000000180021e28     libucrt:mbctype.obj
 0003:00000e34       $pdata$??$?RV<lambda_efdfa57d1f175319df784efa44bb7b81>@@AEAV<lambda_5f0a4c1567f8adc6734073e5d1e1b35c>@@V<lambda_2e8a7d3640ea6ccb4c2413664c2db6fd>@@@?$__crt_seh_guarded_call@X@@QEAAX$$QEAV<lambda_efdfa57d1f175319df784efa44bb7b81>@@AEAV<lambda_5f0a4c1567f8adc6734073e5d1e1b35c>@@$$QEAV<lambda_2e8a7d3640ea6ccb4c2413664c2db6fd>@@@Z 0000000180021e34     libucrt:mbctype.obj
 0003:00000e40       $pdata$?x_ismbbtype_l@@YAHPEAU__crt_locale_pointers@@IHH@Z 0000000180021e40     libucrt:ismbbyte.obj
 0003:00000e4c       $pdata$__acrt_initialize_command_line 0000000180021e4c     libucrt:argv_data.obj
 0003:00000e58       $pdata$wcscpy_s            0000000180021e58     libucrt:wcscpy_s.obj
 0003:00000e64       $pdata$__acrt_WideCharToMultiByte 0000000180021e64     libucrt:widechartomultibyte.obj
 0003:00000e70       $pdata$__dcrt_get_narrow_environment_from_os 0000000180021e70     libucrt:get_environment_from_os.obj
 0003:00000e7c       $pdata$_recalloc_base      0000000180021e7c     libucrt:recalloc.obj
 0003:00000e88       $pdata$__acrt_initialize_winapi_thunks 0000000180021e88     libucrt:winapi_thunks.obj
 0003:00000e94       $pdata$__acrt_uninitialize_winapi_thunks 0000000180021e94     libucrt:winapi_thunks.obj
 0003:00000ea0       $pdata$__acrt_AreFileApisANSI 0000000180021ea0     libucrt:winapi_thunks.obj
 0003:00000eac       $pdata$__acrt_FlsAlloc     0000000180021eac     libucrt:winapi_thunks.obj
 0003:00000eb8       $pdata$__acrt_FlsFree      0000000180021eb8     libucrt:winapi_thunks.obj
 0003:00000ec4       $pdata$__acrt_FlsGetValue  0000000180021ec4     libucrt:winapi_thunks.obj
 0003:00000ed0       $pdata$__acrt_FlsSetValue  0000000180021ed0     libucrt:winapi_thunks.obj
 0003:00000edc       $pdata$__acrt_InitializeCriticalSectionEx 0000000180021edc     libucrt:winapi_thunks.obj
 0003:00000ee8       $pdata$__acrt_LCMapStringEx 0000000180021ee8     libucrt:winapi_thunks.obj
 0003:00000ef4       $pdata$__acrt_LocaleNameToLCID 0000000180021ef4     libucrt:winapi_thunks.obj
 0003:00000f00       $pdata$__acrt_AppPolicyGetProcessTerminationMethodInternal 0000000180021f00     libucrt:winapi_thunks.obj
 0003:00000f0c       $pdata$?try_get_function@@YAPEAXW4function_id@?A0x391cf84c@@QEBDQEBW4module_id@2@2@Z 0000000180021f0c     libucrt:winapi_thunks.obj
 0003:00000f18       $pdata$__acrt_initialize_heap 0000000180021f18     libucrt:heap_handle.obj
 0003:00000f24       $pdata$__acrt_initialize_lowio 0000000180021f24     libucrt:ioinit.obj
 0003:00000f30       $pdata$__acrt_initialize_lowio$fin$0 0000000180021f30     libucrt:ioinit.obj
 0003:00000f30       $pdata$__acrt_lowio_ensure_fh_exists$fin$0 0000000180021f30     libucrt:osfinfo.obj
 0003:00000f3c       $pdata$__acrt_uninitialize_lowio 0000000180021f3c     libucrt:ioinit.obj
 0003:00000f48       $pdata$?initialize_inherited_file_handles_nolock@@YAXXZ 0000000180021f48     libucrt:ioinit.obj
 0003:00000f54       $pdata$?initialize_stdio_handles_nolock@@YAXXZ 0000000180021f54     libucrt:ioinit.obj
 0003:00000f60       $pdata$__acrt_execute_initializers 0000000180021f60     libucrt:shared_initialization.obj
 0003:00000f6c       $pdata$__acrt_execute_uninitializers 0000000180021f6c     libucrt:shared_initialization.obj
 0003:00000f78       $pdata$__acrt_get_sigabrt_handler 0000000180021f78     libucrt:signal.obj
 0003:00000f84       $pdata$raise               0000000180021f84     libucrt:signal.obj
 0003:00000f90       $pdata$raise$fin$0         0000000180021f90     libucrt:signal.obj
 0003:00000f9c       $pdata$??$?RV<lambda_450d765d439847d4c735a33c368b5fc0>@@AEAV<lambda_44731a7d0e6d81c3e6aa82d741081786>@@V<lambda_601a2a7da3b7a96e9554ac7215c4b07c>@@@?$__crt_seh_guarded_call@P6AXH@Z@@QEAAP6AXH@Z$$QEAV<lambda_450d765d439847d4c735a33c368b5fc0>@@AEAV<lambda_44731a7d0e6d81c3e6aa82d741081786>@@$$QEAV<lambda_601a2a7da3b7a96e9554ac7215c4b07c>@@@Z 0000000180021f9c     libucrt:signal.obj
 0003:00000fa8       $pdata$_fflush_nolock      0000000180021fa8     libucrt:fflush.obj
 0003:00000fb4       $pdata$__acrt_stdio_flush_nolock 0000000180021fb4     libucrt:fflush.obj
 0003:00000fc0       $pdata$?common_flush_all@@YAH_N@Z 0000000180021fc0     libucrt:fflush.obj
 0003:00000fcc       $pdata$??$?RV<lambda_842d9ff0dc9ef11c61343bbaebe7f885>@@AEAV<lambda_c5860995281e5c4ce005b3de8f5874ee>@@V<lambda_d90129c13df834fdcbf8d2b88dafcf2d>@@@?$__crt_seh_guarded_call@X@@QEAAX$$QEAV<lambda_842d9ff0dc9ef11c61343bbaebe7f885>@@AEAV<lambda_c5860995281e5c4ce005b3de8f5874ee>@@$$QEAV<lambda_d90129c13df834fdcbf8d2b88dafcf2d>@@@Z 0000000180021fcc     libucrt:fflush.obj
 0003:00000fd8       $pdata$?fin$0@?0???$?RV<lambda_842d9ff0dc9ef11c61343bbaebe7f885>@@AEAV<lambda_c5860995281e5c4ce005b3de8f5874ee>@@V<lambda_d90129c13df834fdcbf8d2b88dafcf2d>@@@?$__crt_seh_guarded_call@X@@QEAAX$$QEAV<lambda_842d9ff0dc9ef11c61343bbaebe7f885>@@AEAV<lambda_c5860995281e5c4ce005b3de8f5874ee>@@$$QEAV<lambda_d90129c13df834fdcbf8d2b88dafcf2d>@@@Z@4HA 0000000180021fd8     libucrt:fflush.obj
 0003:00000fe4       $pdata$??$?RV<lambda_886d6c58226a84441f68b9f2b8217b83>@@AEAV<lambda_ab61a845afdef5b7c387490eaf3616ee>@@V<lambda_f7f22ab5edc0698d5f6905b0d3f44752>@@@?$__crt_seh_guarded_call@X@@QEAAX$$QEAV<lambda_886d6c58226a84441f68b9f2b8217b83>@@AEAV<lambda_ab61a845afdef5b7c387490eaf3616ee>@@$$QEAV<lambda_f7f22ab5edc0698d5f6905b0d3f44752>@@@Z 0000000180021fe4     libucrt:fflush.obj
 0003:00000ff0       $pdata$?fin$0@?0???$?RV<lambda_886d6c58226a84441f68b9f2b8217b83>@@AEAV<lambda_ab61a845afdef5b7c387490eaf3616ee>@@V<lambda_f7f22ab5edc0698d5f6905b0d3f44752>@@@?$__crt_seh_guarded_call@X@@QEAAX$$QEAV<lambda_886d6c58226a84441f68b9f2b8217b83>@@AEAV<lambda_ab61a845afdef5b7c387490eaf3616ee>@@$$QEAV<lambda_f7f22ab5edc0698d5f6905b0d3f44752>@@@Z@4HA 0000000180021ff0     libucrt:fflush.obj
 0003:00000ffc       $pdata$__acrt_initialize_stdio 0000000180021ffc     libucrt:_file.obj
 0003:00001008       $pdata$__acrt_uninitialize_stdio 0000000180022008     libucrt:_file.obj
 0003:00001014       $pdata$_mbtowc_l           0000000180022014     libucrt:mbtowc.obj
 0003:00001020       $pdata$__acrt_update_locale_info 0000000180022020     libucrt:locale_update.obj
 0003:0000102c       $pdata$__acrt_update_multibyte_info 000000018002202c     libucrt:locale_update.obj
 0003:00001038       $pdata$_fileno             0000000180022038     libucrt:fileno.obj
 0003:00001044       $pdata$__acrt_uninitialize_locale 0000000180022044     libucrt:wsetlocale.obj
 0003:00001050       $pdata$??$?RV<lambda_410d79af7f07d98d83a3f525b3859a53>@@AEAV<lambda_3e16ef9562a7dcce91392c22ab16ea36>@@V<lambda_38119f0e861e05405d8a144b9b982f0a>@@@?$__crt_seh_guarded_call@X@@QEAAX$$QEAV<lambda_410d79af7f07d98d83a3f525b3859a53>@@AEAV<lambda_3e16ef9562a7dcce91392c22ab16ea36>@@$$QEAV<lambda_38119f0e861e05405d8a144b9b982f0a>@@@Z 0000000180022050     libucrt:wsetlocale.obj
 0003:0000105c       $pdata$?fin$0@?0???$?RV<lambda_410d79af7f07d98d83a3f525b3859a53>@@AEAV<lambda_3e16ef9562a7dcce91392c22ab16ea36>@@V<lambda_38119f0e861e05405d8a144b9b982f0a>@@@?$__crt_seh_guarded_call@X@@QEAAX$$QEAV<lambda_410d79af7f07d98d83a3f525b3859a53>@@AEAV<lambda_3e16ef9562a7dcce91392c22ab16ea36>@@$$QEAV<lambda_38119f0e861e05405d8a144b9b982f0a>@@@Z@4HA 000000018002205c     libucrt:wsetlocale.obj
 0003:00001068       $pdata$__pctype_func       0000000180022068     libucrt:ctype.obj
 0003:00001074       $pdata$__acrt_release_locale_ref 0000000180022074     libucrt:locale_refcounting.obj
 0003:00001080       $pdata$__acrt_free_locale  0000000180022080     libucrt:locale_refcounting.obj
 0003:0000108c       $pdata$__acrt_locale_free_lc_time_if_unreferenced 000000018002208c     libucrt:locale_refcounting.obj
 0003:00001098       $pdata$__acrt_update_thread_locale_data 0000000180022098     libucrt:locale_refcounting.obj
 0003:000010a4       $pdata$__acrt_update_thread_locale_data$fin$0 00000001800220a4     libucrt:locale_refcounting.obj
 0003:000010b0       $pdata$_updatetlocinfoEx_nolock 00000001800220b0     libucrt:locale_refcounting.obj
 0003:000010bc       $pdata$qsort               00000001800220bc     libucrt:qsort.obj
 0003:000010c8       $pdata$4$qsort             00000001800220c8     libucrt:qsort.obj
 0003:000010d4       $pdata$5$qsort             00000001800220d4     libucrt:qsort.obj
 0003:000010e0       $pdata$strncpy_s           00000001800220e0     libucrt:strncpy_s.obj
 0003:000010ec       $pdata$strpbrk             00000001800220ec     libucrt:strpbrk.obj
 0003:000010f8       $pdata$fallbackMethod      00000001800220f8     libucrt:strpbrk.obj
 0003:00001104       $pdata$_mbsdec_l           0000000180022104     libucrt:mbsdec.obj
 0003:00001110       $pdata$__acrt_GetStringTypeA 0000000180022110     libucrt:getstringtypea.obj
 0003:0000111c       $pdata$__acrt_LCMapStringA 000000018002211c     libucrt:lcmapstringa.obj
 0003:00001128       $pdata$?__acrt_LCMapStringA_stat@@YAHPEAU__crt_locale_pointers@@PEB_WKPEBDHPEADHHH@Z 0000000180022128     libucrt:lcmapstringa.obj
 0003:00001134       $pdata$?initialize_multibyte@@YAHXZ 0000000180022134     libucrt:multibyte_initializer.obj
 0003:00001140       $pdata$_msize_base         0000000180022140     libucrt:msize.obj
 0003:0000114c       $pdata$__acrt_DownlevelLocaleNameToLCID 000000018002214c     libucrt:lcidtoname_downlevel.obj
 0003:00001158       $pdata$_get_osfhandle      0000000180022158     libucrt:osfinfo.obj
 0003:00001164       $pdata$_free_osfhnd        0000000180022164     libucrt:osfinfo.obj
 0003:00001170       $pdata$__acrt_lowio_create_handle_array 0000000180022170     libucrt:osfinfo.obj
 0003:0000117c       $pdata$__acrt_lowio_destroy_handle_array 000000018002217c     libucrt:osfinfo.obj
 0003:00001188       $pdata$__acrt_lowio_ensure_fh_exists 0000000180022188     libucrt:osfinfo.obj
 0003:00001194       $pdata$_commit             0000000180022194     libucrt:commit.obj
 0003:000011a0       $pdata$??$?RV<lambda_a37b2b86f63e897a80ea819b0eb08c01>@@AEAV<lambda_38ce7e780aa69e748d6df282ebc68efe>@@V<lambda_99fb1378e971ab6e7edea83e3a7a83a2>@@@?$__crt_seh_guarded_call@H@@QEAAH$$QEAV<lambda_a37b2b86f63e897a80ea819b0eb08c01>@@AEAV<lambda_38ce7e780aa69e748d6df282ebc68efe>@@$$QEAV<lambda_99fb1378e971ab6e7edea83e3a7a83a2>@@@Z 00000001800221a0     libucrt:commit.obj
 0003:000011ac       $pdata$?fin$0@?0???$?RV<lambda_751a882b2c74d4b022dec766aa51a29a>@@AEAV<lambda_628dfdc04ba53c8bfc02c9951375f3f5>@@V<lambda_f6c7be5f7998530c34de24c7437d6b54>@@@?$__crt_seh_guarded_call@H@@QEAAH$$QEAV<lambda_751a882b2c74d4b022dec766aa51a29a>@@AEAV<lambda_628dfdc04ba53c8bfc02c9951375f3f5>@@$$QEAV<lambda_f6c7be5f7998530c34de24c7437d6b54>@@@Z@4HA 00000001800221ac     libucrt:close.obj
 0003:000011ac       $pdata$?fin$0@?0???$?RV<lambda_a37b2b86f63e897a80ea819b0eb08c01>@@AEAV<lambda_38ce7e780aa69e748d6df282ebc68efe>@@V<lambda_99fb1378e971ab6e7edea83e3a7a83a2>@@@?$__crt_seh_guarded_call@H@@QEAAH$$QEAV<lambda_a37b2b86f63e897a80ea819b0eb08c01>@@AEAV<lambda_38ce7e780aa69e748d6df282ebc68efe>@@$$QEAV<lambda_99fb1378e971ab6e7edea83e3a7a83a2>@@@Z@4HA 00000001800221ac     libucrt:commit.obj
 0003:000011b8       $pdata$_write              00000001800221b8     libucrt:write.obj
 0003:000011c4       $pdata$_write$fin$0        00000001800221c4     libucrt:write.obj
 0003:000011d0       $pdata$_write_nolock       00000001800221d0     libucrt:write.obj
 0003:000011dc       $pdata$?write_double_translated_ansi_nolock@@YA?AUwrite_result@?A0x17268360@@HQEBDI@Z 00000001800221dc     libucrt:write.obj
 0003:000011e8       $pdata$?write_text_ansi_nolock@@YA?AUwrite_result@?A0x17268360@@HQEBDI@Z 00000001800221e8     libucrt:write.obj
 0003:000011f4       $pdata$?write_text_utf16le_nolock@@YA?AUwrite_result@?A0x17268360@@HQEBDI@Z 00000001800221f4     libucrt:write.obj
 0003:00001200       $pdata$?write_text_utf8_nolock@@YA?AUwrite_result@?A0x17268360@@HQEBDI@Z 0000000180022200     libucrt:write.obj
 0003:0000120c       $pdata$_fcloseall          000000018002220c     libucrt:closeall.obj
 0003:00001218       $pdata$_fcloseall$fin$0    0000000180022218     libucrt:closeall.obj
 0003:00001224       $pdata$__acrt_stdio_free_buffer_nolock 0000000180022224     libucrt:_freebuf.obj
 0003:00001230       $pdata$_isatty             0000000180022230     libucrt:isatty.obj
 0003:0000123c       $pdata$_isleadbyte_l       000000018002223c     libucrt:_wctype.obj
 0003:00001248       $pdata$?__mbrtowc_utf8@__crt_mbstring@@YA_KPEA_WPEBD_KPEAU_Mbstatet@@@Z 0000000180022248     libucrt:mbrtowc.obj
 0003:00001254       $pdata$?__mbsrtowcs_utf8@__crt_mbstring@@YA_KPEA_WPEAPEBD_KPEAU_Mbstatet@@@Z 0000000180022254     libucrt:mbrtowc.obj
 0003:00001260       $pdata$__acrt_locale_free_monetary 0000000180022260     libucrt:initmon.obj
 0003:0000126c       $pdata$__acrt_locale_free_numeric 000000018002226c     libucrt:initnum.obj
 0003:00001278       $pdata$__acrt_locale_free_time 0000000180022278     libucrt:inittime.obj
 0003:00001284       $pdata$?free_crt_array_internal@@YAXQEAPEBX_K@Z 0000000180022284     libucrt:inittime.obj
 0003:00001290       $pdata$??$common_lseek_nolock@_J@@YA_JH_JH@Z 0000000180022290     libucrt:lseek.obj
 0003:0000129c       $pdata$_putwch_nolock      000000018002229c     libucrt:putwch.obj
 0003:000012a8       $pdata$fclose              00000001800222a8     libucrt:fclose.obj
 0003:000012b4       $pdata$fclose$fin$0        00000001800222b4     libucrt:fclose.obj
 0003:000012c0       $pdata$_fclose_nolock      00000001800222c0     libucrt:fclose.obj
 0003:000012cc       $pdata$?__mbrtoc32_utf8@__crt_mbstring@@YA_KPEA_UPEBD_KPEAU_Mbstatet@@@Z 00000001800222cc     libucrt:mbrtoc32.obj
 0003:000012e4       $pdata$__dcrt_lowio_ensure_console_output_initialized 00000001800222e4     libucrt:initcon.obj
 0003:000012f0       $pdata$__dcrt_write_console 00000001800222f0     libucrt:initcon.obj
 0003:000012fc       $pdata$__dcrt_terminate_console_output 00000001800222fc     libucrt:initcon.obj
 0003:00001308       $pdata$_close              0000000180022308     libucrt:close.obj
 0003:00001314       $pdata$_close_nolock       0000000180022314     libucrt:close.obj
 0003:00001320       $pdata$??$?RV<lambda_751a882b2c74d4b022dec766aa51a29a>@@AEAV<lambda_628dfdc04ba53c8bfc02c9951375f3f5>@@V<lambda_f6c7be5f7998530c34de24c7437d6b54>@@@?$__crt_seh_guarded_call@H@@QEAAH$$QEAV<lambda_751a882b2c74d4b022dec766aa51a29a>@@AEAV<lambda_628dfdc04ba53c8bfc02c9951375f3f5>@@$$QEAV<lambda_f6c7be5f7998530c34de24c7437d6b54>@@@Z 0000000180022320     libucrt:close.obj
 0003:0000132c       $pdata$_call_matherr       000000018002232c     libucrt:libm_error.obj
 0003:00001338       $pdata$_exception_enabled  0000000180022338     libucrt:libm_error.obj
 0003:00001344       $pdata$_handle_error       0000000180022344     libucrt:libm_error.obj
 0003:00001350       $pdata$__acrt_initialize_fma3 0000000180022350     libucrt:fma3_available.obj
 0003:0000135c       $pdata$_log_special_common 000000018002235c     libucrt:log_special.obj
 0003:00001368       $pdata$_log10_special      0000000180022368     libucrt:log_special.obj
 0003:00001380       $pdata$_set_errno_from_matherr 0000000180022380     libucrt:fpexcept.obj
 0003:0000138c       $pdata$_raise_exc          000000018002238c     libucrt:fpexcept.obj
 0003:00001398       $pdata$_raise_exc_ex       0000000180022398     libucrt:fpexcept.obj
 0003:000013a4       $pdata$_clrfp              00000001800223a4     libucrt:fpctrl.obj
 0003:000013b0       $pdata$_ctrlfp             00000001800223b0     libucrt:fpctrl.obj
 0003:000013bc       $pdata$_ctrlfp$filt$0      00000001800223bc     libucrt:fpctrl.obj
 0003:000013c8       $pdata$_statfp             00000001800223c8     libucrt:fpctrl.obj
 0003:000013d4       $pdata$_set_statfp         00000001800223d4     libucrt:fpctrl.obj
 0003:000013e0       $pdata$_IsNonwritableInCurrentImage 00000001800223e0     LIBCMT:pesect.obj
 0003:000013ec       $pdata$_IsNonwritableInCurrentImage$filt$0 00000001800223ec     LIBCMT:pesect.obj
 0003:000013f8       $pdata$__GSHandlerCheckCommon 00000001800223f8     LIBCMT:gshandler.obj
 0003:00001404       $pdata$__GSHandlerCheck    0000000180022404     LIBCMT:gshandler.obj
 0003:0000141c       $pdata$__report_securityfailure 000000018002241c     LIBCMT:gs_report.obj
 0003:00001428       $pdata$__report_rangecheckfailure 0000000180022428     LIBCMT:gs_report.obj
 0003:00001434       $pdata$__report_gsfailure  0000000180022434     LIBCMT:gs_report.obj
 0003:00001440       $pdata$capture_current_context 0000000180022440     LIBCMT:gs_report.obj
 0003:0000144c       $pdata$capture_previous_context 000000018002244c     LIBCMT:gs_report.obj
 0003:00001458       $pdata$__raise_securityfailure 0000000180022458     LIBCMT:gs_report.obj
 0004:000007ec       .idata$6                   00000001800237ec     kernel32:KERNEL32.dll
 0004:0000080a       .idata$6                   000000018002380a     advapi32:ADVAPI32.dll
 0004:00000828       .idata$6                   0000000180023828     shell32:SHELL32.dll
 0005:00000000       MoveSmall                  0000000180024000     libvcruntime:memcpy.obj
 0005:00000050       MsetTab                    0000000180024050     libvcruntime:memset.obj
 0006:00000060       $R000000                   0000000180025060     TmpPanel.res
