 AutoWrap

 Timestamp is 604922e0 (Wed Mar 10 19:49:52 2021)

 Preferred load address is 0000000180000000

 Start         Length     Name                   Class
 0001:00000000 00000008H .CRT$XCA                CODE
 0001:00000008 00000008H .CRT$XCZ                CODE
 0001:00000010 00000008H .CRT$XIA                CODE
 0001:00000018 00000018H .CRT$XIC                CODE
 0001:00000030 00000008H .CRT$XIZ                CODE
 0001:00000038 00000008H .CRT$XPA                CODE
 0001:00000040 00000010H .CRT$XPX                CODE
 0001:00000050 00000008H .CRT$XPXA               CODE
 0001:00000058 00000008H .CRT$XPZ                CODE
 0001:00000060 00000008H .CRT$XTA                CODE
 0001:00000068 00000008H .CRT$XTZ                CODE
 0001:00000070 00000000H .gfids$y                CODE
 0001:00000070 00007828H .rdata                  CODE
 0001:00007898 000001f4H .rdata$r                CODE
 0001:00007a8c 000002c4H .rdata$zzzdbg           CODE
 0001:00007d50 00000008H .rtc$IAA                CODE
 0001:00007d58 00000008H .rtc$IZZ                CODE
 0001:00007d60 00000008H .rtc$TAA                CODE
 0001:00007d68 00000008H .rtc$TZZ                CODE
 0001:00007d70 0000d6a0H .text$mn                CODE
 0001:00015410 00000020H .text$mn$00             CODE
 0001:00015430 000002e0H .text$x                 CODE
 0001:00015710 00000c88H .xdata                  CODE
 0001:00016398 000000f8H .xdata$x                CODE
 0001:00016490 000000afH .edata                  CODE
 0002:00000000 00000a10H .data                   DATA
 0002:00000a10 000000a0H .data$r                 DATA
 0002:00000ab0 00001c90H .bss                    DATA
 0003:00000000 00000edcH .pdata                  DATA
 0004:00000000 00000230H .idata$5                DATA
 0004:00000230 00000010H .00cfg                  DATA
 0004:00000240 00000014H .idata$2                DATA
 0004:00000254 00000014H .idata$3                DATA
 0004:00000268 00000230H .idata$4                DATA
 0004:00000498 0000050eH .idata$6                DATA
 0005:00000000 00000094H _RDATA                  DATA
 0006:00000000 00000060H .rsrc$01                DATA
 0006:00000060 00000370H .rsrc$02                DATA

  Address         Publics by Value              Rva+Base               Lib:Object

 0000:00000000       __hybrid_code_map_count    0000000000000000     <absolute>
 0000:00000000       __hybrid_code_map          0000000000000000     <absolute>
 0000:00000000       __guard_iat_count          0000000000000000     <absolute>
 0000:00000000       __volatile_metadata        0000000000000000     <absolute>
 0000:00000000       __guard_longjmp_count      0000000000000000     <absolute>
 0000:00000000       __guard_longjmp_table      0000000000000000     <absolute>
 0000:00000000       __guard_iat_table          0000000000000000     <absolute>
 0000:00000000       __guard_fids_count         0000000000000000     <absolute>
 0000:00000000       ___safe_se_handler_count   0000000000000000     <absolute>
 0000:00000000       __enclave_config           0000000000000000     <absolute>
 0000:00000000       __AbsoluteZero             0000000000000000     <absolute>
 0000:00000000       ___safe_se_handler_table   0000000000000000     <absolute>
 0000:00000000       __guard_fids_table         0000000000000000     <absolute>
 0000:00000000       __dynamic_value_reloc_table 0000000000000000     <absolute>
 0000:00000000       __hybrid_auxiliary_iat     0000000000000000     <absolute>
 0000:00000100       __guard_flags              0000000000000100     <absolute>
 0000:00000000       __ImageBase                0000000180000000     <linker-defined>
 0001:00000000       __xc_a                     0000000180001000     LIBCMT:initializers.obj
 0001:00000008       __xc_z                     0000000180001008     LIBCMT:initializers.obj
 0001:00000010       __xi_a                     0000000180001010     LIBCMT:initializers.obj
 0001:00000018       __acrt_multibyte_initializer 0000000180001018     libucrt:multibyte_initializer.obj
 0001:00000020       __acrt_stdio_initializer   0000000180001020     libucrt:stdio_initializer.obj
 0001:00000028       __acrt_tran_fma3_initializer 0000000180001028     libucrt:fma3_initializer.obj
 0001:00000030       __xi_z                     0000000180001030     LIBCMT:initializers.obj
 0001:00000038       __xp_a                     0000000180001038     LIBCMT:initializers.obj
 0001:00000040       __acrt_locale_terminator   0000000180001040     libucrt:locale_initializer.obj
 0001:00000048       __dcrt_console_output_terminator 0000000180001048     libucrt:console_output_initializer.obj
 0001:00000050       __acrt_stdio_terminator    0000000180001050     libucrt:stdio_initializer.obj
 0001:00000058       __xp_z                     0000000180001058     LIBCMT:initializers.obj
 0001:00000060       __xt_a                     0000000180001060     LIBCMT:initializers.obj
 0001:00000068       __xt_z                     0000000180001068     LIBCMT:initializers.obj
 0001:00000070       MainGuid                   0000000180001070     AutoWrap.obj
 0001:00000080       MenuGuid                   0000000180001080     AutoWrap.obj
 0001:00000090       DialogGuid                 0000000180001090     AutoWrap.obj
 0001:000000a0       ??_7PluginCheckBoxBinding@@6B@ 00000001800010a0     AutoWrap.obj
 0001:000000b0       ??_7PluginEditFieldBinding@@6B@ 00000001800010b0     AutoWrap.obj
 0001:000000c0       ??_7PluginIntEditFieldBinding@@6B@ 00000001800010c0     AutoWrap.obj
 0001:000000d0       ??_C@_15EFLNJKHH@?$AA?$CF?$AAu@ 00000001800010d0     AutoWrap.obj
 0001:000000d8       ??_C@_11LOCGONAA@@         00000001800010d8     AutoWrap.obj
 0001:000000e0       ??_C@_1BC@NMCLCAKE@?$AAA?$AAu?$AAt?$AAo?$AAW?$AAr?$AAa?$AAp@ 00000001800010e0     AutoWrap.obj
 0001:000000f8       ??_C@_1DE@LDAHMEKD@?$AAA?$AAu?$AAt?$AAo?$AA?5?$AAw?$AAr?$AAa?$AAp?$AA?5?$AAf?$AAo?$AAr?$AA?5?$AAF@ 00000001800010f8     AutoWrap.obj
 0001:00000130       ??_C@_1DE@BGKMIKPD@?$AAE?$AAu?$AAg?$AAe?$AAn?$AAe?$AA?5?$AAR?$AAo?$AAs?$AAh?$AAa?$AAl?$AA?5?$AA?$CG@ 0000000180001130     AutoWrap.obj
 0001:00000168       ??_C@_19BFPOADG@?$AAW?$AAr?$AAa?$AAp@ 0000000180001168     AutoWrap.obj
 0001:00000178       ??_C@_1BI@JMKBMFLI@?$AAR?$AAi?$AAg?$AAh?$AAt?$AAM?$AAa?$AAr?$AAg?$AAi?$AAn@ 0000000180001178     AutoWrap.obj
 0001:00000190       ??_C@_17ECHFBE@?$AA?$CK?$AA?4?$AA?$CK@ 0000000180001190     AutoWrap.obj
 0001:00000198       ??_C@_1BE@GBKLIJMP@?$AAF?$AAi?$AAl?$AAe?$AAM?$AAa?$AAs?$AAk?$AAs@ 0000000180001198     AutoWrap.obj
 0001:000001b0       ??_C@_1CC@MHEGACBP@?$AAE?$AAx?$AAc?$AAl?$AAu?$AAd?$AAe?$AAF?$AAi?$AAl?$AAe?$AAM?$AAa?$AAs?$AAk@ 00000001800011b0     AutoWrap.obj
 0001:000001e0       __xmm@00000000000000020000000000000000 00000001800011e0     AutoWrap.obj
 0001:000001f0       __xmm@ffffffffffffffffffffffffffffffff 00000001800011f0     AutoWrap.obj
 0001:00000200       _pDefaultRawDllMain        0000000180001200     LIBCMT:dll_dllmain.obj
 0001:00000200       _pRawDllMain               0000000180001200     LIBCMT:dll_dllmain.obj
 0001:00000210       ??_7exception@std@@6B@     0000000180001210     LIBCMT:throw_bad_alloc.obj
 0001:00000220       ??_C@_0BC@EOODALEL@Unknown?5exception@ 0000000180001220     LIBCMT:throw_bad_alloc.obj
 0001:00000240       ??_7bad_alloc@std@@6B@     0000000180001240     LIBCMT:throw_bad_alloc.obj
 0001:00000250       ??_C@_0P@GHFPNOJB@bad?5allocation@ 0000000180001250     LIBCMT:throw_bad_alloc.obj
 0001:00000268       ??_7bad_array_new_length@std@@6B@ 0000000180001268     LIBCMT:throw_bad_alloc.obj
 0001:00000278       ??_C@_0BF@KINCDENJ@bad?5array?5new?5length@ 0000000180001278     LIBCMT:throw_bad_alloc.obj
 0001:00000298       ??_7type_info@@6B@         0000000180001298     LIBCMT:std_type_info_static.obj
 0001:000002a0       _pDestructExceptionObject  00000001800012a0     libvcruntime:ehhelpers.obj
 0001:000009b0       ??_C@_08EHJDFFNH@__based?$CI@ 00000001800019b0     libvcruntime:undname.obj
 0001:000009c0       ??_C@_07KOLFKCDI@__cdecl@  00000001800019c0     libvcruntime:undname.obj
 0001:000009c8       ??_C@_08GHMPAG@__pascal@   00000001800019c8     libvcruntime:undname.obj
 0001:000009d8       ??_C@_09IFJBGAPI@__stdcall@ 00000001800019d8     libvcruntime:undname.obj
 0001:000009e8       ??_C@_0L@NPHFGOKO@__thiscall@ 00000001800019e8     libvcruntime:undname.obj
 0001:000009f8       ??_C@_0L@JMKHOMEK@__fastcall@ 00000001800019f8     libvcruntime:undname.obj
 0001:00000a08       ??_C@_0N@BCKKPABJ@__vectorcall@ 0000000180001a08     libvcruntime:undname.obj
 0001:00000a18       ??_C@_09HIJEGCPM@__clrcall@ 0000000180001a18     libvcruntime:undname.obj
 0001:00000a24       ??_C@_06GHPCKEAG@__eabi@   0000000180001a24     libvcruntime:undname.obj
 0001:00000a30       ??_C@_09IOPIDJLG@__swift_1@ 0000000180001a30     libvcruntime:undname.obj
 0001:00000a40       ??_C@_09KFNFGKHF@__swift_2@ 0000000180001a40     libvcruntime:undname.obj
 0001:00000a50       ??_C@_07JOMMBBKO@__ptr64@  0000000180001a50     libvcruntime:undname.obj
 0001:00000a58       ??_C@_0L@PILCLIHE@__restrict@ 0000000180001a58     libvcruntime:undname.obj
 0001:00000a68       ??_C@_0M@GFIIJFMG@__unaligned@ 0000000180001a68     libvcruntime:undname.obj
 0001:00000a78       ??_C@_09DHDLOLLB@restrict?$CI@ 0000000180001a78     libvcruntime:undname.obj
 0001:00000a82       ??_C@_00CNPNBAHC@@         0000000180001a82     libvcruntime:undname.obj
 0001:00000a84       ??_C@_04NIHEBCM@?5new@     0000000180001a84     libvcruntime:undname.obj
 0001:00000a90       ??_C@_07FPCDHGMM@?5delete@ 0000000180001a90     libvcruntime:undname.obj
 0001:00000a98       ??_C@_01NEMOKFLO@?$DN@     0000000180001a98     libvcruntime:undname.obj
 0001:00000a9c       ??_C@_02GPIOPFAK@?$DO?$DO@ 0000000180001a9c     libvcruntime:undname.obj
 0001:00000aa0       ??_C@_02FODMEDOG@?$DM?$DM@ 0000000180001aa0     libvcruntime:undname.obj
 0001:00000aa4       ??_C@_01DCLJPIOD@?$CB@     0000000180001aa4     libvcruntime:undname.obj
 0001:00000aa8       ??_C@_02EGOFBIJA@?$DN?$DN@ 0000000180001aa8     libvcruntime:undname.obj
 0001:00000aac       ??_C@_02FDNJECIE@?$CB?$DN@ 0000000180001aac     libvcruntime:undname.obj
 0001:00000ab0       ??_C@_02GPECMEKF@?$FL?$FN@ 0000000180001ab0     libvcruntime:undname.obj
 0001:00000ab8       ??_C@_08LHJFAFGD@operator@ 0000000180001ab8     libvcruntime:undname.obj
 0001:00000ac4       ??_C@_02HBOOOICD@?9?$DO@   0000000180001ac4     libvcruntime:undname.obj
 0001:00000ac8       ??_C@_01NBENCBCI@?$CK@     0000000180001ac8     libvcruntime:undname.obj
 0001:00000acc       ??_C@_02ECNGHCIF@?$CL?$CL@ 0000000180001acc     libvcruntime:undname.obj
 0001:00000ad0       ??_C@_02BAABKJLB@?9?9@     0000000180001ad0     libvcruntime:undname.obj
 0001:00000ad4       ??_C@_01JOAMLHOP@?9@       0000000180001ad4     libvcruntime:undname.obj
 0001:00000ad8       ??_C@_01MIFGBAGJ@?$CL@     0000000180001ad8     libvcruntime:undname.obj
 0001:00000adc       ??_C@_01HNPIGOCE@?$CG@     0000000180001adc     libvcruntime:undname.obj
 0001:00000ae0       ??_C@_03MNHNFDLC@?9?$DO?$CK@ 0000000180001ae0     libvcruntime:undname.obj
 0001:00000ae4       ??_C@_01KMDKNFGN@?1@       0000000180001ae4     libvcruntime:undname.obj
 0001:00000ae8       ??_C@_01FGNFDNOH@?$CF@     0000000180001ae8     libvcruntime:undname.obj
 0001:00000aec       ??_C@_01MNNFJEPP@?$DM@     0000000180001aec     libvcruntime:undname.obj
 0001:00000af0       ??_C@_02EHCHHCKH@?$DM?$DN@ 0000000180001af0     libvcruntime:undname.obj
 0001:00000af4       ??_C@_01PPODPGHN@?$DO@     0000000180001af4     libvcruntime:undname.obj
 0001:00000af8       ??_C@_02EEKDKGMJ@?$DO?$DN@ 0000000180001af8     libvcruntime:undname.obj
 0001:00000afc       ??_C@_01IHBHIGKO@?0@       0000000180001afc     libvcruntime:undname.obj
 0001:00000b00       ??_C@_02HCKGKOFO@?$CI?$CJ@ 0000000180001b00     libvcruntime:undname.obj
 0001:00000b04       ??_C@_01PJKLJHI@?$HO@      0000000180001b04     libvcruntime:undname.obj
 0001:00000b08       ??_C@_01JKBOJNNK@?$FO@     0000000180001b08     libvcruntime:undname.obj
 0001:00000b0c       ??_C@_01DNKMNLPK@?$HM@     0000000180001b0c     libvcruntime:undname.obj
 0001:00000b10       ??_C@_02PPKAJPJL@?$CG?$CG@ 0000000180001b10     libvcruntime:undname.obj
 0001:00000b14       ??_C@_02NONPIBCD@?$HM?$HM@ 0000000180001b14     libvcruntime:undname.obj
 0001:00000b18       ??_C@_02FPIMKNGF@?$CK?$DN@ 0000000180001b18     libvcruntime:undname.obj
 0001:00000b1c       ??_C@_02FOEOMHFC@?$CL?$DN@ 0000000180001b1c     libvcruntime:undname.obj
 0001:00000b20       ??_C@_02FKMDLLOA@?9?$DN@   0000000180001b20     libvcruntime:undname.obj
 0001:00000b24       ??_C@_02FJEHGPIO@?1?$DN@   0000000180001b24     libvcruntime:undname.obj
 0001:00000b28       ??_C@_02FENAOKFI@?$CF?$DN@ 0000000180001b28     libvcruntime:undname.obj
 0001:00000b2c       ??_C@_03IKFCCPFF@?$DO?$DO?$DN@ 0000000180001b2c     libvcruntime:undname.obj
 0001:00000b30       ??_C@_03CDNPDDLA@?$DM?$DM?$DN@ 0000000180001b30     libvcruntime:undname.obj
 0001:00000b34       ??_C@_02FGJGFEAB@?$CG?$DN@ 0000000180001b34     libvcruntime:undname.obj
 0001:00000b38       ??_C@_02DHLNPPGH@?$HM?$DN@ 0000000180001b38     libvcruntime:undname.obj
 0001:00000b3c       ??_C@_02MHEGNOJ@?$FO?$DN@  0000000180001b3c     libvcruntime:undname.obj
 0001:00000b40       ??_C@_09IFPLHPGF@?$GAvftable?8@ 0000000180001b40     libvcruntime:undname.obj
 0001:00000b50       ??_C@_09BLBHBJP@?$GAvbtable?8@ 0000000180001b50     libvcruntime:undname.obj
 0001:00000b60       ??_C@_07FEEIOKP@?$GAvcall?8@ 0000000180001b60     libvcruntime:undname.obj
 0001:00000b68       ??_C@_08LLFFHHDJ@?$GAtypeof?8@ 0000000180001b68     libvcruntime:undname.obj
 0001:00000b78       ??_C@_0BF@KDPPACIK@?$GAlocal?5static?5guard?8@ 0000000180001b78     libvcruntime:undname.obj
 0001:00000b90       ??_C@_08OBABFOLI@?$GAstring?8@ 0000000180001b90     libvcruntime:undname.obj
 0001:00000ba0       ??_C@_0BD@JDLKDPAB@?$GAvbase?5destructor?8@ 0000000180001ba0     libvcruntime:undname.obj
 0001:00000bb8       ??_C@_0BN@DEGPLNFK@?$GAvector?5deleting?5destructor?8@ 0000000180001bb8     libvcruntime:undname.obj
 0001:00000bd8       ??_C@_0BO@OBMKPJIG@?$GAdefault?5constructor?5closure?8@ 0000000180001bd8     libvcruntime:undname.obj
 0001:00000bf8       ??_C@_0BN@IMDCHIKM@?$GAscalar?5deleting?5destructor?8@ 0000000180001bf8     libvcruntime:undname.obj
 0001:00000c18       ??_C@_0BO@PFGOCPJJ@?$GAvector?5constructor?5iterator?8@ 0000000180001c18     libvcruntime:undname.obj
 0001:00000c38       ??_C@_0BN@LFPFMEDL@?$GAvector?5destructor?5iterator?8@ 0000000180001c38     libvcruntime:undname.obj
 0001:00000c58       ??_C@_0CE@IKBNEHA@?$GAvector?5vbase?5constructor?5itera@ 0000000180001c58     libvcruntime:undname.obj
 0001:00000c80       ??_C@_0BL@NILFHHPC@?$GAvirtual?5displacement?5map?8@ 0000000180001c80     libvcruntime:undname.obj
 0001:00000ca0       ??_C@_0CB@JONCMFFK@?$GAeh?5vector?5constructor?5iterator@ 0000000180001ca0     libvcruntime:undname.obj
 0001:00000cc8       ??_C@_0CA@GCEOPDGL@?$GAeh?5vector?5destructor?5iterator?8@ 0000000180001cc8     libvcruntime:undname.obj
 0001:00000ce8       ??_C@_0CH@OOJPLCPH@?$GAeh?5vector?5vbase?5constructor?5it@ 0000000180001ce8     libvcruntime:undname.obj
 0001:00000d10       ??_C@_0BL@LLKPOHJI@?$GAcopy?5constructor?5closure?8@ 0000000180001d10     libvcruntime:undname.obj
 0001:00000d30       ??_C@_0BA@KBCDOMBN@?$GAudt?5returning?8@ 0000000180001d30     libvcruntime:undname.obj
 0001:00000d40       ??_C@_03KLGMFNMG@?$GAEH@   0000000180001d40     libvcruntime:undname.obj
 0001:00000d44       ??_C@_05KHLCHHI@?$GARTTI@  0000000180001d44     libvcruntime:undname.obj
 0001:00000d50       ??_C@_0BA@KKLDJDLB@?$GAlocal?5vftable?8@ 0000000180001d50     libvcruntime:undname.obj
 0001:00000d60       ??_C@_0CE@IIHCMGGL@?$GAlocal?5vftable?5constructor?5clos@ 0000000180001d60     libvcruntime:undname.obj
 0001:00000d84       ??_C@_06FHBGPFGH@?5new?$FL?$FN@ 0000000180001d84     libvcruntime:undname.obj
 0001:00000d90       ??_C@_09LBNFPBCA@?5delete?$FL?$FN@ 0000000180001d90     libvcruntime:undname.obj
 0001:00000da0       ??_C@_0P@HJKNJFNN@?$GAomni?5callsig?8@ 0000000180001da0     libvcruntime:undname.obj
 0001:00000db0       ??_C@_0BL@CNOONJFP@?$GAplacement?5delete?5closure?8@ 0000000180001db0     libvcruntime:undname.obj
 0001:00000dd0       ??_C@_0BN@CKNJLHMB@?$GAplacement?5delete?$FL?$FN?5closure?8@ 0000000180001dd0     libvcruntime:undname.obj
 0001:00000df0       ??_C@_0CG@CFDHKGGD@?$GAmanaged?5vector?5constructor?5ite@ 0000000180001df0     libvcruntime:undname.obj
 0001:00000e18       ??_C@_0CF@IMGKMJNO@?$GAmanaged?5vector?5destructor?5iter@ 0000000180001e18     libvcruntime:undname.obj
 0001:00000e40       ??_C@_0CG@HLDDJMAG@?$GAeh?5vector?5copy?5constructor?5ite@ 0000000180001e40     libvcruntime:undname.obj
 0001:00000e68       ??_C@_0CM@FCBBDIGB@?$GAeh?5vector?5vbase?5copy?5construct@ 0000000180001e68     libvcruntime:undname.obj
 0001:00000e98       ??_C@_0BL@CLIPGLGB@?$GAdynamic?5initializer?5for?5?8@ 0000000180001e98     libvcruntime:undname.obj
 0001:00000eb8       ??_C@_0CB@PDBIFEP@?$GAdynamic?5atexit?5destructor?5for?5@ 0000000180001eb8     libvcruntime:undname.obj
 0001:00000ee0       ??_C@_0CD@CGAJBKEJ@?$GAvector?5copy?5constructor?5iterat@ 0000000180001ee0     libvcruntime:undname.obj
 0001:00000f08       ??_C@_0CJ@GJELGAMM@?$GAvector?5vbase?5copy?5constructor?5@ 0000000180001f08     libvcruntime:undname.obj
 0001:00000f38       ??_C@_0CL@FGIJHLCE@?$GAmanaged?5vector?5copy?5constructo@ 0000000180001f38     libvcruntime:undname.obj
 0001:00000f68       ??_C@_0BM@PMGGMLDN@?$GAlocal?5static?5thread?5guard?8@ 0000000180001f68     libvcruntime:undname.obj
 0001:00000f88       ??_C@_0N@BDNMDMOL@operator?5?$CC?$CC?5@ 0000000180001f88     libvcruntime:undname.obj
 0001:00000f98       ??_C@_0BC@GGEBGALA@operator?5co_await@ 0000000180001f98     libvcruntime:undname.obj
 0001:00000fb0       ??_C@_0M@GAAIMMOH@operator?$DM?$DN?$DO@ 0000000180001fb0     libvcruntime:undname.obj
 0001:00000fc0       ??_C@_0BC@DAFEJGAK@?5Type?5Descriptor?8@ 0000000180001fc0     libvcruntime:undname.obj
 0001:00000fd8       ??_C@_0BM@LDKODKLH@?5Base?5Class?5Descriptor?5at?5?$CI@ 0000000180001fd8     libvcruntime:undname.obj
 0001:00000ff8       ??_C@_0BD@LGICGFMM@?5Base?5Class?5Array?8@ 0000000180001ff8     libvcruntime:undname.obj
 0001:00001010       ??_C@_0BN@MECKDCOJ@?5Class?5Hierarchy?5Descriptor?8@ 0000000180002010     libvcruntime:undname.obj
 0001:00001030       ??_C@_0BK@CFCOFLF@?5Complete?5Object?5Locator?8@ 0000000180002030     libvcruntime:undname.obj
 0001:00001050       ??_C@_0BG@JNJLAMPM@?$GAanonymous?5namespace?8@ 0000000180002050     libvcruntime:undname.obj
 0001:00001080       ??_C@_1DM@KHCHBNEB@?$AAa?$AAp?$AAi?$AA?9?$AAm?$AAs?$AA?9?$AAw?$AAi?$AAn?$AA?9?$AAc?$AAo?$AAr?$AAe@ 0000000180002080     libvcruntime:winapi_downlevel.obj
 0001:000010c0       ??_C@_1DK@LPPGFMPP@?$AAa?$AAp?$AAi?$AA?9?$AAm?$AAs?$AA?9?$AAw?$AAi?$AAn?$AA?9?$AAc?$AAo?$AAr?$AAe@ 00000001800020c0     libvcruntime:winapi_downlevel.obj
 0001:00001100       ??_C@_1BC@GDMECMAK@?$AAk?$AAe?$AAr?$AAn?$AAe?$AAl?$AA3?$AA2@ 0000000180002100     libvcruntime:winapi_downlevel.obj
 0001:00001118       ??_C@_1BA@PFFKHIOG@?$AAa?$AAp?$AAi?$AA?9?$AAm?$AAs?$AA?9@ 0000000180002118     libvcruntime:winapi_downlevel.obj
 0001:00001130       ??_C@_08KNHFBNJ@FlsAlloc@  0000000180002130     libvcruntime:winapi_downlevel.obj
 0001:00001148       ??_C@_07PEJMOBNF@FlsFree@  0000000180002148     libvcruntime:winapi_downlevel.obj
 0001:00001158       ??_C@_0M@GDNOONDI@FlsGetValue@ 0000000180002158     libvcruntime:winapi_downlevel.obj
 0001:00001170       ??_C@_0M@JCPCPOEF@FlsSetValue@ 0000000180002170     libvcruntime:winapi_downlevel.obj
 0001:00001188       ??_C@_0BM@HCFOFFN@InitializeCriticalSectionEx@ 0000000180002188     libvcruntime:winapi_downlevel.obj
 0001:000011b0       __acrt_exception_action_table 00000001800021b0     libucrt:exception_filter.obj
 0001:00001270       __acrt_signal_action_table_count 0000000180002270     libucrt:exception_filter.obj
 0001:00001278       __acrt_signal_action_first_fpe_index 0000000180002278     libucrt:exception_filter.obj
 0001:00001280       __acrt_signal_action_fpe_count 0000000180002280     libucrt:exception_filter.obj
 0001:00001288       ??_C@_1BI@BGOHAHKC@?$AAm?$AAs?$AAc?$AAo?$AAr?$AAe?$AAe?$AA?4?$AAd?$AAl?$AAl@ 0000000180002288     libucrt:exit.obj
 0001:000012a0       ??_C@_0P@MIGLKIOC@CorExitProcess@ 00000001800022a0     libucrt:exit.obj
 0001:000013b0       __lc_time_c                00000001800023b0     libucrt:nlsdata.obj
 0001:00001670       ??_C@_03KOEHGMDN@Sun@      0000000180002670     libucrt:nlsdata.obj
 0001:00001674       ??_C@_03PDAGKDH@Mon@       0000000180002674     libucrt:nlsdata.obj
 0001:00001678       ??_C@_03NAGEINEP@Tue@      0000000180002678     libucrt:nlsdata.obj
 0001:0000167c       ??_C@_03MHOMLAJA@Wed@      000000018000267c     libucrt:nlsdata.obj
 0001:00001680       ??_C@_03IOFIKPDN@Thu@      0000000180002680     libucrt:nlsdata.obj
 0001:00001684       ??_C@_03IDIOELNC@Fri@      0000000180002684     libucrt:nlsdata.obj
 0001:00001688       ??_C@_03FEFJNEK@Sat@       0000000180002688     libucrt:nlsdata.obj
 0001:0000168c       ??_C@_06OOPIFAJ@Sunday@    000000018000268c     libucrt:nlsdata.obj
 0001:00001694       ??_C@_06JLEDEDGH@Monday@   0000000180002694     libucrt:nlsdata.obj
 0001:000016a0       ??_C@_07BAAGCFCM@Tuesday@  00000001800026a0     libucrt:nlsdata.obj
 0001:000016a8       ??_C@_09DLIGFAKA@Wednesday@ 00000001800026a8     libucrt:nlsdata.obj
 0001:000016b8       ??_C@_08HACCIKIA@Thursday@ 00000001800026b8     libucrt:nlsdata.obj
 0001:000016c4       ??_C@_06JECMNKMI@Friday@   00000001800026c4     libucrt:nlsdata.obj
 0001:000016d0       ??_C@_08INBOOONO@Saturday@ 00000001800026d0     libucrt:nlsdata.obj
 0001:000016dc       ??_C@_03JIHJHPIE@Jan@      00000001800026dc     libucrt:nlsdata.obj
 0001:000016e0       ??_C@_03HJBDCHOM@Feb@      00000001800026e0     libucrt:nlsdata.obj
 0001:000016e4       ??_C@_03ODNJBKGA@Mar@      00000001800026e4     libucrt:nlsdata.obj
 0001:000016e8       ??_C@_03LEOLGMJP@Apr@      00000001800026e8     libucrt:nlsdata.obj
 0001:000016ec       ??_C@_03CNMDKL@May@        00000001800026ec     libucrt:nlsdata.obj
 0001:000016f0       ??_C@_03IDFGHECI@Jun@      00000001800026f0     libucrt:nlsdata.obj
 0001:000016f4       ??_C@_03LBGABGKK@Jul@      00000001800026f4     libucrt:nlsdata.obj
 0001:000016f8       ??_C@_03IFJFEIGA@Aug@      00000001800026f8     libucrt:nlsdata.obj
 0001:000016fc       ??_C@_03GGCAPAJC@Sep@      00000001800026fc     libucrt:nlsdata.obj
 0001:00001700       ??_C@_03BMAOKBAD@Oct@      0000000180002700     libucrt:nlsdata.obj
 0001:00001704       ??_C@_03JPJOFNIA@Nov@      0000000180002704     libucrt:nlsdata.obj
 0001:00001708       ??_C@_03MKABNOCG@Dec@      0000000180002708     libucrt:nlsdata.obj
 0001:00001710       ??_C@_07CGJPFGJA@January@  0000000180002710     libucrt:nlsdata.obj
 0001:00001718       ??_C@_08GNJGEPFN@February@ 0000000180002718     libucrt:nlsdata.obj
 0001:00001724       ??_C@_05HPCKOFNC@March@    0000000180002724     libucrt:nlsdata.obj
 0001:0000172c       ??_C@_05DMJDNLEJ@April@    000000018000272c     libucrt:nlsdata.obj
 0001:00001734       ??_C@_04CNLMGBGM@June@     0000000180002734     libucrt:nlsdata.obj
 0001:0000173c       ??_C@_04MIEPOIFP@July@     000000018000273c     libucrt:nlsdata.obj
 0001:00001744       ??_C@_06LBBHFDDG@August@   0000000180002744     libucrt:nlsdata.obj
 0001:00001750       ??_C@_09BHHEALKD@September@ 0000000180002750     libucrt:nlsdata.obj
 0001:00001760       ??_C@_07JJNFCEND@October@  0000000180002760     libucrt:nlsdata.obj
 0001:00001768       ??_C@_08HCHEGEOA@November@ 0000000180002768     libucrt:nlsdata.obj
 0001:00001778       ??_C@_08EDHMEBNP@December@ 0000000180002778     libucrt:nlsdata.obj
 0001:00001784       ??_C@_02DEDBPAFC@AM@       0000000180002784     libucrt:nlsdata.obj
 0001:00001788       ??_C@_02CJNFDJBF@PM@       0000000180002788     libucrt:nlsdata.obj
 0001:00001790       ??_C@_08BPBNCDIB@MM?1dd?1yy@ 0000000180002790     libucrt:nlsdata.obj
 0001:000017a0       ??_C@_0BE@CKGJFCPC@dddd?0?5MMMM?5dd?0?5yyyy@ 00000001800027a0     libucrt:nlsdata.obj
 0001:000017b8       ??_C@_08JCCMCCIL@HH?3mm?3ss@ 00000001800027b8     libucrt:nlsdata.obj
 0001:000017c8       ??_C@_17MBGCMIPB@?$AAS?$AAu?$AAn@ 00000001800027c8     libucrt:nlsdata.obj
 0001:000017d0       ??_C@_17KBOMKBF@?$AAM?$AAo?$AAn@ 00000001800027d0     libucrt:nlsdata.obj
 0001:000017d8       ??_C@_17BMKGEGOJ@?$AAT?$AAu?$AAe@ 00000001800027d8     libucrt:nlsdata.obj
 0001:000017e0       ??_C@_17CJEDCEPE@?$AAW?$AAe?$AAd@ 00000001800027e0     libucrt:nlsdata.obj
 0001:000017e8       ??_C@_17PDPHAADD@?$AAT?$AAh?$AAu@ 00000001800027e8     libucrt:nlsdata.obj
 0001:000017f0       ??_C@_17HFOLPPLP@?$AAF?$AAr?$AAi@ 00000001800027f0     libucrt:nlsdata.obj
 0001:000017f8       ??_C@_17GGIBDPIH@?$AAS?$AAa?$AAt@ 00000001800027f8     libucrt:nlsdata.obj
 0001:00001800       ??_C@_1O@IHNHDHPB@?$AAS?$AAu?$AAn?$AAd?$AAa?$AAy@ 0000000180002800     libucrt:nlsdata.obj
 0001:00001810       ??_C@_1O@MMNBFLIA@?$AAM?$AAo?$AAn?$AAd?$AAa?$AAy@ 0000000180002810     libucrt:nlsdata.obj
 0001:00001820       ??_C@_1BA@ENFBFFEK@?$AAT?$AAu?$AAe?$AAs?$AAd?$AAa?$AAy@ 0000000180002820     libucrt:nlsdata.obj
 0001:00001830       ??_C@_1BE@EBOGMDOH@?$AAW?$AAe?$AAd?$AAn?$AAe?$AAs?$AAd?$AAa?$AAy@ 0000000180002830     libucrt:nlsdata.obj
 0001:00001848       ??_C@_1BC@HHMNLIHE@?$AAT?$AAh?$AAu?$AAr?$AAs?$AAd?$AAa?$AAy@ 0000000180002848     libucrt:nlsdata.obj
 0001:00001860       ??_C@_1O@PDICJHAG@?$AAF?$AAr?$AAi?$AAd?$AAa?$AAy@ 0000000180002860     libucrt:nlsdata.obj
 0001:00001870       ??_C@_1BC@ENMNNPAJ@?$AAS?$AAa?$AAt?$AAu?$AAr?$AAd?$AAa?$AAy@ 0000000180002870     libucrt:nlsdata.obj
 0001:00001888       ??_C@_17DKNBKCHM@?$AAJ?$AAa?$AAn@ 0000000180002888     libucrt:nlsdata.obj
 0001:00001890       ??_C@_17LMDJEKJN@?$AAF?$AAe?$AAb@ 0000000180002890     libucrt:nlsdata.obj
 0001:00001898       ??_C@_17CKNLEDEC@?$AAM?$AAa?$AAr@ 0000000180002898     libucrt:nlsdata.obj
 0001:000018a0       ??_C@_17LFPOIHDD@?$AAA?$AAp?$AAr@ 00000001800028a0     libucrt:nlsdata.obj
 0001:000018a8       ??_C@_17PNNKMEED@?$AAM?$AAa?$AAy@ 00000001800028a8     libucrt:nlsdata.obj
 0001:000018b0       ??_C@_17KCJGOCPB@?$AAJ?$AAu?$AAn@ 00000001800028b0     libucrt:nlsdata.obj
 0001:000018b8       ??_C@_17IJPCKHK@?$AAJ?$AAu?$AAl@ 00000001800028b8     libucrt:nlsdata.obj
 0001:000018c0       ??_C@_17ICPELBCN@?$AAA?$AAu?$AAg@ 00000001800028c0     libucrt:nlsdata.obj
 0001:000018c8       ??_C@_17HCHCOKMG@?$AAS?$AAe?$AAp@ 00000001800028c8     libucrt:nlsdata.obj
 0001:000018d0       ??_C@_17FNLKOI@?$AAO?$AAc?$AAt@ 00000001800028d0     libucrt:nlsdata.obj
 0001:000018d8       ??_C@_17BBDMLCIG@?$AAN?$AAo?$AAv@ 00000001800028d8     libucrt:nlsdata.obj
 0001:000018e0       ??_C@_17EGKACKIF@?$AAD?$AAe?$AAc@ 00000001800028e0     libucrt:nlsdata.obj
 0001:000018e8       ??_C@_1BA@EFMEIEBA@?$AAJ?$AAa?$AAn?$AAu?$AAa?$AAr?$AAy@ 00000001800028e8     libucrt:nlsdata.obj
 0001:000018f8       ??_C@_1BC@JGDDFFAM@?$AAF?$AAe?$AAb?$AAr?$AAu?$AAa?$AAr?$AAy@ 00000001800028f8     libucrt:nlsdata.obj
 0001:00001910       ??_C@_1M@IKEENEDF@?$AAM?$AAa?$AAr?$AAc?$AAh@ 0000000180002910     libucrt:nlsdata.obj
 0001:00001920       ??_C@_1M@GJNLMHFD@?$AAA?$AAp?$AAr?$AAi?$AAl@ 0000000180002920     libucrt:nlsdata.obj
 0001:00001930       ??_C@_19EPFLPGAP@?$AAJ?$AAu?$AAn?$AAe@ 0000000180002930     libucrt:nlsdata.obj
 0001:00001940       ??_C@_19BIFMLPCD@?$AAJ?$AAu?$AAl?$AAy@ 0000000180002940     libucrt:nlsdata.obj
 0001:00001950       ??_C@_1O@PAHLKOAC@?$AAA?$AAu?$AAg?$AAu?$AAs?$AAt@ 0000000180002950     libucrt:nlsdata.obj
 0001:00001960       ??_C@_1BE@DKAAMBJL@?$AAS?$AAe?$AAp?$AAt?$AAe?$AAm?$AAb?$AAe?$AAr@ 0000000180002960     libucrt:nlsdata.obj
 0001:00001978       ??_C@_1BA@EPANDLNG@?$AAO?$AAc?$AAt?$AAo?$AAb?$AAe?$AAr@ 0000000180002978     libucrt:nlsdata.obj
 0001:00001988       ??_C@_1BC@BGLIFPF@?$AAN?$AAo?$AAv?$AAe?$AAm?$AAb?$AAe?$AAr@ 0000000180002988     libucrt:nlsdata.obj
 0001:000019a0       ??_C@_1BC@FEMKIFH@?$AAD?$AAe?$AAc?$AAe?$AAm?$AAb?$AAe?$AAr@ 00000001800029a0     libucrt:nlsdata.obj
 0001:000019b4       ??_C@_15ODEHAHHF@?$AAA?$AAM@ 00000001800029b4     libucrt:nlsdata.obj
 0001:000019bc       ??_C@_15CLMNNGEL@?$AAP?$AAM@ 00000001800029bc     libucrt:nlsdata.obj
 0001:000019c8       ??_C@_1BC@IEBCMHCM@?$AAM?$AAM?$AA?1?$AAd?$AAd?$AA?1?$AAy?$AAy@ 00000001800029c8     libucrt:nlsdata.obj
 0001:000019e0       ??_C@_1CI@KNAKOEBC@?$AAd?$AAd?$AAd?$AAd?$AA?0?$AA?5?$AAM?$AAM?$AAM?$AAM?$AA?5?$AAd?$AAd?$AA?0?$AA?5@ 00000001800029e0     libucrt:nlsdata.obj
 0001:00001a08       ??_C@_1BC@GDGBMEMK@?$AAH?$AAH?$AA?3?$AAm?$AAm?$AA?3?$AAs?$AAs@ 0000000180002a08     libucrt:nlsdata.obj
 0001:00001a20       ??_C@_1M@BMHNFIME@?$AAe?$AAn?$AA?9?$AAU?$AAS@ 0000000180002a20     libucrt:nlsdata.obj
 0001:00001bb8       ??_C@_1M@HPNHIDJI@?$AAj?$AAa?$AA?9?$AAJ?$AAP@ 0000000180002bb8     libucrt:mbctype.obj
 0001:00001bc8       ??_C@_1M@BIBDDEMK@?$AAz?$AAh?$AA?9?$AAC?$AAN@ 0000000180002bc8     libucrt:mbctype.obj
 0001:00001bd8       ??_C@_1M@JLOOOEGK@?$AAk?$AAo?$AA?9?$AAK?$AAR@ 0000000180002bd8     libucrt:mbctype.obj
 0001:00001be8       ??_C@_1M@CLNBBOPM@?$AAz?$AAh?$AA?9?$AAT?$AAW@ 0000000180002be8     libucrt:mbctype.obj
 0001:00001ca0       ??_C@_1EA@JGEFHKEI@?$AAa?$AAp?$AAi?$AA?9?$AAm?$AAs?$AA?9?$AAw?$AAi?$AAn?$AA?9?$AAc?$AAo?$AAr?$AAe@ 0000000180002ca0     libucrt:winapi_thunks.obj
 0001:00001ce0       ??_C@_1DI@IJCEHOCB@?$AAa?$AAp?$AAi?$AA?9?$AAm?$AAs?$AA?9?$AAw?$AAi?$AAn?$AA?9?$AAc?$AAo?$AAr?$AAe@ 0000000180002ce0     libucrt:winapi_thunks.obj
 0001:00001d20       ??_C@_1EI@MPIAOHOC@?$AAa?$AAp?$AAi?$AA?9?$AAm?$AAs?$AA?9?$AAw?$AAi?$AAn?$AA?9?$AAc?$AAo?$AAr?$AAe@ 0000000180002d20     libucrt:winapi_thunks.obj
 0001:00001d70       ??_C@_1FK@FPHCKFIE@?$AAa?$AAp?$AAi?$AA?9?$AAm?$AAs?$AA?9?$AAw?$AAi?$AAn?$AA?9?$AAc?$AAo?$AAr?$AAe@ 0000000180002d70     libucrt:winapi_thunks.obj
 0001:00001dd0       ??_C@_1EM@DILCGIIO@?$AAa?$AAp?$AAi?$AA?9?$AAm?$AAs?$AA?9?$AAw?$AAi?$AAn?$AA?9?$AAc?$AAo?$AAr?$AAe@ 0000000180002dd0     libucrt:winapi_thunks.obj
 0001:00001e20       ??_C@_1DM@LNCGDDPN@?$AAa?$AAp?$AAi?$AA?9?$AAm?$AAs?$AA?9?$AAw?$AAi?$AAn?$AA?9?$AAc?$AAo?$AAr?$AAe@ 0000000180002e20     libucrt:winapi_thunks.obj
 0001:00001e60       ??_C@_1DO@FPAPJEMD@?$AAa?$AAp?$AAi?$AA?9?$AAm?$AAs?$AA?9?$AAw?$AAi?$AAn?$AA?9?$AAc?$AAo?$AAr?$AAe@ 0000000180002e60     libucrt:winapi_thunks.obj
 0001:00001ea0       ??_C@_1DK@NDHNAHIO@?$AAa?$AAp?$AAi?$AA?9?$AAm?$AAs?$AA?9?$AAw?$AAi?$AAn?$AA?9?$AAc?$AAo?$AAr?$AAe@ 0000000180002ea0     libucrt:winapi_thunks.obj
 0001:00001ee0       ??_C@_1DM@KGHDGBCM@?$AAa?$AAp?$AAi?$AA?9?$AAm?$AAs?$AA?9?$AAw?$AAi?$AAn?$AA?9?$AAc?$AAo?$AAr?$AAe@ 0000000180002ee0     libucrt:winapi_thunks.obj
 0001:00001f20       ??_C@_1EO@IJIOEFOH@?$AAa?$AAp?$AAi?$AA?9?$AAm?$AAs?$AA?9?$AAw?$AAi?$AAn?$AA?9?$AAr?$AAt?$AAc?$AAo@ 0000000180002f20     libucrt:winapi_thunks.obj
 0001:00001f70       ??_C@_1FG@HHGEKANL@?$AAa?$AAp?$AAi?$AA?9?$AAm?$AAs?$AA?9?$AAw?$AAi?$AAn?$AA?9?$AAs?$AAe?$AAc?$AAu@ 0000000180002f70     libucrt:winapi_thunks.obj
 0001:00001fd0       ??_C@_1EG@DBIOJECG@?$AAe?$AAx?$AAt?$AA?9?$AAm?$AAs?$AA?9?$AAw?$AAi?$AAn?$AA?9?$AAn?$AAt?$AAu?$AAs@ 0000000180002fd0     libucrt:winapi_thunks.obj
 0001:00002020       ??_C@_1EO@FIHMJCLF@?$AAe?$AAx?$AAt?$AA?9?$AAm?$AAs?$AA?9?$AAw?$AAi?$AAn?$AA?9?$AAn?$AAt?$AAu?$AAs@ 0000000180003020     libucrt:winapi_thunks.obj
 0001:00002070       ??_C@_1BC@DNHGCMLG@?$AAa?$AAd?$AAv?$AAa?$AAp?$AAi?$AA3?$AA2@ 0000000180003070     libucrt:winapi_thunks.obj
 0001:00002088       ??_C@_1M@OAIMIKLP@?$AAn?$AAt?$AAd?$AAl?$AAl@ 0000000180003088     libucrt:winapi_thunks.obj
 0001:000020a0       ??_C@_1EG@DPGNFKGC@?$AAa?$AAp?$AAi?$AA?9?$AAm?$AAs?$AA?9?$AAw?$AAi?$AAn?$AA?9?$AAa?$AAp?$AAp?$AAm@ 00000001800030a0     libucrt:winapi_thunks.obj
 0001:000020e8       ??_C@_1O@BCCLBEOE@?$AAu?$AAs?$AAe?$AAr?$AA3?$AA2@ 00000001800030e8     libucrt:winapi_thunks.obj
 0001:000020f8       ??_C@_1BA@IAIFMGEF@?$AAe?$AAx?$AAt?$AA?9?$AAm?$AAs?$AA?9@ 00000001800030f8     libucrt:winapi_thunks.obj
 0001:00002110       ??_C@_0BA@FHFNEAED@AreFileApisANSI@ 0000000180003110     libucrt:winapi_thunks.obj
 0001:00002150       ??_C@_0O@KKBNKAPF@LCMapStringEx@ 0000000180003150     libucrt:winapi_thunks.obj
 0001:00002168       ??_C@_0BB@HBDEELFH@LocaleNameToLCID@ 0000000180003168     libucrt:winapi_thunks.obj
 0001:00002180       ??_C@_0CF@OJOFEIGO@AppPolicyGetProcessTerminationM@ 0000000180003180     libucrt:winapi_thunks.obj
 0001:000021b0       __newctype                 00000001800031b0     libucrt:ctype.obj
 0001:000024b0       __newclmap                 00000001800034b0     libucrt:ctype.obj
 0001:00002630       __newcumap                 0000000180003630     libucrt:ctype.obj
 0001:000027b0       _wctype                    00000001800037b0     libucrt:ctype.obj
 0001:000029b4       ??_C@_15PJPFLCCM@?$AAu?$AAk@ 00000001800039b4     libucrt:get_qualified_locale.obj
 0001:00003800       ??_C@_15EMKDOKLE@?$AAa?$AAr@ 0000000180004800     libucrt:lcidtoname_downlevel.obj
 0001:00003808       ??_C@_15KNPADPLH@?$AAb?$AAg@ 0000000180004808     libucrt:lcidtoname_downlevel.obj
 0001:00003810       ??_C@_15EDMHLDMO@?$AAc?$AAa@ 0000000180004810     libucrt:lcidtoname_downlevel.obj
 0001:00003818       ??_C@_1O@BPEAJADD@?$AAz?$AAh?$AA?9?$AAC?$AAH?$AAS@ 0000000180004818     libucrt:lcidtoname_downlevel.obj
 0001:00003828       ??_C@_15LJNHCMNK@?$AAc?$AAs@ 0000000180004828     libucrt:lcidtoname_downlevel.obj
 0001:00003830       ??_C@_15FOMCIDHG@?$AAd?$AAa@ 0000000180004830     libucrt:lcidtoname_downlevel.obj
 0001:00003838       ??_C@_15NBKABECB@?$AAd?$AAe@ 0000000180004838     libucrt:lcidtoname_downlevel.obj
 0001:00003840       ??_C@_15GHPEIIAO@?$AAe?$AAl@ 0000000180004840     libucrt:lcidtoname_downlevel.obj
 0001:00003848       ??_C@_15MNPNEAIF@?$AAe?$AAn@ 0000000180004848     libucrt:lcidtoname_downlevel.obj
 0001:00003850       ??_C@_15GPIOMPMH@?$AAe?$AAs@ 0000000180004850     libucrt:lcidtoname_downlevel.obj
 0001:00003858       ??_C@_15NGLOAKJC@?$AAf?$AAi@ 0000000180004858     libucrt:lcidtoname_downlevel.obj
 0001:00003860       ??_C@_15FBKGNKAM@?$AAf?$AAr@ 0000000180004860     libucrt:lcidtoname_downlevel.obj
 0001:00003868       ??_C@_15KGGCNEFK@?$AAh?$AAe@ 0000000180004868     libucrt:lcidtoname_downlevel.obj
 0001:00003870       ??_C@_15PGHLIDMF@?$AAh?$AAu@ 0000000180004870     libucrt:lcidtoname_downlevel.obj
 0001:00003878       ??_C@_15BIEMAPLM@?$AAi?$AAs@ 0000000180004878     libucrt:lcidtoname_downlevel.obj
 0001:00003880       ??_C@_15IFJLDHAF@?$AAi?$AAt@ 0000000180004880     libucrt:lcidtoname_downlevel.obj
 0001:00003888       ??_C@_15GEMIOCAG@?$AAj?$AAa@ 0000000180004888     libucrt:lcidtoname_downlevel.obj
 0001:00003890       ??_C@_15EPELEGJA@?$AAk?$AAo@ 0000000180004890     libucrt:lcidtoname_downlevel.obj
 0001:00003898       ??_C@_15NDDHIMN@?$AAn?$AAl@ 0000000180004898     libucrt:lcidtoname_downlevel.obj
 0001:000038a0       ??_C@_15BPIGNHCD@?$AAn?$AAo@ 00000001800048a0     libucrt:lcidtoname_downlevel.obj
 0001:000038a8       ??_C@_15DEOPBLCG@?$AAp?$AAl@ 00000001800048a8     libucrt:lcidtoname_downlevel.obj
 0001:000038b0       ??_C@_15KBECGEFG@?$AAp?$AAt@ 00000001800048b0     libucrt:lcidtoname_downlevel.obj
 0001:000038b8       ??_C@_15GLJCBFMD@?$AAr?$AAo@ 00000001800048b8     libucrt:lcidtoname_downlevel.obj
 0001:000038c0       ??_C@_15FEDGKCDI@?$AAr?$AAu@ 00000001800048c0     libucrt:lcidtoname_downlevel.obj
 0001:000038c8       ??_C@_15GLKMLLHM@?$AAh?$AAr@ 00000001800048c8     libucrt:lcidtoname_downlevel.obj
 0001:000038d0       ??_C@_15CPKMFBDB@?$AAs?$AAk@ 00000001800048d0     libucrt:lcidtoname_downlevel.obj
 0001:000038d8       ??_C@_15BAAIOGMK@?$AAs?$AAq@ 00000001800048d8     libucrt:lcidtoname_downlevel.obj
 0001:000038e0       ??_C@_15INNPNOHD@?$AAs?$AAv@ 00000001800048e0     libucrt:lcidtoname_downlevel.obj
 0001:000038e8       ??_C@_15CABMMOGH@?$AAt?$AAh@ 00000001800048e8     libucrt:lcidtoname_downlevel.obj
 0001:000038f0       ??_C@_15BPLIHJJM@?$AAt?$AAr@ 00000001800048f0     libucrt:lcidtoname_downlevel.obj
 0001:000038f8       ??_C@_15NEOEKKDJ@?$AAu?$AAr@ 00000001800048f8     libucrt:lcidtoname_downlevel.obj
 0001:00003900       ??_C@_15NFICGAJK@?$AAi?$AAd@ 0000000180004900     libucrt:lcidtoname_downlevel.obj
 0001:00003908       ??_C@_15HPJPHDM@?$AAb?$AAe@ 0000000180004908     libucrt:lcidtoname_downlevel.obj
 0001:00003910       ??_C@_15LCHLGJII@?$AAs?$AAl@ 0000000180004910     libucrt:lcidtoname_downlevel.obj
 0001:00003918       ??_C@_15PCFJPHHO@?$AAe?$AAt@ 0000000180004918     libucrt:lcidtoname_downlevel.obj
 0001:00003920       ??_C@_15HPFPGODN@?$AAl?$AAv@ 0000000180004920     libucrt:lcidtoname_downlevel.obj
 0001:00003928       ??_C@_15NFFGKGLG@?$AAl?$AAt@ 0000000180004928     libucrt:lcidtoname_downlevel.obj
 0001:00003930       ??_C@_15BDAKCCHN@?$AAf?$AAa@ 0000000180004930     libucrt:lcidtoname_downlevel.obj
 0001:00003938       ??_C@_15NFGIAIAJ@?$AAv?$AAi@ 0000000180004938     libucrt:lcidtoname_downlevel.obj
 0001:00003940       ??_C@_15LMKNDMHN@?$AAh?$AAy@ 0000000180004940     libucrt:lcidtoname_downlevel.obj
 0001:00003948       ??_C@_15IJBHMCFL@?$AAa?$AAz@ 0000000180004948     libucrt:lcidtoname_downlevel.obj
 0001:00003950       ??_C@_15EKOFJABL@?$AAe?$AAu@ 0000000180004950     libucrt:lcidtoname_downlevel.obj
 0001:00003958       ??_C@_15BGHADCNK@?$AAm?$AAk@ 0000000180004958     libucrt:lcidtoname_downlevel.obj
 0001:00003960       ??_C@_15JDNICKHM@?$AAa?$AAf@ 0000000180004960     libucrt:lcidtoname_downlevel.obj
 0001:00003968       ??_C@_15KPJEDBKD@?$AAk?$AAa@ 0000000180004968     libucrt:lcidtoname_downlevel.obj
 0001:00003970       ??_C@_15PDNFFFEO@?$AAf?$AAo@ 0000000180004970     libucrt:lcidtoname_downlevel.obj
 0001:00003978       ??_C@_15OMLEGLOC@?$AAh?$AAi@ 0000000180004978     libucrt:lcidtoname_downlevel.obj
 0001:00003980       ??_C@_15IDNNENKK@?$AAm?$AAs@ 0000000180004980     libucrt:lcidtoname_downlevel.obj
 0001:00003988       ??_C@_15MACJNBMH@?$AAk?$AAk@ 0000000180004988     libucrt:lcidtoname_downlevel.obj
 0001:00003990       ??_C@_15DKDJEOND@?$AAk?$AAy@ 0000000180004990     libucrt:lcidtoname_downlevel.obj
 0001:00003998       ??_C@_15DFGDLJBG@?$AAs?$AAw@ 0000000180004998     libucrt:lcidtoname_downlevel.obj
 0001:000039a0       ??_C@_15BBFAICNG@?$AAu?$AAz@ 00000001800049a0     libucrt:lcidtoname_downlevel.obj
 0001:000039a8       ??_C@_15DKNDCGEA@?$AAt?$AAt@ 00000001800049a8     libucrt:lcidtoname_downlevel.obj
 0001:000039b0       ??_C@_15MGIFMDPL@?$AAp?$AAa@ 00000001800049b0     libucrt:lcidtoname_downlevel.obj
 0001:000039b8       ??_C@_15HCNDBBA@?$AAg?$AAu@ 00000001800049b8     libucrt:lcidtoname_downlevel.obj
 0001:000039c0       ??_C@_15FNBEIBON@?$AAt?$AAa@ 00000001800049c0     libucrt:lcidtoname_downlevel.obj
 0001:000039c8       ??_C@_15NCHGBGLK@?$AAt?$AAe@ 00000001800049c8     libucrt:lcidtoname_downlevel.obj
 0001:000039d0       ??_C@_15PHPHCBPF@?$AAk?$AAn@ 00000001800049d0     libucrt:lcidtoname_downlevel.obj
 0001:000039d8       ??_C@_15DLGBCKMP@?$AAm?$AAr@ 00000001800049d8     libucrt:lcidtoname_downlevel.obj
 0001:000039e0       ??_C@_15EABBLBFF@?$AAs?$AAa@ 00000001800049e0     libucrt:lcidtoname_downlevel.obj
 0001:000039e8       ??_C@_15CBKOMCOI@?$AAm?$AAn@ 00000001800049e8     libucrt:lcidtoname_downlevel.obj
 0001:000039f0       ??_C@_15CKDMCJAF@?$AAg?$AAl@ 00000001800049f0     libucrt:lcidtoname_downlevel.obj
 0001:000039f8       ??_C@_17CNJFBPG@?$AAk?$AAo?$AAk@ 00000001800049f8     libucrt:lcidtoname_downlevel.obj
 0001:00003a00       ??_C@_17FFBJICPL@?$AAs?$AAy?$AAr@ 0000000180004a00     libucrt:lcidtoname_downlevel.obj
 0001:00003a08       ??_C@_17KPNDCPAF@?$AAd?$AAi?$AAv@ 0000000180004a08     libucrt:lcidtoname_downlevel.obj
 0001:00003a10       ??_C@_1M@OKAHONE@?$AAa?$AAr?$AA?9?$AAS?$AAA@ 0000000180004a10     libucrt:lcidtoname_downlevel.obj
 0001:00003a20       ??_C@_1M@FFFIGIGK@?$AAb?$AAg?$AA?9?$AAB?$AAG@ 0000000180004a20     libucrt:lcidtoname_downlevel.obj
 0001:00003a30       ??_C@_1M@BJNKEDC@?$AAc?$AAa?$AA?9?$AAE?$AAS@ 0000000180004a30     libucrt:lcidtoname_downlevel.obj
 0001:00003a40       ??_C@_1M@IJJHFJHA@?$AAc?$AAs?$AA?9?$AAC?$AAZ@ 0000000180004a40     libucrt:lcidtoname_downlevel.obj
 0001:00003a50       ??_C@_1M@CLPEOBGI@?$AAd?$AAa?$AA?9?$AAD?$AAK@ 0000000180004a50     libucrt:lcidtoname_downlevel.obj
 0001:00003a60       ??_C@_1M@MCMADGCB@?$AAd?$AAe?$AA?9?$AAD?$AAE@ 0000000180004a60     libucrt:lcidtoname_downlevel.obj
 0001:00003a70       ??_C@_1M@OOCKEMAM@?$AAe?$AAl?$AA?9?$AAG?$AAR@ 0000000180004a70     libucrt:lcidtoname_downlevel.obj
 0001:00003a80       ??_C@_1M@DDNJFGID@?$AAf?$AAi?$AA?9?$AAF?$AAI@ 0000000180004a80     libucrt:lcidtoname_downlevel.obj
 0001:00003a90       ??_C@_1M@GLIPPMAC@?$AAf?$AAr?$AA?9?$AAF?$AAR@ 0000000180004a90     libucrt:lcidtoname_downlevel.obj
 0001:00003aa0       ??_C@_1M@GFMCHPE@?$AAh?$AAe?$AA?9?$AAI?$AAL@ 0000000180004aa0     libucrt:lcidtoname_downlevel.obj
 0001:00003ab0       ??_C@_1M@MHLPGNKM@?$AAh?$AAu?$AA?9?$AAH?$AAU@ 0000000180004ab0     libucrt:lcidtoname_downlevel.obj
 0001:00003ac0       ??_C@_1M@LPDDNNPN@?$AAi?$AAs?$AA?9?$AAI?$AAS@ 0000000180004ac0     libucrt:lcidtoname_downlevel.obj
 0001:00003ad0       ??_C@_1M@MADIPODN@?$AAi?$AAt?$AA?9?$AAI?$AAT@ 0000000180004ad0     libucrt:lcidtoname_downlevel.obj
 0001:00003ae0       ??_C@_1M@IHBJJGG@?$AAn?$AAl?$AA?9?$AAN?$AAL@ 0000000180004ae0     libucrt:lcidtoname_downlevel.obj
 0001:00003af0       ??_C@_1M@EANAGDL@?$AAn?$AAb?$AA?9?$AAN?$AAO@ 0000000180004af0     libucrt:lcidtoname_downlevel.obj
 0001:00003b00       ??_C@_1M@NEIEMEGP@?$AAp?$AAl?$AA?9?$AAP?$AAL@ 0000000180004b00     libucrt:lcidtoname_downlevel.obj
 0001:00003b10       ??_C@_1M@BOCFIGEP@?$AAp?$AAt?$AA?9?$AAB?$AAR@ 0000000180004b10     libucrt:lcidtoname_downlevel.obj
 0001:00003b20       ??_C@_1M@IMPFOPBG@?$AAr?$AAo?$AA?9?$AAR?$AAO@ 0000000180004b20     libucrt:lcidtoname_downlevel.obj
 0001:00003b30       ??_C@_1M@IDNNEJMM@?$AAr?$AAu?$AA?9?$AAR?$AAU@ 0000000180004b30     libucrt:lcidtoname_downlevel.obj
 0001:00003b40       ??_C@_1M@LILEEOGM@?$AAh?$AAr?$AA?9?$AAH?$AAR@ 0000000180004b40     libucrt:lcidtoname_downlevel.obj
 0001:00003b50       ??_C@_1M@FKIFEHPB@?$AAs?$AAk?$AA?9?$AAS?$AAK@ 0000000180004b50     libucrt:lcidtoname_downlevel.obj
 0001:00003b60       ??_C@_1M@LJMAMNPJ@?$AAs?$AAq?$AA?9?$AAA?$AAL@ 0000000180004b60     libucrt:lcidtoname_downlevel.obj
 0001:00003b70       ??_C@_1M@GIAKDKJK@?$AAs?$AAv?$AA?9?$AAS?$AAE@ 0000000180004b70     libucrt:lcidtoname_downlevel.obj
 0001:00003b80       ??_C@_1M@MKJKIKCL@?$AAt?$AAh?$AA?9?$AAT?$AAH@ 0000000180004b80     libucrt:lcidtoname_downlevel.obj
 0001:00003b90       ??_C@_1M@MFLCCMPB@?$AAt?$AAr?$AA?9?$AAT?$AAR@ 0000000180004b90     libucrt:lcidtoname_downlevel.obj
 0001:00003ba0       ??_C@_1M@OIJHDKJN@?$AAu?$AAr?$AA?9?$AAP?$AAK@ 0000000180004ba0     libucrt:lcidtoname_downlevel.obj
 0001:00003bb0       ??_C@_1M@LHIPCIEK@?$AAi?$AAd?$AA?9?$AAI?$AAD@ 0000000180004bb0     libucrt:lcidtoname_downlevel.obj
 0001:00003bc0       ??_C@_1M@MFMOBGI@?$AAu?$AAk?$AA?9?$AAU?$AAA@ 0000000180004bc0     libucrt:lcidtoname_downlevel.obj
 0001:00003bd0       ??_C@_1M@OBGLJIPL@?$AAb?$AAe?$AA?9?$AAB?$AAY@ 0000000180004bd0     libucrt:lcidtoname_downlevel.obj
 0001:00003be0       ??_C@_1M@BCFAJEAD@?$AAs?$AAl?$AA?9?$AAS?$AAI@ 0000000180004be0     libucrt:lcidtoname_downlevel.obj
 0001:00003bf0       ??_C@_1M@FKFFEDDN@?$AAe?$AAt?$AA?9?$AAE?$AAE@ 0000000180004bf0     libucrt:lcidtoname_downlevel.obj
 0001:00003c00       ??_C@_1M@KGKKAACI@?$AAl?$AAv?$AA?9?$AAL?$AAV@ 0000000180004c00     libucrt:lcidtoname_downlevel.obj
 0001:00003c10       ??_C@_1M@IFGBIJO@?$AAl?$AAt?$AA?9?$AAL?$AAT@ 0000000180004c10     libucrt:lcidtoname_downlevel.obj
 0001:00003c20       ??_C@_1M@FGEAHEDM@?$AAf?$AAa?$AA?9?$AAI?$AAR@ 0000000180004c20     libucrt:lcidtoname_downlevel.obj
 0001:00003c30       ??_C@_1M@KBMAIBFN@?$AAv?$AAi?$AA?9?$AAV?$AAN@ 0000000180004c30     libucrt:lcidtoname_downlevel.obj
 0001:00003c40       ??_C@_1M@GPCBKDJK@?$AAh?$AAy?$AA?9?$AAA?$AAM@ 0000000180004c40     libucrt:lcidtoname_downlevel.obj
 0001:00003c50       ??_C@_1BG@BECMDDJB@?$AAa?$AAz?$AA?9?$AAA?$AAZ?$AA?9?$AAL?$AAa?$AAt?$AAn@ 0000000180004c50     libucrt:lcidtoname_downlevel.obj
 0001:00003c68       ??_C@_1M@MAOFCAEA@?$AAe?$AAu?$AA?9?$AAE?$AAS@ 0000000180004c68     libucrt:lcidtoname_downlevel.obj
 0001:00003c78       ??_C@_1M@IGHABKPI@?$AAm?$AAk?$AA?9?$AAM?$AAK@ 0000000180004c78     libucrt:lcidtoname_downlevel.obj
 0001:00003c88       ??_C@_1M@IAIGNEJG@?$AAt?$AAn?$AA?9?$AAZ?$AAA@ 0000000180004c88     libucrt:lcidtoname_downlevel.obj
 0001:00003c98       ??_C@_1M@IIJCOJFA@?$AAx?$AAh?$AA?9?$AAZ?$AAA@ 0000000180004c98     libucrt:lcidtoname_downlevel.obj
 0001:00003ca8       ??_C@_1M@LGPJHNJH@?$AAz?$AAu?$AA?9?$AAZ?$AAA@ 0000000180004ca8     libucrt:lcidtoname_downlevel.obj
 0001:00003cb8       ??_C@_1M@HOKAOIO@?$AAa?$AAf?$AA?9?$AAZ?$AAA@ 0000000180004cb8     libucrt:lcidtoname_downlevel.obj
 0001:00003cc8       ??_C@_1M@DPCLHLIE@?$AAk?$AAa?$AA?9?$AAG?$AAE@ 0000000180004cc8     libucrt:lcidtoname_downlevel.obj
 0001:00003cd8       ??_C@_1M@BLKMHJBI@?$AAf?$AAo?$AA?9?$AAF?$AAO@ 0000000180004cd8     libucrt:lcidtoname_downlevel.obj
 0001:00003ce8       ??_C@_1M@LGGJAPPB@?$AAh?$AAi?$AA?9?$AAI?$AAN@ 0000000180004ce8     libucrt:lcidtoname_downlevel.obj
 0001:00003cf8       ??_C@_1M@FIKPIHFE@?$AAm?$AAt?$AA?9?$AAM?$AAT@ 0000000180004cf8     libucrt:lcidtoname_downlevel.obj
 0001:00003d08       ??_C@_1M@HEGGPBFA@?$AAs?$AAe?$AA?9?$AAN?$AAO@ 0000000180004d08     libucrt:lcidtoname_downlevel.obj
 0001:00003d18       ??_C@_1M@EIBJEEPA@?$AAm?$AAs?$AA?9?$AAM?$AAY@ 0000000180004d18     libucrt:lcidtoname_downlevel.obj
 0001:00003d28       ??_C@_1M@FHLBGMPP@?$AAk?$AAk?$AA?9?$AAK?$AAZ@ 0000000180004d28     libucrt:lcidtoname_downlevel.obj
 0001:00003d38       ??_C@_1M@NGJJLCGI@?$AAk?$AAy?$AA?9?$AAK?$AAG@ 0000000180004d38     libucrt:lcidtoname_downlevel.obj
 0001:00003d48       ??_C@_1M@GIENNBFC@?$AAs?$AAw?$AA?9?$AAK?$AAE@ 0000000180004d48     libucrt:lcidtoname_downlevel.obj
 0001:00003d58       ??_C@_1BG@NDGMJIMJ@?$AAu?$AAz?$AA?9?$AAU?$AAZ?$AA?9?$AAL?$AAa?$AAt?$AAn@ 0000000180004d58     libucrt:lcidtoname_downlevel.obj
 0001:00003d70       ??_C@_1M@IDCCIHBC@?$AAt?$AAt?$AA?9?$AAR?$AAU@ 0000000180004d70     libucrt:lcidtoname_downlevel.obj
 0001:00003d80       ??_C@_1M@LOICPMOJ@?$AAb?$AAn?$AA?9?$AAI?$AAN@ 0000000180004d80     libucrt:lcidtoname_downlevel.obj
 0001:00003d90       ??_C@_1M@KPKKNEAH@?$AAp?$AAa?$AA?9?$AAI?$AAN@ 0000000180004d90     libucrt:lcidtoname_downlevel.obj
 0001:00003da0       ??_C@_1M@PJGPPBOG@?$AAg?$AAu?$AA?9?$AAI?$AAN@ 0000000180004da0     libucrt:lcidtoname_downlevel.obj
 0001:00003db0       ??_C@_1M@KMKMOPHI@?$AAt?$AAa?$AA?9?$AAI?$AAN@ 0000000180004db0     libucrt:lcidtoname_downlevel.obj
 0001:00003dc0       ??_C@_1M@KFEHEPAC@?$AAt?$AAe?$AA?9?$AAI?$AAN@ 0000000180004dc0     libucrt:lcidtoname_downlevel.obj
 0001:00003dd0       ??_C@_1M@CDCLMGHI@?$AAk?$AAn?$AA?9?$AAI?$AAN@ 0000000180004dd0     libucrt:lcidtoname_downlevel.obj
 0001:00003de0       ??_C@_1M@MIODLDKF@?$AAm?$AAl?$AA?9?$AAI?$AAN@ 0000000180004de0     libucrt:lcidtoname_downlevel.obj
 0001:00003df0       ??_C@_1M@PBIEACPO@?$AAm?$AAr?$AA?9?$AAI?$AAN@ 0000000180004df0     libucrt:lcidtoname_downlevel.obj
 0001:00003e00       ??_C@_1M@NIDEAGPH@?$AAs?$AAa?$AA?9?$AAI?$AAN@ 0000000180004e00     libucrt:lcidtoname_downlevel.obj
 0001:00003e10       ??_C@_1M@FHIHCBIO@?$AAm?$AAn?$AA?9?$AAM?$AAN@ 0000000180004e10     libucrt:lcidtoname_downlevel.obj
 0001:00003e20       ??_C@_1M@JAIJPENP@?$AAc?$AAy?$AA?9?$AAG?$AAB@ 0000000180004e20     libucrt:lcidtoname_downlevel.obj
 0001:00003e30       ??_C@_1M@PHGFBEPN@?$AAg?$AAl?$AA?9?$AAE?$AAS@ 0000000180004e30     libucrt:lcidtoname_downlevel.obj
 0001:00003e40       ??_C@_1O@KPIPDNCP@?$AAk?$AAo?$AAk?$AA?9?$AAI?$AAN@ 0000000180004e40     libucrt:lcidtoname_downlevel.obj
 0001:00003e50       ??_C@_1O@KNHJLDJA@?$AAs?$AAy?$AAr?$AA?9?$AAS?$AAY@ 0000000180004e50     libucrt:lcidtoname_downlevel.obj
 0001:00003e60       ??_C@_1O@MKEKBLAH@?$AAd?$AAi?$AAv?$AA?9?$AAM?$AAV@ 0000000180004e60     libucrt:lcidtoname_downlevel.obj
 0001:00003e70       ??_C@_1O@OHDCKDDF@?$AAq?$AAu?$AAz?$AA?9?$AAB?$AAO@ 0000000180004e70     libucrt:lcidtoname_downlevel.obj
 0001:00003e80       ??_C@_1M@LEPJNLFD@?$AAn?$AAs?$AA?9?$AAZ?$AAA@ 0000000180004e80     libucrt:lcidtoname_downlevel.obj
 0001:00003e90       ??_C@_1M@OMLEIIJB@?$AAm?$AAi?$AA?9?$AAN?$AAZ@ 0000000180004e90     libucrt:lcidtoname_downlevel.obj
 0001:00003ea0       ??_C@_1M@PMPEAILG@?$AAa?$AAr?$AA?9?$AAI?$AAQ@ 0000000180004ea0     libucrt:lcidtoname_downlevel.obj
 0001:00003eb0       ??_C@_1M@CNKPNOEE@?$AAd?$AAe?$AA?9?$AAC?$AAH@ 0000000180004eb0     libucrt:lcidtoname_downlevel.obj
 0001:00003ec0       ??_C@_1M@LKMGMLKO@?$AAe?$AAn?$AA?9?$AAG?$AAB@ 0000000180004ec0     libucrt:lcidtoname_downlevel.obj
 0001:00003ed0       ??_C@_1M@PGKJFFGL@?$AAe?$AAs?$AA?9?$AAM?$AAX@ 0000000180004ed0     libucrt:lcidtoname_downlevel.obj
 0001:00003ee0       ??_C@_1M@DNNANBDC@?$AAf?$AAr?$AA?9?$AAB?$AAE@ 0000000180004ee0     libucrt:lcidtoname_downlevel.obj
 0001:00003ef0       ??_C@_1M@HLGMDFHM@?$AAi?$AAt?$AA?9?$AAC?$AAH@ 0000000180004ef0     libucrt:lcidtoname_downlevel.obj
 0001:00003f00       ??_C@_1M@CLLBGJH@?$AAn?$AAl?$AA?9?$AAB?$AAE@ 0000000180004f00     libucrt:lcidtoname_downlevel.obj
 0001:00003f10       ??_C@_1M@BODBOGLF@?$AAn?$AAn?$AA?9?$AAN?$AAO@ 0000000180004f10     libucrt:lcidtoname_downlevel.obj
 0001:00003f20       ??_C@_1M@HFFAHKAD@?$AAp?$AAt?$AA?9?$AAP?$AAT@ 0000000180004f20     libucrt:lcidtoname_downlevel.obj
 0001:00003f30       ??_C@_1BG@LNOAKHIE@?$AAs?$AAr?$AA?9?$AAS?$AAP?$AA?9?$AAL?$AAa?$AAt?$AAn@ 0000000180004f30     libucrt:lcidtoname_downlevel.obj
 0001:00003f48       ??_C@_1M@HBMHBGAK@?$AAs?$AAv?$AA?9?$AAF?$AAI@ 0000000180004f48     libucrt:lcidtoname_downlevel.obj
 0001:00003f58       ??_C@_1BG@DGCJGJBE@?$AAa?$AAz?$AA?9?$AAA?$AAZ?$AA?9?$AAC?$AAy?$AAr?$AAl@ 0000000180004f58     libucrt:lcidtoname_downlevel.obj
 0001:00003f70       ??_C@_1M@KEJDAAHB@?$AAs?$AAe?$AA?9?$AAS?$AAE@ 0000000180004f70     libucrt:lcidtoname_downlevel.obj
 0001:00003f80       ??_C@_1M@HEIBJJAD@?$AAm?$AAs?$AA?9?$AAB?$AAN@ 0000000180004f80     libucrt:lcidtoname_downlevel.obj
 0001:00003f90       ??_C@_1BG@PBGJMCEM@?$AAu?$AAz?$AA?9?$AAU?$AAZ?$AA?9?$AAC?$AAy?$AAr?$AAl@ 0000000180004f90     libucrt:lcidtoname_downlevel.obj
 0001:00003fa8       ??_C@_1O@LAOBCMDF@?$AAq?$AAu?$AAz?$AA?9?$AAE?$AAC@ 0000000180004fa8     libucrt:lcidtoname_downlevel.obj
 0001:00003fb8       ??_C@_1M@POEEMAIO@?$AAa?$AAr?$AA?9?$AAE?$AAG@ 0000000180004fb8     libucrt:lcidtoname_downlevel.obj
 0001:00003fc8       ??_C@_1M@EFAKDEDL@?$AAz?$AAh?$AA?9?$AAH?$AAK@ 0000000180004fc8     libucrt:lcidtoname_downlevel.obj
 0001:00003fd8       ??_C@_1M@HKKIJHGI@?$AAd?$AAe?$AA?9?$AAA?$AAT@ 0000000180004fd8     libucrt:lcidtoname_downlevel.obj
 0001:00003fe8       ??_C@_1M@KBFBEHJF@?$AAe?$AAn?$AA?9?$AAA?$AAU@ 0000000180004fe8     libucrt:lcidtoname_downlevel.obj
 0001:00003ff8       ??_C@_1M@MNPLFAAH@?$AAe?$AAs?$AA?9?$AAE?$AAS@ 0000000180004ff8     libucrt:lcidtoname_downlevel.obj
 0001:00004008       ??_C@_1M@HJOOJFMA@?$AAf?$AAr?$AA?9?$AAC?$AAA@ 0000000180005008     libucrt:lcidtoname_downlevel.obj
 0001:00004018       ??_C@_1BG@JPOFPNAB@?$AAs?$AAr?$AA?9?$AAS?$AAP?$AA?9?$AAC?$AAy?$AAr?$AAl@ 0000000180005018     libucrt:lcidtoname_downlevel.obj
 0001:00004030       ??_C@_1M@LNFOCMOB@?$AAs?$AAe?$AA?9?$AAF?$AAI@ 0000000180005030     libucrt:lcidtoname_downlevel.obj
 0001:00004040       ??_C@_1O@MGJBOAMB@?$AAq?$AAu?$AAz?$AA?9?$AAP?$AAE@ 0000000180005040     libucrt:lcidtoname_downlevel.obj
 0001:00004050       ??_C@_1M@GJINLBOK@?$AAa?$AAr?$AA?9?$AAL?$AAY@ 0000000180005050     libucrt:lcidtoname_downlevel.obj
 0001:00004060       ??_C@_1M@GGMNHJNL@?$AAz?$AAh?$AA?9?$AAS?$AAG@ 0000000180005060     libucrt:lcidtoname_downlevel.obj
 0001:00004070       ??_C@_1M@HOIKODND@?$AAd?$AAe?$AA?9?$AAL?$AAU@ 0000000180005070     libucrt:lcidtoname_downlevel.obj
 0001:00004080       ??_C@_1M@DDOCCGFG@?$AAe?$AAn?$AA?9?$AAC?$AAA@ 0000000180005080     libucrt:lcidtoname_downlevel.obj
 0001:00004090       ??_C@_1M@BNOEMJLF@?$AAe?$AAs?$AA?9?$AAG?$AAT@ 0000000180005090     libucrt:lcidtoname_downlevel.obj
 0001:000040a0       ??_C@_1M@EOGNKEK@?$AAf?$AAr?$AA?9?$AAC?$AAH@ 00000001800050a0     libucrt:lcidtoname_downlevel.obj
 0001:000040b0       ??_C@_1M@FLIDJFHL@?$AAh?$AAr?$AA?9?$AAB?$AAA@ 00000001800050b0     libucrt:lcidtoname_downlevel.obj
 0001:000040c0       ??_C@_1O@FMCELNAJ@?$AAs?$AAm?$AAj?$AA?9?$AAN?$AAO@ 00000001800050c0     libucrt:lcidtoname_downlevel.obj
 0001:000040d0       ??_C@_1M@JHGLJMGJ@?$AAa?$AAr?$AA?9?$AAD?$AAZ@ 00000001800050d0     libucrt:lcidtoname_downlevel.obj
 0001:000040e0       ??_C@_1M@JKKFDCNP@?$AAz?$AAh?$AA?9?$AAM?$AAO@ 00000001800050e0     libucrt:lcidtoname_downlevel.obj
 0001:000040f0       ??_C@_1M@GEEFALPE@?$AAd?$AAe?$AA?9?$AAL?$AAI@ 00000001800050f0     libucrt:lcidtoname_downlevel.obj
 0001:00004100       ??_C@_1M@IGEOFBG@?$AAe?$AAn?$AA?9?$AAN?$AAZ@ 0000000180005100     libucrt:lcidtoname_downlevel.obj
 0001:00004110       ??_C@_1M@KDBONEHP@?$AAe?$AAs?$AA?9?$AAC?$AAR@ 0000000180005110     libucrt:lcidtoname_downlevel.obj
 0001:00004120       ??_C@_1M@FHMDOHNN@?$AAf?$AAr?$AA?9?$AAL?$AAU@ 0000000180005120     libucrt:lcidtoname_downlevel.obj
 0001:00004130       ??_C@_1BG@NFKKMAFG@?$AAb?$AAs?$AA?9?$AAB?$AAA?$AA?9?$AAL?$AAa?$AAt?$AAn@ 0000000180005130     libucrt:lcidtoname_downlevel.obj
 0001:00004148       ??_C@_1O@IMNBEMCI@?$AAs?$AAm?$AAj?$AA?9?$AAS?$AAE@ 0000000180005148     libucrt:lcidtoname_downlevel.obj
 0001:00004158       ??_C@_1M@DHHMBNDP@?$AAa?$AAr?$AA?9?$AAM?$AAA@ 0000000180005158     libucrt:lcidtoname_downlevel.obj
 0001:00004168       ??_C@_1M@BNBLJCGH@?$AAe?$AAn?$AA?9?$AAI?$AAE@ 0000000180005168     libucrt:lcidtoname_downlevel.obj
 0001:00004178       ??_C@_1M@GEPAFMDL@?$AAe?$AAs?$AA?9?$AAP?$AAA@ 0000000180005178     libucrt:lcidtoname_downlevel.obj
 0001:00004188       ??_C@_1M@OJONDMDL@?$AAf?$AAr?$AA?9?$AAM?$AAC@ 0000000180005188     libucrt:lcidtoname_downlevel.obj
 0001:00004198       ??_C@_1BG@OBCNFJB@?$AAs?$AAr?$AA?9?$AAB?$AAA?$AA?9?$AAL?$AAa?$AAt?$AAn@ 0000000180005198     libucrt:lcidtoname_downlevel.obj
 0001:000041b0       ??_C@_1O@KEMEEGPO@?$AAs?$AAm?$AAa?$AA?9?$AAN?$AAO@ 00000001800051b0     libucrt:lcidtoname_downlevel.obj
 0001:000041c0       ??_C@_1M@ELMGFODK@?$AAa?$AAr?$AA?9?$AAT?$AAN@ 00000001800051c0     libucrt:lcidtoname_downlevel.obj
 0001:000041d0       ??_C@_1M@BHDLHFAF@?$AAe?$AAn?$AA?9?$AAZ?$AAA@ 00000001800051d0     libucrt:lcidtoname_downlevel.obj
 0001:000041e0       ??_C@_1M@BMGIGLIF@?$AAe?$AAs?$AA?9?$AAD?$AAO@ 00000001800051e0     libucrt:lcidtoname_downlevel.obj
 0001:000041f0       ??_C@_1BG@CMBHIPBE@?$AAs?$AAr?$AA?9?$AAB?$AAA?$AA?9?$AAC?$AAy?$AAr?$AAl@ 00000001800051f0     libucrt:lcidtoname_downlevel.obj
 0001:00004208       ??_C@_1O@HEDBLHNP@?$AAs?$AAm?$AAa?$AA?9?$AAS?$AAE@ 0000000180005208     libucrt:lcidtoname_downlevel.obj
 0001:00004218       ??_C@_1M@DAGCADIM@?$AAa?$AAr?$AA?9?$AAO?$AAM@ 0000000180005218     libucrt:lcidtoname_downlevel.obj
 0001:00004228       ??_C@_1M@FODLMICG@?$AAe?$AAn?$AA?9?$AAJ?$AAM@ 0000000180005228     libucrt:lcidtoname_downlevel.obj
 0001:00004238       ??_C@_1M@DNMLCIHB@?$AAe?$AAs?$AA?9?$AAV?$AAE@ 0000000180005238     libucrt:lcidtoname_downlevel.obj
 0001:00004248       ??_C@_1O@EOKHMKJK@?$AAs?$AAm?$AAs?$AA?9?$AAF?$AAI@ 0000000180005248     libucrt:lcidtoname_downlevel.obj
 0001:00004258       ??_C@_1M@CAFJMKOF@?$AAa?$AAr?$AA?9?$AAY?$AAE@ 0000000180005258     libucrt:lcidtoname_downlevel.obj
 0001:00004268       ??_C@_1M@CBFHIJLI@?$AAe?$AAn?$AA?9?$AAC?$AAB@ 0000000180005268     libucrt:lcidtoname_downlevel.obj
 0001:00004278       ??_C@_1M@BGNFLDN@?$AAe?$AAs?$AA?9?$AAC?$AAO@ 0000000180005278     libucrt:lcidtoname_downlevel.obj
 0001:00004288       ??_C@_1O@JMPHMAMC@?$AAs?$AAm?$AAn?$AA?9?$AAF?$AAI@ 0000000180005288     libucrt:lcidtoname_downlevel.obj
 0001:00004298       ??_C@_1M@JLANABKE@?$AAa?$AAr?$AA?9?$AAS?$AAY@ 0000000180005298     libucrt:lcidtoname_downlevel.obj
 0001:000042a8       ??_C@_1M@HPKGCFGN@?$AAe?$AAn?$AA?9?$AAB?$AAZ@ 00000001800052a8     libucrt:lcidtoname_downlevel.obj
 0001:000042b8       ??_C@_1M@OLJCMLGM@?$AAe?$AAs?$AA?9?$AAP?$AAE@ 00000001800052b8     libucrt:lcidtoname_downlevel.obj
 0001:000042c8       ??_C@_1M@MKKGFKLE@?$AAa?$AAr?$AA?9?$AAJ?$AAO@ 00000001800052c8     libucrt:lcidtoname_downlevel.obj
 0001:000042d8       ??_C@_1M@EKPGLDNI@?$AAe?$AAn?$AA?9?$AAT?$AAT@ 00000001800052d8     libucrt:lcidtoname_downlevel.obj
 0001:000042e8       ??_C@_1M@OONGHFHE@?$AAe?$AAs?$AA?9?$AAA?$AAR@ 00000001800052e8     libucrt:lcidtoname_downlevel.obj
 0001:000042f8       ??_C@_1M@OOJFGBHE@?$AAa?$AAr?$AA?9?$AAL?$AAB@ 00000001800052f8     libucrt:lcidtoname_downlevel.obj
 0001:00004308       ??_C@_1M@GCEJHNEG@?$AAe?$AAn?$AA?9?$AAZ?$AAW@ 0000000180005308     libucrt:lcidtoname_downlevel.obj
 0001:00004318       ??_C@_1M@JNOCAHJI@?$AAe?$AAs?$AA?9?$AAE?$AAC@ 0000000180005318     libucrt:lcidtoname_downlevel.obj
 0001:00004328       ??_C@_1M@JEFHPGGB@?$AAa?$AAr?$AA?9?$AAK?$AAW@ 0000000180005328     libucrt:lcidtoname_downlevel.obj
 0001:00004338       ??_C@_1M@MLKIBJOJ@?$AAe?$AAn?$AA?9?$AAP?$AAH@ 0000000180005338     libucrt:lcidtoname_downlevel.obj
 0001:00004348       ??_C@_1M@BDNIPEND@?$AAe?$AAs?$AA?9?$AAC?$AAL@ 0000000180005348     libucrt:lcidtoname_downlevel.obj
 0001:00004358       ??_C@_1M@MPNMEKBD@?$AAa?$AAr?$AA?9?$AAA?$AAE@ 0000000180005358     libucrt:lcidtoname_downlevel.obj
 0001:00004368       ??_C@_1M@KBJALCPI@?$AAe?$AAs?$AA?9?$AAU?$AAY@ 0000000180005368     libucrt:lcidtoname_downlevel.obj
 0001:00004378       ??_C@_1M@LLCCOAGA@?$AAa?$AAr?$AA?9?$AAB?$AAH@ 0000000180005378     libucrt:lcidtoname_downlevel.obj
 0001:00004388       ??_C@_1M@PBFNCDEL@?$AAe?$AAs?$AA?9?$AAP?$AAY@ 0000000180005388     libucrt:lcidtoname_downlevel.obj
 0001:00004398       ??_C@_1M@EDGINPNP@?$AAa?$AAr?$AA?9?$AAQ?$AAA@ 0000000180005398     libucrt:lcidtoname_downlevel.obj
 0001:000043a8       ??_C@_1M@MKDBIIJI@?$AAe?$AAs?$AA?9?$AAB?$AAO@ 00000001800053a8     libucrt:lcidtoname_downlevel.obj
 0001:000043b8       ??_C@_1M@CPKKEBLD@?$AAe?$AAs?$AA?9?$AAS?$AAV@ 00000001800053b8     libucrt:lcidtoname_downlevel.obj
 0001:000043c8       ??_C@_1M@NDBGMMJL@?$AAe?$AAs?$AA?9?$AAH?$AAN@ 00000001800053c8     libucrt:lcidtoname_downlevel.obj
 0001:000043d8       ??_C@_1M@JIJIBHDP@?$AAe?$AAs?$AA?9?$AAN?$AAI@ 00000001800053d8     libucrt:lcidtoname_downlevel.obj
 0001:000043e8       ??_C@_1M@CGFMKEEK@?$AAe?$AAs?$AA?9?$AAP?$AAR@ 00000001800053e8     libucrt:lcidtoname_downlevel.obj
 0001:000043f8       ??_C@_1O@ICJHKIIK@?$AAz?$AAh?$AA?9?$AAC?$AAH?$AAT@ 00000001800053f8     libucrt:lcidtoname_downlevel.obj
 0001:00004408       ??_C@_15CLNEJCE@?$AAs?$AAr@ 0000000180005408     libucrt:lcidtoname_downlevel.obj
 0001:00005250       ??_C@_1M@KAHEKEIG@?$AAa?$AAf?$AA?9?$AAz?$AAa@ 0000000180006250     libucrt:lcidtoname_downlevel.obj
 0001:00005260       ??_C@_1M@GIECOABL@?$AAa?$AAr?$AA?9?$AAa?$AAe@ 0000000180006260     libucrt:lcidtoname_downlevel.obj
 0001:00005270       ??_C@_1M@BMLMEKGI@?$AAa?$AAr?$AA?9?$AAb?$AAh@ 0000000180006270     libucrt:lcidtoname_downlevel.obj
 0001:00005280       ??_C@_1M@DAPFDGGB@?$AAa?$AAr?$AA?9?$AAd?$AAz@ 0000000180006280     libucrt:lcidtoname_downlevel.obj
 0001:00005290       ??_C@_1M@FJNKGKIG@?$AAa?$AAr?$AA?9?$AAe?$AAg@ 0000000180006290     libucrt:lcidtoname_downlevel.obj
 0001:000052a0       ??_C@_1M@FLGKKCLO@?$AAa?$AAr?$AA?9?$AAi?$AAq@ 00000001800062a0     libucrt:lcidtoname_downlevel.obj
 0001:000052b0       ??_C@_1M@GNDIPALM@?$AAa?$AAr?$AA?9?$AAj?$AAo@ 00000001800062b0     libucrt:lcidtoname_downlevel.obj
 0001:000052c0       ??_C@_1M@DDMJFMGJ@?$AAa?$AAr?$AA?9?$AAk?$AAw@ 00000001800062c0     libucrt:lcidtoname_downlevel.obj
 0001:000052d0       ??_C@_1M@EJALMLHM@?$AAa?$AAr?$AA?9?$AAl?$AAb@ 00000001800062d0     libucrt:lcidtoname_downlevel.obj
 0001:000052e0       ??_C@_1M@MOBDBLOC@?$AAa?$AAr?$AA?9?$AAl?$AAy@ 00000001800062e0     libucrt:lcidtoname_downlevel.obj
 0001:000052f0       ??_C@_1M@JAOCLHDH@?$AAa?$AAr?$AA?9?$AAm?$AAa@ 00000001800062f0     libucrt:lcidtoname_downlevel.obj
 0001:00005300       ??_C@_1M@JHPMKJIE@?$AAa?$AAr?$AA?9?$AAo?$AAm@ 0000000180006300     libucrt:lcidtoname_downlevel.obj
 0001:00005310       ??_C@_1M@OEPGHFNH@?$AAa?$AAr?$AA?9?$AAq?$AAa@ 0000000180006310     libucrt:lcidtoname_downlevel.obj
 0001:00005320       ??_C@_1M@KJDONENM@?$AAa?$AAr?$AA?9?$AAs?$AAa@ 0000000180006320     libucrt:lcidtoname_downlevel.obj
 0001:00005330       ??_C@_1M@DMJDKLKM@?$AAa?$AAr?$AA?9?$AAs?$AAy@ 0000000180006330     libucrt:lcidtoname_downlevel.obj
 0001:00005340       ??_C@_1M@OMFIPEDC@?$AAa?$AAr?$AA?9?$AAt?$AAn@ 0000000180006340     libucrt:lcidtoname_downlevel.obj
 0001:00005350       ??_C@_1M@IHMHGAON@?$AAa?$AAr?$AA?9?$AAy?$AAe@ 0000000180006350     libucrt:lcidtoname_downlevel.obj
 0001:00005360       ??_C@_1BG@KDCPGJGB@?$AAa?$AAz?$AA?9?$AAa?$AAz?$AA?9?$AAc?$AAy?$AAr?$AAl@ 0000000180006360     libucrt:lcidtoname_downlevel.obj
 0001:00005378       ??_C@_1BG@IBCKDDOE@?$AAa?$AAz?$AA?9?$AAa?$AAz?$AA?9?$AAl?$AAa?$AAt?$AAn@ 0000000180006378     libucrt:lcidtoname_downlevel.obj
 0001:00005390       ??_C@_1M@EGPFDCPD@?$AAb?$AAe?$AA?9?$AAb?$AAy@ 0000000180006390     libucrt:lcidtoname_downlevel.obj
 0001:000053a0       ??_C@_1M@PCMGMCGC@?$AAb?$AAg?$AA?9?$AAb?$AAg@ 00000001800063a0     libucrt:lcidtoname_downlevel.obj
 0001:000053b0       ??_C@_1M@BJBMFGOB@?$AAb?$AAn?$AA?9?$AAi?$AAn@ 00000001800063b0     libucrt:lcidtoname_downlevel.obj
 0001:000053c0       ??_C@_1BG@EAKMMACD@?$AAb?$AAs?$AA?9?$AAb?$AAa?$AA?9?$AAl?$AAa?$AAt?$AAn@ 00000001800063c0     libucrt:lcidtoname_downlevel.obj
 0001:000053d8       ??_C@_1M@KGADAODK@?$AAc?$AAa?$AA?9?$AAe?$AAs@ 00000001800063d8     libucrt:lcidtoname_downlevel.obj
 0001:000053e8       ??_C@_1M@COAJPDHI@?$AAc?$AAs?$AA?9?$AAc?$AAz@ 00000001800063e8     libucrt:lcidtoname_downlevel.obj
 0001:000053f8       ??_C@_1M@DHBHFONH@?$AAc?$AAy?$AA?9?$AAg?$AAb@ 00000001800063f8     libucrt:lcidtoname_downlevel.obj
 0001:00005408       ??_C@_1M@IMGKELGA@?$AAd?$AAa?$AA?9?$AAd?$AAk@ 0000000180006408     libucrt:lcidtoname_downlevel.obj
 0001:00005418       ??_C@_1M@NNDGDNGA@?$AAd?$AAe?$AA?9?$AAa?$AAt@ 0000000180006418     libucrt:lcidtoname_downlevel.obj
 0001:00005428       ??_C@_1M@IKDBHEEM@?$AAd?$AAe?$AA?9?$AAc?$AAh@ 0000000180006428     libucrt:lcidtoname_downlevel.obj
 0001:00005438       ??_C@_1M@GFFOJMCJ@?$AAd?$AAe?$AA?9?$AAd?$AAe@ 0000000180006438     libucrt:lcidtoname_downlevel.obj
 0001:00005448       ??_C@_1M@MDNLKBPM@?$AAd?$AAe?$AA?9?$AAl?$AAi@ 0000000180006448     libucrt:lcidtoname_downlevel.obj
 0001:00005458       ??_C@_1M@NJBEEJNL@?$AAd?$AAe?$AA?9?$AAl?$AAu@ 0000000180006458     libucrt:lcidtoname_downlevel.obj
 0001:00005468       ??_C@_1O@GNNELBAP@?$AAd?$AAi?$AAv?$AA?9?$AAm?$AAv@ 0000000180006468     libucrt:lcidtoname_downlevel.obj
 0001:00005478       ??_C@_1M@EJLEOGAE@?$AAe?$AAl?$AA?9?$AAg?$AAr@ 0000000180006478     libucrt:lcidtoname_downlevel.obj
 0001:00005488       ??_C@_1M@GMPONJN@?$AAe?$AAn?$AA?9?$AAa?$AAu@ 0000000180006488     libucrt:lcidtoname_downlevel.obj
 0001:00005498       ??_C@_1M@NIDIIPGF@?$AAe?$AAn?$AA?9?$AAb?$AAz@ 0000000180006498     libucrt:lcidtoname_downlevel.obj
 0001:000054a8       ??_C@_1M@JEHMIMFO@?$AAe?$AAn?$AA?9?$AAc?$AAa@ 00000001800064a8     libucrt:lcidtoname_downlevel.obj
 0001:000054b8       ??_C@_1M@IGMJCDLA@?$AAe?$AAn?$AA?9?$AAc?$AAb@ 00000001800064b8     libucrt:lcidtoname_downlevel.obj
 0001:000054c8       ??_C@_1M@BNFIGBKG@?$AAe?$AAn?$AA?9?$AAg?$AAb@ 00000001800064c8     libucrt:lcidtoname_downlevel.obj
 0001:000054d8       ??_C@_1M@LKIFDIGP@?$AAe?$AAn?$AA?9?$AAi?$AAe@ 00000001800064d8     libucrt:lcidtoname_downlevel.obj
 0001:000054e8       ??_C@_1M@PJKFGCCO@?$AAe?$AAn?$AA?9?$AAj?$AAm@ 00000001800064e8     libucrt:lcidtoname_downlevel.obj
 0001:000054f8       ??_C@_1M@KPPKEPBO@?$AAe?$AAn?$AA?9?$AAn?$AAz@ 00000001800064f8     libucrt:lcidtoname_downlevel.obj
 0001:00005508       ??_C@_1M@GMDGLDOB@?$AAe?$AAn?$AA?9?$AAp?$AAh@ 0000000180006508     libucrt:lcidtoname_downlevel.obj
 0001:00005518       ??_C@_1M@ONGIBJNA@?$AAe?$AAn?$AA?9?$AAt?$AAt@ 0000000180006518     libucrt:lcidtoname_downlevel.obj
 0001:00005528       ??_C@_1M@LLODPCMM@?$AAe?$AAn?$AA?9?$AAu?$AAs@ 0000000180006528     libucrt:lcidtoname_downlevel.obj
 0001:00005538       ??_C@_1M@LAKFNPAN@?$AAe?$AAn?$AA?9?$AAz?$AAa@ 0000000180006538     libucrt:lcidtoname_downlevel.obj
 0001:00005548       ??_C@_1M@MFNHNHEO@?$AAe?$AAn?$AA?9?$AAz?$AAw@ 0000000180006548     libucrt:lcidtoname_downlevel.obj
 0001:00005558       ??_C@_1M@EJEINPHM@?$AAe?$AAs?$AA?9?$AAa?$AAr@ 0000000180006558     libucrt:lcidtoname_downlevel.obj
 0001:00005568       ??_C@_1M@GNKPCCJA@?$AAe?$AAs?$AA?9?$AAb?$AAo@ 0000000180006568     libucrt:lcidtoname_downlevel.obj
 0001:00005578       ??_C@_1M@LEEGFONL@?$AAe?$AAs?$AA?9?$AAc?$AAl@ 0000000180006578     libucrt:lcidtoname_downlevel.obj
 0001:00005588       ??_C@_1M@KGPDPBDF@?$AAe?$AAs?$AA?9?$AAc?$AAo@ 0000000180006588     libucrt:lcidtoname_downlevel.obj
 0001:00005598       ??_C@_1M@EIAHOHH@?$AAe?$AAs?$AA?9?$AAc?$AAr@ 0000000180006598     libucrt:lcidtoname_downlevel.obj
 0001:000055a8       ??_C@_1M@LLPGMBIN@?$AAe?$AAs?$AA?9?$AAd?$AAo@ 00000001800065a8     libucrt:lcidtoname_downlevel.obj
 0001:000055b8       ??_C@_1M@DKHMKNJA@?$AAe?$AAs?$AA?9?$AAe?$AAc@ 00000001800065b8     libucrt:lcidtoname_downlevel.obj
 0001:000055c8       ??_C@_1M@GKGFPKAP@?$AAe?$AAs?$AA?9?$AAe?$AAs@ 00000001800065c8     libucrt:lcidtoname_downlevel.obj
 0001:000055d8       ??_C@_1M@LKHKGDLN@?$AAe?$AAs?$AA?9?$AAg?$AAt@ 00000001800065d8     libucrt:lcidtoname_downlevel.obj
 0001:000055e8       ??_C@_1M@HEIIGGJD@?$AAe?$AAs?$AA?9?$AAh?$AAn@ 00000001800065e8     libucrt:lcidtoname_downlevel.obj
 0001:000055f8       ??_C@_1M@FBDHPPGD@?$AAe?$AAs?$AA?9?$AAm?$AAx@ 00000001800065f8     libucrt:lcidtoname_downlevel.obj
 0001:00005608       ??_C@_1M@DPAGLNDH@?$AAe?$AAs?$AA?9?$AAn?$AAi@ 0000000180006608     libucrt:lcidtoname_downlevel.obj
 0001:00005618       ??_C@_1M@MDGOPGDD@?$AAe?$AAs?$AA?9?$AAp?$AAa@ 0000000180006618     libucrt:lcidtoname_downlevel.obj
 0001:00005628       ??_C@_1M@EMAMGBGE@?$AAe?$AAs?$AA?9?$AAp?$AAe@ 0000000180006628     libucrt:lcidtoname_downlevel.obj
 0001:00005638       ??_C@_1M@IBMCAOEC@?$AAe?$AAs?$AA?9?$AAp?$AAr@ 0000000180006638     libucrt:lcidtoname_downlevel.obj
 0001:00005648       ??_C@_1M@FGMDIJED@?$AAe?$AAs?$AA?9?$AAp?$AAy@ 0000000180006648     libucrt:lcidtoname_downlevel.obj
 0001:00005658       ??_C@_1M@IIDEOLLL@?$AAe?$AAs?$AA?9?$AAs?$AAv@ 0000000180006658     libucrt:lcidtoname_downlevel.obj
 0001:00005668       ??_C@_1M@GAOBIPA@?$AAe?$AAs?$AA?9?$AAu?$AAy@ 0000000180006668     libucrt:lcidtoname_downlevel.obj
 0001:00005678       ??_C@_1M@JKFFICHJ@?$AAe?$AAs?$AA?9?$AAv?$AAe@ 0000000180006678     libucrt:lcidtoname_downlevel.obj
 0001:00005688       ??_C@_1M@PNMLOJDF@?$AAe?$AAt?$AA?9?$AAe?$AAe@ 0000000180006688     libucrt:lcidtoname_downlevel.obj
 0001:00005698       ??_C@_1M@GHHLIKEI@?$AAe?$AAu?$AA?9?$AAe?$AAs@ 0000000180006698     libucrt:lcidtoname_downlevel.obj
 0001:000056a8       ??_C@_1M@PBNONODE@?$AAf?$AAa?$AA?9?$AAi?$AAr@ 00000001800066a8     libucrt:lcidtoname_downlevel.obj
 0001:000056b8       ??_C@_1M@JEEHPMIL@?$AAf?$AAi?$AA?9?$AAf?$AAi@ 00000001800066b8     libucrt:lcidtoname_downlevel.obj
 0001:000056c8       ??_C@_1M@LMDCNDBA@?$AAf?$AAo?$AA?9?$AAf?$AAo@ 00000001800066c8     libucrt:lcidtoname_downlevel.obj
 0001:000056d8       ??_C@_1M@JKEOHLDK@?$AAf?$AAr?$AA?9?$AAb?$AAe@ 00000001800066d8     libucrt:lcidtoname_downlevel.obj
 0001:000056e8       ??_C@_1M@NOHADPMI@?$AAf?$AAr?$AA?9?$AAc?$AAa@ 00000001800066e8     libucrt:lcidtoname_downlevel.obj
 0001:000056f8       ??_C@_1M@KDHIHAEC@?$AAf?$AAr?$AA?9?$AAc?$AAh@ 00000001800066f8     libucrt:lcidtoname_downlevel.obj
 0001:00005708       ??_C@_1M@MMBBFGAK@?$AAf?$AAr?$AA?9?$AAf?$AAr@ 0000000180006708     libucrt:lcidtoname_downlevel.obj
 0001:00005718       ??_C@_1M@PAFNENNF@?$AAf?$AAr?$AA?9?$AAl?$AAu@ 0000000180006718     libucrt:lcidtoname_downlevel.obj
 0001:00005728       ??_C@_1M@EOHDJGDD@?$AAf?$AAr?$AA?9?$AAm?$AAc@ 0000000180006728     libucrt:lcidtoname_downlevel.obj
 0001:00005738       ??_C@_1M@FAPLLOPF@?$AAg?$AAl?$AA?9?$AAe?$AAs@ 0000000180006738     libucrt:lcidtoname_downlevel.obj
 0001:00005748       ??_C@_1M@FOPBFLOO@?$AAg?$AAu?$AA?9?$AAi?$AAn@ 0000000180006748     libucrt:lcidtoname_downlevel.obj
 0001:00005758       ??_C@_1M@KBMCINPM@?$AAh?$AAe?$AA?9?$AAi?$AAl@ 0000000180006758     libucrt:lcidtoname_downlevel.obj
 0001:00005768       ??_C@_1M@BBPHKFPJ@?$AAh?$AAi?$AA?9?$AAi?$AAn@ 0000000180006768     libucrt:lcidtoname_downlevel.obj
 0001:00005778       ??_C@_1M@PMBNDPHD@?$AAh?$AAr?$AA?9?$AAb?$AAa@ 0000000180006778     libucrt:lcidtoname_downlevel.obj
 0001:00005788       ??_C@_1M@BPCKOEGE@?$AAh?$AAr?$AA?9?$AAh?$AAr@ 0000000180006788     libucrt:lcidtoname_downlevel.obj
 0001:00005798       ??_C@_1M@GACBMHKE@?$AAh?$AAu?$AA?9?$AAh?$AAu@ 0000000180006798     libucrt:lcidtoname_downlevel.obj
 0001:000057a8       ??_C@_1M@MILPAJJC@?$AAh?$AAy?$AA?9?$AAa?$AAm@ 00000001800067a8     libucrt:lcidtoname_downlevel.obj
 0001:000057b8       ??_C@_1M@BABBICEC@?$AAi?$AAd?$AA?9?$AAi?$AAd@ 00000001800067b8     libucrt:lcidtoname_downlevel.obj
 0001:000057c8       ??_C@_1M@BIKNHHPF@?$AAi?$AAs?$AA?9?$AAi?$AAs@ 00000001800067c8     libucrt:lcidtoname_downlevel.obj
 0001:000057d8       ??_C@_1M@NMPCJPHE@?$AAi?$AAt?$AA?9?$AAc?$AAh@ 00000001800067d8     libucrt:lcidtoname_downlevel.obj
 0001:000057e8       ??_C@_1M@GHKGFEDF@?$AAi?$AAt?$AA?9?$AAi?$AAt@ 00000001800067e8     libucrt:lcidtoname_downlevel.obj
 0001:000057f8       ??_C@_1M@NIEJCJJA@?$AAj?$AAa?$AA?9?$AAj?$AAp@ 00000001800067f8     libucrt:lcidtoname_downlevel.obj
 0001:00005808       ??_C@_1M@JILFNBIM@?$AAk?$AAa?$AA?9?$AAg?$AAe@ 0000000180006808     libucrt:lcidtoname_downlevel.obj
 0001:00005818       ??_C@_1M@PACPMGPH@?$AAk?$AAk?$AA?9?$AAk?$AAz@ 0000000180006818     libucrt:lcidtoname_downlevel.obj
 0001:00005828       ??_C@_1M@IELFGMHA@?$AAk?$AAn?$AA?9?$AAi?$AAn@ 0000000180006828     libucrt:lcidtoname_downlevel.obj
 0001:00005838       ??_C@_1O@IBBJHCH@?$AAk?$AAo?$AAk?$AA?9?$AAi?$AAn@ 0000000180006838     libucrt:lcidtoname_downlevel.obj
 0001:00005848       ??_C@_1M@DMHAEOGC@?$AAk?$AAo?$AA?9?$AAk?$AAr@ 0000000180006848     libucrt:lcidtoname_downlevel.obj
 0001:00005858       ??_C@_1M@HBAHBIGA@?$AAk?$AAy?$AA?9?$AAk?$AAg@ 0000000180006858     libucrt:lcidtoname_downlevel.obj
 0001:00005868       ??_C@_1M@KPMILCJG@?$AAl?$AAt?$AA?9?$AAl?$AAt@ 0000000180006868     libucrt:lcidtoname_downlevel.obj
 0001:00005878       ??_C@_1M@BDEKKCA@?$AAl?$AAv?$AA?9?$AAl?$AAv@ 0000000180006878     libucrt:lcidtoname_downlevel.obj
 0001:00005888       ??_C@_1M@ELCKCCJJ@?$AAm?$AAi?$AA?9?$AAn?$AAz@ 0000000180006888     libucrt:lcidtoname_downlevel.obj
 0001:00005898       ??_C@_1M@CBOOLAPA@?$AAm?$AAk?$AA?9?$AAm?$AAk@ 0000000180006898     libucrt:lcidtoname_downlevel.obj
 0001:000058a8       ??_C@_1M@GPHNBJKN@?$AAm?$AAl?$AA?9?$AAi?$AAn@ 00000001800068a8     libucrt:lcidtoname_downlevel.obj
 0001:000058b8       ??_C@_1M@PABJILIG@?$AAm?$AAn?$AA?9?$AAm?$AAn@ 00000001800068b8     libucrt:lcidtoname_downlevel.obj
 0001:000058c8       ??_C@_1M@FGBKKIPG@?$AAm?$AAr?$AA?9?$AAi?$AAn@ 00000001800068c8     libucrt:lcidtoname_downlevel.obj
 0001:000058d8       ??_C@_1M@NDBPDDAL@?$AAm?$AAs?$AA?9?$AAb?$AAn@ 00000001800068d8     libucrt:lcidtoname_downlevel.obj
 0001:000058e8       ??_C@_1M@OPIHOOPI@?$AAm?$AAs?$AA?9?$AAm?$AAy@ 00000001800068e8     libucrt:lcidtoname_downlevel.obj
 0001:000058f8       ??_C@_1M@PPDBCNFM@?$AAm?$AAt?$AA?9?$AAm?$AAt@ 00000001800068f8     libucrt:lcidtoname_downlevel.obj
 0001:00005908       ??_C@_1M@KDJDKMDD@?$AAn?$AAb?$AA?9?$AAn?$AAo@ 0000000180006908     libucrt:lcidtoname_downlevel.obj
 0001:00005918       ??_C@_1M@KFCFLMJP@?$AAn?$AAl?$AA?9?$AAb?$AAe@ 0000000180006918     libucrt:lcidtoname_downlevel.obj
 0001:00005928       ??_C@_1M@KPOPDDGO@?$AAn?$AAl?$AA?9?$AAn?$AAl@ 0000000180006928     libucrt:lcidtoname_downlevel.obj
 0001:00005938       ??_C@_1M@LJKPEMLN@?$AAn?$AAn?$AA?9?$AAn?$AAo@ 0000000180006938     libucrt:lcidtoname_downlevel.obj
 0001:00005948       ??_C@_1M@BDGHHBFL@?$AAn?$AAs?$AA?9?$AAz?$AAa@ 0000000180006948     libucrt:lcidtoname_downlevel.obj
 0001:00005958       ??_C@_1M@IDEHOAP@?$AAp?$AAa?$AA?9?$AAi?$AAn@ 0000000180006958     libucrt:lcidtoname_downlevel.obj
 0001:00005968       ??_C@_1M@HDBKGOGH@?$AAp?$AAl?$AA?9?$AAp?$AAl@ 0000000180006968     libucrt:lcidtoname_downlevel.obj
 0001:00005978       ??_C@_1M@LJLLCMEH@?$AAp?$AAt?$AA?9?$AAb?$AAr@ 0000000180006978     libucrt:lcidtoname_downlevel.obj
 0001:00005988       ??_C@_1M@NCMONAAL@?$AAp?$AAt?$AA?9?$AAp?$AAt@ 0000000180006988     libucrt:lcidtoname_downlevel.obj
 0001:00005998       ??_C@_1O@EAKMAJDN@?$AAq?$AAu?$AAz?$AA?9?$AAb?$AAo@ 0000000180006998     libucrt:lcidtoname_downlevel.obj
 0001:000059a8       ??_C@_1O@BHHPIGDN@?$AAq?$AAu?$AAz?$AA?9?$AAe?$AAc@ 00000001800069a8     libucrt:lcidtoname_downlevel.obj
 0001:000059b8       ??_C@_1O@GBAPEKMJ@?$AAq?$AAu?$AAz?$AA?9?$AAp?$AAe@ 00000001800069b8     libucrt:lcidtoname_downlevel.obj
 0001:000059c8       ??_C@_1M@CLGLEFBO@?$AAr?$AAo?$AA?9?$AAr?$AAo@ 00000001800069c8     libucrt:lcidtoname_downlevel.obj
 0001:000059d8       ??_C@_1M@CEEDODME@?$AAr?$AAu?$AA?9?$AAr?$AAu@ 00000001800069d8     libucrt:lcidtoname_downlevel.obj
 0001:000059e8       ??_C@_1M@HPKKKMPP@?$AAs?$AAa?$AA?9?$AAi?$AAn@ 00000001800069e8     libucrt:lcidtoname_downlevel.obj
 0001:000059f8       ??_C@_1M@BKMAIGOJ@?$AAs?$AAe?$AA?9?$AAf?$AAi@ 00000001800069f8     libucrt:lcidtoname_downlevel.obj
 0001:00005a08       ??_C@_1M@NDPIFLFI@?$AAs?$AAe?$AA?9?$AAn?$AAo@ 0000000180006a08     libucrt:lcidtoname_downlevel.obj
 0001:00005a18       ??_C@_1M@DANKKHJ@?$AAs?$AAe?$AA?9?$AAs?$AAe@ 0000000180006a18     libucrt:lcidtoname_downlevel.obj
 0001:00005a28       ??_C@_1M@PNBLONPJ@?$AAs?$AAk?$AA?9?$AAs?$AAk@ 0000000180006a28     libucrt:lcidtoname_downlevel.obj
 0001:00005a38       ??_C@_1M@LFMODOAL@?$AAs?$AAl?$AA?9?$AAs?$AAi@ 0000000180006a38     libucrt:lcidtoname_downlevel.obj
 0001:00005a48       ??_C@_1O@DFKOMPG@?$AAs?$AAm?$AAa?$AA?9?$AAn?$AAo@ 0000000180006a48     libucrt:lcidtoname_downlevel.obj
 0001:00005a58       ??_C@_1O@NDKPBNNH@?$AAs?$AAm?$AAa?$AA?9?$AAs?$AAe@ 0000000180006a58     libucrt:lcidtoname_downlevel.obj
 0001:00005a68       ??_C@_1O@PLLKBHAB@?$AAs?$AAm?$AAj?$AA?9?$AAn?$AAo@ 0000000180006a68     libucrt:lcidtoname_downlevel.obj
 0001:00005a78       ??_C@_1O@CLEPOGCA@?$AAs?$AAm?$AAj?$AA?9?$AAs?$AAe@ 0000000180006a78     libucrt:lcidtoname_downlevel.obj
 0001:00005a88       ??_C@_1O@DLGJGKMK@?$AAs?$AAm?$AAn?$AA?9?$AAf?$AAi@ 0000000180006a88     libucrt:lcidtoname_downlevel.obj
 0001:00005a98       ??_C@_1O@OJDJGAJC@?$AAs?$AAm?$AAs?$AA?9?$AAf?$AAi@ 0000000180006a98     libucrt:lcidtoname_downlevel.obj
 0001:00005aa8       ??_C@_1M@BOFOGHPB@?$AAs?$AAq?$AA?9?$AAa?$AAl@ 0000000180006aa8     libucrt:lcidtoname_downlevel.obj
 0001:00005ab8       ??_C@_1BG@LJBBIPGB@?$AAs?$AAr?$AA?9?$AAb?$AAa?$AA?9?$AAc?$AAy?$AAr?$AAl@ 0000000180006ab8     libucrt:lcidtoname_downlevel.obj
 0001:00005ad0       ??_C@_1BG@JLBENFOE@?$AAs?$AAr?$AA?9?$AAb?$AAa?$AA?9?$AAl?$AAa?$AAt?$AAn@ 0000000180006ad0     libucrt:lcidtoname_downlevel.obj
 0001:00005ae8       ??_C@_1BG@KODPNHE@?$AAs?$AAr?$AA?9?$AAs?$AAp?$AA?9?$AAc?$AAy?$AAr?$AAl@ 0000000180006ae8     libucrt:lcidtoname_downlevel.obj
 0001:00005b00       ??_C@_1BG@CIOGKHPB@?$AAs?$AAr?$AA?9?$AAs?$AAp?$AA?9?$AAl?$AAa?$AAt?$AAn@ 0000000180006b00     libucrt:lcidtoname_downlevel.obj
 0001:00005b18       ??_C@_1M@NGFJLMAC@?$AAs?$AAv?$AA?9?$AAf?$AAi@ 0000000180006b18     libucrt:lcidtoname_downlevel.obj
 0001:00005b28       ??_C@_1M@MPJEJAJC@?$AAs?$AAv?$AA?9?$AAs?$AAe@ 0000000180006b28     libucrt:lcidtoname_downlevel.obj
 0001:00005b38       ??_C@_1M@MPNDHLFK@?$AAs?$AAw?$AA?9?$AAk?$AAe@ 0000000180006b38     libucrt:lcidtoname_downlevel.obj
 0001:00005b48       ??_C@_1O@KOHBJJI@?$AAs?$AAy?$AAr?$AA?9?$AAs?$AAy@ 0000000180006b48     libucrt:lcidtoname_downlevel.obj
 0001:00005b58       ??_C@_1M@LDCEFHA@?$AAt?$AAa?$AA?9?$AAi?$AAn@ 0000000180006b58     libucrt:lcidtoname_downlevel.obj
 0001:00005b68       ??_C@_1M@CNJOFAK@?$AAt?$AAe?$AA?9?$AAi?$AAn@ 0000000180006b68     libucrt:lcidtoname_downlevel.obj
 0001:00005b78       ??_C@_1M@GNAECACD@?$AAt?$AAh?$AA?9?$AAt?$AAh@ 0000000180006b78     libucrt:lcidtoname_downlevel.obj
 0001:00005b88       ??_C@_1M@CHBIHOJO@?$AAt?$AAn?$AA?9?$AAz?$AAa@ 0000000180006b88     libucrt:lcidtoname_downlevel.obj
 0001:00005b98       ??_C@_1M@GCCMIGPJ@?$AAt?$AAr?$AA?9?$AAt?$AAr@ 0000000180006b98     libucrt:lcidtoname_downlevel.obj
 0001:00005ba8       ??_C@_1M@CELMCNBK@?$AAt?$AAt?$AA?9?$AAr?$AAu@ 0000000180006ba8     libucrt:lcidtoname_downlevel.obj
 0001:00005bb8       ??_C@_1M@KLMCELGA@?$AAu?$AAk?$AA?9?$AAu?$AAa@ 0000000180006bb8     libucrt:lcidtoname_downlevel.obj
 0001:00005bc8       ??_C@_1M@EPAJJAJF@?$AAu?$AAr?$AA?9?$AAp?$AAk@ 0000000180006bc8     libucrt:lcidtoname_downlevel.obj
 0001:00005bd8       ??_C@_1BG@GEGPMCDJ@?$AAu?$AAz?$AA?9?$AAu?$AAz?$AA?9?$AAc?$AAy?$AAr?$AAl@ 0000000180006bd8     libucrt:lcidtoname_downlevel.obj
 0001:00005bf0       ??_C@_1BG@EGGKJILM@?$AAu?$AAz?$AA?9?$AAu?$AAz?$AA?9?$AAl?$AAa?$AAt?$AAn@ 0000000180006bf0     libucrt:lcidtoname_downlevel.obj
 0001:00005c08       ??_C@_1M@GFOCLFF@?$AAv?$AAi?$AA?9?$AAv?$AAn@ 0000000180006c08     libucrt:lcidtoname_downlevel.obj
 0001:00005c18       ??_C@_1M@CPAMEDFI@?$AAx?$AAh?$AA?9?$AAz?$AAa@ 0000000180006c18     libucrt:lcidtoname_downlevel.obj
 0001:00005c28       ??_C@_1O@EBKIFIGN@?$AAz?$AAh?$AA?9?$AAc?$AAh?$AAs@ 0000000180006c28     libucrt:lcidtoname_downlevel.obj
 0001:00005c38       ??_C@_1O@NMHPGANE@?$AAz?$AAh?$AA?9?$AAc?$AAh?$AAt@ 0000000180006c38     libucrt:lcidtoname_downlevel.obj
 0001:00005c48       ??_C@_1M@LPINJOMC@?$AAz?$AAh?$AA?9?$AAc?$AAn@ 0000000180006c48     libucrt:lcidtoname_downlevel.obj
 0001:00005c58       ??_C@_1M@OCJEJODD@?$AAz?$AAh?$AA?9?$AAh?$AAk@ 0000000180006c58     libucrt:lcidtoname_downlevel.obj
 0001:00005c68       ??_C@_1M@DNDLJINH@?$AAz?$AAh?$AA?9?$AAm?$AAo@ 0000000180006c68     libucrt:lcidtoname_downlevel.obj
 0001:00005c78       ??_C@_1M@MBFDNDND@?$AAz?$AAh?$AA?9?$AAs?$AAg@ 0000000180006c78     libucrt:lcidtoname_downlevel.obj
 0001:00005c88       ??_C@_1M@IMEPLEPE@?$AAz?$AAh?$AA?9?$AAt?$AAw@ 0000000180006c88     libucrt:lcidtoname_downlevel.obj
 0001:00005c98       ??_C@_1M@BBGHNHJP@?$AAz?$AAu?$AA?9?$AAz?$AAa@ 0000000180006c98     libucrt:lcidtoname_downlevel.obj
 0001:00005f00       ??_C@_1BA@BALFACEM@?$AAC?$AAO?$AAN?$AAO?$AAU?$AAT?$AA$@ 0000000180006f00     libucrt:initcon.obj
 0001:00005f10       __log10_256_lead           0000000180006f10     libucrt:log10_256_lead_tail_table.obj
 0001:00006720       __log10_256_tail           0000000180007720     libucrt:log10_256_lead_tail_table.obj
 0001:00006f30       __log_F_inv_qword          0000000180007f30     libucrt:log_f_inv_qword_table.obj
 0001:00007740       ??_C@_05HGHHAHAP@log10@    0000000180008740     libucrt:log_special.obj
 0001:00007790       _load_config_used          0000000180008790     LIBCMT:loadcfg.obj
 0001:00007898       ??_R4exception@std@@6B@    0000000180008898     LIBCMT:throw_bad_alloc.obj
 0001:000078c0       ??_R3exception@std@@8      00000001800088c0     LIBCMT:throw_bad_alloc.obj
 0001:000078d8       ??_R2exception@std@@8      00000001800088d8     LIBCMT:throw_bad_alloc.obj
 0001:000078e8       ??_R1A@?0A@EA@exception@std@@8 00000001800088e8     LIBCMT:throw_bad_alloc.obj
 0001:00007910       ??_R4bad_alloc@std@@6B@    0000000180008910     LIBCMT:throw_bad_alloc.obj
[...]
 0003:00000780       $pdata$?fin$0@?0???$?RV<lambda_410d79af7f07d98d83a3f525b3859a53>@@AEAV<lambda_3e16ef9562a7dcce91392c22ab16ea36>@@V<lambda_38119f0e861e05405d8a144b9b982f0a>@@@?$__crt_seh_guarded_call@X@@QEAAX$$QEAV<lambda_410d79af7f07d98d83a3f525b3859a53>@@AEAV<lambda_3e16ef9562a7dcce91392c22ab16ea36>@@$$QEAV<lambda_38119f0e861e05405d8a144b9b982f0a>@@@Z@4HA 000000018001b780     libucrt:wsetlocale.obj
 0003:0000078c       $pdata$__acrt_initialize_locks 000000018001b78c     libucrt:locks.obj
 0003:00000798       $pdata$__acrt_uninitialize_locks 000000018001b798     libucrt:locks.obj
 0003:000007a4       $pdata$_malloc_base        000000018001b7a4     libucrt:malloc_base.obj
 0003:000007b0       $pdata$_free_base          000000018001b7b0     libucrt:free_base.obj
 0003:000007bc       $pdata$__acrt_get_process_end_policy 000000018001b7bc     libucrt:win_policies.obj
 0003:000007c8       $pdata$_invalid_parameter_noinfo 000000018001b7c8     libucrt:invalid_parameter.obj
 0003:000007d4       $pdata$_invoke_watson      000000018001b7d4     libucrt:invalid_parameter.obj
 0003:000007e0       $pdata$__acrt_call_reportfault 000000018001b7e0     libucrt:invalid_parameter.obj
 0003:000007ec       $pdata$_invalid_parameter  000000018001b7ec     libucrt:invalid_parameter.obj
 0003:000007f8       $pdata$_errno              000000018001b7f8     libucrt:errno.obj
 0003:00000804       $pdata$__doserrno          000000018001b804     libucrt:errno.obj
 0003:00000810       $pdata$__acrt_errno_map_os_error 000000018001b810     libucrt:errno.obj
 0003:0000081c       $pdata$_calloc_base        000000018001b81c     libucrt:calloc_base.obj
 0003:00000828       $pdata$??$__acrt_mbs_to_wcs_cp@U__crt_win32_buffer_internal_dynamic_resizing@@@@YAHQEBDAEAV?$__crt_win32_buffer@_WU__crt_win32_buffer_internal_dynamic_resizing@@@@I@Z 000000018001b828     libucrt:argv_wildcards.obj
 0003:00000834       $pdata$??$__acrt_wcs_to_mbs_cp@U__crt_win32_buffer_internal_dynamic_resizing@@@@YAHQEB_WAEAV?$__crt_win32_buffer@DU__crt_win32_buffer_internal_dynamic_resizing@@@@I@Z 000000018001b834     libucrt:argv_wildcards.obj
 0003:00000840       $pdata$??$common_expand_argv_wildcards@D@@YAHQEAPEADQEAPEAPEAD@Z 000000018001b840     libucrt:argv_wildcards.obj
 0003:0000084c       $pdata$??$copy_and_add_argument_to_buffer@D@@YAHQEBD0_KAEAV?$argument_list@D@?A0x5f5c8891@@@Z 000000018001b84c     libucrt:argv_wildcards.obj
 0003:00000858       $pdata$??$expand_argument_wildcards@D@@YAHQEAD0AEAV?$argument_list@D@?A0x5f5c8891@@@Z 000000018001b858     libucrt:argv_wildcards.obj
 0003:00000864       $pdata$__acrt_GetModuleFileNameA 000000018001b864     libucrt:getmodulefilenamea.obj
 0003:00000870       $pdata$??$__acrt_wcs_to_mbs_cp@U__crt_win32_buffer_no_resizing@@@@YAHQEB_WAEAV?$__crt_win32_buffer@DU__crt_win32_buffer_no_resizing@@@@I@Z 000000018001b870     libucrt:getmodulefilenamea.obj
 0003:0000087c       $pdata$__acrt_update_thread_multibyte_data 000000018001b87c     libucrt:mbctype.obj
 0003:00000888       $pdata$__acrt_initialize_multibyte 000000018001b888     libucrt:mbctype.obj
 0003:00000894       $pdata$_setmbcp_nolock     000000018001b894     libucrt:mbctype.obj
 0003:000008a0       $pdata$?getSystemCP@@YAHH@Z 000000018001b8a0     libucrt:mbctype.obj
 0003:000008ac       $pdata$?setSBCS@@YAXPEAU__crt_multibyte_data@@@Z 000000018001b8ac     libucrt:mbctype.obj
 0003:000008b8       $pdata$?update_thread_multibyte_data_internal@@YAPEAU__crt_multibyte_data@@QEAU__acrt_ptd@@QEAPEAU1@@Z 000000018001b8b8     libucrt:mbctype.obj
 0003:000008c4       $pdata$?fin$0@?0??update_thread_multibyte_data_internal@@YAPEAU__crt_multibyte_data@@QEAU__acrt_ptd@@QEAPEAU1@@Z@4HA 000000018001b8c4     libucrt:mbctype.obj
 0003:000008d0       $pdata$?setmbcp_internal@@YAHH_NQEAU__acrt_ptd@@QEAPEAU__crt_multibyte_data@@@Z 000000018001b8d0     libucrt:mbctype.obj
 0003:000008dc       $pdata$?setSBUpLow@@YAXPEAU__crt_multibyte_data@@@Z 000000018001b8dc     libucrt:mbctype.obj
 0003:000008e8       $pdata$??$?RV<lambda_efdfa57d1f175319df784efa44bb7b81>@@AEAV<lambda_5f0a4c1567f8adc6734073e5d1e1b35c>@@V<lambda_2e8a7d3640ea6ccb4c2413664c2db6fd>@@@?$__crt_seh_guarded_call@X@@QEAAX$$QEAV<lambda_efdfa57d1f175319df784efa44bb7b81>@@AEAV<lambda_5f0a4c1567f8adc6734073e5d1e1b35c>@@$$QEAV<lambda_2e8a7d3640ea6ccb4c2413664c2db6fd>@@@Z 000000018001b8e8     libucrt:mbctype.obj
 0003:000008f4       $pdata$?x_ismbbtype_l@@YAHPEAU__crt_locale_pointers@@IHH@Z 000000018001b8f4     libucrt:ismbbyte.obj
 0003:00000900       $pdata$__acrt_initialize_command_line 000000018001b900     libucrt:argv_data.obj
 0003:0000090c       $pdata$__acrt_WideCharToMultiByte 000000018001b90c     libucrt:widechartomultibyte.obj
 0003:00000918       $pdata$__dcrt_get_narrow_environment_from_os 000000018001b918     libucrt:get_environment_from_os.obj
 0003:00000924       $pdata$_recalloc_base      000000018001b924     libucrt:recalloc.obj
 0003:00000930       $pdata$__acrt_initialize_winapi_thunks 000000018001b930     libucrt:winapi_thunks.obj
 0003:0000093c       $pdata$__acrt_uninitialize_winapi_thunks 000000018001b93c     libucrt:winapi_thunks.obj
 0003:00000948       $pdata$__acrt_AreFileApisANSI 000000018001b948     libucrt:winapi_thunks.obj
 0003:00000954       $pdata$__acrt_FlsAlloc     000000018001b954     libucrt:winapi_thunks.obj
 0003:00000960       $pdata$__acrt_FlsFree      000000018001b960     libucrt:winapi_thunks.obj
 0003:0000096c       $pdata$__acrt_FlsGetValue  000000018001b96c     libucrt:winapi_thunks.obj
 0003:00000978       $pdata$__acrt_FlsSetValue  000000018001b978     libucrt:winapi_thunks.obj
 0003:00000984       $pdata$__acrt_InitializeCriticalSectionEx 000000018001b984     libucrt:winapi_thunks.obj
 0003:00000990       $pdata$__acrt_LCMapStringEx 000000018001b990     libucrt:winapi_thunks.obj
 0003:0000099c       $pdata$__acrt_LocaleNameToLCID 000000018001b99c     libucrt:winapi_thunks.obj
 0003:000009a8       $pdata$__acrt_AppPolicyGetProcessTerminationMethodInternal 000000018001b9a8     libucrt:winapi_thunks.obj
 0003:000009b4       $pdata$?try_get_function@@YAPEAXW4function_id@?A0x391cf84c@@QEBDQEBW4module_id@2@2@Z 000000018001b9b4     libucrt:winapi_thunks.obj
 0003:000009c0       $pdata$__acrt_initialize_heap 000000018001b9c0     libucrt:heap_handle.obj
 0003:000009cc       $pdata$__acrt_initialize_lowio 000000018001b9cc     libucrt:ioinit.obj
 0003:000009d8       $pdata$__acrt_initialize_lowio$fin$0 000000018001b9d8     libucrt:ioinit.obj
 0003:000009d8       $pdata$__acrt_lowio_ensure_fh_exists$fin$0 000000018001b9d8     libucrt:osfinfo.obj
 0003:000009e4       $pdata$__acrt_uninitialize_lowio 000000018001b9e4     libucrt:ioinit.obj
 0003:000009f0       $pdata$?initialize_inherited_file_handles_nolock@@YAXXZ 000000018001b9f0     libucrt:ioinit.obj
 0003:000009fc       $pdata$?initialize_stdio_handles_nolock@@YAXXZ 000000018001b9fc     libucrt:ioinit.obj
 0003:00000a08       $pdata$__acrt_execute_initializers 000000018001ba08     libucrt:shared_initialization.obj
 0003:00000a14       $pdata$__acrt_execute_uninitializers 000000018001ba14     libucrt:shared_initialization.obj
 0003:00000a20       $pdata$__acrt_get_sigabrt_handler 000000018001ba20     libucrt:signal.obj
 0003:00000a2c       $pdata$raise               000000018001ba2c     libucrt:signal.obj
 0003:00000a38       $pdata$raise$fin$0         000000018001ba38     libucrt:signal.obj
 0003:00000a44       $pdata$??$?RV<lambda_450d765d439847d4c735a33c368b5fc0>@@AEAV<lambda_44731a7d0e6d81c3e6aa82d741081786>@@V<lambda_601a2a7da3b7a96e9554ac7215c4b07c>@@@?$__crt_seh_guarded_call@P6AXH@Z@@QEAAP6AXH@Z$$QEAV<lambda_450d765d439847d4c735a33c368b5fc0>@@AEAV<lambda_44731a7d0e6d81c3e6aa82d741081786>@@$$QEAV<lambda_601a2a7da3b7a96e9554ac7215c4b07c>@@@Z 000000018001ba44     libucrt:signal.obj
 0003:00000a50       $pdata$_fflush_nolock      000000018001ba50     libucrt:fflush.obj
 0003:00000a5c       $pdata$__acrt_stdio_flush_nolock 000000018001ba5c     libucrt:fflush.obj
 0003:00000a68       $pdata$?common_flush_all@@YAH_N@Z 000000018001ba68     libucrt:fflush.obj
 0003:00000a74       $pdata$??$?RV<lambda_842d9ff0dc9ef11c61343bbaebe7f885>@@AEAV<lambda_c5860995281e5c4ce005b3de8f5874ee>@@V<lambda_d90129c13df834fdcbf8d2b88dafcf2d>@@@?$__crt_seh_guarded_call@X@@QEAAX$$QEAV<lambda_842d9ff0dc9ef11c61343bbaebe7f885>@@AEAV<lambda_c5860995281e5c4ce005b3de8f5874ee>@@$$QEAV<lambda_d90129c13df834fdcbf8d2b88dafcf2d>@@@Z 000000018001ba74     libucrt:fflush.obj
 0003:00000a80       $pdata$?fin$0@?0???$?RV<lambda_842d9ff0dc9ef11c61343bbaebe7f885>@@AEAV<lambda_c5860995281e5c4ce005b3de8f5874ee>@@V<lambda_d90129c13df834fdcbf8d2b88dafcf2d>@@@?$__crt_seh_guarded_call@X@@QEAAX$$QEAV<lambda_842d9ff0dc9ef11c61343bbaebe7f885>@@AEAV<lambda_c5860995281e5c4ce005b3de8f5874ee>@@$$QEAV<lambda_d90129c13df834fdcbf8d2b88dafcf2d>@@@Z@4HA 000000018001ba80     libucrt:fflush.obj
 0003:00000a8c       $pdata$??$?RV<lambda_886d6c58226a84441f68b9f2b8217b83>@@AEAV<lambda_ab61a845afdef5b7c387490eaf3616ee>@@V<lambda_f7f22ab5edc0698d5f6905b0d3f44752>@@@?$__crt_seh_guarded_call@X@@QEAAX$$QEAV<lambda_886d6c58226a84441f68b9f2b8217b83>@@AEAV<lambda_ab61a845afdef5b7c387490eaf3616ee>@@$$QEAV<lambda_f7f22ab5edc0698d5f6905b0d3f44752>@@@Z 000000018001ba8c     libucrt:fflush.obj
 0003:00000a98       $pdata$?fin$0@?0???$?RV<lambda_886d6c58226a84441f68b9f2b8217b83>@@AEAV<lambda_ab61a845afdef5b7c387490eaf3616ee>@@V<lambda_f7f22ab5edc0698d5f6905b0d3f44752>@@@?$__crt_seh_guarded_call@X@@QEAAX$$QEAV<lambda_886d6c58226a84441f68b9f2b8217b83>@@AEAV<lambda_ab61a845afdef5b7c387490eaf3616ee>@@$$QEAV<lambda_f7f22ab5edc0698d5f6905b0d3f44752>@@@Z@4HA 000000018001ba98     libucrt:fflush.obj
 0003:00000aa4       $pdata$__acrt_initialize_stdio 000000018001baa4     libucrt:_file.obj
 0003:00000ab0       $pdata$__acrt_uninitialize_stdio 000000018001bab0     libucrt:_file.obj
 0003:00000abc       $pdata$_mbtowc_l           000000018001babc     libucrt:mbtowc.obj
 0003:00000ac8       $pdata$_fileno             000000018001bac8     libucrt:fileno.obj
 0003:00000ad4       $pdata$__pctype_func       000000018001bad4     libucrt:ctype.obj
 0003:00000ae0       $pdata$__acrt_release_locale_ref 000000018001bae0     libucrt:locale_refcounting.obj
 0003:00000aec       $pdata$__acrt_free_locale  000000018001baec     libucrt:locale_refcounting.obj
 0003:00000af8       $pdata$__acrt_locale_free_lc_time_if_unreferenced 000000018001baf8     libucrt:locale_refcounting.obj
 0003:00000b04       $pdata$__acrt_update_thread_locale_data 000000018001bb04     libucrt:locale_refcounting.obj
 0003:00000b10       $pdata$__acrt_update_thread_locale_data$fin$0 000000018001bb10     libucrt:locale_refcounting.obj
 0003:00000b1c       $pdata$_updatetlocinfoEx_nolock 000000018001bb1c     libucrt:locale_refcounting.obj
 0003:00000b28       $pdata$__acrt_locale_free_monetary 000000018001bb28     libucrt:initmon.obj
 0003:00000b34       $pdata$__acrt_locale_free_numeric 000000018001bb34     libucrt:initnum.obj
 0003:00000b40       $pdata$__acrt_locale_free_time 000000018001bb40     libucrt:inittime.obj
 0003:00000b4c       $pdata$?free_crt_array_internal@@YAXQEAPEBX_K@Z 000000018001bb4c     libucrt:inittime.obj
 0003:00000b58       $pdata$__acrt_GetStringTypeA 000000018001bb58     libucrt:getstringtypea.obj
 0003:00000b64       $pdata$qsort               000000018001bb64     libucrt:qsort.obj
 0003:00000b70       $pdata$4$qsort             000000018001bb70     libucrt:qsort.obj
 0003:00000b7c       $pdata$5$qsort             000000018001bb7c     libucrt:qsort.obj
 0003:00000b88       $pdata$strncpy_s           000000018001bb88     libucrt:strncpy_s.obj
 0003:00000b94       $pdata$strpbrk             000000018001bb94     libucrt:strpbrk.obj
 0003:00000ba0       $pdata$fallbackMethod      000000018001bba0     libucrt:strpbrk.obj
 0003:00000bac       $pdata$_mbsdec_l           000000018001bbac     libucrt:mbsdec.obj
 0003:00000bb8       $pdata$__acrt_LCMapStringA 000000018001bbb8     libucrt:lcmapstringa.obj
 0003:00000bc4       $pdata$?__acrt_LCMapStringA_stat@@YAHPEAU__crt_locale_pointers@@PEB_WKPEBDHPEADHHH@Z 000000018001bbc4     libucrt:lcmapstringa.obj
 0003:00000bd0       $pdata$?initialize_multibyte@@YAHXZ 000000018001bbd0     libucrt:multibyte_initializer.obj
 0003:00000bdc       $pdata$_msize_base         000000018001bbdc     libucrt:msize.obj
 0003:00000be8       $pdata$_realloc_base       000000018001bbe8     libucrt:realloc_base.obj
 0003:00000bf4       $pdata$__acrt_DownlevelLocaleNameToLCID 000000018001bbf4     libucrt:lcidtoname_downlevel.obj
 0003:00000c00       $pdata$_get_osfhandle      000000018001bc00     libucrt:osfinfo.obj
 0003:00000c0c       $pdata$_free_osfhnd        000000018001bc0c     libucrt:osfinfo.obj
 0003:00000c18       $pdata$__acrt_lowio_create_handle_array 000000018001bc18     libucrt:osfinfo.obj
 0003:00000c24       $pdata$__acrt_lowio_destroy_handle_array 000000018001bc24     libucrt:osfinfo.obj
 0003:00000c30       $pdata$__acrt_lowio_ensure_fh_exists 000000018001bc30     libucrt:osfinfo.obj
 0003:00000c3c       $pdata$_commit             000000018001bc3c     libucrt:commit.obj
 0003:00000c48       $pdata$??$?RV<lambda_a37b2b86f63e897a80ea819b0eb08c01>@@AEAV<lambda_38ce7e780aa69e748d6df282ebc68efe>@@V<lambda_99fb1378e971ab6e7edea83e3a7a83a2>@@@?$__crt_seh_guarded_call@H@@QEAAH$$QEAV<lambda_a37b2b86f63e897a80ea819b0eb08c01>@@AEAV<lambda_38ce7e780aa69e748d6df282ebc68efe>@@$$QEAV<lambda_99fb1378e971ab6e7edea83e3a7a83a2>@@@Z 000000018001bc48     libucrt:commit.obj
 0003:00000c54       $pdata$?fin$0@?0???$?RV<lambda_751a882b2c74d4b022dec766aa51a29a>@@AEAV<lambda_628dfdc04ba53c8bfc02c9951375f3f5>@@V<lambda_f6c7be5f7998530c34de24c7437d6b54>@@@?$__crt_seh_guarded_call@H@@QEAAH$$QEAV<lambda_751a882b2c74d4b022dec766aa51a29a>@@AEAV<lambda_628dfdc04ba53c8bfc02c9951375f3f5>@@$$QEAV<lambda_f6c7be5f7998530c34de24c7437d6b54>@@@Z@4HA 000000018001bc54     libucrt:close.obj
 0003:00000c54       $pdata$?fin$0@?0???$?RV<lambda_a37b2b86f63e897a80ea819b0eb08c01>@@AEAV<lambda_38ce7e780aa69e748d6df282ebc68efe>@@V<lambda_99fb1378e971ab6e7edea83e3a7a83a2>@@@?$__crt_seh_guarded_call@H@@QEAAH$$QEAV<lambda_a37b2b86f63e897a80ea819b0eb08c01>@@AEAV<lambda_38ce7e780aa69e748d6df282ebc68efe>@@$$QEAV<lambda_99fb1378e971ab6e7edea83e3a7a83a2>@@@Z@4HA 000000018001bc54     libucrt:commit.obj
 0003:00000c60       $pdata$_write              000000018001bc60     libucrt:write.obj
 0003:00000c6c       $pdata$_write$fin$0        000000018001bc6c     libucrt:write.obj
 0003:00000c78       $pdata$_write_nolock       000000018001bc78     libucrt:write.obj
 0003:00000c84       $pdata$?write_double_translated_ansi_nolock@@YA?AUwrite_result@?A0x17268360@@HQEBDI@Z 000000018001bc84     libucrt:write.obj
 0003:00000c90       $pdata$?write_text_ansi_nolock@@YA?AUwrite_result@?A0x17268360@@HQEBDI@Z 000000018001bc90     libucrt:write.obj
 0003:00000c9c       $pdata$?write_text_utf16le_nolock@@YA?AUwrite_result@?A0x17268360@@HQEBDI@Z 000000018001bc9c     libucrt:write.obj
 0003:00000ca8       $pdata$?write_text_utf8_nolock@@YA?AUwrite_result@?A0x17268360@@HQEBDI@Z 000000018001bca8     libucrt:write.obj
 0003:00000cb4       $pdata$_fcloseall          000000018001bcb4     libucrt:closeall.obj
 0003:00000cc0       $pdata$_fcloseall$fin$0    000000018001bcc0     libucrt:closeall.obj
 0003:00000ccc       $pdata$__acrt_stdio_free_buffer_nolock 000000018001bccc     libucrt:_freebuf.obj
 0003:00000cd8       $pdata$_isatty             000000018001bcd8     libucrt:isatty.obj
 0003:00000ce4       $pdata$?__mbrtowc_utf8@__crt_mbstring@@YA_KPEA_WPEBD_KPEAU_Mbstatet@@@Z 000000018001bce4     libucrt:mbrtowc.obj
 0003:00000cf0       $pdata$?__mbsrtowcs_utf8@__crt_mbstring@@YA_KPEA_WPEAPEBD_KPEAU_Mbstatet@@@Z 000000018001bcf0     libucrt:mbrtowc.obj
 0003:00000cfc       $pdata$??$common_lseek_nolock@_J@@YA_JH_JH@Z 000000018001bcfc     libucrt:lseek.obj
 0003:00000d08       $pdata$_putwch_nolock      000000018001bd08     libucrt:putwch.obj
 0003:00000d14       $pdata$fclose              000000018001bd14     libucrt:fclose.obj
 0003:00000d20       $pdata$fclose$fin$0        000000018001bd20     libucrt:fclose.obj
 0003:00000d2c       $pdata$_fclose_nolock      000000018001bd2c     libucrt:fclose.obj
 0003:00000d38       $pdata$?__mbrtoc32_utf8@__crt_mbstring@@YA_KPEA_UPEBD_KPEAU_Mbstatet@@@Z 000000018001bd38     libucrt:mbrtoc32.obj
 0003:00000d50       $pdata$__dcrt_lowio_ensure_console_output_initialized 000000018001bd50     libucrt:initcon.obj
 0003:00000d5c       $pdata$__dcrt_write_console 000000018001bd5c     libucrt:initcon.obj
 0003:00000d68       $pdata$__dcrt_terminate_console_output 000000018001bd68     libucrt:initcon.obj
 0003:00000d74       $pdata$_close              000000018001bd74     libucrt:close.obj
 0003:00000d80       $pdata$_close_nolock       000000018001bd80     libucrt:close.obj
 0003:00000d8c       $pdata$??$?RV<lambda_751a882b2c74d4b022dec766aa51a29a>@@AEAV<lambda_628dfdc04ba53c8bfc02c9951375f3f5>@@V<lambda_f6c7be5f7998530c34de24c7437d6b54>@@@?$__crt_seh_guarded_call@H@@QEAAH$$QEAV<lambda_751a882b2c74d4b022dec766aa51a29a>@@AEAV<lambda_628dfdc04ba53c8bfc02c9951375f3f5>@@$$QEAV<lambda_f6c7be5f7998530c34de24c7437d6b54>@@@Z 000000018001bd8c     libucrt:close.obj
 0003:00000d98       $pdata$_call_matherr       000000018001bd98     libucrt:libm_error.obj
 0003:00000da4       $pdata$_exception_enabled  000000018001bda4     libucrt:libm_error.obj
 0003:00000db0       $pdata$_handle_error       000000018001bdb0     libucrt:libm_error.obj
 0003:00000dbc       $pdata$__acrt_initialize_fma3 000000018001bdbc     libucrt:fma3_available.obj
 0003:00000dc8       $pdata$_log_special_common 000000018001bdc8     libucrt:log_special.obj
 0003:00000dd4       $pdata$_log10_special      000000018001bdd4     libucrt:log_special.obj
 0003:00000dec       $pdata$_set_errno_from_matherr 000000018001bdec     libucrt:fpexcept.obj
 0003:00000df8       $pdata$_raise_exc          000000018001bdf8     libucrt:fpexcept.obj
 0003:00000e04       $pdata$_raise_exc_ex       000000018001be04     libucrt:fpexcept.obj
 0003:00000e10       $pdata$_clrfp              000000018001be10     libucrt:fpctrl.obj
 0003:00000e1c       $pdata$_ctrlfp             000000018001be1c     libucrt:fpctrl.obj
 0003:00000e28       $pdata$_ctrlfp$filt$0      000000018001be28     libucrt:fpctrl.obj
 0003:00000e34       $pdata$_statfp             000000018001be34     libucrt:fpctrl.obj
 0003:00000e40       $pdata$_set_statfp         000000018001be40     libucrt:fpctrl.obj
 0003:00000e4c       $pdata$_IsNonwritableInCurrentImage 000000018001be4c     LIBCMT:pesect.obj
 0003:00000e58       $pdata$_IsNonwritableInCurrentImage$filt$0 000000018001be58     LIBCMT:pesect.obj
 0003:00000e64       $pdata$__GSHandlerCheckCommon 000000018001be64     LIBCMT:gshandler.obj
 0003:00000e70       $pdata$__GSHandlerCheck    000000018001be70     LIBCMT:gshandler.obj
 0003:00000e88       $pdata$__report_securityfailure 000000018001be88     LIBCMT:gs_report.obj
 0003:00000e94       $pdata$__report_rangecheckfailure 000000018001be94     LIBCMT:gs_report.obj
 0003:00000ea0       $pdata$__report_gsfailure  000000018001bea0     LIBCMT:gs_report.obj
 0003:00000eac       $pdata$capture_current_context 000000018001beac     LIBCMT:gs_report.obj
 0003:00000eb8       $pdata$capture_previous_context 000000018001beb8     LIBCMT:gs_report.obj
 0003:00000ec4       $pdata$__raise_securityfailure 000000018001bec4     LIBCMT:gs_report.obj
 0004:000004b0       .idata$6                   000000018001c4b0     kernel32:KERNEL32.dll
 0005:00000000       MsetTab                    000000018001d000     libvcruntime:memset.obj
 0005:00000050       MoveSmall                  000000018001d050     libvcruntime:memcpy.obj
 0006:00000060       $R000000                   000000018001e060     AutoWrap.res
