 ProcList

 Timestamp is 60492380 (Wed Mar 10 19:52:32 2021)

 Preferred load address is 0000000180000000

 Start         Length     Name                   Class
 0001:00000000 00000008H .CRT$XCA                CODE
 0001:00000008 00000018H .CRT$XCC                CODE
 0001:00000020 00000010H .CRT$XCL                CODE
 0001:00000030 00000018H .CRT$XCU                CODE
 0001:00000048 00000008H .CRT$XCZ                CODE
 0001:00000050 00000008H .CRT$XIA                CODE
 0001:00000058 00000030H .CRT$XIC                CODE
 0001:00000088 00000008H .CRT$XIZ                CODE
 0001:00000090 00000008H .CRT$XPA                CODE
 0001:00000098 00000010H .CRT$XPX                CODE
 0001:000000a8 00000008H .CRT$XPXA               CODE
 0001:000000b0 00000008H .CRT$XPZ                CODE
 0001:000000b8 00000008H .CRT$XTA                CODE
 0001:000000c0 00000010H .CRT$XTZ                CODE
 0001:000000c8 00000000H .gfids$y                CODE
 0001:000000d0 00011b88H .rdata                  CODE
 0001:00011c58 000007f4H .rdata$r                CODE
 0001:0001244c 0000032cH .rdata$zzzdbg           CODE
 0001:00012778 00000008H .rtc$IAA                CODE
 0001:00012780 00000008H .rtc$IZZ                CODE
 0001:00012788 00000008H .rtc$TAA                CODE
 0001:00012790 00000010H .rtc$TZZ                CODE
 0001:000127a0 00000090H .text$di                CODE
 0001:00012830 00045e80H .text$mn                CODE
 0001:000586b0 00000020H .text$mn$00             CODE
 0001:000586d0 00001640H .text$x                 CODE
 0001:00059d10 00000210H .text$yd                CODE
 0001:00059f20 000041c8H .xdata                  CODE
 0001:0005e0e8 000003d8H .xdata$x                CODE
 0001:0005e4c0 00000192H .edata                  CODE
 0002:00000000 00000d30H .data                   DATA
 0002:00000d30 000003d0H .data$r                 DATA
 0002:00001100 00003184H .bss                    DATA
 0003:00000000 000030b4H .pdata                  DATA
 0004:00000000 000004a0H .idata$5                DATA
 0004:000004a0 00000010H .00cfg                  DATA
 0004:000004b0 000000a0H .idata$2                DATA
 0004:00000550 00000018H .idata$3                DATA
 0004:00000568 000004a0H .idata$4                DATA
 0004:00000a08 00000a6eH .idata$6                DATA
 0005:00000000 00000094H _RDATA                  DATA
 0006:00000000 00000060H .rsrc$01                DATA
 0006:00000060 00000378H .rsrc$02                DATA

  Address         Publics by Value              Rva+Base               Lib:Object

 0000:00000000       __hybrid_code_map          0000000000000000     <absolute>
 0000:00000000       __hybrid_code_map_count    0000000000000000     <absolute>
 0000:00000000       __guard_fids_count         0000000000000000     <absolute>
 0000:00000000       __volatile_metadata        0000000000000000     <absolute>
 0000:00000000       __guard_longjmp_count      0000000000000000     <absolute>
 0000:00000000       __guard_longjmp_table      0000000000000000     <absolute>
 0000:00000000       __guard_iat_count          0000000000000000     <absolute>
 0000:00000000       __guard_iat_table          0000000000000000     <absolute>
 0000:00000000       ___safe_se_handler_count   0000000000000000     <absolute>
 0000:00000000       __enclave_config           0000000000000000     <absolute>
 0000:00000000       __AbsoluteZero             0000000000000000     <absolute>
 0000:00000000       ___safe_se_handler_table   0000000000000000     <absolute>
 0000:00000000       __guard_fids_table         0000000000000000     <absolute>
 0000:00000000       __hybrid_auxiliary_iat     0000000000000000     <absolute>
 0000:00000000       __dynamic_value_reloc_table 0000000000000000     <absolute>
 0000:00000100       __guard_flags              0000000000000100     <absolute>
 0000:00000000       __ImageBase                0000000180000000     <linker-defined>
 0001:00000000       __xc_a                     0000000180001000     LIBCMT:initializers.obj
 0001:00000048       __xc_z                     0000000180001048     LIBCMT:initializers.obj
 0001:00000050       __xi_a                     0000000180001050     LIBCMT:initializers.obj
 0001:00000068       __acrt_stdio_initializer   0000000180001068     libucrt:stdio_initializer.obj
 0001:00000070       __acrt_tran_fma3_initializer 0000000180001070     libucrt:fma3_initializer.obj
 0001:00000078       __acrt_timeset_initializer 0000000180001078     libucrt:timeset_initializer.obj
 0001:00000080       __acrt_multibyte_initializer 0000000180001080     libucrt:multibyte_initializer.obj
 0001:00000088       __xi_z                     0000000180001088     LIBCMT:initializers.obj
 0001:00000090       __xp_a                     0000000180001090     LIBCMT:initializers.obj
 0001:00000098       __acrt_locale_terminator   0000000180001098     libucrt:locale_initializer.obj
 0001:000000a0       __dcrt_console_output_terminator 00000001800010a0     libucrt:console_output_initializer.obj
 0001:000000a8       __acrt_stdio_terminator    00000001800010a8     libucrt:stdio_initializer.obj
 0001:000000b0       __xp_z                     00000001800010b0     LIBCMT:initializers.obj
 0001:000000b8       __xt_a                     00000001800010b8     LIBCMT:initializers.obj
 0001:000000c0       __xt_z                     00000001800010c0     LIBCMT:initializers.obj
 0001:000000d0       ?powers_of_10_64@?$basic_data@X@detail@v7@fmt@@2QB_KB 00000001800010d0     format.obj
 0001:00000170       ?zero_or_powers_of_10_32@?$basic_data@X@detail@v7@fmt@@2QBIB 0000000180001170     format.obj
 0001:000001a0       ?zero_or_powers_of_10_64@?$basic_data@X@detail@v7@fmt@@2QB_KB 00000001800011a0     format.obj
 0001:00000250       ?grisu_pow10_significands@?$basic_data@X@detail@v7@fmt@@2QB_KB 0000000180001250     format.obj
 0001:00000510       ?grisu_pow10_exponents@?$basic_data@X@detail@v7@fmt@@2QBFB 0000000180001510     format.obj
 0001:000005c0       ?divtest_table_for_pow5_32@?$basic_data@X@detail@v7@fmt@@2QBU?$divtest_table_entry@I@234@B 00000001800015c0     format.obj
 0001:00000620       ?divtest_table_for_pow5_64@?$basic_data@X@detail@v7@fmt@@2QBU?$divtest_table_entry@_K@234@B 0000000180001620     format.obj
 0001:000007a0       ?dragonbox_pow10_significands_64@?$basic_data@X@detail@v7@fmt@@2QB_KB 00000001800017a0     format.obj
 0001:00000a10       ?powers_of_5_64@?$basic_data@X@detail@v7@fmt@@2QB_KB 0000000180001a10     format.obj
 0001:00000af0       ?dragonbox_pow10_recovery_errors@?$basic_data@X@detail@v7@fmt@@2QBIB 0000000180001af0     format.obj
 0001:00000b90       ?digits@?$basic_data@X@detail@v7@fmt@@2QAY01$$CBDA 0000000180001b90     format.obj
 0001:00000c58       ?hex_digits@?$basic_data@X@detail@v7@fmt@@2QBDB 0000000180001c58     format.obj
 0001:00000c6c       ?signs@?$basic_data@X@detail@v7@fmt@@2QBDB 0000000180001c6c     format.obj
 0001:00000c70       ?left_padding_shifts@?$basic_data@X@detail@v7@fmt@@2QBDB 0000000180001c70     format.obj
 0001:00000c78       ?right_padding_shifts@?$basic_data@X@detail@v7@fmt@@2QBDB 0000000180001c78     format.obj
 0001:00000c80       ??_C@_0BC@EOODALEL@Unknown?5exception@ 0000000180001c80     format.obj
 0001:00000c98       ??_C@_0BF@KINCDENJ@bad?5array?5new?5length@ 0000000180001c98     format.obj
 0001:00000cb0       ??_C@_08EPJLHIJG@bad?5cast@ 0000000180001cb0     format.obj
 0001:00000cb9       ??_C@_00CNPNBAHC@@         0000000180001cb9     format.obj
 0001:00000cc0       ??_C@_0BA@ELKIONDK@bad?5locale?5name@ 0000000180001cc0     format.obj
 0001:00000cd0       ??_C@_05LAPONLG@false@     0000000180001cd0     format.obj
 0001:00000cd8       ??_C@_04LOAJBDKD@true@     0000000180001cd8     format.obj
 0001:00000ce0       ??_7format_error@v7@fmt@@6B@ 0000000180001ce0     format.obj
 0001:00000cf0       ?data@?1??bsr2log10@detail@v7@fmt@@YAGH@Z@4QBGB 0000000180001cf0     format.obj
 0001:00000d70       ??_7?$basic_memory_buffer@_W$0BPE@V?$allocator@_W@std@@@v7@fmt@@6B@ 0000000180001d70     format.obj
 0001:00000d78       ??_7?$basic_memory_buffer@D$0BPE@V?$allocator@D@std@@@v7@fmt@@6B@ 0000000180001d78     format.obj
 0001:00000d80       ??_7?$basic_memory_buffer@I$0CA@V?$allocator@I@std@@@v7@fmt@@6B@ 0000000180001d80     format.obj
 0001:00000d88       ??_C@_0BD@DBEDGLNA@argument?5not?5found@ 0000000180001d88     format.obj
 0001:00000da0       ??_C@_0BA@JFNIOLAK@string?5too?5long@ 0000000180001da0     format.obj
 0001:00000db0       ??_C@_0BP@NMGMJOEM@unmatched?5?8?$HN?8?5in?5format?5string@ 0000000180001db0     format.obj
 0001:00000dd0       ??_C@_0BG@PEJKJNLA@invalid?5format?5string@ 0000000180001dd0     format.obj
 0001:00000de8       ??_C@_0BJ@JNDNOEDN@unknown?5format?5specifier@ 0000000180001de8     format.obj
 0001:00000e08       ??_C@_0BN@JNLAGDD@missing?5?8?$HN?8?5in?5format?5string@ 0000000180001e08     format.obj
 0001:00000e28       ??_C@_0DJ@LMIJFHJI@cannot?5switch?5from?5automatic?5to@ 0000000180001e28     format.obj
 0001:00000e68       ??_C@_0BL@KNEDAEPA@invalid?5fill?5character?5?8?$HL?8@ 0000000180001e68     format.obj
 0001:00000e88       ??_C@_0CL@CFEEEDMP@format?5specifier?5requires?5numer@ 0000000180001e88     format.obj
 0001:00000eb8       ??_C@_0BC@MDEIBHGE@number?5is?5too?5big@ 0000000180001eb8     format.obj
 0001:00000ed0       ??_C@_0BH@CIKPCHEG@invalid?5type?5specifier@ 0000000180001ed0     format.obj
 0001:00000ee8       ??_C@_0CK@IBNNAPH@format?5specifier?5requires?5signe@ 0000000180001ee8     format.obj
 0001:00000f18       ??_C@_0N@EFEDKJEI@invalid?5fill@ 0000000180001f18     format.obj
 0001:00000f28       ??_C@_0DJ@GHJONFIH@cannot?5switch?5from?5manual?5to?5au@ 0000000180001f28     format.obj
 0001:00000f68       ??_C@_0BH@IEEDMHI@string?5pointer?5is?5null@ 0000000180001f68     format.obj
 0001:00000f80       ??_C@_0CC@ELFJMMCC@invalid?5format?5specifier?5for?5ch@ 0000000180001f80     format.obj
 0001:00000fa8       ??_C@_0BM@IEKLBNBK@missing?5precision?5specifier@ 0000000180001fa8     format.obj
 0001:00000fc8       ??_C@_0CN@KMEDLGAJ@precision?5not?5allowed?5for?5this?5@ 0000000180001fc8     format.obj
 0001:00000ff8       ??_C@_03OEIAHPBN@INF@      0000000180001ff8     format.obj
 0001:00000ffc       ??_C@_03OJHLLCGB@inf@      0000000180001ffc     format.obj
 0001:00001000       ??_C@_03LKNCIKJB@NAN@      0000000180002000     format.obj
 0001:00001004       ??_C@_03LHCJEHON@nan@      0000000180002004     format.obj
 0001:00001008       ??_C@_0BB@JGGOGLEG@0123456789ABCDEF@ 0000000180002008     format.obj
 0001:00001020       ??_C@_0BD@PKKFPMLC@negative?5precision@ 0000000180002020     format.obj
 0001:00001038       ??_C@_0P@DAPDPGEO@negative?5width@ 0000000180002038     format.obj
 0001:00001048       ??_C@_0BJ@KKLAKOOL@precision?5is?5not?5integer@ 0000000180002048     format.obj
 0001:00001068       ??_C@_0BF@KEAPHPPE@width?5is?5not?5integer@ 0000000180002068     format.obj
 0001:00001080       __xmm@80000000000000008000000000000000 0000000180002080     format.obj
 0001:00001090       __xmm@80000000800000008000000080000000 0000000180002090     format.obj
 0001:000010c8       ??_C@_11LOCGONAA@@         00000001800020c8     handles.obj
 0001:000010d0       ??_C@_1BA@NMDNJJOO@?$AAP?$AAr?$AAo?$AAc?$AAe?$AAs?$AAs@ 00000001800020d0     handles.obj
 0001:000010e0       ??_C@_1O@CDOGJPJJ@?$AAT?$AAh?$AAr?$AAe?$AAa?$AAd@ 00000001800020e0     handles.obj
 0001:000010f0       ??_C@_17KACEIPNC@?$AAK?$AAe?$AAy@ 00000001800020f0     handles.obj
 0001:000010f8       ??_C@_19DDLLJDOO@?$AAF?$AAi?$AAl?$AAe@ 00000001800020f8     handles.obj
 0001:00001108       ??_C@_1O@ECECHNAE@?$AA?$DM?$AAp?$AAi?$AAp?$AAe?$AA?$DO@ 0000000180002108     handles.obj
 0001:00001118       ??_C@_1BE@FGECLHKD@?$AA?$HL?$AA0?$AA?$HN?$AA?5?$AA?$CI?$AA?$HL?$AA1?$AA?$HN?$AA?$CJ@ 0000000180002118     handles.obj
 0001:00001130       ??_C@_1BC@HBCEGEJN@?$AAT?$AAI?$AAD?$AA?3?$AA?5?$AA?$HL?$AA0?$AA?$HN@ 0000000180002130     handles.obj
 0001:00001148       ??_C@_1BE@ELICABCK@?$AA?$DM?$AAu?$AAn?$AAk?$AAn?$AAo?$AAw?$AAn?$AA?$DO@ 0000000180002148     handles.obj
 0001:00001160       ??_C@_1DC@OIDKFHBF@?$AAM?$AAA?$AAC?$AAH?$AAI?$AAN?$AAE?$AA?2?$AAS?$AAO?$AAF?$AAT?$AAW?$AAA?$AAR@ 0000000180002160     handles.obj
 0001:00001198       ??_C@_19DIHHCHDI@?$AAH?$AAK?$AAU?$AA?2@ 0000000180002198     handles.obj
 0001:000011a8       ??_C@_19JAPAIJDE@?$AAH?$AAK?$AAC?$AAU@ 00000001800021a8     handles.obj
 0001:000011b8       ??_C@_1BK@OEABCBLA@?$AAH?$AAK?$AAC?$AAU?$AA?2?$AAC?$AAl?$AAa?$AAs?$AAs?$AAe?$AAs@ 00000001800021b8     handles.obj
 0001:000011d8       ??_C@_17PJOJPMPB@?$AAH?$AAK?$AAU@ 00000001800021d8     handles.obj
 0001:000011e0       ??_C@_19NCHLBIN@?$AAH?$AAK?$AAC?$AAR@ 00000001800021e0     handles.obj
 0001:000011f0       ??_C@_19PEALEEJB@?$AAH?$AAK?$AAL?$AAM@ 00000001800021f0     handles.obj
 0001:00001200       ??_C@_1DM@NGIMPLFP@?$AA?6?$AA?$HL?$AA0?$AA?$HN?$AA?3?$AA?6?$AA?$HL?$AA1?$AA?3?$AA6?$AA?$HN?$AA?5?$AA?$HL?$AA2?$AA?3@ 0000000180002200     handles.obj
 0001:00001240       ??_C@_1DG@HOLPNCNP@?$AA?$HL?$AA0?$AA?3?$AA6?$AAX?$AA?$HN?$AA?5?$AA?$HL?$AA1?$AA?3?$AA0?$AA8?$AAX?$AA?$HN?$AA?5@ 0000000180002240     handles.obj
 0001:00001278       ??_7PluginCheckBoxBinding@@6B@ 0000000180002278     Pcfg.obj
 0001:00001288       ??_C@_1O@BJPKKLLM@?$AAC?$AAo?$AAn?$AAf?$AAi?$AAg@ 0000000180002288     Pcfg.obj
 0001:00001298       ??_C@_1BO@NGDOFANC@?$AAA?$AAd?$AAd?$AAT?$AAo?$AAD?$AAi?$AAs?$AAk?$AAs?$AAM?$AAe?$AAn?$AAu@ 0000000180002298     Pcfg.obj
 0001:000012b8       ??_C@_1CC@PNNAOHJC@?$AAA?$AAd?$AAd?$AAT?$AAo?$AAP?$AAl?$AAu?$AAg?$AAi?$AAn?$AAs?$AAM?$AAe?$AAn@ 00000001800022b8     Pcfg.obj
 0001:000012e0       ??_C@_1CE@JIPJNDMD@?$AAE?$AAx?$AAp?$AAo?$AAr?$AAt?$AAE?$AAn?$AAv?$AAi?$AAr?$AAo?$AAn?$AAm?$AAe@ 00000001800022e0     Pcfg.obj
 0001:00001308       ??_C@_1CC@OABICAMP@?$AAE?$AAx?$AAp?$AAo?$AAr?$AAt?$AAM?$AAo?$AAd?$AAu?$AAl?$AAe?$AAI?$AAn?$AAf@ 0000000180002308     Pcfg.obj
 0001:00001330       ??_C@_1CI@OFLGHPDG@?$AAE?$AAx?$AAp?$AAo?$AAr?$AAt?$AAM?$AAo?$AAd?$AAu?$AAl?$AAe?$AAV?$AAe?$AAr@ 0000000180002330     Pcfg.obj
 0001:00001358       ??_C@_1CE@GNMOKOAL@?$AAE?$AAx?$AAp?$AAo?$AAr?$AAt?$AAP?$AAe?$AAr?$AAf?$AAo?$AAr?$AAm?$AAa?$AAn@ 0000000180002358     Pcfg.obj
 0001:00001380       ??_C@_1BM@KMCHODLM@?$AAE?$AAx?$AAp?$AAo?$AAr?$AAt?$AAH?$AAa?$AAn?$AAd?$AAl?$AAe?$AAs@ 0000000180002380     Pcfg.obj
 0001:000013a0       ??_C@_1CK@CLFOOHFA@?$AAE?$AAx?$AAp?$AAo?$AAr?$AAt?$AAH?$AAa?$AAn?$AAd?$AAl?$AAe?$AAs?$AAU?$AAn@ 00000001800023a0     Pcfg.obj
 0001:000013d0       ??_C@_1BE@PKILIDFH@?$AAE?$AAn?$AAa?$AAb?$AAl?$AAe?$AAW?$AAM?$AAI@ 00000001800023d0     Pcfg.obj
 0001:000013f0       __xmm@00000000000000020000000000000000 00000001800023f0     Pcfg.obj
 0001:00001400       __xmm@ffffffffffffffffffffffffffffffff 0000000180002400     Pcfg.obj
 0001:00001410       ??_7PluginEditFieldBinding@@6B@ 0000000180002410     Pclass.obj
 0001:00001420       ??_C@_1BK@GMMKGKID@?$AA?$HL?$AA0?$AA?$HN?$AA?4?$AA?$HL?$AA1?$AA?3?$AA0?$AA?$HL?$AA2?$AA?$HN?$AA?$HN@ 0000000180002420     Pclass.obj
 0001:00001440       ??_C@_1BA@BHJJFMCM@?$AAB?$AAK?$AAM?$AAG?$AAT?$AAP?$AAE@ 0000000180002440     Pclass.obj
 0001:00001450       ??_C@_1BC@HGOMHBK@?$AA?$HL?$AA0?$AA?3?$AA?$DM?$AA2?$AA1?$AA?$HN?$AA?5@ 0000000180002450     Pclass.obj
 0001:00001468       ??_C@_19LPDLLMEB@?$AA?$HL?$AA0?$AA?$HN?$AA?3@ 0000000180002468     Pclass.obj
 0001:00001478       ??_C@_1BC@IALIJCAM@?$AAS?$AAo?$AAr?$AAt?$AAM?$AAo?$AAd?$AAe@ 0000000180002478     Pclass.obj
 0001:00001490       ??_C@_1BO@OMKAPLPJ@?$AAS?$AAt?$AAa?$AAr?$AAt?$AAP?$AAa?$AAn?$AAe?$AAl?$AAM?$AAo?$AAd?$AAe@ 0000000180002490     Pclass.obj
 0001:000014d0       ??_C@_1BA@JOLGFBLP@?$AAM?$AAo?$AAd?$AAe?$AA?$HL?$AA0?$AA?$HN@ 00000001800024d0     Pclass.obj
 0001:000014e0       ??_C@_1CM@KGJLHHPG@?$AAN?$AA?0?$AAX?$AA1?$AA5?$AAF?$AA?0?$AAX?$AA1?$AA6?$AAF?$AA?0?$AAX?$AA1?$AA7@ 00000001800024e0     Pclass.obj
 0001:00001510       ??_C@_1BG@MNPGDOEP@?$AA1?$AA2?$AA?0?$AA0?$AA?0?$AA0?$AA?0?$AA0?$AA?0?$AA4@ 0000000180002510     Pclass.obj
 0001:00001528       ??_C@_1CG@OHFJBKLN@?$AAN?$AA?0?$AAX?$AAI?$AA?0?$AAX?$AAB?$AA?0?$AAX?$AAP?$AA?0?$AAX?$AA0?$AAS?$AA?0@ 0000000180002528     Pclass.obj
 0001:00001550       ??_C@_1BI@EFANNANC@?$AA0?$AA?0?$AA6?$AA?0?$AA2?$AA?0?$AA2?$AA?0?$AA3?$AA?0?$AA9@ 0000000180002550     Pclass.obj
 0001:00001568       ??_C@_17KNGPBKAK@?$AAN?$AA?0?$AAN@ 0000000180002568     Pclass.obj
 0001:00001570       ??_C@_17JPFFEOAH@?$AA0?$AA?0?$AA0@ 0000000180002570     Pclass.obj
 0001:00001578       ??_C@_1BO@JAFIOFIL@?$AAN?$AA?0?$AAX?$AAI?$AA?0?$AAX?$AAB?$AA?0?$AAX?$AAC?$AA?0?$AAD?$AA?0?$AAT@ 0000000180002578     Pclass.obj
 0001:00001598       ??_C@_1BI@LFIMKDME@?$AA0?$AA?0?$AA6?$AA?0?$AA2?$AA?0?$AA6?$AA?0?$AA0?$AA?0?$AA0@ 0000000180002598     Pclass.obj
 0001:000015b0       ??_C@_1BK@IEHCCPMO@?$AAN?$AA?0?$AAX?$AAI?$AA?0?$AAX?$AA4?$AAF?$AA?0?$AAX?$AA6?$AAF@ 00000001800025b0     Pclass.obj
 0001:000015d0       ??_C@_1BA@MMHHFCDG@?$AA0?$AA?0?$AA6?$AA?0?$AA9?$AA?0?$AA9@ 00000001800025d0     Pclass.obj
 0001:000015e0       ??_C@_1EA@CMHCGANC@?$AAN?$AA?0?$AAX?$AAI?$AA?0?$AAX?$AA4?$AAF?$AA?0?$AAX?$AA6?$AAF?$AA?0?$AAX?$AA1@ 00000001800025e0     Pclass.obj
 0001:00001620       ??_C@_1CE@LPFIEDMN@?$AA0?$AA?0?$AA6?$AA?0?$AA9?$AA?0?$AA9?$AA?0?$AA9?$AA?0?$AA9?$AA?0?$AA8?$AA?0?$AA8@ 0000000180002620     Pclass.obj
 0001:00001648       ??_C@_19ILLMDDHI@?$AAN?$AA?0?$AAZ?$AAD@ 0000000180002648     Pclass.obj
 0001:00001658       ??_C@_19NMOJBHGD@?$AA1?$AA2?$AA?0?$AA0@ 0000000180002658     Pclass.obj
 0001:00001670       ??_C@_1EC@OFLHMCFD@?$AAN?$AA?0?$AAX?$AAP?$AA?0?$AAX?$AA0?$AAS?$AA?0?$AAX?$AA1?$AAS?$AA?0?$AAX?$AA2@ 0000000180002670     Pclass.obj
 0001:000016b8       ??_C@_1CA@MGMNHCLL@?$AA0?$AA?0?$AA2?$AA?0?$AA3?$AA?0?$AA2?$AA?0?$AA2?$AA?0?$AA3?$AA?0?$AA4?$AA?0?$AA3@ 00000001800026b8     Pclass.obj
 0001:000016d8       ??_C@_1O@JGFFCAGM@?$AAN?$AA?0?$AAX?$AAI?$AA?0?$AAO@ 00000001800026d8     Pclass.obj
 0001:000016e8       ??_C@_1O@FLEOANAI@?$AA0?$AA?0?$AA6?$AA?0?$AA1?$AA5@ 00000001800026e8     Pclass.obj
 0001:000016f8       ??_C@_1CC@FANCGEGE@?$AAN?$AA?0?$AAX?$AAI?$AA?0?$AAX?$AAT?$AA?0?$AAX?$AA3?$AA?0?$AAX?$AAG?$AA?0?$AAX@ 00000001800026f8     Pclass.obj
 0001:00001720       ??_C@_1BI@PMPHDFGH@?$AA0?$AA?0?$AA6?$AA?0?$AA3?$AA?0?$AA4?$AA?0?$AA4?$AA?0?$AA4@ 0000000180002720     Pclass.obj
 0001:00001738       ??_C@_1BG@COBJEPBB@?$AAN?$AA?0?$AAX?$AAI?$AA?0?$AAX?$AAT?$AA?0?$AAX?$AA3@ 0000000180002738     Pclass.obj
 0001:00001750       ??_C@_1BA@KPNNJGCD@?$AA0?$AA?0?$AA6?$AA?0?$AA3?$AA?0?$AA4@ 0000000180002750     Pclass.obj
 0001:00001760       ??_C@_1CA@HLBJOHGN@?$AAF?$AAu?$AAl?$AAl?$AAS?$AAc?$AAr?$AAe?$AAe?$AAn?$AAL?$AAo?$AAc?$AAa?$AAl@ 0000000180002760     Pclass.obj
 0001:00001780       ??_C@_1CC@EBBNDNOD@?$AAF?$AAu?$AAl?$AAl?$AAS?$AAc?$AAr?$AAe?$AAe?$AAn?$AAR?$AAe?$AAm?$AAo?$AAt@ 0000000180002780     Pclass.obj
 0001:000017a8       ??_C@_1BK@HMOODHKK@?$AAC?$AAo?$AAl?$AAu?$AAm?$AAn?$AAs?$AAL?$AAo?$AAc?$AAa?$AAl@ 00000001800027a8     Pclass.obj
 0001:000017c8       ??_C@_1BM@EDHFKJEJ@?$AAC?$AAo?$AAl?$AAu?$AAm?$AAn?$AAs?$AAR?$AAe?$AAm?$AAo?$AAt?$AAe@ 00000001800027c8     Pclass.obj
 0001:000017e8       ??_C@_1BI@FOOHDOCI@?$AAW?$AAi?$AAd?$AAt?$AAh?$AAs?$AAL?$AAo?$AAc?$AAa?$AAl@ 00000001800027e8     Pclass.obj
 0001:00001800       ??_C@_1BK@DDBMMJCN@?$AAW?$AAi?$AAd?$AAt?$AAh?$AAs?$AAR?$AAe?$AAm?$AAo?$AAt?$AAe@ 0000000180002800     Pclass.obj
 0001:0000181c       ??_C@_13DEFPDAGF@?$AA?0@   000000018000281c     Pclass.obj
 0001:00001820       ??_C@_15LNKNCLHH@?$AAS?$AAs@ 0000000180002820     Pclass.obj
 0001:00001828       ??_C@_1M@PBHOFL@?$AA?5?$AA?$HL?$AA0?$AA?$HN?$AA?5@ 0000000180002828     Pclass.obj
 0001:00001838       ??_C@_1BE@JJMDGICA@?$AA?$HL?$AA0?$AA?$HN?$AA?3?$AA?5?$AA?$HL?$AA1?$AA?$HN?$AA?5@ 0000000180002838     Pclass.obj
 0001:0000184c       ??_C@_15JOGBDECP@?$AA?0?$AA?5@ 000000018000284c     Pclass.obj
 0001:00001854       ??_C@_15DNHPCDHG@?$AAT?$AAt@ 0000000180002854     Pclass.obj
 0001:0000185c       ??_C@_15IJHBBPPC@?$AAF?$AAf@ 000000018000285c     Pclass.obj
 0001:00001868       ??_C@_1BC@OMEIHGFC@?$AAW?$AAS?$AA_?$AAP?$AAO?$AAP?$AAU?$AAP@ 0000000180002868     Pclass.obj
 0001:00001880       ??_C@_1BC@ONEEOLLM@?$AAW?$AAS?$AA_?$AAC?$AAH?$AAI?$AAL?$AAD@ 0000000180002880     Pclass.obj
 0001:00001898       ??_C@_1BI@GHDIGAD@?$AAW?$AAS?$AA_?$AAM?$AAI?$AAN?$AAI?$AAM?$AAI?$AAZ?$AAE@ 0000000180002898     Pclass.obj
 0001:000018b0       ??_C@_1BG@KLPFHNBP@?$AAW?$AAS?$AA_?$AAV?$AAI?$AAS?$AAI?$AAB?$AAL?$AAE@ 00000001800028b0     Pclass.obj
 0001:000018c8       ??_C@_1BI@NKODCGOF@?$AAW?$AAS?$AA_?$AAD?$AAI?$AAS?$AAA?$AAB?$AAL?$AAE?$AAD@ 00000001800028c8     Pclass.obj
 0001:000018e0       ??_C@_1CA@PCFJBBHH@?$AAW?$AAS?$AA_?$AAC?$AAL?$AAI?$AAP?$AAS?$AAI?$AAB?$AAL?$AAI?$AAN?$AAG?$AAS@ 00000001800028e0     Pclass.obj
 0001:00001900       ??_C@_1CA@MPLGGIO@?$AAW?$AAS?$AA_?$AAC?$AAL?$AAI?$AAP?$AAC?$AAH?$AAI?$AAL?$AAD?$AAR?$AAE?$AAN@ 0000000180002900     Pclass.obj
 0001:00001920       ??_C@_1BI@OLBAGOJG@?$AAW?$AAS?$AA_?$AAM?$AAA?$AAX?$AAI?$AAM?$AAI?$AAZ?$AAE@ 0000000180002920     Pclass.obj
 0001:00001938       ??_C@_1BE@DAMMEKNP@?$AAW?$AAS?$AA_?$AAB?$AAO?$AAR?$AAD?$AAE?$AAR@ 0000000180002938     Pclass.obj
 0001:00001950       ??_C@_1BI@EDHINADK@?$AAW?$AAS?$AA_?$AAD?$AAL?$AAG?$AAF?$AAR?$AAA?$AAM?$AAE@ 0000000180002950     Pclass.obj
 0001:00001968       ??_C@_1BG@CKCLFGFA@?$AAW?$AAS?$AA_?$AAV?$AAS?$AAC?$AAR?$AAO?$AAL?$AAL@ 0000000180002968     Pclass.obj
 0001:00001980       ??_C@_1BG@OMIOJOGF@?$AAW?$AAS?$AA_?$AAH?$AAS?$AAC?$AAR?$AAO?$AAL?$AAL@ 0000000180002980     Pclass.obj
 0001:00001998       ??_C@_1BG@KJOBMDJC@?$AAW?$AAS?$AA_?$AAS?$AAY?$AAS?$AAM?$AAE?$AAN?$AAU@ 0000000180002998     Pclass.obj
 0001:000019b0       ??_C@_1BM@GPNNOPCH@?$AAW?$AAS?$AA_?$AAT?$AAH?$AAI?$AAC?$AAK?$AAF?$AAR?$AAA?$AAM?$AAE@ 00000001800029b0     Pclass.obj
 0001:000019d0       ??_C@_1BO@FODKBODI@?$AAW?$AAS?$AA_?$AAM?$AAI?$AAN?$AAI?$AAM?$AAI?$AAZ?$AAE?$AAB?$AAO?$AAX@ 00000001800029d0     Pclass.obj
 0001:000019f0       ??_C@_1BO@IDJMAOMI@?$AAW?$AAS?$AA_?$AAM?$AAA?$AAX?$AAI?$AAM?$AAI?$AAZ?$AAE?$AAB?$AAO?$AAX@ 00000001800029f0     Pclass.obj
 0001:00001a10       ??_C@_1CI@PKBCIOPN@?$AAW?$AAS?$AA_?$AAE?$AAX?$AA_?$AAD?$AAL?$AAG?$AAM?$AAO?$AAD?$AAA?$AAL?$AAF@ 0000000180002a10     Pclass.obj
 0001:00001a38       ??_C@_1CK@KJECLHMG@?$AAW?$AAS?$AA_?$AAE?$AAX?$AA_?$AAN?$AAO?$AAP?$AAA?$AAR?$AAE?$AAN?$AAT?$AAN@ 0000000180002a38     Pclass.obj
 0001:00001a68       ??_C@_1BM@OCBKBALE@?$AAW?$AAS?$AA_?$AAE?$AAX?$AA_?$AAT?$AAO?$AAP?$AAM?$AAO?$AAS?$AAT@ 0000000180002a68     Pclass.obj
 0001:00001a88       ??_C@_1CE@JIDMMICL@?$AAW?$AAS?$AA_?$AAE?$AAX?$AA_?$AAA?$AAC?$AAC?$AAE?$AAP?$AAT?$AAF?$AAI?$AAL@ 0000000180002a88     Pclass.obj
 0001:00001ab0       ??_C@_1CE@PFFPBMCF@?$AAW?$AAS?$AA_?$AAE?$AAX?$AA_?$AAT?$AAR?$AAA?$AAN?$AAS?$AAP?$AAA?$AAR?$AAE@ 0000000180002ab0     Pclass.obj
 0001:00001ad8       ??_C@_1BO@MEOEJPLO@?$AAW?$AAS?$AA_?$AAE?$AAX?$AA_?$AAM?$AAD?$AAI?$AAC?$AAH?$AAI?$AAL?$AAD@ 0000000180002ad8     Pclass.obj
 0001:00001af8       ??_C@_1CC@IEIGGJGG@?$AAW?$AAS?$AA_?$AAE?$AAX?$AA_?$AAT?$AAO?$AAO?$AAL?$AAW?$AAI?$AAN?$AAD?$AAO@ 0000000180002af8     Pclass.obj
 0001:00001b20       ??_C@_1CC@PLPNIKGL@?$AAW?$AAS?$AA_?$AAE?$AAX?$AA_?$AAW?$AAI?$AAN?$AAD?$AAO?$AAW?$AAE?$AAD?$AAG@ 0000000180002b20     Pclass.obj
 0001:00001b48       ??_C@_1CC@IAPGCLEG@?$AAW?$AAS?$AA_?$AAE?$AAX?$AA_?$AAC?$AAL?$AAI?$AAE?$AAN?$AAT?$AAE?$AAD?$AAG@ 0000000180002b48     Pclass.obj
 0001:00001b70       ??_C@_1CE@EANKNCIF@?$AAW?$AAS?$AA_?$AAE?$AAX?$AA_?$AAC?$AAO?$AAN?$AAT?$AAE?$AAX?$AAT?$AAH?$AAE@ 0000000180002b70     Pclass.obj
 0001:00001b98       ??_C@_1BI@GFIADCMK@?$AAW?$AAS?$AA_?$AAE?$AAX?$AA_?$AAR?$AAI?$AAG?$AAH?$AAT@ 0000000180002b98     Pclass.obj
 0001:00001bb0       ??_C@_1CC@JOFCJJPB@?$AAW?$AAS?$AA_?$AAE?$AAX?$AA_?$AAR?$AAT?$AAL?$AAR?$AAE?$AAA?$AAD?$AAI?$AAN@ 0000000180002bb0     Pclass.obj
 0001:00001bd8       ??_C@_1CI@EFLDECAB@?$AAW?$AAS?$AA_?$AAE?$AAX?$AA_?$AAL?$AAE?$AAF?$AAT?$AAS?$AAC?$AAR?$AAO?$AAL@ 0000000180002bd8     Pclass.obj
 0001:00001c00       ??_C@_1CI@CIFGFFJB@?$AAW?$AAS?$AA_?$AAE?$AAX?$AA_?$AAC?$AAO?$AAN?$AAT?$AAR?$AAO?$AAL?$AAP?$AAA@ 0000000180002c00     Pclass.obj
 0001:00001c28       ??_C@_1CC@BGEPLDCA@?$AAW?$AAS?$AA_?$AAE?$AAX?$AA_?$AAS?$AAT?$AAA?$AAT?$AAI?$AAC?$AAE?$AAD?$AAG@ 0000000180002c28     Pclass.obj
 0001:00001c50       ??_C@_1CA@DOAIHHLO@?$AAW?$AAS?$AA_?$AAE?$AAX?$AA_?$AAA?$AAP?$AAP?$AAW?$AAI?$AAN?$AAD?$AAO?$AAW@ 0000000180002c50     Pclass.obj
 0001:00001c70       ??_C@_1BM@FAODAMGD@?$AAW?$AAS?$AA_?$AAE?$AAX?$AA_?$AAL?$AAA?$AAY?$AAE?$AAR?$AAE?$AAD@ 0000000180002c70     Pclass.obj
 0001:00001c90       ??_C@_1CM@DJKNBOGD@?$AAW?$AAS?$AA_?$AAE?$AAX?$AA_?$AAN?$AAO?$AAI?$AAN?$AAH?$AAE?$AAR?$AAI?$AAT@ 0000000180002c90     Pclass.obj
 0001:00001cc0       ??_C@_1CA@KMHLBMFI@?$AAW?$AAS?$AA_?$AAE?$AAX?$AA_?$AAL?$AAA?$AAY?$AAO?$AAU?$AAT?$AAR?$AAT?$AAL@ 0000000180002cc0     Pclass.obj
 0001:00001ce0       ??_C@_1CC@LOFMDOPL@?$AAW?$AAS?$AA_?$AAE?$AAX?$AA_?$AAN?$AAO?$AAA?$AAC?$AAT?$AAI?$AAV?$AAA?$AAT@ 0000000180002ce0     Pclass.obj
 0001:00001d08       ??_C@_1BA@PCPLEJNM@?$AA?$HL?$AA0?$AA?3?$AA2?$AA0?$AA?$HN?$AA?6@ 0000000180002d08     Pclass.obj
 0001:00001d18       ??_C@_1CA@PGPHFLML@?$AA?$HL?$AA0?$AA?3?$AA?$DO?$AA2?$AA0?$AA?$HN?$AA?5?$AA?$HL?$AA1?$AA?3?$AA7?$AA?$HN?$AA?$CF?$AA?6@ 0000000180002d18     Pclass.obj
 0001:00001d38       ??_C@_1CE@BCAPNIMO@?$AA?$HL?$AA0?$AA?3?$AA2?$AA0?$AA?$HN?$AA?5?$AA?5?$AA?$HL?$AA1?$AA?3?$AA7?$AA?$HN?$AA?$HL?$AA2@ 0000000180002d38     Pclass.obj
 0001:00001d78       ??_C@_1CA@CGMHBFCH@?$AA?$HL?$AA0?$AA?$HN?$AA?$HL?$AA1?$AA?$HN?$AA?0?$AA?5?$AA?$HL?$AA2?$AA?$HN?$AA?$HL?$AA3?$AA?$HN?$AA?6@ 0000000180002d78     Pclass.obj
 0001:00001d98       ??_C@_1BA@BIAFDLFH@?$AA?$HL?$AA0?$AA?$HN?$AA?$HL?$AA1?$AA?$HN?$AA?6@ 0000000180002d98     Pclass.obj
 0001:00001da8       ??_C@_1BI@DHFBAHCI@?$AA?$HL?$AA0?$AA?$HN?$AA?5?$AA?5?$AA?$CI?$AA?$HL?$AA1?$AA?$HN?$AA?$CJ?$AA?6@ 0000000180002da8     Pclass.obj
 0001:00001dc0       ??_C@_19EPBAEEOA@?$AA?$HL?$AA0?$AA?$HN?$AA?6@ 0000000180002dc0     Pclass.obj
 0001:00001dd0       ??_C@_1BK@FKNCLDML@?$AA?6?$AA?$HL?$AA0?$AA?$HN?$AA?$HL?$AA1?$AA?$HN?$AA?5?$AA?$HL?$AA2?$AA?$HN?$AA?6@ 0000000180002dd0     Pclass.obj
 0001:00001df0       ??_C@_1BC@IBCAHKMA@?$AA?6?$AA?$HL?$AA0?$AA?$HN?$AA?$HL?$AA1?$AA?$HN?$AA?6@ 0000000180002df0     Pclass.obj
 0001:00001e08       ??_C@_1BG@JEKFNBAO@?$AA?6?$AA?$HL?$AA0?$AA?$HN?$AA?3?$AA?6?$AA?$HL?$AA1?$AA?$HN?$AA?6@ 0000000180002e08     Pclass.obj
 0001:00001e20       ??_C@_1CA@MEPGLLIO@?$AA?$HL?$AA0?$AA?$HN?$AA?$HL?$AA1?$AA?3?$AA0?$AA8?$AAX?$AA?$HN?$AA?5?$AA?$HL?$AA2?$AA?$HN?$AA?6@ 0000000180002e20     Pclass.obj
 0001:00001e40       ??_C@_1DG@MNBLGAON@?$AA?6?$AA?$HL?$AA0?$AA?$HN?$AA?3?$AA?6?$AA?$HL?$AA1?$AA?3?$AA?$DM?$AA?$HL?$AA2?$AA?$HN?$AA?$HN?$AA?5@ 0000000180002e40     Pclass.obj
 0001:00001e78       ??_C@_19GGNHIDOH@?$AA?4?$AAt?$AAx?$AAt@ 0000000180002e78     Pclass.obj
 0001:00001e88       ??_C@_19OPNPIOHE@?$AAH?$AAW?$AAN?$AAD@ 0000000180002e88     Pclass.obj
 0001:00001e94       ??_C@_15GKIJICBO@?$AAZ?$AAC@ 0000000180002e94     Pclass.obj
 0001:00001ea0       ??_C@_17JJIMNMHK@?$AA?5?$AA?$CG?$AA?$FO@ 0000000180002ea0     Pclass.obj
 0001:00001ea8       ??_C@_13HOIJIPNN@?$AA?5@   0000000180002ea8     Pclass.obj
 0001:00001eac       ??_C@_15LEKKCGMK@?$AA?2?$AA?2@ 0000000180002eac     Pclass.obj
 0001:00001ed0       ??_C@_1M@CHPAGEIC@?$AA?$CF?$AA?5?$AA?$HL?$AA0?$AA?$HN@ 0000000180002ed0     Pclass.obj
 0001:00001ee0       ??_C@_1O@DLMEBHDD@?$AA?$HL?$AA0?$AA?$HN?$AA?$HL?$AA1?$AA?$HN@ 0000000180002ee0     Pclass.obj
 0001:00001ef0       ??_C@_15DDHGOCBH@?$AA?4?$AA?4@ 0000000180002ef0     Pclass.obj
 0001:00001ef8       ??_C@_17FJPEEFCB@?$AAp?$AAr?$AAc@ 0000000180002ef8     Pclass.obj
 0001:00001f00       ??_C@_1BC@ENICKDH@?$AAC?$AAo?$AAn?$AAt?$AAe?$AAn?$AAt?$AAs@ 0000000180002f00     Pclass.obj
 0001:00001f18       ??_C@_1CK@DGKCELDD@?$AAP?$AAr?$AAo?$AAc?$AAe?$AAs?$AAs?$AAL?$AAi?$AAs?$AAt?$AA?4?$AAC?$AAo?$AAm@ 0000000180002f18     Pclass.obj
 0001:00001f48       ??_C@_1CK@ECJCGOEK@?$AAP?$AAr?$AAo?$AAc?$AAe?$AAs?$AAs?$AAL?$AAi?$AAs?$AAt?$AA?4?$AAU?$AAs?$AAe@ 0000000180002f48     Pclass.obj
 0001:00001f80       ??_C@_1EA@IELLPLEF@?$AA?$HL?$AA0?$AA?$HN?$AA?5?$AA?$HL?$AA1?$AA?3?$AA0?$AA2?$AA?$HN?$AA?3?$AA?$HL?$AA2?$AA?3?$AA0@ 0000000180002f80     Pclass.obj
 0001:00001fc0       ??_C@_1DI@BCOMPFMM@?$AA?$HL?$AA0?$AA?3?$AA0?$AA2?$AA?$HN?$AA?3?$AA?$HL?$AA1?$AA?3?$AA0?$AA2?$AA?$HN?$AA?3?$AA?$HL@ 0000000180002fc0     Pclass.obj
 0001:00002000       ??_C@_1EA@HECKBAAG@?$AA?2?$AAS?$AAt?$AAr?$AAi?$AAn?$AAg?$AAF?$AAi?$AAl?$AAe?$AAI?$AAn?$AAf?$AAo@ 0000000180003000     Pclass.obj
 0001:00002040       ??_C@_19JHEHLFPM@?$AA?2?$AA?$DP?$AA?$DP?$AA?2@ 0000000180003040     Pclass.obj
 0001:00002050       ??_C@_1DC@HCLBMGIA@?$AA?2?$AAV?$AAa?$AAr?$AAF?$AAi?$AAl?$AAe?$AAI?$AAn?$AAf?$AAo?$AA?2?$AAT?$AAr@ 0000000180003050     Pclass.obj
 0001:00002088       ??_C@_1BI@HCCAONKE@?$AAF?$AAi?$AAl?$AAe?$AAV?$AAe?$AAr?$AAs?$AAi?$AAo?$AAn@ 0000000180003088     Pclass.obj
 0001:000020a0       ??_C@_1CA@JGBAIPOO@?$AAF?$AAi?$AAl?$AAe?$AAD?$AAe?$AAs?$AAc?$AAr?$AAi?$AAp?$AAt?$AAi?$AAo?$AAn@ 00000001800030a0     Pclass.obj
 0001:000020c0       ??_C@_19KBHGBEJO@?$AA?$HL?$AA0?$AA?$HN?$AA?2@ 00000001800030c0     Pclass.obj
 0001:000020d0       ??_C@_1O@BMPPIAFP@?$AA?5?$AA?$CI?$AA?$HL?$AA0?$AA?$HN?$AA?$CJ@ 00000001800030d0     Pclass.obj
 0001:000020e0       ??_C@_1BC@OMEIBLAI@?$AAw?$AAb?$AAe?$AAm?$AAc?$AAo?$AAm?$AAn@ 00000001800030e0     Pclass.obj
 0001:000020f8       ??_C@_0BA@FOIKENOD@vector?5too?5long@ 00000001800030f8     Pclass.obj
 0001:00002108       ??_C@_0BI@CFPLBAOH@invalid?5string?5position@ 0000000180003108     Pclass.obj
 0001:00002120       ??_C@_15LGINNLBP@?$AA?$HL?$AA?$HN@ 0000000180003120     Pclass.obj
 0001:00002128       ??_C@_0BL@GOIGLPKN@unordered_map?1set?5too?5long@ 0000000180003128     Pclass.obj
 0001:00002148       ??_C@_0BK@OGNNAFAB@invalid?5hash?5bucket?5count@ 0000000180003148     Pclass.obj
 0001:00002164       __real@3f800000            0000000180003164     Pclass.obj
 0001:00002168       __real@4024000000000000    0000000180003168     Pclass.obj
 0001:00002170       __real@43e0000000000000    0000000180003170     Pclass.obj
 0001:00002178       __real@5f000000            0000000180003178     Pclass.obj
 0001:00002180       ?Counters@@3QBUcounters@@B 0000000180003180     perfthread.obj
 0001:000022e0       ??_C@_1CC@DNHMJIKH@?$AA?$CF?$AA?5?$AAP?$AAr?$AAo?$AAc?$AAe?$AAs?$AAs?$AAo?$AAr?$AA?5?$AAT?$AAi?$AAm@ 00000001800032e0     perfthread.obj
 0001:00002308       ??_C@_1CE@FNEMIHOD@?$AA?$CF?$AA?5?$AAP?$AAr?$AAi?$AAv?$AAi?$AAl?$AAe?$AAg?$AAe?$AAd?$AA?5?$AAT?$AAi@ 0000000180003308     perfthread.obj
 0001:00002330       ??_C@_1BI@IIOPEKIO@?$AA?$CF?$AA?5?$AAU?$AAs?$AAe?$AAr?$AA?5?$AAT?$AAi?$AAm?$AAe@ 0000000180003330     perfthread.obj
 0001:00002348       ??_C@_1BK@FAAJNJIB@?$AAH?$AAa?$AAn?$AAd?$AAl?$AAe?$AA?5?$AAC?$AAo?$AAu?$AAn?$AAt@ 0000000180003348     perfthread.obj
 0001:00002368       ??_C@_1CA@KJMNGIDJ@?$AAP?$AAa?$AAg?$AAe?$AA?5?$AAF?$AAi?$AAl?$AAe?$AA?5?$AAB?$AAy?$AAt?$AAe?$AAs@ 0000000180003368     perfthread.obj
 0001:00002388       ??_C@_1CK@FGGMBBIH@?$AAP?$AAa?$AAg?$AAe?$AA?5?$AAF?$AAi?$AAl?$AAe?$AA?5?$AAB?$AAy?$AAt?$AAe?$AAs@ 0000000180003388     perfthread.obj
 0001:000023b8       ??_C@_1BI@GCOMDKEO@?$AAW?$AAo?$AAr?$AAk?$AAi?$AAn?$AAg?$AA?5?$AAS?$AAe?$AAt@ 00000001800033b8     perfthread.obj
 0001:000023d0       ??_C@_1CC@OFJLEPCP@?$AAW?$AAo?$AAr?$AAk?$AAi?$AAn?$AAg?$AA?5?$AAS?$AAe?$AAt?$AA?5?$AAP?$AAe?$AAa@ 00000001800033d0     perfthread.obj
 0001:000023f8       ??_C@_1CI@LLKMGPEG@?$AAP?$AAo?$AAo?$AAl?$AA?5?$AAN?$AAo?$AAn?$AAp?$AAa?$AAg?$AAe?$AAd?$AA?5?$AAB@ 00000001800033f8     perfthread.obj
 0001:00002420       ??_C@_1CC@IMBAECJF@?$AAP?$AAo?$AAo?$AAl?$AA?5?$AAP?$AAa?$AAg?$AAe?$AAd?$AA?5?$AAB?$AAy?$AAt?$AAe@ 0000000180003420     perfthread.obj
 0001:00002448       ??_C@_1BM@DGDPAMAA@?$AAP?$AAr?$AAi?$AAv?$AAa?$AAt?$AAe?$AA?5?$AAB?$AAy?$AAt?$AAe?$AAs@ 0000000180003448     perfthread.obj
 0001:00002468       ??_C@_1CA@GADAGCME@?$AAP?$AAa?$AAg?$AAe?$AA?5?$AAF?$AAa?$AAu?$AAl?$AAt?$AAs?$AA?1?$AAs?$AAe?$AAc@ 0000000180003468     perfthread.obj
 0001:00002488       ??_C@_1BM@FMIOMJAE@?$AAV?$AAi?$AAr?$AAt?$AAu?$AAa?$AAl?$AA?5?$AAB?$AAy?$AAt?$AAe?$AAs@ 0000000180003488     perfthread.obj
 0001:000024a8       ??_C@_1CG@KJOKFONA@?$AAV?$AAi?$AAr?$AAt?$AAu?$AAa?$AAl?$AA?5?$AAB?$AAy?$AAt?$AAe?$AAs?$AA?5?$AAP@ 00000001800034a8     perfthread.obj
 0001:000024d0       ??_C@_1CE@DFDFLLAO@?$AAI?$AAO?$AA?5?$AAD?$AAa?$AAt?$AAa?$AA?5?$AAB?$AAy?$AAt?$AAe?$AAs?$AA?1?$AAs@ 00000001800034d0     perfthread.obj
 0001:000024f8       ??_C@_1CE@EFLEKJAB@?$AAI?$AAO?$AA?5?$AAR?$AAe?$AAa?$AAd?$AA?5?$AAB?$AAy?$AAt?$AAe?$AAs?$AA?1?$AAs@ 00000001800034f8     perfthread.obj
 0001:00002520       ??_C@_1CG@MEJHKKKF@?$AAI?$AAO?$AA?5?$AAW?$AAr?$AAi?$AAt?$AAe?$AA?5?$AAB?$AAy?$AAt?$AAe?$AAs?$AA?1@ 0000000180003520     perfthread.obj
 0001:00002548       ??_C@_1CG@LBBBPCJA@?$AAI?$AAO?$AA?5?$AAO?$AAt?$AAh?$AAe?$AAr?$AA?5?$AAB?$AAy?$AAt?$AAe?$AAs?$AA?1@ 0000000180003548     perfthread.obj
 0001:00002570       ??_C@_1CO@LIEOHDCC@?$AAI?$AAO?$AA?5?$AAD?$AAa?$AAt?$AAa?$AA?5?$AAO?$AAp?$AAe?$AAr?$AAa?$AAt?$AAi@ 0000000180003570     perfthread.obj
 0001:000025a0       ??_C@_1CO@LIIKBHDH@?$AAI?$AAO?$AA?5?$AAR?$AAe?$AAa?$AAd?$AA?5?$AAO?$AAp?$AAe?$AAr?$AAa?$AAt?$AAi@ 00000001800035a0     perfthread.obj
 0001:000025d0       ??_C@_1DA@HICMAFKK@?$AAI?$AAO?$AA?5?$AAW?$AAr?$AAi?$AAt?$AAe?$AA?5?$AAO?$AAp?$AAe?$AAr?$AAa?$AAt@ 00000001800035d0     perfthread.obj
 0001:00002600       ??_C@_1DA@BEHINMGJ@?$AAI?$AAO?$AA?5?$AAO?$AAt?$AAh?$AAe?$AAr?$AA?5?$AAO?$AAp?$AAe?$AAr?$AAa?$AAt@ 0000000180003600     perfthread.obj
 0001:00002630       ??_C@_1BA@MGJGGMO@?$AAC?$AAo?$AAu?$AAn?$AAt?$AAe?$AAr@ 0000000180003630     perfthread.obj
 0001:00002640       ??_C@_1BG@NKNJPBCD@?$AAI?$AAD?$AA?5?$AAP?$AAr?$AAo?$AAc?$AAe?$AAs?$AAs@ 0000000180003640     perfthread.obj
 0001:00002658       ??_C@_1BM@KCAKLHJN@?$AAP?$AAr?$AAi?$AAo?$AAr?$AAi?$AAt?$AAy?$AA?5?$AAB?$AAa?$AAs?$AAe@ 0000000180003658     perfthread.obj
 0001:00002678       ??_C@_1BK@KCHPPKHP@?$AAT?$AAh?$AAr?$AAe?$AAa?$AAd?$AA?5?$AAC?$AAo?$AAu?$AAn?$AAt@ 0000000180003678     perfthread.obj
 0001:00002698       ??_C@_1CI@FNIEMNAI@?$AAC?$AAr?$AAe?$AAa?$AAt?$AAi?$AAn?$AAg?$AA?5?$AAP?$AAr?$AAo?$AAc?$AAe?$AAs@ 0000000180003698     perfthread.obj
 0001:000026c0       ??_C@_1BK@IKAFHKBD@?$AAE?$AAl?$AAa?$AAp?$AAs?$AAe?$AAd?$AA?5?$AAT?$AAi?$AAm?$AAe@ 00000001800036c0     perfthread.obj
 0001:000026e0       ??_C@_19DLCFHDFF@?$AAP?$AAE?$AAR?$AAF@ 00000001800036e0     perfthread.obj
 0001:000026f0       ??_C@_19DOGDICKI@?$AA?4?$AAe?$AAx?$AAe@ 00000001800036f0     perfthread.obj
 0001:00002700       ??_C@_1O@NKAIMMPD@?$AA_?$AAT?$AAo?$AAt?$AAa?$AAl@ 0000000180003700     Plist.obj
 0001:00002710       ??_C@_1CC@DMDJMJLM@?$AAS?$AAe?$AAD?$AAe?$AAb?$AAu?$AAg?$AAP?$AAr?$AAi?$AAv?$AAi?$AAl?$AAe?$AAg@ 0000000180003710     Plist.obj
 0001:00002738       ??_C@_1BE@KEEKBEOD@?$AA?$HL?$AA0?$AA?$HN?$AA?3?$AA?6?$AA?$HL?$AA1?$AA?$HN?$AA?6@ 0000000180003738     Plist.obj
 0001:00002750       ??_C@_1O@DMFBLLIP@?$AA?6?$AA?$HL?$AA0?$AA?$HN?$AA?3?$AA?6@ 0000000180003750     Plist.obj
 0001:00002760       ??_C@_1BG@JBKHLPML@?$AA?$HL?$AA0?$AA?$HN?$AA?5?$AA?$HL?$AA1?$AA?3?$AA8?$AAX?$AA?$HN@ 0000000180003760     Plist.obj
 0001:00002778       ??_C@_19DPDNGGHD@?$AA?5?$AA?$HL?$AA0?$AA?$HN@ 0000000180003778     Plist.obj
 0001:00002788       ??_C@_1BE@EMDGEBAH@?$AA?$HL?$AA0?$AA?3?$AA0?$AA?$HL?$AA1?$AA?$HN?$AAX?$AA?$HN@ 0000000180003788     Plist.obj
 0001:000027d0       ??_7?$_Func_impl_no_alloc@V<lambda_c6a5923e4ab0669d9f7c2a6c892502eb>@@_NPEA_W_K@std@@6B@ 00000001800037d0     Plist.obj
 0001:00002800       ??_C@_1CA@CCAFOKCB@?$AAE?$AAr?$AAr?$AAo?$AAr?$AA?5?$AA0?$AAx?$AA?$HL?$AA0?$AA?3?$AA0?$AA8?$AAX?$AA?$HN@ 0000000180003800     Pmix.obj
 0001:00002820       ??_C@_15JNBOKNOG@?$AA?$AN?$AA?6@ 0000000180003820     Pmix.obj
 0001:00002828       IID_IWbemLocator           0000000180003828     WMI.obj
 0001:00002838       CLSID_WbemLocator          0000000180003838     WMI.obj
 0001:00002848       ??_C@_1DC@LAIEFOLO@?$AAW?$AAi?$AAn?$AA3?$AA2?$AA_?$AAP?$AAr?$AAo?$AAc?$AAe?$AAs?$AAs?$AA?4?$AAH@ 0000000180003848     WMI.obj
 0001:00002880       ??_C@_1BO@CLCOBGDE@?$AAE?$AAx?$AAe?$AAc?$AAu?$AAt?$AAa?$AAb?$AAl?$AAe?$AAP?$AAa?$AAt?$AAh@ 0000000180003880     WMI.obj
 0001:000028a0       ??_C@_1BI@LPJNJKGA@?$AAC?$AAo?$AAm?$AAm?$AAa?$AAn?$AAd?$AAL?$AAi?$AAn?$AAe@ 00000001800038a0     WMI.obj
 0001:000028b8       ??_C@_1BC@JHNNEHFE@?$AAP?$AAr?$AAi?$AAo?$AAr?$AAi?$AAt?$AAy@ 00000001800038b8     WMI.obj
 0001:000028d0       ??_C@_1BC@HJJANEGO@?$AAG?$AAe?$AAt?$AAO?$AAw?$AAn?$AAe?$AAr@ 00000001800038d0     WMI.obj
 0001:000028e8       ??_C@_19PIJILKAI@?$AAU?$AAs?$AAe?$AAr@ 00000001800038e8     WMI.obj
 0001:000028f8       ??_C@_1O@OAMNPMOM@?$AAD?$AAo?$AAm?$AAa?$AAi?$AAn@ 00000001800038f8     WMI.obj
 0001:00002908       ??_C@_1BI@OIPNMPCL@?$AAG?$AAe?$AAt?$AAO?$AAw?$AAn?$AAe?$AAr?$AAS?$AAi?$AAd@ 0000000180003908     WMI.obj
 0001:00002920       ??_C@_17NKMLOKHF@?$AAS?$AAi?$AAd@ 0000000180003920     WMI.obj
 0001:00002928       ??_C@_1BE@CFEJJKFE@?$AAS?$AAe?$AAs?$AAs?$AAi?$AAo?$AAn?$AAI?$AAd@ 0000000180003928     WMI.obj
 0001:00002940       ??_C@_1BM@MLGLIGHJ@?$AAW?$AAi?$AAn?$AA3?$AA2?$AA_?$AAP?$AAr?$AAo?$AAc?$AAe?$AAs?$AAs@ 0000000180003940     WMI.obj
 0001:00002960       ??_C@_1BI@FLOHINJE@?$AAR?$AAe?$AAt?$AAu?$AAr?$AAn?$AAV?$AAa?$AAl?$AAu?$AAe@ 0000000180003960     WMI.obj
 0001:00002978       ??_C@_1BI@NKNJJIDM@?$AAS?$AAe?$AAt?$AAP?$AAr?$AAi?$AAo?$AAr?$AAi?$AAt?$AAy@ 0000000180003978     WMI.obj
 0001:00002990       ??_C@_1O@GGHBFGJC@?$AAR?$AAe?$AAa?$AAs?$AAo?$AAn@ 0000000180003990     WMI.obj
 0001:000029a0       ??_C@_1BE@PBPGMODO@?$AAT?$AAe?$AAr?$AAm?$AAi?$AAn?$AAa?$AAt?$AAe@ 00000001800039a0     WMI.obj
 0001:000029b8       ??_C@_1CC@OGNCBAIB@?$AA?2?$AA?2?$AA?$HL?$AA0?$AA?$HN?$AA?2?$AAr?$AAo?$AAo?$AAt?$AA?2?$AAc?$AAi?$AAm?$AAv@ 00000001800039b8     WMI.obj
 0001:000029dc       ??_C@_13JOFGPIOO@?$AA?4@   00000001800039dc     WMI.obj
 0001:00002a40       MainGuid                   0000000180003a40     Proclist.obj
 0001:00002a50       MenuGuid                   0000000180003a50     Proclist.obj
 0001:00002a60       ConfigDialogGuid           0000000180003a60     Proclist.obj
 0001:00002a70       ??_C@_1M@OAIMIKLP@?$AAn?$AAt?$AAd?$AAl?$AAl@ 0000000180003a70     Proclist.obj
 0001:00002a80       ??_C@_0BK@EGDDIFMK@NtQueryInformationProcess@ 0000000180003a80     Proclist.obj
 0001:00002aa0       ??_C@_0BJ@HKKELGGC@NtQueryInformationThread@ 0000000180003aa0     Proclist.obj
 0001:00002ac0       ??_C@_0O@IFMDHOMC@NtQueryObject@ 0000000180003ac0     Proclist.obj
 0001:00002ad0       ??_C@_0BJ@NDLOPGCH@NtQuerySystemInformation@ 0000000180003ad0     Proclist.obj
 0001:00002af0       ??_C@_0BH@DLPGICA@NtQueryInformationFile@ 0000000180003af0     Proclist.obj
 0001:00002b08       ??_C@_0CB@GDPHBMJN@NtWow64QueryInformationProcess6@ 0000000180003b08     Proclist.obj
 0001:00002b30       ??_C@_0BL@NJDHCDMK@NtWow64ReadVirtualMemory64@ 0000000180003b30     Proclist.obj
 0001:00002b50       ??_C@_1BC@GDMECMAK@?$AAk?$AAe?$AAr?$AAn?$AAe?$AAl?$AA3?$AA2@ 0000000180003b50     Proclist.obj
 0001:00002b68       ??_C@_0P@LKABJJMO@IsWow64Process@ 0000000180003b68     Proclist.obj
 0001:00002b78       ??_C@_1BC@DNHGCMLG@?$AAa?$AAd?$AAv?$AAa?$AAp?$AAi?$AA3?$AA2@ 0000000180003b78     Proclist.obj
 0001:00002b90       ??_C@_0L@KJHKJIPF@IsValidSid@ 0000000180003b90     Proclist.obj
 0001:00002ba0       ??_C@_0BK@FIHGNING@GetSidIdentifierAuthority@ 0000000180003ba0     Proclist.obj
 0001:00002bc0       ??_C@_0BI@LPFJALDI@GetSidSubAuthorityCount@ 0000000180003bc0     Proclist.obj
 0001:00002bd8       ??_C@_0BD@LMGFHOAE@GetSidSubAuthority@ 0000000180003bd8     Proclist.obj
 0001:00002bf0       ??_C@_1O@BCCLBEOE@?$AAu?$AAs?$AAe?$AAr?$AA3?$AA2@ 0000000180003bf0     Proclist.obj
 0001:00002c00       ??_C@_0BA@FKGDNIJG@GetGuiResources@ 0000000180003c00     Proclist.obj
 0001:00002c10       ??_C@_1M@FFPAMFOB@?$AAo?$AAl?$AAe?$AA3?$AA2@ 0000000180003c10     Proclist.obj
 0001:00002c20       ??_C@_0BC@IOEGILCE@CoSetProxyBlanket@ 0000000180003c20     Proclist.obj
 0001:00002c38       ??_C@_1M@OMFDJDJC@?$AAp?$AAs?$AAa?$AAp?$AAi@ 0000000180003c38     Proclist.obj
 0001:00002c48       ??_C@_0BF@LEEEDPDK@EnumProcessModulesEx@ 0000000180003c48     Proclist.obj
 0001:00002c60       ??_C@_1BC@PDEABLIN@?$AAP?$AAr?$AAo?$AAc?$AAL?$AAi?$AAs?$AAt@ 0000000180003c60     Proclist.obj
 0001:00002c78       ??_C@_1DK@DCAMPEPJ@?$AAP?$AAr?$AAo?$AAc?$AAe?$AAs?$AAs?$AA?5?$AAL?$AAi?$AAs?$AAt?$AA?5?$AAf?$AAo@ 0000000180003c78     Proclist.obj
 0001:00002cb8       ??_C@_1DE@BGKMIKPD@?$AAE?$AAu?$AAg?$AAe?$AAn?$AAe?$AA?5?$AAR?$AAo?$AAs?$AAh?$AAa?$AAl?$AA?5?$AA?$CG@ 0000000180003cb8     Proclist.obj
 0001:00002cf0       ??_C@_1M@MNPEKPKO@?$AAp?$AAl?$AAi?$AAs?$AAt@ 0000000180003cf0     Proclist.obj
 0001:00002d08       ??_7exception@std@@6B@     0000000180003d08     libcpmt:xthrow.obj
 0001:00002d20       ??_7bad_alloc@std@@6B@     0000000180003d20     libcpmt:xthrow.obj
 0001:00002d30       ??_C@_0P@GHFPNOJB@bad?5allocation@ 0000000180003d30     libcpmt:xthrow.obj
 0001:00002d48       ??_7logic_error@std@@6B@   0000000180003d48     libcpmt:xthrow.obj
 0001:00002d60       ??_7length_error@std@@6B@  0000000180003d60     libcpmt:xthrow.obj
 0001:00002d78       ??_7out_of_range@std@@6B@  0000000180003d78     libcpmt:xthrow.obj
 0001:00002d90       ??_7runtime_error@std@@6B@ 0000000180003d90     libcpmt:xthrow.obj
 0001:00002da8       ??_7bad_function_call@std@@6B@ 0000000180003da8     libcpmt:xthrow.obj
 0001:00002db8       ??_C@_0BC@DPJNKNAF@bad?5function?5call@ 0000000180003db8     libcpmt:xthrow.obj
 0001:00002e00       ??_7_Facet_base@std@@6B@   0000000180003e00     libcpmt:locale0.obj
 0001:00002e20       ??_7_Locimp@locale@std@@6B@ 0000000180003e20     libcpmt:locale0.obj
 0001:00002e38       ??_C@_01NBENCBCI@?$CK@     0000000180003e38     libcpmt:locale0.obj
 0001:00002e3c       ??_C@_01GFHCPBMG@C@        0000000180003e3c     libcpmt:locale0.obj
 0001:00002e48       ??_7bad_array_new_length@std@@6B@ 0000000180003e48     libcpmt:locale.obj
 0001:00002e60       ??_7bad_cast@std@@6B@      0000000180003e60     libcpmt:locale.obj
 0001:00002e98       ??_C@_1BK@MGMFAEKH@?$AAk?$AAe?$AAr?$AAn?$AAe?$AAl?$AA3?$AA2?$AA?4?$AAd?$AAl?$AAl@ 0000000180003e98     libcpmt:winapisupp.obj
 0001:00002eb8       ??_C@_08KNHFBNJ@FlsAlloc@  0000000180003eb8     libcpmt:winapisupp.obj
 0001:00002ec8       ??_C@_07PEJMOBNF@FlsFree@  0000000180003ec8     libcpmt:winapisupp.obj
 0001:00002ed0       ??_C@_0M@GDNOONDI@FlsGetValue@ 0000000180003ed0     libcpmt:winapisupp.obj
 0001:00002ee0       ??_C@_0M@JCPCPOEF@FlsSetValue@ 0000000180003ee0     libcpmt:winapisupp.obj
 0001:00002ef0       ??_C@_0BM@HCFOFFN@InitializeCriticalSectionEx@ 0000000180003ef0     libcpmt:winapisupp.obj
 0001:00002f10       ??_C@_0BE@GPLMMCMH@InitOnceExecuteOnce@ 0000000180003f10     libcpmt:winapisupp.obj
 0001:00002f28       ??_C@_0P@DLHPPCNH@CreateEventExW@ 0000000180003f28     libcpmt:winapisupp.obj
 0001:00002f38       ??_C@_0BB@MEFPJLHN@CreateSemaphoreW@ 0000000180003f38     libcpmt:winapisupp.obj
 0001:00002f50       ??_C@_0BD@KIEEOEEH@CreateSemaphoreExW@ 0000000180003f50     libcpmt:winapisupp.obj
 0001:00002f68       ??_C@_0BG@OGFAJCKC@CreateThreadpoolTimer@ 0000000180003f68     libcpmt:winapisupp.obj
 0001:00002f80       ??_C@_0BD@LPLEMMDI@SetThreadpoolTimer@ 0000000180003f80     libcpmt:winapisupp.obj
 0001:00002f98       ??_C@_0CA@FMNJENH@WaitForThreadpoolTimerCallbacks@ 0000000180003f98     libcpmt:winapisupp.obj
 0001:00002fb8       ??_C@_0BF@DCFCCNOC@CloseThreadpoolTimer@ 0000000180003fb8     libcpmt:winapisupp.obj
 0001:00002fd0       ??_C@_0BF@FLABGKKM@CreateThreadpoolWait@ 0000000180003fd0     libcpmt:winapisupp.obj
 0001:00002fe8       ??_C@_0BC@MGCOHNA@SetThreadpoolWait@ 0000000180003fe8     libcpmt:winapisupp.obj
 0001:00003000       ??_C@_0BE@OCIOMIMP@CloseThreadpoolWait@ 0000000180004000     libcpmt:winapisupp.obj
 0001:00003018       ??_C@_0BJ@LKGHFHBO@FlushProcessWriteBuffers@ 0000000180004018     libcpmt:winapisupp.obj
 0001:00003038       ??_C@_0BP@KALKKPMO@FreeLibraryWhenCallbackReturns@ 0000000180004038     libcpmt:winapisupp.obj
 0001:00003058       ??_C@_0BK@DFNBACLA@GetCurrentProcessorNumber@ 0000000180004058     libcpmt:winapisupp.obj
 0001:00003078       ??_C@_0BE@FKKLLFLM@CreateSymbolicLinkW@ 0000000180004078     libcpmt:winapisupp.obj
 0001:00003090       ??_C@_0BE@JOGNEJCI@GetCurrentPackageId@ 0000000180004090     libcpmt:winapisupp.obj
 0001:000030a8       ??_C@_0P@CDHHOHKP@GetTickCount64@ 00000001800040a8     libcpmt:winapisupp.obj
 0001:000030b8       ??_C@_0BN@NEEHBBPO@GetFileInformationByHandleEx@ 00000001800040b8     libcpmt:winapisupp.obj
 0001:000030d8       ??_C@_0BL@KBBHGKCM@SetFileInformationByHandle@ 00000001800040d8     libcpmt:winapisupp.obj
 0001:000030f8       ??_C@_0BP@FPNJPEJC@GetSystemTimePreciseAsFileTime@ 00000001800040f8     libcpmt:winapisupp.obj
 0001:00003118       ??_C@_0BM@HLJJNPAH@InitializeConditionVariable@ 0000000180004118     libcpmt:winapisupp.obj
 0001:00003138       ??_C@_0BG@BFNILBLN@WakeConditionVariable@ 0000000180004138     libcpmt:winapisupp.obj
 0001:00003150       ??_C@_0BJ@PGPPEPCC@WakeAllConditionVariable@ 0000000180004150     libcpmt:winapisupp.obj
 0001:00003170       ??_C@_0BJ@JEBJOJFJ@SleepConditionVariableCS@ 0000000180004170     libcpmt:winapisupp.obj
 0001:00003190       ??_C@_0BC@MMLHEBPB@InitializeSRWLock@ 0000000180004190     libcpmt:winapisupp.obj
 0001:000031a8       ??_C@_0BI@OMNLIJDB@AcquireSRWLockExclusive@ 00000001800041a8     libcpmt:winapisupp.obj
 0001:000031c0       ??_C@_0BL@OGHFEMNA@TryAcquireSRWLockExclusive@ 00000001800041c0     libcpmt:winapisupp.obj
 0001:000031e0       ??_C@_0BI@HMIEPCNJ@ReleaseSRWLockExclusive@ 00000001800041e0     libcpmt:winapisupp.obj
 0001:000031f8       ??_C@_0BK@LGACAGIC@SleepConditionVariableSRW@ 00000001800041f8     libcpmt:winapisupp.obj
 0001:00003218       ??_C@_0BF@GGPHFPJA@CreateThreadpoolWork@ 0000000180004218     libcpmt:winapisupp.obj
 0001:00003230       ??_C@_0BF@NHDAIMMO@SubmitThreadpoolWork@ 0000000180004230     libcpmt:winapisupp.obj
 0001:00003248       ??_C@_0BE@NPHIPNPD@CloseThreadpoolWork@ 0000000180004248     libcpmt:winapisupp.obj
 0001:00003260       ??_C@_0BA@IHGNDAEB@CompareStringEx@ 0000000180004260     libcpmt:winapisupp.obj
 0001:00003270       ??_C@_0BA@ONOKGCMP@GetLocaleInfoEx@ 0000000180004270     libcpmt:winapisupp.obj
 0001:00003280       ??_C@_0O@KKBNKAPF@LCMapStringEx@ 0000000180004280     libcpmt:winapisupp.obj
 0001:00003298       ??_7?$numpunct@_W@std@@6B@ 0000000180004298     libcpmt:wlocale.obj
 0001:000032d8       ??_C@_13IMODFHAA@?$AA?9@   00000001800042d8     libcpmt:wlocale.obj
 0001:000032dc       ??_C@_01JOAMLHOP@?9@       00000001800042dc     libcpmt:wlocale.obj
 0001:00005000       ??_C@_15EMKDOKLE@?$AAa?$AAr@ 0000000180006000     libcpmt:winapinls.obj
 0001:00005008       ??_C@_15KNPADPLH@?$AAb?$AAg@ 0000000180006008     libcpmt:winapinls.obj
 0001:00005010       ??_C@_15EDMHLDMO@?$AAc?$AAa@ 0000000180006010     libcpmt:winapinls.obj
 0001:00005018       ??_C@_1O@BPEAJADD@?$AAz?$AAh?$AA?9?$AAC?$AAH?$AAS@ 0000000180006018     libcpmt:winapinls.obj
 0001:00005028       ??_C@_15LJNHCMNK@?$AAc?$AAs@ 0000000180006028     libcpmt:winapinls.obj
 0001:00005030       ??_C@_15FOMCIDHG@?$AAd?$AAa@ 0000000180006030     libcpmt:winapinls.obj
 0001:00005038       ??_C@_15NBKABECB@?$AAd?$AAe@ 0000000180006038     libcpmt:winapinls.obj
 0001:00005040       ??_C@_15GHPEIIAO@?$AAe?$AAl@ 0000000180006040     libcpmt:winapinls.obj
 0001:00005048       ??_C@_15MNPNEAIF@?$AAe?$AAn@ 0000000180006048     libcpmt:winapinls.obj
 0001:00005050       ??_C@_15GPIOMPMH@?$AAe?$AAs@ 0000000180006050     libcpmt:winapinls.obj
 0001:00005058       ??_C@_15NGLOAKJC@?$AAf?$AAi@ 0000000180006058     libcpmt:winapinls.obj
 0001:00005060       ??_C@_15FBKGNKAM@?$AAf?$AAr@ 0000000180006060     libcpmt:winapinls.obj
 0001:00005068       ??_C@_15KGGCNEFK@?$AAh?$AAe@ 0000000180006068     libcpmt:winapinls.obj
 0001:00005070       ??_C@_15PGHLIDMF@?$AAh?$AAu@ 0000000180006070     libcpmt:winapinls.obj
 0001:00005078       ??_C@_15BIEMAPLM@?$AAi?$AAs@ 0000000180006078     libcpmt:winapinls.obj
 0001:00005080       ??_C@_15IFJLDHAF@?$AAi?$AAt@ 0000000180006080     libcpmt:winapinls.obj
 0001:00005088       ??_C@_15GEMIOCAG@?$AAj?$AAa@ 0000000180006088     libcpmt:winapinls.obj
 0001:00005090       ??_C@_15EPELEGJA@?$AAk?$AAo@ 0000000180006090     libcpmt:winapinls.obj
 0001:00005098       ??_C@_15NDDHIMN@?$AAn?$AAl@ 0000000180006098     libcpmt:winapinls.obj
 0001:000050a0       ??_C@_15BPIGNHCD@?$AAn?$AAo@ 00000001800060a0     libcpmt:winapinls.obj
 0001:000050a8       ??_C@_15DEOPBLCG@?$AAp?$AAl@ 00000001800060a8     libcpmt:winapinls.obj
 0001:000050b0       ??_C@_15KBECGEFG@?$AAp?$AAt@ 00000001800060b0     libcpmt:winapinls.obj
 0001:000050b8       ??_C@_15GLJCBFMD@?$AAr?$AAo@ 00000001800060b8     libcpmt:winapinls.obj
 0001:000050c0       ??_C@_15FEDGKCDI@?$AAr?$AAu@ 00000001800060c0     libcpmt:winapinls.obj
 0001:000050c8       ??_C@_15GLKMLLHM@?$AAh?$AAr@ 00000001800060c8     libcpmt:winapinls.obj
 0001:000050d0       ??_C@_15CPKMFBDB@?$AAs?$AAk@ 00000001800060d0     libcpmt:winapinls.obj
 0001:000050d8       ??_C@_15BAAIOGMK@?$AAs?$AAq@ 00000001800060d8     libcpmt:winapinls.obj
 0001:000050e0       ??_C@_15INNPNOHD@?$AAs?$AAv@ 00000001800060e0     libcpmt:winapinls.obj
 0001:000050e8       ??_C@_15CABMMOGH@?$AAt?$AAh@ 00000001800060e8     libcpmt:winapinls.obj
 0001:000050f0       ??_C@_15BPLIHJJM@?$AAt?$AAr@ 00000001800060f0     libcpmt:winapinls.obj
 0001:000050f8       ??_C@_15NEOEKKDJ@?$AAu?$AAr@ 00000001800060f8     libcpmt:winapinls.obj
 0001:00005100       ??_C@_15NFICGAJK@?$AAi?$AAd@ 0000000180006100     libcpmt:winapinls.obj
 0001:00005108       ??_C@_15PJPFLCCM@?$AAu?$AAk@ 0000000180006108     libcpmt:winapinls.obj
 0001:00005110       ??_C@_15HPJPHDM@?$AAb?$AAe@ 0000000180006110     libcpmt:winapinls.obj
 0001:00005118       ??_C@_15LCHLGJII@?$AAs?$AAl@ 0000000180006118     libcpmt:winapinls.obj
 0001:00005120       ??_C@_15PCFJPHHO@?$AAe?$AAt@ 0000000180006120     libcpmt:winapinls.obj
 0001:00005128       ??_C@_15HPFPGODN@?$AAl?$AAv@ 0000000180006128     libcpmt:winapinls.obj
 0001:00005130       ??_C@_15NFFGKGLG@?$AAl?$AAt@ 0000000180006130     libcpmt:winapinls.obj
 0001:00005138       ??_C@_15BDAKCCHN@?$AAf?$AAa@ 0000000180006138     libcpmt:winapinls.obj
 0001:00005140       ??_C@_15NFGIAIAJ@?$AAv?$AAi@ 0000000180006140     libcpmt:winapinls.obj
 0001:00005148       ??_C@_15LMKNDMHN@?$AAh?$AAy@ 0000000180006148     libcpmt:winapinls.obj
 0001:00005150       ??_C@_15IJBHMCFL@?$AAa?$AAz@ 0000000180006150     libcpmt:winapinls.obj
 0001:00005158       ??_C@_15EKOFJABL@?$AAe?$AAu@ 0000000180006158     libcpmt:winapinls.obj
 0001:00005160       ??_C@_15BGHADCNK@?$AAm?$AAk@ 0000000180006160     libcpmt:winapinls.obj
 0001:00005168       ??_C@_15JDNICKHM@?$AAa?$AAf@ 0000000180006168     libcpmt:winapinls.obj
 0001:00005170       ??_C@_15KPJEDBKD@?$AAk?$AAa@ 0000000180006170     libcpmt:winapinls.obj
 0001:00005178       ??_C@_15PDNFFFEO@?$AAf?$AAo@ 0000000180006178     libcpmt:winapinls.obj
 0001:00005180       ??_C@_15OMLEGLOC@?$AAh?$AAi@ 0000000180006180     libcpmt:winapinls.obj
 0001:00005188       ??_C@_15IDNNENKK@?$AAm?$AAs@ 0000000180006188     libcpmt:winapinls.obj
 0001:00005190       ??_C@_15MACJNBMH@?$AAk?$AAk@ 0000000180006190     libcpmt:winapinls.obj
 0001:00005198       ??_C@_15DKDJEOND@?$AAk?$AAy@ 0000000180006198     libcpmt:winapinls.obj
 0001:000051a0       ??_C@_15DFGDLJBG@?$AAs?$AAw@ 00000001800061a0     libcpmt:winapinls.obj
 0001:000051a8       ??_C@_15BBFAICNG@?$AAu?$AAz@ 00000001800061a8     libcpmt:winapinls.obj
 0001:000051b0       ??_C@_15DKNDCGEA@?$AAt?$AAt@ 00000001800061b0     libcpmt:winapinls.obj
 0001:000051b8       ??_C@_15MGIFMDPL@?$AAp?$AAa@ 00000001800061b8     libcpmt:winapinls.obj
 0001:000051c0       ??_C@_15HCNDBBA@?$AAg?$AAu@ 00000001800061c0     libcpmt:winapinls.obj
 0001:000051c8       ??_C@_15FNBEIBON@?$AAt?$AAa@ 00000001800061c8     libcpmt:winapinls.obj
 0001:000051d0       ??_C@_15NCHGBGLK@?$AAt?$AAe@ 00000001800061d0     libcpmt:winapinls.obj
 0001:000051d8       ??_C@_15PHPHCBPF@?$AAk?$AAn@ 00000001800061d8     libcpmt:winapinls.obj
 0001:000051e0       ??_C@_15DLGBCKMP@?$AAm?$AAr@ 00000001800061e0     libcpmt:winapinls.obj
 0001:000051e8       ??_C@_15EABBLBFF@?$AAs?$AAa@ 00000001800061e8     libcpmt:winapinls.obj
 0001:000051f0       ??_C@_15CBKOMCOI@?$AAm?$AAn@ 00000001800061f0     libcpmt:winapinls.obj
 0001:000051f8       ??_C@_15CKDMCJAF@?$AAg?$AAl@ 00000001800061f8     libcpmt:winapinls.obj
 0001:00005200       ??_C@_17CNJFBPG@?$AAk?$AAo?$AAk@ 0000000180006200     libcpmt:winapinls.obj
 0001:00005208       ??_C@_17FFBJICPL@?$AAs?$AAy?$AAr@ 0000000180006208     libcpmt:winapinls.obj
 0001:00005210       ??_C@_17KPNDCPAF@?$AAd?$AAi?$AAv@ 0000000180006210     libcpmt:winapinls.obj
 0001:00005218       ??_C@_1M@OKAHONE@?$AAa?$AAr?$AA?9?$AAS?$AAA@ 0000000180006218     libcpmt:winapinls.obj
 0001:00005228       ??_C@_1M@FFFIGIGK@?$AAb?$AAg?$AA?9?$AAB?$AAG@ 0000000180006228     libcpmt:winapinls.obj
 0001:00005238       ??_C@_1M@BJNKEDC@?$AAc?$AAa?$AA?9?$AAE?$AAS@ 0000000180006238     libcpmt:winapinls.obj
 0001:00005248       ??_C@_1M@CLNBBOPM@?$AAz?$AAh?$AA?9?$AAT?$AAW@ 0000000180006248     libcpmt:winapinls.obj
 0001:00005258       ??_C@_1M@IJJHFJHA@?$AAc?$AAs?$AA?9?$AAC?$AAZ@ 0000000180006258     libcpmt:winapinls.obj
 0001:00005268       ??_C@_1M@CLPEOBGI@?$AAd?$AAa?$AA?9?$AAD?$AAK@ 0000000180006268     libcpmt:winapinls.obj
 0001:00005278       ??_C@_1M@MCMADGCB@?$AAd?$AAe?$AA?9?$AAD?$AAE@ 0000000180006278     libcpmt:winapinls.obj
 0001:00005288       ??_C@_1M@OOCKEMAM@?$AAe?$AAl?$AA?9?$AAG?$AAR@ 0000000180006288     libcpmt:winapinls.obj
 0001:00005298       ??_C@_1M@BMHNFIME@?$AAe?$AAn?$AA?9?$AAU?$AAS@ 0000000180006298     libcpmt:winapinls.obj
 0001:000052a8       ??_C@_1M@DDNJFGID@?$AAf?$AAi?$AA?9?$AAF?$AAI@ 00000001800062a8     libcpmt:winapinls.obj
 0001:000052b8       ??_C@_1M@GLIPPMAC@?$AAf?$AAr?$AA?9?$AAF?$AAR@ 00000001800062b8     libcpmt:winapinls.obj
 0001:000052c8       ??_C@_1M@GFMCHPE@?$AAh?$AAe?$AA?9?$AAI?$AAL@ 00000001800062c8     libcpmt:winapinls.obj
 0001:000052d8       ??_C@_1M@MHLPGNKM@?$AAh?$AAu?$AA?9?$AAH?$AAU@ 00000001800062d8     libcpmt:winapinls.obj
 0001:000052e8       ??_C@_1M@LPDDNNPN@?$AAi?$AAs?$AA?9?$AAI?$AAS@ 00000001800062e8     libcpmt:winapinls.obj
 0001:000052f8       ??_C@_1M@MADIPODN@?$AAi?$AAt?$AA?9?$AAI?$AAT@ 00000001800062f8     libcpmt:winapinls.obj
 0001:00005308       ??_C@_1M@HPNHIDJI@?$AAj?$AAa?$AA?9?$AAJ?$AAP@ 0000000180006308     libcpmt:winapinls.obj
 0001:00005318       ??_C@_1M@JLOOOEGK@?$AAk?$AAo?$AA?9?$AAK?$AAR@ 0000000180006318     libcpmt:winapinls.obj
 0001:00005328       ??_C@_1M@IHBJJGG@?$AAn?$AAl?$AA?9?$AAN?$AAL@ 0000000180006328     libcpmt:winapinls.obj
 0001:00005338       ??_C@_1M@EANAGDL@?$AAn?$AAb?$AA?9?$AAN?$AAO@ 0000000180006338     libcpmt:winapinls.obj
 0001:00005348       ??_C@_1M@NEIEMEGP@?$AAp?$AAl?$AA?9?$AAP?$AAL@ 0000000180006348     libcpmt:winapinls.obj
 0001:00005358       ??_C@_1M@BOCFIGEP@?$AAp?$AAt?$AA?9?$AAB?$AAR@ 0000000180006358     libcpmt:winapinls.obj
 0001:00005368       ??_C@_1M@IMPFOPBG@?$AAr?$AAo?$AA?9?$AAR?$AAO@ 0000000180006368     libcpmt:winapinls.obj
 0001:00005378       ??_C@_1M@IDNNEJMM@?$AAr?$AAu?$AA?9?$AAR?$AAU@ 0000000180006378     libcpmt:winapinls.obj
 0001:00005388       ??_C@_1M@LILEEOGM@?$AAh?$AAr?$AA?9?$AAH?$AAR@ 0000000180006388     libcpmt:winapinls.obj
 0001:00005398       ??_C@_1M@FKIFEHPB@?$AAs?$AAk?$AA?9?$AAS?$AAK@ 0000000180006398     libcpmt:winapinls.obj
 0001:000053a8       ??_C@_1M@LJMAMNPJ@?$AAs?$AAq?$AA?9?$AAA?$AAL@ 00000001800063a8     libcpmt:winapinls.obj
 0001:000053b8       ??_C@_1M@GIAKDKJK@?$AAs?$AAv?$AA?9?$AAS?$AAE@ 00000001800063b8     libcpmt:winapinls.obj
 0001:000053c8       ??_C@_1M@MKJKIKCL@?$AAt?$AAh?$AA?9?$AAT?$AAH@ 00000001800063c8     libcpmt:winapinls.obj
 0001:000053d8       ??_C@_1M@MFLCCMPB@?$AAt?$AAr?$AA?9?$AAT?$AAR@ 00000001800063d8     libcpmt:winapinls.obj
 0001:000053e8       ??_C@_1M@OIJHDKJN@?$AAu?$AAr?$AA?9?$AAP?$AAK@ 00000001800063e8     libcpmt:winapinls.obj
 0001:000053f8       ??_C@_1M@LHIPCIEK@?$AAi?$AAd?$AA?9?$AAI?$AAD@ 00000001800063f8     libcpmt:winapinls.obj
 0001:00005408       ??_C@_1M@MFMOBGI@?$AAu?$AAk?$AA?9?$AAU?$AAA@ 0000000180006408     libcpmt:winapinls.obj
 0001:00005418       ??_C@_1M@OBGLJIPL@?$AAb?$AAe?$AA?9?$AAB?$AAY@ 0000000180006418     libcpmt:winapinls.obj
 0001:00005428       ??_C@_1M@BCFAJEAD@?$AAs?$AAl?$AA?9?$AAS?$AAI@ 0000000180006428     libcpmt:winapinls.obj
 0001:00005438       ??_C@_1M@FKFFEDDN@?$AAe?$AAt?$AA?9?$AAE?$AAE@ 0000000180006438     libcpmt:winapinls.obj
 0001:00005448       ??_C@_1M@KGKKAACI@?$AAl?$AAv?$AA?9?$AAL?$AAV@ 0000000180006448     libcpmt:winapinls.obj
 0001:00005458       ??_C@_1M@IFGBIJO@?$AAl?$AAt?$AA?9?$AAL?$AAT@ 0000000180006458     libcpmt:winapinls.obj
 0001:00005468       ??_C@_1M@FGEAHEDM@?$AAf?$AAa?$AA?9?$AAI?$AAR@ 0000000180006468     libcpmt:winapinls.obj
 0001:00005478       ??_C@_1M@KBMAIBFN@?$AAv?$AAi?$AA?9?$AAV?$AAN@ 0000000180006478     libcpmt:winapinls.obj
 0001:00005488       ??_C@_1M@GPCBKDJK@?$AAh?$AAy?$AA?9?$AAA?$AAM@ 0000000180006488     libcpmt:winapinls.obj
 0001:00005498       ??_C@_1BG@BECMDDJB@?$AAa?$AAz?$AA?9?$AAA?$AAZ?$AA?9?$AAL?$AAa?$AAt?$AAn@ 0000000180006498     libcpmt:winapinls.obj
 0001:000054b0       ??_C@_1M@MAOFCAEA@?$AAe?$AAu?$AA?9?$AAE?$AAS@ 00000001800064b0     libcpmt:winapinls.obj
 0001:000054c0       ??_C@_1M@IGHABKPI@?$AAm?$AAk?$AA?9?$AAM?$AAK@ 00000001800064c0     libcpmt:winapinls.obj
 0001:000054d0       ??_C@_1M@IAIGNEJG@?$AAt?$AAn?$AA?9?$AAZ?$AAA@ 00000001800064d0     libcpmt:winapinls.obj
 0001:000054e0       ??_C@_1M@IIJCOJFA@?$AAx?$AAh?$AA?9?$AAZ?$AAA@ 00000001800064e0     libcpmt:winapinls.obj
 0001:000054f0       ??_C@_1M@LGPJHNJH@?$AAz?$AAu?$AA?9?$AAZ?$AAA@ 00000001800064f0     libcpmt:winapinls.obj
 0001:00005500       ??_C@_1M@HOKAOIO@?$AAa?$AAf?$AA?9?$AAZ?$AAA@ 0000000180006500     libcpmt:winapinls.obj
 0001:00005510       ??_C@_1M@DPCLHLIE@?$AAk?$AAa?$AA?9?$AAG?$AAE@ 0000000180006510     libcpmt:winapinls.obj
 0001:00005520       ??_C@_1M@BLKMHJBI@?$AAf?$AAo?$AA?9?$AAF?$AAO@ 0000000180006520     libcpmt:winapinls.obj
 0001:00005530       ??_C@_1M@LGGJAPPB@?$AAh?$AAi?$AA?9?$AAI?$AAN@ 0000000180006530     libcpmt:winapinls.obj
 0001:00005540       ??_C@_1M@FIKPIHFE@?$AAm?$AAt?$AA?9?$AAM?$AAT@ 0000000180006540     libcpmt:winapinls.obj
 0001:00005550       ??_C@_1M@HEGGPBFA@?$AAs?$AAe?$AA?9?$AAN?$AAO@ 0000000180006550     libcpmt:winapinls.obj
 0001:00005560       ??_C@_1M@EIBJEEPA@?$AAm?$AAs?$AA?9?$AAM?$AAY@ 0000000180006560     libcpmt:winapinls.obj
 0001:00005570       ??_C@_1M@FHLBGMPP@?$AAk?$AAk?$AA?9?$AAK?$AAZ@ 0000000180006570     libcpmt:winapinls.obj
 0001:00005580       ??_C@_1M@NGJJLCGI@?$AAk?$AAy?$AA?9?$AAK?$AAG@ 0000000180006580     libcpmt:winapinls.obj
 0001:00005590       ??_C@_1M@GIENNBFC@?$AAs?$AAw?$AA?9?$AAK?$AAE@ 0000000180006590     libcpmt:winapinls.obj
 0001:000055a0       ??_C@_1BG@NDGMJIMJ@?$AAu?$AAz?$AA?9?$AAU?$AAZ?$AA?9?$AAL?$AAa?$AAt?$AAn@ 00000001800065a0     libcpmt:winapinls.obj
 0001:000055b8       ??_C@_1M@IDCCIHBC@?$AAt?$AAt?$AA?9?$AAR?$AAU@ 00000001800065b8     libcpmt:winapinls.obj
 0001:000055c8       ??_C@_1M@LOICPMOJ@?$AAb?$AAn?$AA?9?$AAI?$AAN@ 00000001800065c8     libcpmt:winapinls.obj
 0001:000055d8       ??_C@_1M@KPKKNEAH@?$AAp?$AAa?$AA?9?$AAI?$AAN@ 00000001800065d8     libcpmt:winapinls.obj
 0001:000055e8       ??_C@_1M@PJGPPBOG@?$AAg?$AAu?$AA?9?$AAI?$AAN@ 00000001800065e8     libcpmt:winapinls.obj
 0001:000055f8       ??_C@_1M@KMKMOPHI@?$AAt?$AAa?$AA?9?$AAI?$AAN@ 00000001800065f8     libcpmt:winapinls.obj
 0001:00005608       ??_C@_1M@KFEHEPAC@?$AAt?$AAe?$AA?9?$AAI?$AAN@ 0000000180006608     libcpmt:winapinls.obj
 0001:00005618       ??_C@_1M@CDCLMGHI@?$AAk?$AAn?$AA?9?$AAI?$AAN@ 0000000180006618     libcpmt:winapinls.obj
 0001:00005628       ??_C@_1M@MIODLDKF@?$AAm?$AAl?$AA?9?$AAI?$AAN@ 0000000180006628     libcpmt:winapinls.obj
 0001:00005638       ??_C@_1M@PBIEACPO@?$AAm?$AAr?$AA?9?$AAI?$AAN@ 0000000180006638     libcpmt:winapinls.obj
 0001:00005648       ??_C@_1M@NIDEAGPH@?$AAs?$AAa?$AA?9?$AAI?$AAN@ 0000000180006648     libcpmt:winapinls.obj
 0001:00005658       ??_C@_1M@FHIHCBIO@?$AAm?$AAn?$AA?9?$AAM?$AAN@ 0000000180006658     libcpmt:winapinls.obj
 0001:00005668       ??_C@_1M@JAIJPENP@?$AAc?$AAy?$AA?9?$AAG?$AAB@ 0000000180006668     libcpmt:winapinls.obj
 0001:00005678       ??_C@_1M@PHGFBEPN@?$AAg?$AAl?$AA?9?$AAE?$AAS@ 0000000180006678     libcpmt:winapinls.obj
 0001:00005688       ??_C@_1O@KPIPDNCP@?$AAk?$AAo?$AAk?$AA?9?$AAI?$AAN@ 0000000180006688     libcpmt:winapinls.obj
 0001:00005698       ??_C@_1O@KNHJLDJA@?$AAs?$AAy?$AAr?$AA?9?$AAS?$AAY@ 0000000180006698     libcpmt:winapinls.obj
 0001:000056a8       ??_C@_1O@MKEKBLAH@?$AAd?$AAi?$AAv?$AA?9?$AAM?$AAV@ 00000001800066a8     libcpmt:winapinls.obj
 0001:000056b8       ??_C@_1O@OHDCKDDF@?$AAq?$AAu?$AAz?$AA?9?$AAB?$AAO@ 00000001800066b8     libcpmt:winapinls.obj
 0001:000056c8       ??_C@_1M@LEPJNLFD@?$AAn?$AAs?$AA?9?$AAZ?$AAA@ 00000001800066c8     libcpmt:winapinls.obj
 0001:000056d8       ??_C@_1M@OMLEIIJB@?$AAm?$AAi?$AA?9?$AAN?$AAZ@ 00000001800066d8     libcpmt:winapinls.obj
 0001:000056e8       ??_C@_1M@PMPEAILG@?$AAa?$AAr?$AA?9?$AAI?$AAQ@ 00000001800066e8     libcpmt:winapinls.obj
 0001:000056f8       ??_C@_1M@BIBDDEMK@?$AAz?$AAh?$AA?9?$AAC?$AAN@ 00000001800066f8     libcpmt:winapinls.obj
 0001:00005708       ??_C@_1M@CNKPNOEE@?$AAd?$AAe?$AA?9?$AAC?$AAH@ 0000000180006708     libcpmt:winapinls.obj
 0001:00005718       ??_C@_1M@LKMGMLKO@?$AAe?$AAn?$AA?9?$AAG?$AAB@ 0000000180006718     libcpmt:winapinls.obj
 0001:00005728       ??_C@_1M@PGKJFFGL@?$AAe?$AAs?$AA?9?$AAM?$AAX@ 0000000180006728     libcpmt:winapinls.obj
 0001:00005738       ??_C@_1M@DNNANBDC@?$AAf?$AAr?$AA?9?$AAB?$AAE@ 0000000180006738     libcpmt:winapinls.obj
 0001:00005748       ??_C@_1M@HLGMDFHM@?$AAi?$AAt?$AA?9?$AAC?$AAH@ 0000000180006748     libcpmt:winapinls.obj
 0001:00005758       ??_C@_1M@CLLBGJH@?$AAn?$AAl?$AA?9?$AAB?$AAE@ 0000000180006758     libcpmt:winapinls.obj
 0001:00005768       ??_C@_1M@BODBOGLF@?$AAn?$AAn?$AA?9?$AAN?$AAO@ 0000000180006768     libcpmt:winapinls.obj
 0001:00005778       ??_C@_1M@HFFAHKAD@?$AAp?$AAt?$AA?9?$AAP?$AAT@ 0000000180006778     libcpmt:winapinls.obj
 0001:00005788       ??_C@_1BG@LNOAKHIE@?$AAs?$AAr?$AA?9?$AAS?$AAP?$AA?9?$AAL?$AAa?$AAt?$AAn@ 0000000180006788     libcpmt:winapinls.obj
 0001:000057a0       ??_C@_1M@HBMHBGAK@?$AAs?$AAv?$AA?9?$AAF?$AAI@ 00000001800067a0     libcpmt:winapinls.obj
 0001:000057b0       ??_C@_1BG@DGCJGJBE@?$AAa?$AAz?$AA?9?$AAA?$AAZ?$AA?9?$AAC?$AAy?$AAr?$AAl@ 00000001800067b0     libcpmt:winapinls.obj
 0001:000057c8       ??_C@_1M@KEJDAAHB@?$AAs?$AAe?$AA?9?$AAS?$AAE@ 00000001800067c8     libcpmt:winapinls.obj
 0001:000057d8       ??_C@_1M@HEIBJJAD@?$AAm?$AAs?$AA?9?$AAB?$AAN@ 00000001800067d8     libcpmt:winapinls.obj
 0001:000057e8       ??_C@_1BG@PBGJMCEM@?$AAu?$AAz?$AA?9?$AAU?$AAZ?$AA?9?$AAC?$AAy?$AAr?$AAl@ 00000001800067e8     libcpmt:winapinls.obj
 0001:00005800       ??_C@_1O@LAOBCMDF@?$AAq?$AAu?$AAz?$AA?9?$AAE?$AAC@ 0000000180006800     libcpmt:winapinls.obj
 0001:00005810       ??_C@_1M@POEEMAIO@?$AAa?$AAr?$AA?9?$AAE?$AAG@ 0000000180006810     libcpmt:winapinls.obj
 0001:00005820       ??_C@_1M@EFAKDEDL@?$AAz?$AAh?$AA?9?$AAH?$AAK@ 0000000180006820     libcpmt:winapinls.obj
 0001:00005830       ??_C@_1M@HKKIJHGI@?$AAd?$AAe?$AA?9?$AAA?$AAT@ 0000000180006830     libcpmt:winapinls.obj
 0001:00005840       ??_C@_1M@KBFBEHJF@?$AAe?$AAn?$AA?9?$AAA?$AAU@ 0000000180006840     libcpmt:winapinls.obj
 0001:00005850       ??_C@_1M@MNPLFAAH@?$AAe?$AAs?$AA?9?$AAE?$AAS@ 0000000180006850     libcpmt:winapinls.obj
 0001:00005860       ??_C@_1M@HJOOJFMA@?$AAf?$AAr?$AA?9?$AAC?$AAA@ 0000000180006860     libcpmt:winapinls.obj
 0001:00005870       ??_C@_1BG@JPOFPNAB@?$AAs?$AAr?$AA?9?$AAS?$AAP?$AA?9?$AAC?$AAy?$AAr?$AAl@ 0000000180006870     libcpmt:winapinls.obj
 0001:00005888       ??_C@_1M@LNFOCMOB@?$AAs?$AAe?$AA?9?$AAF?$AAI@ 0000000180006888     libcpmt:winapinls.obj
 0001:00005898       ??_C@_1O@MGJBOAMB@?$AAq?$AAu?$AAz?$AA?9?$AAP?$AAE@ 0000000180006898     libcpmt:winapinls.obj
 0001:000058a8       ??_C@_1M@GJINLBOK@?$AAa?$AAr?$AA?9?$AAL?$AAY@ 00000001800068a8     libcpmt:winapinls.obj
 0001:000058b8       ??_C@_1M@GGMNHJNL@?$AAz?$AAh?$AA?9?$AAS?$AAG@ 00000001800068b8     libcpmt:winapinls.obj
 0001:000058c8       ??_C@_1M@HOIKODND@?$AAd?$AAe?$AA?9?$AAL?$AAU@ 00000001800068c8     libcpmt:winapinls.obj
 0001:000058d8       ??_C@_1M@DDOCCGFG@?$AAe?$AAn?$AA?9?$AAC?$AAA@ 00000001800068d8     libcpmt:winapinls.obj
 0001:000058e8       ??_C@_1M@BNOEMJLF@?$AAe?$AAs?$AA?9?$AAG?$AAT@ 00000001800068e8     libcpmt:winapinls.obj
 0001:000058f8       ??_C@_1M@EOGNKEK@?$AAf?$AAr?$AA?9?$AAC?$AAH@ 00000001800068f8     libcpmt:winapinls.obj
 0001:00005908       ??_C@_1M@FLIDJFHL@?$AAh?$AAr?$AA?9?$AAB?$AAA@ 0000000180006908     libcpmt:winapinls.obj
 0001:00005918       ??_C@_1O@FMCELNAJ@?$AAs?$AAm?$AAj?$AA?9?$AAN?$AAO@ 0000000180006918     libcpmt:winapinls.obj
 0001:00005928       ??_C@_1M@JHGLJMGJ@?$AAa?$AAr?$AA?9?$AAD?$AAZ@ 0000000180006928     libcpmt:winapinls.obj
 0001:00005938       ??_C@_1M@JKKFDCNP@?$AAz?$AAh?$AA?9?$AAM?$AAO@ 0000000180006938     libcpmt:winapinls.obj
 0001:00005948       ??_C@_1M@GEEFALPE@?$AAd?$AAe?$AA?9?$AAL?$AAI@ 0000000180006948     libcpmt:winapinls.obj
 0001:00005958       ??_C@_1M@IGEOFBG@?$AAe?$AAn?$AA?9?$AAN?$AAZ@ 0000000180006958     libcpmt:winapinls.obj
 0001:00005968       ??_C@_1M@KDBONEHP@?$AAe?$AAs?$AA?9?$AAC?$AAR@ 0000000180006968     libcpmt:winapinls.obj
 0001:00005978       ??_C@_1M@FHMDOHNN@?$AAf?$AAr?$AA?9?$AAL?$AAU@ 0000000180006978     libcpmt:winapinls.obj
 0001:00005988       ??_C@_1BG@NFKKMAFG@?$AAb?$AAs?$AA?9?$AAB?$AAA?$AA?9?$AAL?$AAa?$AAt?$AAn@ 0000000180006988     libcpmt:winapinls.obj
 0001:000059a0       ??_C@_1O@IMNBEMCI@?$AAs?$AAm?$AAj?$AA?9?$AAS?$AAE@ 00000001800069a0     libcpmt:winapinls.obj
 0001:000059b0       ??_C@_1M@DHHMBNDP@?$AAa?$AAr?$AA?9?$AAM?$AAA@ 00000001800069b0     libcpmt:winapinls.obj
 0001:000059c0       ??_C@_1M@BNBLJCGH@?$AAe?$AAn?$AA?9?$AAI?$AAE@ 00000001800069c0     libcpmt:winapinls.obj
 0001:000059d0       ??_C@_1M@GEPAFMDL@?$AAe?$AAs?$AA?9?$AAP?$AAA@ 00000001800069d0     libcpmt:winapinls.obj
 0001:000059e0       ??_C@_1M@OJONDMDL@?$AAf?$AAr?$AA?9?$AAM?$AAC@ 00000001800069e0     libcpmt:winapinls.obj
 0001:000059f0       ??_C@_1BG@OBCNFJB@?$AAs?$AAr?$AA?9?$AAB?$AAA?$AA?9?$AAL?$AAa?$AAt?$AAn@ 00000001800069f0     libcpmt:winapinls.obj
 0001:00005a08       ??_C@_1O@KEMEEGPO@?$AAs?$AAm?$AAa?$AA?9?$AAN?$AAO@ 0000000180006a08     libcpmt:winapinls.obj
 0001:00005a18       ??_C@_1M@ELMGFODK@?$AAa?$AAr?$AA?9?$AAT?$AAN@ 0000000180006a18     libcpmt:winapinls.obj
 0001:00005a28       ??_C@_1M@BHDLHFAF@?$AAe?$AAn?$AA?9?$AAZ?$AAA@ 0000000180006a28     libcpmt:winapinls.obj
 0001:00005a38       ??_C@_1M@BMGIGLIF@?$AAe?$AAs?$AA?9?$AAD?$AAO@ 0000000180006a38     libcpmt:winapinls.obj
 0001:00005a48       ??_C@_1BG@CMBHIPBE@?$AAs?$AAr?$AA?9?$AAB?$AAA?$AA?9?$AAC?$AAy?$AAr?$AAl@ 0000000180006a48     libcpmt:winapinls.obj
 0001:00005a60       ??_C@_1O@HEDBLHNP@?$AAs?$AAm?$AAa?$AA?9?$AAS?$AAE@ 0000000180006a60     libcpmt:winapinls.obj
 0001:00005a70       ??_C@_1M@DAGCADIM@?$AAa?$AAr?$AA?9?$AAO?$AAM@ 0000000180006a70     libcpmt:winapinls.obj
 0001:00005a80       ??_C@_1M@FODLMICG@?$AAe?$AAn?$AA?9?$AAJ?$AAM@ 0000000180006a80     libcpmt:winapinls.obj
 0001:00005a90       ??_C@_1M@DNMLCIHB@?$AAe?$AAs?$AA?9?$AAV?$AAE@ 0000000180006a90     libcpmt:winapinls.obj
 0001:00005aa0       ??_C@_1O@EOKHMKJK@?$AAs?$AAm?$AAs?$AA?9?$AAF?$AAI@ 0000000180006aa0     libcpmt:winapinls.obj
 0001:00005ab0       ??_C@_1M@CAFJMKOF@?$AAa?$AAr?$AA?9?$AAY?$AAE@ 0000000180006ab0     libcpmt:winapinls.obj
 0001:00005ac0       ??_C@_1M@CBFHIJLI@?$AAe?$AAn?$AA?9?$AAC?$AAB@ 0000000180006ac0     libcpmt:winapinls.obj
 0001:00005ad0       ??_C@_1M@BGNFLDN@?$AAe?$AAs?$AA?9?$AAC?$AAO@ 0000000180006ad0     libcpmt:winapinls.obj
 0001:00005ae0       ??_C@_1O@JMPHMAMC@?$AAs?$AAm?$AAn?$AA?9?$AAF?$AAI@ 0000000180006ae0     libcpmt:winapinls.obj
 0001:00005af0       ??_C@_1M@JLANABKE@?$AAa?$AAr?$AA?9?$AAS?$AAY@ 0000000180006af0     libcpmt:winapinls.obj
 0001:00005b00       ??_C@_1M@HPKGCFGN@?$AAe?$AAn?$AA?9?$AAB?$AAZ@ 0000000180006b00     libcpmt:winapinls.obj
 0001:00005b10       ??_C@_1M@OLJCMLGM@?$AAe?$AAs?$AA?9?$AAP?$AAE@ 0000000180006b10     libcpmt:winapinls.obj
 0001:00005b20       ??_C@_1M@MKKGFKLE@?$AAa?$AAr?$AA?9?$AAJ?$AAO@ 0000000180006b20     libcpmt:winapinls.obj
 0001:00005b30       ??_C@_1M@EKPGLDNI@?$AAe?$AAn?$AA?9?$AAT?$AAT@ 0000000180006b30     libcpmt:winapinls.obj
 0001:00005b40       ??_C@_1M@OONGHFHE@?$AAe?$AAs?$AA?9?$AAA?$AAR@ 0000000180006b40     libcpmt:winapinls.obj
 0001:00005b50       ??_C@_1M@OOJFGBHE@?$AAa?$AAr?$AA?9?$AAL?$AAB@ 0000000180006b50     libcpmt:winapinls.obj
 0001:00005b60       ??_C@_1M@GCEJHNEG@?$AAe?$AAn?$AA?9?$AAZ?$AAW@ 0000000180006b60     libcpmt:winapinls.obj
 0001:00005b70       ??_C@_1M@JNOCAHJI@?$AAe?$AAs?$AA?9?$AAE?$AAC@ 0000000180006b70     libcpmt:winapinls.obj
 0001:00005b80       ??_C@_1M@JEFHPGGB@?$AAa?$AAr?$AA?9?$AAK?$AAW@ 0000000180006b80     libcpmt:winapinls.obj
 0001:00005b90       ??_C@_1M@MLKIBJOJ@?$AAe?$AAn?$AA?9?$AAP?$AAH@ 0000000180006b90     libcpmt:winapinls.obj
 0001:00005ba0       ??_C@_1M@BDNIPEND@?$AAe?$AAs?$AA?9?$AAC?$AAL@ 0000000180006ba0     libcpmt:winapinls.obj
 0001:00005bb0       ??_C@_1M@MPNMEKBD@?$AAa?$AAr?$AA?9?$AAA?$AAE@ 0000000180006bb0     libcpmt:winapinls.obj
 0001:00005bc0       ??_C@_1M@KBJALCPI@?$AAe?$AAs?$AA?9?$AAU?$AAY@ 0000000180006bc0     libcpmt:winapinls.obj
 0001:00005bd0       ??_C@_1M@LLCCOAGA@?$AAa?$AAr?$AA?9?$AAB?$AAH@ 0000000180006bd0     libcpmt:winapinls.obj
 0001:00005be0       ??_C@_1M@PBFNCDEL@?$AAe?$AAs?$AA?9?$AAP?$AAY@ 0000000180006be0     libcpmt:winapinls.obj
 0001:00005bf0       ??_C@_1M@EDGINPNP@?$AAa?$AAr?$AA?9?$AAQ?$AAA@ 0000000180006bf0     libcpmt:winapinls.obj
 0001:00005c00       ??_C@_1M@MKDBIIJI@?$AAe?$AAs?$AA?9?$AAB?$AAO@ 0000000180006c00     libcpmt:winapinls.obj
 0001:00005c10       ??_C@_1M@CPKKEBLD@?$AAe?$AAs?$AA?9?$AAS?$AAV@ 0000000180006c10     libcpmt:winapinls.obj
 0001:00005c20       ??_C@_1M@NDBGMMJL@?$AAe?$AAs?$AA?9?$AAH?$AAN@ 0000000180006c20     libcpmt:winapinls.obj
 0001:00005c30       ??_C@_1M@JIJIBHDP@?$AAe?$AAs?$AA?9?$AAN?$AAI@ 0000000180006c30     libcpmt:winapinls.obj
 0001:00005c40       ??_C@_1M@CGFMKEEK@?$AAe?$AAs?$AA?9?$AAP?$AAR@ 0000000180006c40     libcpmt:winapinls.obj
 0001:00005c50       ??_C@_1O@ICJHKIIK@?$AAz?$AAh?$AA?9?$AAC?$AAH?$AAT@ 0000000180006c50     libcpmt:winapinls.obj
 0001:00005c60       ??_C@_15CLNEJCE@?$AAs?$AAr@ 0000000180006c60     libcpmt:winapinls.obj
 0001:00005c68       ??_C@_1M@KAHEKEIG@?$AAa?$AAf?$AA?9?$AAz?$AAa@ 0000000180006c68     libcpmt:winapinls.obj
 0001:00005c78       ??_C@_1M@GIECOABL@?$AAa?$AAr?$AA?9?$AAa?$AAe@ 0000000180006c78     libcpmt:winapinls.obj
 0001:00005c88       ??_C@_1M@BMLMEKGI@?$AAa?$AAr?$AA?9?$AAb?$AAh@ 0000000180006c88     libcpmt:winapinls.obj
 0001:00005c98       ??_C@_1M@DAPFDGGB@?$AAa?$AAr?$AA?9?$AAd?$AAz@ 0000000180006c98     libcpmt:winapinls.obj
 0001:00005ca8       ??_C@_1M@FJNKGKIG@?$AAa?$AAr?$AA?9?$AAe?$AAg@ 0000000180006ca8     libcpmt:winapinls.obj
 0001:00005cb8       ??_C@_1M@FLGKKCLO@?$AAa?$AAr?$AA?9?$AAi?$AAq@ 0000000180006cb8     libcpmt:winapinls.obj
 0001:00005cc8       ??_C@_1M@GNDIPALM@?$AAa?$AAr?$AA?9?$AAj?$AAo@ 0000000180006cc8     libcpmt:winapinls.obj
 0001:00005cd8       ??_C@_1M@DDMJFMGJ@?$AAa?$AAr?$AA?9?$AAk?$AAw@ 0000000180006cd8     libcpmt:winapinls.obj
 0001:00005ce8       ??_C@_1M@EJALMLHM@?$AAa?$AAr?$AA?9?$AAl?$AAb@ 0000000180006ce8     libcpmt:winapinls.obj
 0001:00005cf8       ??_C@_1M@MOBDBLOC@?$AAa?$AAr?$AA?9?$AAl?$AAy@ 0000000180006cf8     libcpmt:winapinls.obj
 0001:00005d08       ??_C@_1M@JAOCLHDH@?$AAa?$AAr?$AA?9?$AAm?$AAa@ 0000000180006d08     libcpmt:winapinls.obj
 0001:00005d18       ??_C@_1M@JHPMKJIE@?$AAa?$AAr?$AA?9?$AAo?$AAm@ 0000000180006d18     libcpmt:winapinls.obj
 0001:00005d28       ??_C@_1M@OEPGHFNH@?$AAa?$AAr?$AA?9?$AAq?$AAa@ 0000000180006d28     libcpmt:winapinls.obj
 0001:00005d38       ??_C@_1M@KJDONENM@?$AAa?$AAr?$AA?9?$AAs?$AAa@ 0000000180006d38     libcpmt:winapinls.obj
 0001:00005d48       ??_C@_1M@DMJDKLKM@?$AAa?$AAr?$AA?9?$AAs?$AAy@ 0000000180006d48     libcpmt:winapinls.obj
 0001:00005d58       ??_C@_1M@OMFIPEDC@?$AAa?$AAr?$AA?9?$AAt?$AAn@ 0000000180006d58     libcpmt:winapinls.obj
 0001:00005d68       ??_C@_1M@IHMHGAON@?$AAa?$AAr?$AA?9?$AAy?$AAe@ 0000000180006d68     libcpmt:winapinls.obj
 0001:00005d78       ??_C@_1BG@KDCPGJGB@?$AAa?$AAz?$AA?9?$AAa?$AAz?$AA?9?$AAc?$AAy?$AAr?$AAl@ 0000000180006d78     libcpmt:winapinls.obj
 0001:00005d90       ??_C@_1BG@IBCKDDOE@?$AAa?$AAz?$AA?9?$AAa?$AAz?$AA?9?$AAl?$AAa?$AAt?$AAn@ 0000000180006d90     libcpmt:winapinls.obj
 0001:00005da8       ??_C@_1M@EGPFDCPD@?$AAb?$AAe?$AA?9?$AAb?$AAy@ 0000000180006da8     libcpmt:winapinls.obj
 0001:00005db8       ??_C@_1M@PCMGMCGC@?$AAb?$AAg?$AA?9?$AAb?$AAg@ 0000000180006db8     libcpmt:winapinls.obj
 0001:00005dc8       ??_C@_1M@BJBMFGOB@?$AAb?$AAn?$AA?9?$AAi?$AAn@ 0000000180006dc8     libcpmt:winapinls.obj
 0001:00005dd8       ??_C@_1BG@EAKMMACD@?$AAb?$AAs?$AA?9?$AAb?$AAa?$AA?9?$AAl?$AAa?$AAt?$AAn@ 0000000180006dd8     libcpmt:winapinls.obj
 0001:00005df0       ??_C@_1M@KGADAODK@?$AAc?$AAa?$AA?9?$AAe?$AAs@ 0000000180006df0     libcpmt:winapinls.obj
 0001:00005e00       ??_C@_1M@COAJPDHI@?$AAc?$AAs?$AA?9?$AAc?$AAz@ 0000000180006e00     libcpmt:winapinls.obj
 0001:00005e10       ??_C@_1M@DHBHFONH@?$AAc?$AAy?$AA?9?$AAg?$AAb@ 0000000180006e10     libcpmt:winapinls.obj
 0001:00005e20       ??_C@_1M@IMGKELGA@?$AAd?$AAa?$AA?9?$AAd?$AAk@ 0000000180006e20     libcpmt:winapinls.obj
 0001:00005e30       ??_C@_1M@NNDGDNGA@?$AAd?$AAe?$AA?9?$AAa?$AAt@ 0000000180006e30     libcpmt:winapinls.obj
 0001:00005e40       ??_C@_1M@IKDBHEEM@?$AAd?$AAe?$AA?9?$AAc?$AAh@ 0000000180006e40     libcpmt:winapinls.obj
 0001:00005e50       ??_C@_1M@GFFOJMCJ@?$AAd?$AAe?$AA?9?$AAd?$AAe@ 0000000180006e50     libcpmt:winapinls.obj
 0001:00005e60       ??_C@_1M@MDNLKBPM@?$AAd?$AAe?$AA?9?$AAl?$AAi@ 0000000180006e60     libcpmt:winapinls.obj
 0001:00005e70       ??_C@_1M@NJBEEJNL@?$AAd?$AAe?$AA?9?$AAl?$AAu@ 0000000180006e70     libcpmt:winapinls.obj
 0001:00005e80       ??_C@_1O@GNNELBAP@?$AAd?$AAi?$AAv?$AA?9?$AAm?$AAv@ 0000000180006e80     libcpmt:winapinls.obj
 0001:00005e90       ??_C@_1M@EJLEOGAE@?$AAe?$AAl?$AA?9?$AAg?$AAr@ 0000000180006e90     libcpmt:winapinls.obj
 0001:00005ea0       ??_C@_1M@GMPONJN@?$AAe?$AAn?$AA?9?$AAa?$AAu@ 0000000180006ea0     libcpmt:winapinls.obj
 0001:00005eb0       ??_C@_1M@NIDIIPGF@?$AAe?$AAn?$AA?9?$AAb?$AAz@ 0000000180006eb0     libcpmt:winapinls.obj
 0001:00005ec0       ??_C@_1M@JEHMIMFO@?$AAe?$AAn?$AA?9?$AAc?$AAa@ 0000000180006ec0     libcpmt:winapinls.obj
 0001:00005ed0       ??_C@_1M@IGMJCDLA@?$AAe?$AAn?$AA?9?$AAc?$AAb@ 0000000180006ed0     libcpmt:winapinls.obj
 0001:00005ee0       ??_C@_1M@BNFIGBKG@?$AAe?$AAn?$AA?9?$AAg?$AAb@ 0000000180006ee0     libcpmt:winapinls.obj
 0001:00005ef0       ??_C@_1M@LKIFDIGP@?$AAe?$AAn?$AA?9?$AAi?$AAe@ 0000000180006ef0     libcpmt:winapinls.obj
 0001:00005f00       ??_C@_1M@PJKFGCCO@?$AAe?$AAn?$AA?9?$AAj?$AAm@ 0000000180006f00     libcpmt:winapinls.obj
 0001:00005f10       ??_C@_1M@KPPKEPBO@?$AAe?$AAn?$AA?9?$AAn?$AAz@ 0000000180006f10     libcpmt:winapinls.obj
 0001:00005f20       ??_C@_1M@GMDGLDOB@?$AAe?$AAn?$AA?9?$AAp?$AAh@ 0000000180006f20     libcpmt:winapinls.obj
 0001:00005f30       ??_C@_1M@ONGIBJNA@?$AAe?$AAn?$AA?9?$AAt?$AAt@ 0000000180006f30     libcpmt:winapinls.obj
 0001:00005f40       ??_C@_1M@LLODPCMM@?$AAe?$AAn?$AA?9?$AAu?$AAs@ 0000000180006f40     libcpmt:winapinls.obj
 0001:00005f50       ??_C@_1M@LAKFNPAN@?$AAe?$AAn?$AA?9?$AAz?$AAa@ 0000000180006f50     libcpmt:winapinls.obj
 0001:00005f60       ??_C@_1M@MFNHNHEO@?$AAe?$AAn?$AA?9?$AAz?$AAw@ 0000000180006f60     libcpmt:winapinls.obj
 0001:00005f70       ??_C@_1M@EJEINPHM@?$AAe?$AAs?$AA?9?$AAa?$AAr@ 0000000180006f70     libcpmt:winapinls.obj
 0001:00005f80       ??_C@_1M@GNKPCCJA@?$AAe?$AAs?$AA?9?$AAb?$AAo@ 0000000180006f80     libcpmt:winapinls.obj
 0001:00005f90       ??_C@_1M@LEEGFONL@?$AAe?$AAs?$AA?9?$AAc?$AAl@ 0000000180006f90     libcpmt:winapinls.obj
 0001:00005fa0       ??_C@_1M@KGPDPBDF@?$AAe?$AAs?$AA?9?$AAc?$AAo@ 0000000180006fa0     libcpmt:winapinls.obj
 0001:00005fb0       ??_C@_1M@EIAHOHH@?$AAe?$AAs?$AA?9?$AAc?$AAr@ 0000000180006fb0     libcpmt:winapinls.obj
 0001:00005fc0       ??_C@_1M@LLPGMBIN@?$AAe?$AAs?$AA?9?$AAd?$AAo@ 0000000180006fc0     libcpmt:winapinls.obj
 0001:00005fd0       ??_C@_1M@DKHMKNJA@?$AAe?$AAs?$AA?9?$AAe?$AAc@ 0000000180006fd0     libcpmt:winapinls.obj
 0001:00005fe0       ??_C@_1M@GKGFPKAP@?$AAe?$AAs?$AA?9?$AAe?$AAs@ 0000000180006fe0     libcpmt:winapinls.obj
 0001:00005ff0       ??_C@_1M@LKHKGDLN@?$AAe?$AAs?$AA?9?$AAg?$AAt@ 0000000180006ff0     libcpmt:winapinls.obj
 0001:00006000       ??_C@_1M@HEIIGGJD@?$AAe?$AAs?$AA?9?$AAh?$AAn@ 0000000180007000     libcpmt:winapinls.obj
 0001:00006010       ??_C@_1M@FBDHPPGD@?$AAe?$AAs?$AA?9?$AAm?$AAx@ 0000000180007010     libcpmt:winapinls.obj
 0001:00006020       ??_C@_1M@DPAGLNDH@?$AAe?$AAs?$AA?9?$AAn?$AAi@ 0000000180007020     libcpmt:winapinls.obj
 0001:00006030       ??_C@_1M@MDGOPGDD@?$AAe?$AAs?$AA?9?$AAp?$AAa@ 0000000180007030     libcpmt:winapinls.obj
 0001:00006040       ??_C@_1M@EMAMGBGE@?$AAe?$AAs?$AA?9?$AAp?$AAe@ 0000000180007040     libcpmt:winapinls.obj
 0001:00006050       ??_C@_1M@IBMCAOEC@?$AAe?$AAs?$AA?9?$AAp?$AAr@ 0000000180007050     libcpmt:winapinls.obj
 0001:00006060       ??_C@_1M@FGMDIJED@?$AAe?$AAs?$AA?9?$AAp?$AAy@ 0000000180007060     libcpmt:winapinls.obj
 0001:00006070       ??_C@_1M@IIDEOLLL@?$AAe?$AAs?$AA?9?$AAs?$AAv@ 0000000180007070     libcpmt:winapinls.obj
 0001:00006080       ??_C@_1M@GAOBIPA@?$AAe?$AAs?$AA?9?$AAu?$AAy@ 0000000180007080     libcpmt:winapinls.obj
 0001:00006090       ??_C@_1M@JKFFICHJ@?$AAe?$AAs?$AA?9?$AAv?$AAe@ 0000000180007090     libcpmt:winapinls.obj
 0001:000060a0       ??_C@_1M@PNMLOJDF@?$AAe?$AAt?$AA?9?$AAe?$AAe@ 00000001800070a0     libcpmt:winapinls.obj
 0001:000060b0       ??_C@_1M@GHHLIKEI@?$AAe?$AAu?$AA?9?$AAe?$AAs@ 00000001800070b0     libcpmt:winapinls.obj
 0001:000060c0       ??_C@_1M@PBNONODE@?$AAf?$AAa?$AA?9?$AAi?$AAr@ 00000001800070c0     libcpmt:winapinls.obj
 0001:000060d0       ??_C@_1M@JEEHPMIL@?$AAf?$AAi?$AA?9?$AAf?$AAi@ 00000001800070d0     libcpmt:winapinls.obj
 0001:000060e0       ??_C@_1M@LMDCNDBA@?$AAf?$AAo?$AA?9?$AAf?$AAo@ 00000001800070e0     libcpmt:winapinls.obj
 0001:000060f0       ??_C@_1M@JKEOHLDK@?$AAf?$AAr?$AA?9?$AAb?$AAe@ 00000001800070f0     libcpmt:winapinls.obj
 0001:00006100       ??_C@_1M@NOHADPMI@?$AAf?$AAr?$AA?9?$AAc?$AAa@ 0000000180007100     libcpmt:winapinls.obj
 0001:00006110       ??_C@_1M@KDHIHAEC@?$AAf?$AAr?$AA?9?$AAc?$AAh@ 0000000180007110     libcpmt:winapinls.obj
 0001:00006120       ??_C@_1M@MMBBFGAK@?$AAf?$AAr?$AA?9?$AAf?$AAr@ 0000000180007120     libcpmt:winapinls.obj
 0001:00006130       ??_C@_1M@PAFNENNF@?$AAf?$AAr?$AA?9?$AAl?$AAu@ 0000000180007130     libcpmt:winapinls.obj
 0001:00006140       ??_C@_1M@EOHDJGDD@?$AAf?$AAr?$AA?9?$AAm?$AAc@ 0000000180007140     libcpmt:winapinls.obj
 0001:00006150       ??_C@_1M@FAPLLOPF@?$AAg?$AAl?$AA?9?$AAe?$AAs@ 0000000180007150     libcpmt:winapinls.obj
 0001:00006160       ??_C@_1M@FOPBFLOO@?$AAg?$AAu?$AA?9?$AAi?$AAn@ 0000000180007160     libcpmt:winapinls.obj
[...]
 0003:000029a0       $pdata$??$?RV<lambda_410d79af7f07d98d83a3f525b3859a53>@@AEAV<lambda_3e16ef9562a7dcce91392c22ab16ea36>@@V<lambda_38119f0e861e05405d8a144b9b982f0a>@@@?$__crt_seh_guarded_call@X@@QEAAX$$QEAV<lambda_410d79af7f07d98d83a3f525b3859a53>@@AEAV<lambda_3e16ef9562a7dcce91392c22ab16ea36>@@$$QEAV<lambda_38119f0e861e05405d8a144b9b982f0a>@@@Z 00000001800679a0     libucrt:wsetlocale.obj
 0003:000029ac       $pdata$?fin$0@?0???$?RV<lambda_410d79af7f07d98d83a3f525b3859a53>@@AEAV<lambda_3e16ef9562a7dcce91392c22ab16ea36>@@V<lambda_38119f0e861e05405d8a144b9b982f0a>@@@?$__crt_seh_guarded_call@X@@QEAAX$$QEAV<lambda_410d79af7f07d98d83a3f525b3859a53>@@AEAV<lambda_3e16ef9562a7dcce91392c22ab16ea36>@@$$QEAV<lambda_38119f0e861e05405d8a144b9b982f0a>@@@Z@4HA 00000001800679ac     libucrt:wsetlocale.obj
 0003:000029b8       $pdata$??$?RV<lambda_1d892b297fdedeee07ed8124eeb2f2fa>@@AEAV<lambda_ffc046909424fd52df0ac47e64813305>@@V<lambda_01a7098693036236037e7cdb9bca3d73>@@@?$__crt_seh_guarded_call@X@@QEAAX$$QEAV<lambda_1d892b297fdedeee07ed8124eeb2f2fa>@@AEAV<lambda_ffc046909424fd52df0ac47e64813305>@@$$QEAV<lambda_01a7098693036236037e7cdb9bca3d73>@@@Z 00000001800679b8     libucrt:wsetlocale.obj
 0003:000029c4       $pdata$??$?RV<lambda_7f2adfce497ff2baa965cd4f576ecfd1>@@AEAV<lambda_2a444430fde8c29194d880d93eed5e8f>@@AEAV<lambda_8dff2cf36a5417162780cd64fa2883ef>@@@?$__crt_seh_guarded_call@X@@QEAAX$$QEAV<lambda_7f2adfce497ff2baa965cd4f576ecfd1>@@AEAV<lambda_2a444430fde8c29194d880d93eed5e8f>@@AEAV<lambda_8dff2cf36a5417162780cd64fa2883ef>@@@Z 00000001800679c4     libucrt:wsetlocale.obj
 0003:000029d0       $pdata$?fin$0@?0???$?RV<lambda_7f2adfce497ff2baa965cd4f576ecfd1>@@AEAV<lambda_2a444430fde8c29194d880d93eed5e8f>@@AEAV<lambda_8dff2cf36a5417162780cd64fa2883ef>@@@?$__crt_seh_guarded_call@X@@QEAAX$$QEAV<lambda_7f2adfce497ff2baa965cd4f576ecfd1>@@AEAV<lambda_2a444430fde8c29194d880d93eed5e8f>@@AEAV<lambda_8dff2cf36a5417162780cd64fa2883ef>@@@Z@4HA 00000001800679d0     libucrt:wsetlocale.obj
 0003:000029dc       $pdata$mbstowcs_s          00000001800679dc     libucrt:mbstowcs.obj
 0003:000029e8       $pdata$_mbstowcs_s_l       00000001800679e8     libucrt:mbstowcs.obj
 0003:000029f4       $pdata$?_mbstowcs_l_helper@@YA_KPEA_WPEBD_KPEAU__crt_locale_pointers@@@Z 00000001800679f4     libucrt:mbstowcs.obj
 0003:00002a00       $pdata$strncpy_s           0000000180067a00     libucrt:strncpy_s.obj
 0003:00002a0c       $pdata$_call_matherr       0000000180067a0c     libucrt:libm_error.obj
 0003:00002a18       $pdata$_exception_enabled  0000000180067a18     libucrt:libm_error.obj
 0003:00002a24       $pdata$_handle_errorf      0000000180067a24     libucrt:libm_error.obj
 0003:00002a30       $pdata$_handle_error       0000000180067a30     libucrt:libm_error.obj
 0003:00002a3c       $pdata$iswctype            0000000180067a3c     libucrt:iswctype.obj
 0003:00002a48       $pdata$__acrt_wcstok_s_novalidation 0000000180067a48     libucrt:wcstok_s.obj
 0003:00002a54       $pdata$__acrt_initialize_fma3 0000000180067a54     libucrt:fma3_available.obj
 0003:00002a60       $pdata$_log_special_common 0000000180067a60     libucrt:log_special.obj
 0003:00002a6c       $pdata$_log10_special      0000000180067a6c     libucrt:log_special.obj
 0003:00002a78       $pdata$_powf_special       0000000180067a78     libucrt:pow_special.obj
 0003:00002a84       $pdata$_pow_special        0000000180067a84     libucrt:pow_special.obj
 0003:00002a90       $pdata$_wcstombs_s_l       0000000180067a90     libucrt:wcstombs.obj
 0003:00002a9c       $pdata$?_wcstombs_l_helper@@YA_KPEADPEB_W_KPEAU__crt_locale_pointers@@@Z 0000000180067a9c     libucrt:wcstombs.obj
 0003:00002aa8       $pdata$__acrt_GetLocaleInfoA 0000000180067aa8     libucrt:getlocaleinfoa.obj
 0003:00002ab4       $pdata$?InternalGetLocaleInfoA@@YAHQEAU__crt_locale_pointers@@QEB_WKQEADH@Z 0000000180067ab4     libucrt:getlocaleinfoa.obj
 0003:00002ac0       $pdata$__acrt_GetStringTypeA 0000000180067ac0     libucrt:getstringtypea.obj
 0003:00002acc       $pdata$__acrt_LCMapStringA 0000000180067acc     libucrt:lcmapstringa.obj
 0003:00002ad8       $pdata$?__acrt_LCMapStringA_stat@@YAHPEAU__crt_locale_pointers@@PEB_WKPEBDHPEADHHH@Z 0000000180067ad8     libucrt:lcmapstringa.obj
 0003:00002ae4       $pdata$_set_errno_from_matherr 0000000180067ae4     libucrt:fpexcept.obj
 0003:00002af0       $pdata$_raise_excf         0000000180067af0     libucrt:fpexcept.obj
 0003:00002afc       $pdata$_raise_exc          0000000180067afc     libucrt:fpexcept.obj
 0003:00002b08       $pdata$_raise_exc_ex       0000000180067b08     libucrt:fpexcept.obj
 0003:00002b14       $pdata$_clrfp              0000000180067b14     libucrt:fpctrl.obj
 0003:00002b20       $pdata$_ctrlfp             0000000180067b20     libucrt:fpctrl.obj
 0003:00002b2c       $pdata$_ctrlfp$filt$0      0000000180067b2c     libucrt:fpctrl.obj
 0003:00002b38       $pdata$_statfp             0000000180067b38     libucrt:fpctrl.obj
 0003:00002b44       $pdata$_set_statfp         0000000180067b44     libucrt:fpctrl.obj
 0003:00002b50       $pdata$_realloc_base       0000000180067b50     libucrt:realloc_base.obj
 0003:00002b5c       $pdata$_isctype_l          0000000180067b5c     libucrt:isctype.obj
 0003:00002b68       $pdata$__acrt_get_sigabrt_handler 0000000180067b68     libucrt:signal.obj
 0003:00002b74       $pdata$raise               0000000180067b74     libucrt:signal.obj
 0003:00002b80       $pdata$raise$fin$0         0000000180067b80     libucrt:signal.obj
 0003:00002b8c       $pdata$??$?RV<lambda_450d765d439847d4c735a33c368b5fc0>@@AEAV<lambda_44731a7d0e6d81c3e6aa82d741081786>@@V<lambda_601a2a7da3b7a96e9554ac7215c4b07c>@@@?$__crt_seh_guarded_call@P6AXH@Z@@QEAAP6AXH@Z$$QEAV<lambda_450d765d439847d4c735a33c368b5fc0>@@AEAV<lambda_44731a7d0e6d81c3e6aa82d741081786>@@$$QEAV<lambda_601a2a7da3b7a96e9554ac7215c4b07c>@@@Z 0000000180067b8c     libucrt:signal.obj
 0003:00002b98       $pdata$__acrt_WideCharToMultiByte 0000000180067b98     libucrt:widechartomultibyte.obj
 0003:00002ba4       $pdata$_wcsicmp            0000000180067ba4     libucrt:wcsicmp.obj
 0003:00002bb0       $pdata$_wcsicmp_l          0000000180067bb0     libucrt:wcsicmp.obj
 0003:00002bbc       $pdata$__acrt_get_process_end_policy 0000000180067bbc     libucrt:win_policies.obj
 0003:00002bc8       $pdata$??$__acrt_wcs_to_mbs_cp@U__crt_win32_buffer_internal_dynamic_resizing@@@@YAHQEB_WAEAV?$__crt_win32_buffer@DU__crt_win32_buffer_internal_dynamic_resizing@@@@I@Z 0000000180067bc8     libucrt:argv_wildcards.obj
 0003:00002bd4       $pdata$??$common_expand_argv_wildcards@D@@YAHQEAPEADQEAPEAPEAD@Z 0000000180067bd4     libucrt:argv_wildcards.obj
 0003:00002be0       $pdata$??$copy_and_add_argument_to_buffer@D@@YAHQEBD0_KAEAV?$argument_list@D@?A0x5f5c8891@@@Z 0000000180067be0     libucrt:argv_wildcards.obj
 0003:00002bec       $pdata$??$expand_argument_wildcards@D@@YAHQEAD0AEAV?$argument_list@D@?A0x5f5c8891@@@Z 0000000180067bec     libucrt:argv_wildcards.obj
 0003:00002bf8       $pdata$__acrt_GetModuleFileNameA 0000000180067bf8     libucrt:getmodulefilenamea.obj
 0003:00002c04       $pdata$__acrt_update_thread_multibyte_data 0000000180067c04     libucrt:mbctype.obj
 0003:00002c10       $pdata$__acrt_initialize_multibyte 0000000180067c10     libucrt:mbctype.obj
 0003:00002c1c       $pdata$_setmbcp_nolock     0000000180067c1c     libucrt:mbctype.obj
 0003:00002c28       $pdata$?getSystemCP@@YAHH@Z 0000000180067c28     libucrt:mbctype.obj
 0003:00002c34       $pdata$?setSBCS@@YAXPEAU__crt_multibyte_data@@@Z 0000000180067c34     libucrt:mbctype.obj
 0003:00002c40       $pdata$?update_thread_multibyte_data_internal@@YAPEAU__crt_multibyte_data@@QEAU__acrt_ptd@@QEAPEAU1@@Z 0000000180067c40     libucrt:mbctype.obj
 0003:00002c4c       $pdata$?fin$0@?0??update_thread_multibyte_data_internal@@YAPEAU__crt_multibyte_data@@QEAU__acrt_ptd@@QEAPEAU1@@Z@4HA 0000000180067c4c     libucrt:mbctype.obj
 0003:00002c58       $pdata$?setmbcp_internal@@YAHH_NQEAU__acrt_ptd@@QEAPEAU__crt_multibyte_data@@@Z 0000000180067c58     libucrt:mbctype.obj
 0003:00002c64       $pdata$?setSBUpLow@@YAXPEAU__crt_multibyte_data@@@Z 0000000180067c64     libucrt:mbctype.obj
 0003:00002c70       $pdata$??$?RV<lambda_efdfa57d1f175319df784efa44bb7b81>@@AEAV<lambda_5f0a4c1567f8adc6734073e5d1e1b35c>@@V<lambda_2e8a7d3640ea6ccb4c2413664c2db6fd>@@@?$__crt_seh_guarded_call@X@@QEAAX$$QEAV<lambda_efdfa57d1f175319df784efa44bb7b81>@@AEAV<lambda_5f0a4c1567f8adc6734073e5d1e1b35c>@@$$QEAV<lambda_2e8a7d3640ea6ccb4c2413664c2db6fd>@@@Z 0000000180067c70     libucrt:mbctype.obj
 0003:00002c7c       $pdata$?x_ismbbtype_l@@YAHPEAU__crt_locale_pointers@@IHH@Z 0000000180067c7c     libucrt:ismbbyte.obj
 0003:00002c88       $pdata$__acrt_initialize_command_line 0000000180067c88     libucrt:argv_data.obj
 0003:00002c94       $pdata$__dcrt_get_narrow_environment_from_os 0000000180067c94     libucrt:get_environment_from_os.obj
 0003:00002ca0       $pdata$_recalloc_base      0000000180067ca0     libucrt:recalloc.obj
 0003:00002cac       $pdata$__acrt_initialize_heap 0000000180067cac     libucrt:heap_handle.obj
 0003:00002cb8       $pdata$__acrt_execute_initializers 0000000180067cb8     libucrt:shared_initialization.obj
 0003:00002cc4       $pdata$__acrt_execute_uninitializers 0000000180067cc4     libucrt:shared_initialization.obj
 0003:00002cd0       $pdata$__acrt_release_locale_ref 0000000180067cd0     libucrt:locale_refcounting.obj
 0003:00002cdc       $pdata$__acrt_free_locale  0000000180067cdc     libucrt:locale_refcounting.obj
 0003:00002ce8       $pdata$__acrt_locale_free_lc_time_if_unreferenced 0000000180067ce8     libucrt:locale_refcounting.obj
 0003:00002cf4       $pdata$__acrt_update_thread_locale_data 0000000180067cf4     libucrt:locale_refcounting.obj
 0003:00002d00       $pdata$__acrt_update_thread_locale_data$fin$0 0000000180067d00     libucrt:locale_refcounting.obj
 0003:00002d0c       $pdata$_updatetlocinfoEx_nolock 0000000180067d0c     libucrt:locale_refcounting.obj
 0003:00002d18       $pdata$__acrt_fenv_set_control 0000000180067d18     libucrt:_fenvutils.obj
 0003:00002d24       $pdata$__acrt_DownlevelLocaleNameToLCID 0000000180067d24     libucrt:lcidtoname_downlevel.obj
 0003:00002d30       $pdata$__acrt_DownlevelLCIDToLocaleName 0000000180067d30     libucrt:lcidtoname_downlevel.obj
 0003:00002d3c       $pdata$fclose              0000000180067d3c     libucrt:fclose.obj
 0003:00002d48       $pdata$fclose$fin$0        0000000180067d48     libucrt:fclose.obj
 0003:00002d54       $pdata$_fclose_nolock      0000000180067d54     libucrt:fclose.obj
 0003:00002d60       $pdata$_commit             0000000180067d60     libucrt:commit.obj
 0003:00002d6c       $pdata$??$?RV<lambda_a37b2b86f63e897a80ea819b0eb08c01>@@AEAV<lambda_38ce7e780aa69e748d6df282ebc68efe>@@V<lambda_99fb1378e971ab6e7edea83e3a7a83a2>@@@?$__crt_seh_guarded_call@H@@QEAAH$$QEAV<lambda_a37b2b86f63e897a80ea819b0eb08c01>@@AEAV<lambda_38ce7e780aa69e748d6df282ebc68efe>@@$$QEAV<lambda_99fb1378e971ab6e7edea83e3a7a83a2>@@@Z 0000000180067d6c     libucrt:commit.obj
 0003:00002d78       $pdata$?fin$0@?0???$?RV<lambda_751a882b2c74d4b022dec766aa51a29a>@@AEAV<lambda_628dfdc04ba53c8bfc02c9951375f3f5>@@V<lambda_f6c7be5f7998530c34de24c7437d6b54>@@@?$__crt_seh_guarded_call@H@@QEAAH$$QEAV<lambda_751a882b2c74d4b022dec766aa51a29a>@@AEAV<lambda_628dfdc04ba53c8bfc02c9951375f3f5>@@$$QEAV<lambda_f6c7be5f7998530c34de24c7437d6b54>@@@Z@4HA 0000000180067d78     libucrt:close.obj
 0003:00002d78       $pdata$?fin$0@?0???$?RV<lambda_a37b2b86f63e897a80ea819b0eb08c01>@@AEAV<lambda_38ce7e780aa69e748d6df282ebc68efe>@@V<lambda_99fb1378e971ab6e7edea83e3a7a83a2>@@@?$__crt_seh_guarded_call@H@@QEAAH$$QEAV<lambda_a37b2b86f63e897a80ea819b0eb08c01>@@AEAV<lambda_38ce7e780aa69e748d6df282ebc68efe>@@$$QEAV<lambda_99fb1378e971ab6e7edea83e3a7a83a2>@@@Z@4HA 0000000180067d78     libucrt:commit.obj
 0003:00002d84       $pdata$??$common_lseek_nolock@_J@@YA_JH_JH@Z 0000000180067d84     libucrt:lseek.obj
 0003:00002d90       $pdata$?__mbrtowc_utf8@__crt_mbstring@@YA_KPEA_WPEBD_KPEAU_Mbstatet@@@Z 0000000180067d90     libucrt:mbrtowc.obj
 0003:00002d9c       $pdata$?__mbsrtowcs_utf8@__crt_mbstring@@YA_KPEA_WPEAPEBD_KPEAU_Mbstatet@@@Z 0000000180067d9c     libucrt:mbrtowc.obj
 0003:00002da8       $pdata$_putwch_nolock      0000000180067da8     libucrt:putwch.obj
 0003:00002db4       $pdata$?__c32rtomb_utf8@__crt_mbstring@@YA_KPEAD_UPEAU_Mbstatet@@@Z 0000000180067db4     libucrt:c32rtomb.obj
 0003:00002dc0       $pdata$__acrt_fp_strflt_to_string 0000000180067dc0     libucrt:_fptostr.obj
 0003:00002dcc       $pdata$__acrt_fltout       0000000180067dcc     libucrt:cfout.obj
 0003:00002dd8       $pdata$__acrt_locale_initialize_monetary 0000000180067dd8     libucrt:initmon.obj
 0003:00002de4       $pdata$__acrt_locale_free_monetary 0000000180067de4     libucrt:initmon.obj
 0003:00002df0       $pdata$__acrt_locale_initialize_numeric 0000000180067df0     libucrt:initnum.obj
 0003:00002dfc       $pdata$__acrt_locale_free_numeric 0000000180067dfc     libucrt:initnum.obj
 0003:00002e08       $pdata$__acrt_locale_initialize_time 0000000180067e08     libucrt:inittime.obj
 0003:00002e14       $pdata$__acrt_locale_free_time 0000000180067e14     libucrt:inittime.obj
 0003:00002e20       $pdata$?initialize_lc_time@@YA_NQEAU__crt_lc_time_data@@QEAU__crt_locale_data@@@Z 0000000180067e20     libucrt:inittime.obj
 0003:00002e2c       $pdata$?free_crt_array_internal@@YAXQEAPEBX_K@Z 0000000180067e2c     libucrt:inittime.obj
 0003:00002e38       $pdata$wcscat_s            0000000180067e38     libucrt:wcscat_s.obj
 0003:00002e44       $pdata$wcsncat_s           0000000180067e44     libucrt:wcsncat_s.obj
 0003:00002e50       $pdata$wcsncpy_s           0000000180067e50     libucrt:wcsncpy_s.obj
 0003:00002e5c       $pdata$__acrt_get_qualified_locale 0000000180067e5c     libucrt:get_qualified_locale.obj
 0003:00002e68       $pdata$TranslateName       0000000180067e68     libucrt:get_qualified_locale.obj
 0003:00002e74       $pdata$GetLocaleNameFromLangCountry 0000000180067e74     libucrt:get_qualified_locale.obj
 0003:00002e80       $pdata$LangCountryEnumProcEx 0000000180067e80     libucrt:get_qualified_locale.obj
 0003:00002e8c       $pdata$GetLocaleNameFromLanguage 0000000180067e8c     libucrt:get_qualified_locale.obj
 0003:00002e98       $pdata$LanguageEnumProcEx  0000000180067e98     libucrt:get_qualified_locale.obj
 0003:00002ea4       $pdata$GetLocaleNameFromDefault 0000000180067ea4     libucrt:get_qualified_locale.obj
 0003:00002eb0       $pdata$ProcessCodePage     0000000180067eb0     libucrt:get_qualified_locale.obj
 0003:00002ebc       $pdata$TestDefaultCountry  0000000180067ebc     libucrt:get_qualified_locale.obj
 0003:00002ec8       $pdata$__acrt_get_qualified_locale_downlevel 0000000180067ec8     libucrt:getqloc_downlevel.obj
 0003:00002ed4       $pdata$TranslateName       0000000180067ed4     libucrt:getqloc_downlevel.obj
 0003:00002ee0       $pdata$GetLcidFromLangCountry 0000000180067ee0     libucrt:getqloc_downlevel.obj
 0003:00002eec       $pdata$LangCountryEnumProc 0000000180067eec     libucrt:getqloc_downlevel.obj
 0003:00002ef8       $pdata$GetLcidFromLanguage 0000000180067ef8     libucrt:getqloc_downlevel.obj
 0003:00002f04       $pdata$LanguageEnumProc    0000000180067f04     libucrt:getqloc_downlevel.obj
 0003:00002f10       $pdata$CountryEnumProc     0000000180067f10     libucrt:getqloc_downlevel.obj
 0003:00002f1c       $pdata$ProcessCodePage     0000000180067f1c     libucrt:getqloc_downlevel.obj
 0003:00002f28       $pdata$TestDefaultLanguage 0000000180067f28     libucrt:getqloc_downlevel.obj
 0003:00002f34       $pdata$?__wcsrtombs_utf8@__crt_mbstring@@YA_KPEADPEAPEB_W_KPEAU_Mbstatet@@@Z 0000000180067f34     libucrt:wcrtomb.obj
 0003:00002f4c       $pdata$_towlower_l         0000000180067f4c     libucrt:towlower.obj
 0003:00002f58       $pdata$qsort               0000000180067f58     libucrt:qsort.obj
 0003:00002f64       $pdata$4$qsort             0000000180067f64     libucrt:qsort.obj
 0003:00002f70       $pdata$5$qsort             0000000180067f70     libucrt:qsort.obj
 0003:00002f7c       $pdata$strpbrk             0000000180067f7c     libucrt:strpbrk.obj
 0003:00002f88       $pdata$fallbackMethod      0000000180067f88     libucrt:strpbrk.obj
 0003:00002f94       $pdata$_mbsdec_l           0000000180067f94     libucrt:mbsdec.obj
 0003:00002fa0       $pdata$?initialize_multibyte@@YAHXZ 0000000180067fa0     libucrt:multibyte_initializer.obj
 0003:00002fac       $pdata$_msize_base         0000000180067fac     libucrt:msize.obj
 0003:00002fb8       $pdata$_wcsnicmp           0000000180067fb8     libucrt:wcsnicmp.obj
 0003:00002fc4       $pdata$_wcsnicmp_l         0000000180067fc4     libucrt:wcsnicmp.obj
 0003:00002fd0       $pdata$_close              0000000180067fd0     libucrt:close.obj
 0003:00002fdc       $pdata$_close_nolock       0000000180067fdc     libucrt:close.obj
 0003:00002fe8       $pdata$??$?RV<lambda_751a882b2c74d4b022dec766aa51a29a>@@AEAV<lambda_628dfdc04ba53c8bfc02c9951375f3f5>@@V<lambda_f6c7be5f7998530c34de24c7437d6b54>@@@?$__crt_seh_guarded_call@H@@QEAAH$$QEAV<lambda_751a882b2c74d4b022dec766aa51a29a>@@AEAV<lambda_628dfdc04ba53c8bfc02c9951375f3f5>@@$$QEAV<lambda_f6c7be5f7998530c34de24c7437d6b54>@@@Z 0000000180067fe8     libucrt:close.obj
 0003:00002ff4       $pdata$?__mbrtoc32_utf8@__crt_mbstring@@YA_KPEA_UPEBD_KPEAU_Mbstatet@@@Z 0000000180067ff4     libucrt:mbrtoc32.obj
 0003:00003000       $pdata$__dcrt_lowio_ensure_console_output_initialized 0000000180068000     libucrt:initcon.obj
 0003:0000300c       $pdata$__dcrt_write_console 000000018006800c     libucrt:initcon.obj
 0003:00003018       $pdata$__dcrt_terminate_console_output 0000000180068018     libucrt:initcon.obj
 0003:00003024       $pdata$fegetenv            0000000180068024     libucrt:fegetenv.obj
 0003:00003030       $pdata$fesetenv            0000000180068030     libucrt:fesetenv.obj
 0003:0000303c       $pdata$feholdexcept        000000018006803c     libucrt:feholdexcept.obj
 0003:00003048       $pdata$_itow_s             0000000180068048     libucrt:xtoa.obj
 0003:00003054       $pdata$??$common_xtox_s@K_W@@YAHKQEA_W_KI_N@Z 0000000180068054     libucrt:xtoa.obj
 0003:00003060       $pdata$??$common_xtox@K_W@@YAHKQEA_W_KI_N@Z 0000000180068060     libucrt:xtoa.obj
 0003:0000306c       $pdata$?__c16rtomb_utf8@__crt_mbstring@@YA_KPEAD_SPEAU_Mbstatet@@@Z 000000018006806c     libucrt:c16rtomb.obj
 0003:00003078       $pdata$__acrt_LCMapStringW 0000000180068078     libucrt:lcmapstringw.obj
 0003:00003084       $pdata$_clearfp            0000000180068084     libucrt:ieee.obj
 0003:00003090       $pdata$_IsNonwritableInCurrentImage 0000000180068090     LIBCMT:pesect.obj
 0003:0000309c       $pdata$_IsNonwritableInCurrentImage$filt$0 000000018006809c     LIBCMT:pesect.obj
 0003:000030a8       $pdata$__GSHandlerCheck_SEH 00000001800680a8     LIBCMT:gshandlerseh.obj
 0004:00000d18       .idata$6                   0000000180069d18     kernel32:KERNEL32.dll
 0004:00000dfe       .idata$6                   0000000180069dfe     user32:USER32.dll
 0004:00000efe       .idata$6                   0000000180069efe     advapi32:ADVAPI32.dll
 0004:00000f42       .idata$6                   0000000180069f42     ole32:ole32.dll
 0004:00000f7c       .idata$6                   0000000180069f7c     mpr:MPR.dll
 0004:00000fc6       .idata$6                   0000000180069fc6     version:VERSION.dll
 0004:00000fd2       .idata$6                   0000000180069fd2     oleaut32:OLEAUT32.dll
 0004:00001010       .idata$6                   000000018006a010     psapi:PSAPI.DLL
 0005:00000000       MoveSmall                  000000018006b000     libvcruntime:memcpy.obj
 0005:00000050       MsetTab                    000000018006b050     libvcruntime:memset.obj
 0006:00000060       $R000000                   000000018006c060     ProcList.res
