 FileCase

 Timestamp is 60492337 (Wed Mar 10 19:51:19 2021)

 Preferred load address is 0000000180000000

 Start         Length     Name                   Class
 0001:00000000 00000008H .CRT$XCA                CODE
 0001:00000008 00000008H .CRT$XCZ                CODE
 0001:00000010 00000008H .CRT$XIA                CODE
 0001:00000018 00000018H .CRT$XIC                CODE
 0001:00000030 00000008H .CRT$XIZ                CODE
 0001:00000038 00000008H .CRT$XPA                CODE
 0001:00000040 00000010H .CRT$XPX                CODE
 0001:00000050 00000008H .CRT$XPXA               CODE
 0001:00000058 00000008H .CRT$XPZ                CODE
 0001:00000060 00000008H .CRT$XTA                CODE
 0001:00000068 00000008H .CRT$XTZ                CODE
 0001:00000070 00000000H .gfids$y                CODE
 0001:00000070 000076d8H .rdata                  CODE
 0001:00007748 000001f4H .rdata$r                CODE
 0001:0000793c 000002c4H .rdata$zzzdbg           CODE
 0001:00007c00 00000008H .rtc$IAA                CODE
 0001:00007c08 00000008H .rtc$IZZ                CODE
 0001:00007c10 00000008H .rtc$TAA                CODE
 0001:00007c18 00000008H .rtc$TZZ                CODE
 0001:00007c20 0000e5c0H .text$mn                CODE
 0001:000161e0 00000020H .text$mn$00             CODE
 0001:00016200 000002e0H .text$x                 CODE
 0001:000164e0 00000ca0H .xdata                  CODE
 0001:00017180 000000f0H .xdata$x                CODE
 0001:00017270 00000091H .edata                  CODE
 0002:00000000 000009f0H .data                   DATA
 0002:000009f0 000000a0H .data$r                 DATA
 0002:00000a90 000018a0H .bss                    DATA
 0003:00000000 00000f24H .pdata                  DATA
 0004:00000000 00000248H .idata$5                DATA
 0004:00000248 00000010H .00cfg                  DATA
 0004:00000258 00000014H .idata$2                DATA
 0004:0000026c 00000014H .idata$3                DATA
 0004:00000280 00000248H .idata$4                DATA
 0004:000004c8 00000532H .idata$6                DATA
 0005:00000000 00000094H _RDATA                  DATA
 0006:00000000 00000060H .rsrc$01                DATA
 0006:00000060 00000390H .rsrc$02                DATA

  Address         Publics by Value              Rva+Base               Lib:Object

 0000:00000000       __hybrid_code_map_count    0000000000000000     <absolute>
 0000:00000000       __volatile_metadata        0000000000000000     <absolute>
 0000:00000000       __guard_longjmp_count      0000000000000000     <absolute>
 0000:00000000       __guard_longjmp_table      0000000000000000     <absolute>
 0000:00000000       __guard_iat_table          0000000000000000     <absolute>
 0000:00000000       __guard_fids_count         0000000000000000     <absolute>
 0000:00000000       __hybrid_code_map          0000000000000000     <absolute>
 0000:00000000       ___safe_se_handler_count   0000000000000000     <absolute>
 0000:00000000       __guard_iat_count          0000000000000000     <absolute>
 0000:00000000       __enclave_config           0000000000000000     <absolute>
 0000:00000000       __AbsoluteZero             0000000000000000     <absolute>
 0000:00000000       ___safe_se_handler_table   0000000000000000     <absolute>
 0000:00000000       __guard_fids_table         0000000000000000     <absolute>
 0000:00000000       __dynamic_value_reloc_table 0000000000000000     <absolute>
 0000:00000000       __hybrid_auxiliary_iat     0000000000000000     <absolute>
 0000:00000100       __guard_flags              0000000000000100     <absolute>
 0000:00000000       __ImageBase                0000000180000000     <linker-defined>
 0001:00000000       __xc_a                     0000000180001000     LIBCMT:initializers.obj
 0001:00000008       __xc_z                     0000000180001008     LIBCMT:initializers.obj
 0001:00000010       __xi_a                     0000000180001010     LIBCMT:initializers.obj
 0001:00000018       __acrt_multibyte_initializer 0000000180001018     libucrt:multibyte_initializer.obj
 0001:00000020       __acrt_stdio_initializer   0000000180001020     libucrt:stdio_initializer.obj
 0001:00000028       __acrt_tran_fma3_initializer 0000000180001028     libucrt:fma3_initializer.obj
 0001:00000030       __xi_z                     0000000180001030     LIBCMT:initializers.obj
 0001:00000038       __xp_a                     0000000180001038     LIBCMT:initializers.obj
 0001:00000040       __acrt_locale_terminator   0000000180001040     libucrt:locale_initializer.obj
 0001:00000048       __dcrt_console_output_terminator 0000000180001048     libucrt:console_output_initializer.obj
 0001:00000050       __acrt_stdio_terminator    0000000180001050     libucrt:stdio_initializer.obj
 0001:00000058       __xp_z                     0000000180001058     LIBCMT:initializers.obj
 0001:00000060       __xt_a                     0000000180001060     LIBCMT:initializers.obj
 0001:00000068       __xt_z                     0000000180001068     LIBCMT:initializers.obj
 0001:00000070       MainGuid                   0000000180001070     FileCase.obj
 0001:00000080       MenuGuid                   0000000180001080     FileCase.obj
 0001:00000090       DialogGuid                 0000000180001090     FileCase.obj
 0001:000000a0       ??_C@_1BC@DGHEBOMK@?$AAF?$AAi?$AAl?$AAe?$AAC?$AAa?$AAs?$AAe@ 00000001800010a0     FileCase.obj
 0001:000000c0       ??_C@_1FG@IEAGHMHI@?$AAF?$AAi?$AAl?$AAe?$AA?5?$AAn?$AAa?$AAm?$AAe?$AAs?$AA?5?$AAc?$AAa?$AAs?$AAe@ 00000001800010c0     FileCase.obj
 0001:00000118       ??_C@_1DE@BGKMIKPD@?$AAE?$AAu?$AAg?$AAe?$AAn?$AAe?$AA?5?$AAR?$AAo?$AAs?$AAh?$AAa?$AAl?$AA?5?$AA?$CG@ 0000000180001118     FileCase.obj
 0001:00000150       ??_C@_1BI@NPBILFDJ@?$AAC?$AAo?$AAn?$AAv?$AAe?$AAr?$AAt?$AAM?$AAo?$AAd?$AAe@ 0000000180001150     FileCase.obj
 0001:00000168       ??_C@_1BO@IKHLKIJC@?$AAC?$AAo?$AAn?$AAv?$AAe?$AAr?$AAt?$AAM?$AAo?$AAd?$AAe?$AAE?$AAx?$AAt@ 0000000180001168     FileCase.obj
 0001:00000188       ??_C@_1BM@HMLICANP@?$AAS?$AAk?$AAi?$AAp?$AAM?$AAi?$AAx?$AAe?$AAd?$AAC?$AAa?$AAs?$AAe@ 0000000180001188     FileCase.obj
 0001:000001a8       ??_C@_1BM@BNELJCPP@?$AAP?$AAr?$AAo?$AAc?$AAe?$AAs?$AAs?$AAS?$AAu?$AAb?$AAD?$AAi?$AAr@ 00000001800011a8     FileCase.obj
 0001:000001c8       ??_C@_1BG@DFJACJCJ@?$AAP?$AAr?$AAo?$AAc?$AAe?$AAs?$AAs?$AAD?$AAi?$AAr@ 00000001800011c8     FileCase.obj
 0001:000001e0       ??_C@_15NKPPEEJO@?$AA?5?$AA_@ 00000001800011e0     FileCase.obj
 0001:000001e8       ??_C@_1BA@CAKIGJMA@?$AAW?$AAo?$AAr?$AAd?$AAD?$AAi?$AAv@ 00000001800011e8     FileCase.obj
 0001:000001f8       ??_7PluginCheckBoxBinding@@6B@ 00000001800011f8     filecvt.obj
 0001:00000208       ??_7PluginRadioButtonBinding@@6B@ 0000000180001208     filecvt.obj
 0001:00000218       ??_7PluginEditFieldBinding@@6B@ 0000000180001218     filecvt.obj
 0001:00000228       ??_C@_11LOCGONAA@@         0000000180001228     filecvt.obj
 0001:00000230       ??_C@_1BC@ENICKDH@?$AAC?$AAo?$AAn?$AAt?$AAe?$AAn?$AAt?$AAs@ 0000000180001230     filecvt.obj
 0001:00000248       ??_C@_1CC@CKMDHNMO@?$AAF?$AAi?$AAl?$AAe?$AAC?$AAa?$AAs?$AAe?$AA_?$AAW?$AAo?$AAr?$AAd?$AAD?$AAi@ 0000000180001248     filecvt.obj
 0001:00000270       __xmm@00000000000000020000000000000000 0000000180001270     filecvt.obj
 0001:00000280       __xmm@00000009000000080000000700000006 0000000180001280     filecvt.obj
 0001:00000290       __xmm@0000000e0000000d0000000c0000000b 0000000180001290     filecvt.obj
 0001:000002a0       __xmm@ffffffffffffffffffffffffffffffff 00000001800012a0     filecvt.obj
 0001:000002b0       ??_C@_13JOFGPIOO@?$AA?4@   00000001800012b0     ProcessName.obj
 0001:000002b8       _pRawDllMain               00000001800012b8     LIBCMT:dll_dllmain.obj
 0001:000002b8       _pDefaultRawDllMain        00000001800012b8     LIBCMT:dll_dllmain.obj
 0001:000002c8       ??_7exception@std@@6B@     00000001800012c8     LIBCMT:throw_bad_alloc.obj
 0001:000002d8       ??_C@_0BC@EOODALEL@Unknown?5exception@ 00000001800012d8     LIBCMT:throw_bad_alloc.obj
 0001:000002f8       ??_7bad_alloc@std@@6B@     00000001800012f8     LIBCMT:throw_bad_alloc.obj
 0001:00000308       ??_C@_0P@GHFPNOJB@bad?5allocation@ 0000000180001308     LIBCMT:throw_bad_alloc.obj
 0001:00000320       ??_7bad_array_new_length@std@@6B@ 0000000180001320     LIBCMT:throw_bad_alloc.obj
 0001:00000330       ??_C@_0BF@KINCDENJ@bad?5array?5new?5length@ 0000000180001330     LIBCMT:throw_bad_alloc.obj
 0001:00000350       ??_7type_info@@6B@         0000000180001350     LIBCMT:std_type_info_static.obj
 0001:00000358       _pDestructExceptionObject  0000000180001358     libvcruntime:ehhelpers.obj
 0001:00000a60       ??_C@_08EHJDFFNH@__based?$CI@ 0000000180001a60     libvcruntime:undname.obj
 0001:00000a70       ??_C@_07KOLFKCDI@__cdecl@  0000000180001a70     libvcruntime:undname.obj
 0001:00000a78       ??_C@_08GHMPAG@__pascal@   0000000180001a78     libvcruntime:undname.obj
 0001:00000a88       ??_C@_09IFJBGAPI@__stdcall@ 0000000180001a88     libvcruntime:undname.obj
 0001:00000a98       ??_C@_0L@NPHFGOKO@__thiscall@ 0000000180001a98     libvcruntime:undname.obj
 0001:00000aa8       ??_C@_0L@JMKHOMEK@__fastcall@ 0000000180001aa8     libvcruntime:undname.obj
 0001:00000ab8       ??_C@_0N@BCKKPABJ@__vectorcall@ 0000000180001ab8     libvcruntime:undname.obj
 0001:00000ac8       ??_C@_09HIJEGCPM@__clrcall@ 0000000180001ac8     libvcruntime:undname.obj
 0001:00000ad4       ??_C@_06GHPCKEAG@__eabi@   0000000180001ad4     libvcruntime:undname.obj
 0001:00000ae0       ??_C@_09IOPIDJLG@__swift_1@ 0000000180001ae0     libvcruntime:undname.obj
 0001:00000af0       ??_C@_09KFNFGKHF@__swift_2@ 0000000180001af0     libvcruntime:undname.obj
 0001:00000b00       ??_C@_07JOMMBBKO@__ptr64@  0000000180001b00     libvcruntime:undname.obj
 0001:00000b08       ??_C@_0L@PILCLIHE@__restrict@ 0000000180001b08     libvcruntime:undname.obj
 0001:00000b18       ??_C@_0M@GFIIJFMG@__unaligned@ 0000000180001b18     libvcruntime:undname.obj
 0001:00000b28       ??_C@_09DHDLOLLB@restrict?$CI@ 0000000180001b28     libvcruntime:undname.obj
 0001:00000b32       ??_C@_00CNPNBAHC@@         0000000180001b32     libvcruntime:undname.obj
 0001:00000b34       ??_C@_04NIHEBCM@?5new@     0000000180001b34     libvcruntime:undname.obj
 0001:00000b40       ??_C@_07FPCDHGMM@?5delete@ 0000000180001b40     libvcruntime:undname.obj
 0001:00000b48       ??_C@_01NEMOKFLO@?$DN@     0000000180001b48     libvcruntime:undname.obj
 0001:00000b4c       ??_C@_02GPIOPFAK@?$DO?$DO@ 0000000180001b4c     libvcruntime:undname.obj
 0001:00000b50       ??_C@_02FODMEDOG@?$DM?$DM@ 0000000180001b50     libvcruntime:undname.obj
 0001:00000b54       ??_C@_01DCLJPIOD@?$CB@     0000000180001b54     libvcruntime:undname.obj
 0001:00000b58       ??_C@_02EGOFBIJA@?$DN?$DN@ 0000000180001b58     libvcruntime:undname.obj
 0001:00000b5c       ??_C@_02FDNJECIE@?$CB?$DN@ 0000000180001b5c     libvcruntime:undname.obj
 0001:00000b60       ??_C@_02GPECMEKF@?$FL?$FN@ 0000000180001b60     libvcruntime:undname.obj
 0001:00000b68       ??_C@_08LHJFAFGD@operator@ 0000000180001b68     libvcruntime:undname.obj
 0001:00000b74       ??_C@_02HBOOOICD@?9?$DO@   0000000180001b74     libvcruntime:undname.obj
 0001:00000b78       ??_C@_01NBENCBCI@?$CK@     0000000180001b78     libvcruntime:undname.obj
 0001:00000b7c       ??_C@_02ECNGHCIF@?$CL?$CL@ 0000000180001b7c     libvcruntime:undname.obj
 0001:00000b80       ??_C@_02BAABKJLB@?9?9@     0000000180001b80     libvcruntime:undname.obj
 0001:00000b84       ??_C@_01JOAMLHOP@?9@       0000000180001b84     libvcruntime:undname.obj
 0001:00000b88       ??_C@_01MIFGBAGJ@?$CL@     0000000180001b88     libvcruntime:undname.obj
 0001:00000b8c       ??_C@_01HNPIGOCE@?$CG@     0000000180001b8c     libvcruntime:undname.obj
 0001:00000b90       ??_C@_03MNHNFDLC@?9?$DO?$CK@ 0000000180001b90     libvcruntime:undname.obj
 0001:00000b94       ??_C@_01KMDKNFGN@?1@       0000000180001b94     libvcruntime:undname.obj
 0001:00000b98       ??_C@_01FGNFDNOH@?$CF@     0000000180001b98     libvcruntime:undname.obj
 0001:00000b9c       ??_C@_01MNNFJEPP@?$DM@     0000000180001b9c     libvcruntime:undname.obj
 0001:00000ba0       ??_C@_02EHCHHCKH@?$DM?$DN@ 0000000180001ba0     libvcruntime:undname.obj
 0001:00000ba4       ??_C@_01PPODPGHN@?$DO@     0000000180001ba4     libvcruntime:undname.obj
 0001:00000ba8       ??_C@_02EEKDKGMJ@?$DO?$DN@ 0000000180001ba8     libvcruntime:undname.obj
 0001:00000bac       ??_C@_01IHBHIGKO@?0@       0000000180001bac     libvcruntime:undname.obj
 0001:00000bb0       ??_C@_02HCKGKOFO@?$CI?$CJ@ 0000000180001bb0     libvcruntime:undname.obj
 0001:00000bb4       ??_C@_01PJKLJHI@?$HO@      0000000180001bb4     libvcruntime:undname.obj
 0001:00000bb8       ??_C@_01JKBOJNNK@?$FO@     0000000180001bb8     libvcruntime:undname.obj
 0001:00000bbc       ??_C@_01DNKMNLPK@?$HM@     0000000180001bbc     libvcruntime:undname.obj
 0001:00000bc0       ??_C@_02PPKAJPJL@?$CG?$CG@ 0000000180001bc0     libvcruntime:undname.obj
 0001:00000bc4       ??_C@_02NONPIBCD@?$HM?$HM@ 0000000180001bc4     libvcruntime:undname.obj
 0001:00000bc8       ??_C@_02FPIMKNGF@?$CK?$DN@ 0000000180001bc8     libvcruntime:undname.obj
 0001:00000bcc       ??_C@_02FOEOMHFC@?$CL?$DN@ 0000000180001bcc     libvcruntime:undname.obj
 0001:00000bd0       ??_C@_02FKMDLLOA@?9?$DN@   0000000180001bd0     libvcruntime:undname.obj
 0001:00000bd4       ??_C@_02FJEHGPIO@?1?$DN@   0000000180001bd4     libvcruntime:undname.obj
 0001:00000bd8       ??_C@_02FENAOKFI@?$CF?$DN@ 0000000180001bd8     libvcruntime:undname.obj
 0001:00000bdc       ??_C@_03IKFCCPFF@?$DO?$DO?$DN@ 0000000180001bdc     libvcruntime:undname.obj
 0001:00000be0       ??_C@_03CDNPDDLA@?$DM?$DM?$DN@ 0000000180001be0     libvcruntime:undname.obj
 0001:00000be4       ??_C@_02FGJGFEAB@?$CG?$DN@ 0000000180001be4     libvcruntime:undname.obj
 0001:00000be8       ??_C@_02DHLNPPGH@?$HM?$DN@ 0000000180001be8     libvcruntime:undname.obj
 0001:00000bec       ??_C@_02MHEGNOJ@?$FO?$DN@  0000000180001bec     libvcruntime:undname.obj
 0001:00000bf0       ??_C@_09IFPLHPGF@?$GAvftable?8@ 0000000180001bf0     libvcruntime:undname.obj
 0001:00000c00       ??_C@_09BLBHBJP@?$GAvbtable?8@ 0000000180001c00     libvcruntime:undname.obj
 0001:00000c10       ??_C@_07FEEIOKP@?$GAvcall?8@ 0000000180001c10     libvcruntime:undname.obj
 0001:00000c18       ??_C@_08LLFFHHDJ@?$GAtypeof?8@ 0000000180001c18     libvcruntime:undname.obj
 0001:00000c28       ??_C@_0BF@KDPPACIK@?$GAlocal?5static?5guard?8@ 0000000180001c28     libvcruntime:undname.obj
 0001:00000c40       ??_C@_08OBABFOLI@?$GAstring?8@ 0000000180001c40     libvcruntime:undname.obj
 0001:00000c50       ??_C@_0BD@JDLKDPAB@?$GAvbase?5destructor?8@ 0000000180001c50     libvcruntime:undname.obj
 0001:00000c68       ??_C@_0BN@DEGPLNFK@?$GAvector?5deleting?5destructor?8@ 0000000180001c68     libvcruntime:undname.obj
 0001:00000c88       ??_C@_0BO@OBMKPJIG@?$GAdefault?5constructor?5closure?8@ 0000000180001c88     libvcruntime:undname.obj
 0001:00000ca8       ??_C@_0BN@IMDCHIKM@?$GAscalar?5deleting?5destructor?8@ 0000000180001ca8     libvcruntime:undname.obj
 0001:00000cc8       ??_C@_0BO@PFGOCPJJ@?$GAvector?5constructor?5iterator?8@ 0000000180001cc8     libvcruntime:undname.obj
 0001:00000ce8       ??_C@_0BN@LFPFMEDL@?$GAvector?5destructor?5iterator?8@ 0000000180001ce8     libvcruntime:undname.obj
 0001:00000d08       ??_C@_0CE@IKBNEHA@?$GAvector?5vbase?5constructor?5itera@ 0000000180001d08     libvcruntime:undname.obj
 0001:00000d30       ??_C@_0BL@NILFHHPC@?$GAvirtual?5displacement?5map?8@ 0000000180001d30     libvcruntime:undname.obj
 0001:00000d50       ??_C@_0CB@JONCMFFK@?$GAeh?5vector?5constructor?5iterator@ 0000000180001d50     libvcruntime:undname.obj
 0001:00000d78       ??_C@_0CA@GCEOPDGL@?$GAeh?5vector?5destructor?5iterator?8@ 0000000180001d78     libvcruntime:undname.obj
 0001:00000d98       ??_C@_0CH@OOJPLCPH@?$GAeh?5vector?5vbase?5constructor?5it@ 0000000180001d98     libvcruntime:undname.obj
 0001:00000dc0       ??_C@_0BL@LLKPOHJI@?$GAcopy?5constructor?5closure?8@ 0000000180001dc0     libvcruntime:undname.obj
 0001:00000de0       ??_C@_0BA@KBCDOMBN@?$GAudt?5returning?8@ 0000000180001de0     libvcruntime:undname.obj
 0001:00000df0       ??_C@_03KLGMFNMG@?$GAEH@   0000000180001df0     libvcruntime:undname.obj
 0001:00000df4       ??_C@_05KHLCHHI@?$GARTTI@  0000000180001df4     libvcruntime:undname.obj
 0001:00000e00       ??_C@_0BA@KKLDJDLB@?$GAlocal?5vftable?8@ 0000000180001e00     libvcruntime:undname.obj
 0001:00000e10       ??_C@_0CE@IIHCMGGL@?$GAlocal?5vftable?5constructor?5clos@ 0000000180001e10     libvcruntime:undname.obj
 0001:00000e34       ??_C@_06FHBGPFGH@?5new?$FL?$FN@ 0000000180001e34     libvcruntime:undname.obj
 0001:00000e40       ??_C@_09LBNFPBCA@?5delete?$FL?$FN@ 0000000180001e40     libvcruntime:undname.obj
 0001:00000e50       ??_C@_0P@HJKNJFNN@?$GAomni?5callsig?8@ 0000000180001e50     libvcruntime:undname.obj
 0001:00000e60       ??_C@_0BL@CNOONJFP@?$GAplacement?5delete?5closure?8@ 0000000180001e60     libvcruntime:undname.obj
 0001:00000e80       ??_C@_0BN@CKNJLHMB@?$GAplacement?5delete?$FL?$FN?5closure?8@ 0000000180001e80     libvcruntime:undname.obj
 0001:00000ea0       ??_C@_0CG@CFDHKGGD@?$GAmanaged?5vector?5constructor?5ite@ 0000000180001ea0     libvcruntime:undname.obj
 0001:00000ec8       ??_C@_0CF@IMGKMJNO@?$GAmanaged?5vector?5destructor?5iter@ 0000000180001ec8     libvcruntime:undname.obj
 0001:00000ef0       ??_C@_0CG@HLDDJMAG@?$GAeh?5vector?5copy?5constructor?5ite@ 0000000180001ef0     libvcruntime:undname.obj
 0001:00000f18       ??_C@_0CM@FCBBDIGB@?$GAeh?5vector?5vbase?5copy?5construct@ 0000000180001f18     libvcruntime:undname.obj
 0001:00000f48       ??_C@_0BL@CLIPGLGB@?$GAdynamic?5initializer?5for?5?8@ 0000000180001f48     libvcruntime:undname.obj
 0001:00000f68       ??_C@_0CB@PDBIFEP@?$GAdynamic?5atexit?5destructor?5for?5@ 0000000180001f68     libvcruntime:undname.obj
 0001:00000f90       ??_C@_0CD@CGAJBKEJ@?$GAvector?5copy?5constructor?5iterat@ 0000000180001f90     libvcruntime:undname.obj
 0001:00000fb8       ??_C@_0CJ@GJELGAMM@?$GAvector?5vbase?5copy?5constructor?5@ 0000000180001fb8     libvcruntime:undname.obj
 0001:00000fe8       ??_C@_0CL@FGIJHLCE@?$GAmanaged?5vector?5copy?5constructo@ 0000000180001fe8     libvcruntime:undname.obj
 0001:00001018       ??_C@_0BM@PMGGMLDN@?$GAlocal?5static?5thread?5guard?8@ 0000000180002018     libvcruntime:undname.obj
 0001:00001038       ??_C@_0N@BDNMDMOL@operator?5?$CC?$CC?5@ 0000000180002038     libvcruntime:undname.obj
 0001:00001048       ??_C@_0BC@GGEBGALA@operator?5co_await@ 0000000180002048     libvcruntime:undname.obj
 0001:00001060       ??_C@_0M@GAAIMMOH@operator?$DM?$DN?$DO@ 0000000180002060     libvcruntime:undname.obj
 0001:00001070       ??_C@_0BC@DAFEJGAK@?5Type?5Descriptor?8@ 0000000180002070     libvcruntime:undname.obj
 0001:00001088       ??_C@_0BM@LDKODKLH@?5Base?5Class?5Descriptor?5at?5?$CI@ 0000000180002088     libvcruntime:undname.obj
 0001:000010a8       ??_C@_0BD@LGICGFMM@?5Base?5Class?5Array?8@ 00000001800020a8     libvcruntime:undname.obj
 0001:000010c0       ??_C@_0BN@MECKDCOJ@?5Class?5Hierarchy?5Descriptor?8@ 00000001800020c0     libvcruntime:undname.obj
 0001:000010e0       ??_C@_0BK@CFCOFLF@?5Complete?5Object?5Locator?8@ 00000001800020e0     libvcruntime:undname.obj
 0001:00001100       ??_C@_0BG@JNJLAMPM@?$GAanonymous?5namespace?8@ 0000000180002100     libvcruntime:undname.obj
 0001:00001130       ??_C@_1DM@KHCHBNEB@?$AAa?$AAp?$AAi?$AA?9?$AAm?$AAs?$AA?9?$AAw?$AAi?$AAn?$AA?9?$AAc?$AAo?$AAr?$AAe@ 0000000180002130     libvcruntime:winapi_downlevel.obj
 0001:00001170       ??_C@_1DK@LPPGFMPP@?$AAa?$AAp?$AAi?$AA?9?$AAm?$AAs?$AA?9?$AAw?$AAi?$AAn?$AA?9?$AAc?$AAo?$AAr?$AAe@ 0000000180002170     libvcruntime:winapi_downlevel.obj
 0001:000011b0       ??_C@_1BC@GDMECMAK@?$AAk?$AAe?$AAr?$AAn?$AAe?$AAl?$AA3?$AA2@ 00000001800021b0     libvcruntime:winapi_downlevel.obj
 0001:000011c8       ??_C@_1BA@PFFKHIOG@?$AAa?$AAp?$AAi?$AA?9?$AAm?$AAs?$AA?9@ 00000001800021c8     libvcruntime:winapi_downlevel.obj
 0001:000011e0       ??_C@_08KNHFBNJ@FlsAlloc@  00000001800021e0     libvcruntime:winapi_downlevel.obj
 0001:000011f8       ??_C@_07PEJMOBNF@FlsFree@  00000001800021f8     libvcruntime:winapi_downlevel.obj
 0001:00001208       ??_C@_0M@GDNOONDI@FlsGetValue@ 0000000180002208     libvcruntime:winapi_downlevel.obj
 0001:00001220       ??_C@_0M@JCPCPOEF@FlsSetValue@ 0000000180002220     libvcruntime:winapi_downlevel.obj
 0001:00001238       ??_C@_0BM@HCFOFFN@InitializeCriticalSectionEx@ 0000000180002238     libvcruntime:winapi_downlevel.obj
 0001:00001260       __acrt_exception_action_table 0000000180002260     libucrt:exception_filter.obj
 0001:00001320       __acrt_signal_action_table_count 0000000180002320     libucrt:exception_filter.obj
 0001:00001328       __acrt_signal_action_first_fpe_index 0000000180002328     libucrt:exception_filter.obj
 0001:00001330       __acrt_signal_action_fpe_count 0000000180002330     libucrt:exception_filter.obj
 0001:00001338       ??_C@_1BI@BGOHAHKC@?$AAm?$AAs?$AAc?$AAo?$AAr?$AAe?$AAe?$AA?4?$AAd?$AAl?$AAl@ 0000000180002338     libucrt:exit.obj
 0001:00001350       ??_C@_0P@MIGLKIOC@CorExitProcess@ 0000000180002350     libucrt:exit.obj
 0001:000015e8       ??_C@_1M@HPNHIDJI@?$AAj?$AAa?$AA?9?$AAJ?$AAP@ 00000001800025e8     libucrt:mbctype.obj
 0001:000015f8       ??_C@_1M@BIBDDEMK@?$AAz?$AAh?$AA?9?$AAC?$AAN@ 00000001800025f8     libucrt:mbctype.obj
 0001:00001608       ??_C@_1M@JLOOOEGK@?$AAk?$AAo?$AA?9?$AAK?$AAR@ 0000000180002608     libucrt:mbctype.obj
 0001:00001618       ??_C@_1M@CLNBBOPM@?$AAz?$AAh?$AA?9?$AAT?$AAW@ 0000000180002618     libucrt:mbctype.obj
 0001:000016d0       ??_C@_1EA@JGEFHKEI@?$AAa?$AAp?$AAi?$AA?9?$AAm?$AAs?$AA?9?$AAw?$AAi?$AAn?$AA?9?$AAc?$AAo?$AAr?$AAe@ 00000001800026d0     libucrt:winapi_thunks.obj
 0001:00001710       ??_C@_1DI@IJCEHOCB@?$AAa?$AAp?$AAi?$AA?9?$AAm?$AAs?$AA?9?$AAw?$AAi?$AAn?$AA?9?$AAc?$AAo?$AAr?$AAe@ 0000000180002710     libucrt:winapi_thunks.obj
 0001:00001750       ??_C@_1EI@MPIAOHOC@?$AAa?$AAp?$AAi?$AA?9?$AAm?$AAs?$AA?9?$AAw?$AAi?$AAn?$AA?9?$AAc?$AAo?$AAr?$AAe@ 0000000180002750     libucrt:winapi_thunks.obj
 0001:000017a0       ??_C@_1FK@FPHCKFIE@?$AAa?$AAp?$AAi?$AA?9?$AAm?$AAs?$AA?9?$AAw?$AAi?$AAn?$AA?9?$AAc?$AAo?$AAr?$AAe@ 00000001800027a0     libucrt:winapi_thunks.obj
 0001:00001800       ??_C@_1EM@DILCGIIO@?$AAa?$AAp?$AAi?$AA?9?$AAm?$AAs?$AA?9?$AAw?$AAi?$AAn?$AA?9?$AAc?$AAo?$AAr?$AAe@ 0000000180002800     libucrt:winapi_thunks.obj
 0001:00001850       ??_C@_1DM@LNCGDDPN@?$AAa?$AAp?$AAi?$AA?9?$AAm?$AAs?$AA?9?$AAw?$AAi?$AAn?$AA?9?$AAc?$AAo?$AAr?$AAe@ 0000000180002850     libucrt:winapi_thunks.obj
 0001:00001890       ??_C@_1DO@FPAPJEMD@?$AAa?$AAp?$AAi?$AA?9?$AAm?$AAs?$AA?9?$AAw?$AAi?$AAn?$AA?9?$AAc?$AAo?$AAr?$AAe@ 0000000180002890     libucrt:winapi_thunks.obj
 0001:000018d0       ??_C@_1DK@NDHNAHIO@?$AAa?$AAp?$AAi?$AA?9?$AAm?$AAs?$AA?9?$AAw?$AAi?$AAn?$AA?9?$AAc?$AAo?$AAr?$AAe@ 00000001800028d0     libucrt:winapi_thunks.obj
 0001:00001910       ??_C@_1DM@KGHDGBCM@?$AAa?$AAp?$AAi?$AA?9?$AAm?$AAs?$AA?9?$AAw?$AAi?$AAn?$AA?9?$AAc?$AAo?$AAr?$AAe@ 0000000180002910     libucrt:winapi_thunks.obj
 0001:00001950       ??_C@_1EO@IJIOEFOH@?$AAa?$AAp?$AAi?$AA?9?$AAm?$AAs?$AA?9?$AAw?$AAi?$AAn?$AA?9?$AAr?$AAt?$AAc?$AAo@ 0000000180002950     libucrt:winapi_thunks.obj
 0001:000019a0       ??_C@_1FG@HHGEKANL@?$AAa?$AAp?$AAi?$AA?9?$AAm?$AAs?$AA?9?$AAw?$AAi?$AAn?$AA?9?$AAs?$AAe?$AAc?$AAu@ 00000001800029a0     libucrt:winapi_thunks.obj
 0001:00001a00       ??_C@_1EG@DBIOJECG@?$AAe?$AAx?$AAt?$AA?9?$AAm?$AAs?$AA?9?$AAw?$AAi?$AAn?$AA?9?$AAn?$AAt?$AAu?$AAs@ 0000000180002a00     libucrt:winapi_thunks.obj
 0001:00001a50       ??_C@_1EO@FIHMJCLF@?$AAe?$AAx?$AAt?$AA?9?$AAm?$AAs?$AA?9?$AAw?$AAi?$AAn?$AA?9?$AAn?$AAt?$AAu?$AAs@ 0000000180002a50     libucrt:winapi_thunks.obj
 0001:00001aa0       ??_C@_1BC@DNHGCMLG@?$AAa?$AAd?$AAv?$AAa?$AAp?$AAi?$AA3?$AA2@ 0000000180002aa0     libucrt:winapi_thunks.obj
 0001:00001ab8       ??_C@_1M@OAIMIKLP@?$AAn?$AAt?$AAd?$AAl?$AAl@ 0000000180002ab8     libucrt:winapi_thunks.obj
 0001:00001ad0       ??_C@_1EG@DPGNFKGC@?$AAa?$AAp?$AAi?$AA?9?$AAm?$AAs?$AA?9?$AAw?$AAi?$AAn?$AA?9?$AAa?$AAp?$AAp?$AAm@ 0000000180002ad0     libucrt:winapi_thunks.obj
 0001:00001b18       ??_C@_1O@BCCLBEOE@?$AAu?$AAs?$AAe?$AAr?$AA3?$AA2@ 0000000180002b18     libucrt:winapi_thunks.obj
 0001:00001b28       ??_C@_1BA@IAIFMGEF@?$AAe?$AAx?$AAt?$AA?9?$AAm?$AAs?$AA?9@ 0000000180002b28     libucrt:winapi_thunks.obj
 0001:00001b40       ??_C@_0BA@FHFNEAED@AreFileApisANSI@ 0000000180002b40     libucrt:winapi_thunks.obj
 0001:00001b80       ??_C@_0O@KKBNKAPF@LCMapStringEx@ 0000000180002b80     libucrt:winapi_thunks.obj
 0001:00001b98       ??_C@_0BB@HBDEELFH@LocaleNameToLCID@ 0000000180002b98     libucrt:winapi_thunks.obj
 0001:00001bb0       ??_C@_0CF@OJOFEIGO@AppPolicyGetProcessTerminationM@ 0000000180002bb0     libucrt:winapi_thunks.obj
 0001:00001be0       __lc_time_c                0000000180002be0     libucrt:nlsdata.obj
 0001:00001ea0       ??_C@_03KOEHGMDN@Sun@      0000000180002ea0     libucrt:nlsdata.obj
 0001:00001ea4       ??_C@_03PDAGKDH@Mon@       0000000180002ea4     libucrt:nlsdata.obj
 0001:00001ea8       ??_C@_03NAGEINEP@Tue@      0000000180002ea8     libucrt:nlsdata.obj
 0001:00001eac       ??_C@_03MHOMLAJA@Wed@      0000000180002eac     libucrt:nlsdata.obj
 0001:00001eb0       ??_C@_03IOFIKPDN@Thu@      0000000180002eb0     libucrt:nlsdata.obj
 0001:00001eb4       ??_C@_03IDIOELNC@Fri@      0000000180002eb4     libucrt:nlsdata.obj
 0001:00001eb8       ??_C@_03FEFJNEK@Sat@       0000000180002eb8     libucrt:nlsdata.obj
 0001:00001ebc       ??_C@_06OOPIFAJ@Sunday@    0000000180002ebc     libucrt:nlsdata.obj
 0001:00001ec4       ??_C@_06JLEDEDGH@Monday@   0000000180002ec4     libucrt:nlsdata.obj
 0001:00001ed0       ??_C@_07BAAGCFCM@Tuesday@  0000000180002ed0     libucrt:nlsdata.obj
 0001:00001ed8       ??_C@_09DLIGFAKA@Wednesday@ 0000000180002ed8     libucrt:nlsdata.obj
 0001:00001ee8       ??_C@_08HACCIKIA@Thursday@ 0000000180002ee8     libucrt:nlsdata.obj
 0001:00001ef4       ??_C@_06JECMNKMI@Friday@   0000000180002ef4     libucrt:nlsdata.obj
 0001:00001f00       ??_C@_08INBOOONO@Saturday@ 0000000180002f00     libucrt:nlsdata.obj
 0001:00001f0c       ??_C@_03JIHJHPIE@Jan@      0000000180002f0c     libucrt:nlsdata.obj
 0001:00001f10       ??_C@_03HJBDCHOM@Feb@      0000000180002f10     libucrt:nlsdata.obj
 0001:00001f14       ??_C@_03ODNJBKGA@Mar@      0000000180002f14     libucrt:nlsdata.obj
 0001:00001f18       ??_C@_03LEOLGMJP@Apr@      0000000180002f18     libucrt:nlsdata.obj
 0001:00001f1c       ??_C@_03CNMDKL@May@        0000000180002f1c     libucrt:nlsdata.obj
 0001:00001f20       ??_C@_03IDFGHECI@Jun@      0000000180002f20     libucrt:nlsdata.obj
 0001:00001f24       ??_C@_03LBGABGKK@Jul@      0000000180002f24     libucrt:nlsdata.obj
 0001:00001f28       ??_C@_03IFJFEIGA@Aug@      0000000180002f28     libucrt:nlsdata.obj
 0001:00001f2c       ??_C@_03GGCAPAJC@Sep@      0000000180002f2c     libucrt:nlsdata.obj
 0001:00001f30       ??_C@_03BMAOKBAD@Oct@      0000000180002f30     libucrt:nlsdata.obj
 0001:00001f34       ??_C@_03JPJOFNIA@Nov@      0000000180002f34     libucrt:nlsdata.obj
 0001:00001f38       ??_C@_03MKABNOCG@Dec@      0000000180002f38     libucrt:nlsdata.obj
 0001:00001f40       ??_C@_07CGJPFGJA@January@  0000000180002f40     libucrt:nlsdata.obj
 0001:00001f48       ??_C@_08GNJGEPFN@February@ 0000000180002f48     libucrt:nlsdata.obj
 0001:00001f54       ??_C@_05HPCKOFNC@March@    0000000180002f54     libucrt:nlsdata.obj
 0001:00001f5c       ??_C@_05DMJDNLEJ@April@    0000000180002f5c     libucrt:nlsdata.obj
 0001:00001f64       ??_C@_04CNLMGBGM@June@     0000000180002f64     libucrt:nlsdata.obj
 0001:00001f6c       ??_C@_04MIEPOIFP@July@     0000000180002f6c     libucrt:nlsdata.obj
 0001:00001f74       ??_C@_06LBBHFDDG@August@   0000000180002f74     libucrt:nlsdata.obj
 0001:00001f80       ??_C@_09BHHEALKD@September@ 0000000180002f80     libucrt:nlsdata.obj
 0001:00001f90       ??_C@_07JJNFCEND@October@  0000000180002f90     libucrt:nlsdata.obj
 0001:00001f98       ??_C@_08HCHEGEOA@November@ 0000000180002f98     libucrt:nlsdata.obj
 0001:00001fa8       ??_C@_08EDHMEBNP@December@ 0000000180002fa8     libucrt:nlsdata.obj
 0001:00001fb4       ??_C@_02DEDBPAFC@AM@       0000000180002fb4     libucrt:nlsdata.obj
 0001:00001fb8       ??_C@_02CJNFDJBF@PM@       0000000180002fb8     libucrt:nlsdata.obj
 0001:00001fc0       ??_C@_08BPBNCDIB@MM?1dd?1yy@ 0000000180002fc0     libucrt:nlsdata.obj
 0001:00001fd0       ??_C@_0BE@CKGJFCPC@dddd?0?5MMMM?5dd?0?5yyyy@ 0000000180002fd0     libucrt:nlsdata.obj
 0001:00001fe8       ??_C@_08JCCMCCIL@HH?3mm?3ss@ 0000000180002fe8     libucrt:nlsdata.obj
 0001:00001ff8       ??_C@_17MBGCMIPB@?$AAS?$AAu?$AAn@ 0000000180002ff8     libucrt:nlsdata.obj
 0001:00002000       ??_C@_17KBOMKBF@?$AAM?$AAo?$AAn@ 0000000180003000     libucrt:nlsdata.obj
 0001:00002008       ??_C@_17BMKGEGOJ@?$AAT?$AAu?$AAe@ 0000000180003008     libucrt:nlsdata.obj
 0001:00002010       ??_C@_17CJEDCEPE@?$AAW?$AAe?$AAd@ 0000000180003010     libucrt:nlsdata.obj
 0001:00002018       ??_C@_17PDPHAADD@?$AAT?$AAh?$AAu@ 0000000180003018     libucrt:nlsdata.obj
 0001:00002020       ??_C@_17HFOLPPLP@?$AAF?$AAr?$AAi@ 0000000180003020     libucrt:nlsdata.obj
 0001:00002028       ??_C@_17GGIBDPIH@?$AAS?$AAa?$AAt@ 0000000180003028     libucrt:nlsdata.obj
 0001:00002030       ??_C@_1O@IHNHDHPB@?$AAS?$AAu?$AAn?$AAd?$AAa?$AAy@ 0000000180003030     libucrt:nlsdata.obj
 0001:00002040       ??_C@_1O@MMNBFLIA@?$AAM?$AAo?$AAn?$AAd?$AAa?$AAy@ 0000000180003040     libucrt:nlsdata.obj
 0001:00002050       ??_C@_1BA@ENFBFFEK@?$AAT?$AAu?$AAe?$AAs?$AAd?$AAa?$AAy@ 0000000180003050     libucrt:nlsdata.obj
 0001:00002060       ??_C@_1BE@EBOGMDOH@?$AAW?$AAe?$AAd?$AAn?$AAe?$AAs?$AAd?$AAa?$AAy@ 0000000180003060     libucrt:nlsdata.obj
 0001:00002078       ??_C@_1BC@HHMNLIHE@?$AAT?$AAh?$AAu?$AAr?$AAs?$AAd?$AAa?$AAy@ 0000000180003078     libucrt:nlsdata.obj
 0001:00002090       ??_C@_1O@PDICJHAG@?$AAF?$AAr?$AAi?$AAd?$AAa?$AAy@ 0000000180003090     libucrt:nlsdata.obj
 0001:000020a0       ??_C@_1BC@ENMNNPAJ@?$AAS?$AAa?$AAt?$AAu?$AAr?$AAd?$AAa?$AAy@ 00000001800030a0     libucrt:nlsdata.obj
 0001:000020b8       ??_C@_17DKNBKCHM@?$AAJ?$AAa?$AAn@ 00000001800030b8     libucrt:nlsdata.obj
 0001:000020c0       ??_C@_17LMDJEKJN@?$AAF?$AAe?$AAb@ 00000001800030c0     libucrt:nlsdata.obj
 0001:000020c8       ??_C@_17CKNLEDEC@?$AAM?$AAa?$AAr@ 00000001800030c8     libucrt:nlsdata.obj
 0001:000020d0       ??_C@_17LFPOIHDD@?$AAA?$AAp?$AAr@ 00000001800030d0     libucrt:nlsdata.obj
 0001:000020d8       ??_C@_17PNNKMEED@?$AAM?$AAa?$AAy@ 00000001800030d8     libucrt:nlsdata.obj
 0001:000020e0       ??_C@_17KCJGOCPB@?$AAJ?$AAu?$AAn@ 00000001800030e0     libucrt:nlsdata.obj
 0001:000020e8       ??_C@_17IJPCKHK@?$AAJ?$AAu?$AAl@ 00000001800030e8     libucrt:nlsdata.obj
 0001:000020f0       ??_C@_17ICPELBCN@?$AAA?$AAu?$AAg@ 00000001800030f0     libucrt:nlsdata.obj
 0001:000020f8       ??_C@_17HCHCOKMG@?$AAS?$AAe?$AAp@ 00000001800030f8     libucrt:nlsdata.obj
 0001:00002100       ??_C@_17FNLKOI@?$AAO?$AAc?$AAt@ 0000000180003100     libucrt:nlsdata.obj
 0001:00002108       ??_C@_17BBDMLCIG@?$AAN?$AAo?$AAv@ 0000000180003108     libucrt:nlsdata.obj
 0001:00002110       ??_C@_17EGKACKIF@?$AAD?$AAe?$AAc@ 0000000180003110     libucrt:nlsdata.obj
 0001:00002118       ??_C@_1BA@EFMEIEBA@?$AAJ?$AAa?$AAn?$AAu?$AAa?$AAr?$AAy@ 0000000180003118     libucrt:nlsdata.obj
 0001:00002128       ??_C@_1BC@JGDDFFAM@?$AAF?$AAe?$AAb?$AAr?$AAu?$AAa?$AAr?$AAy@ 0000000180003128     libucrt:nlsdata.obj
 0001:00002140       ??_C@_1M@IKEENEDF@?$AAM?$AAa?$AAr?$AAc?$AAh@ 0000000180003140     libucrt:nlsdata.obj
 0001:00002150       ??_C@_1M@GJNLMHFD@?$AAA?$AAp?$AAr?$AAi?$AAl@ 0000000180003150     libucrt:nlsdata.obj
 0001:00002160       ??_C@_19EPFLPGAP@?$AAJ?$AAu?$AAn?$AAe@ 0000000180003160     libucrt:nlsdata.obj
 0001:00002170       ??_C@_19BIFMLPCD@?$AAJ?$AAu?$AAl?$AAy@ 0000000180003170     libucrt:nlsdata.obj
 0001:00002180       ??_C@_1O@PAHLKOAC@?$AAA?$AAu?$AAg?$AAu?$AAs?$AAt@ 0000000180003180     libucrt:nlsdata.obj
 0001:00002190       ??_C@_1BE@DKAAMBJL@?$AAS?$AAe?$AAp?$AAt?$AAe?$AAm?$AAb?$AAe?$AAr@ 0000000180003190     libucrt:nlsdata.obj
 0001:000021a8       ??_C@_1BA@EPANDLNG@?$AAO?$AAc?$AAt?$AAo?$AAb?$AAe?$AAr@ 00000001800031a8     libucrt:nlsdata.obj
 0001:000021b8       ??_C@_1BC@BGLIFPF@?$AAN?$AAo?$AAv?$AAe?$AAm?$AAb?$AAe?$AAr@ 00000001800031b8     libucrt:nlsdata.obj
 0001:000021d0       ??_C@_1BC@FEMKIFH@?$AAD?$AAe?$AAc?$AAe?$AAm?$AAb?$AAe?$AAr@ 00000001800031d0     libucrt:nlsdata.obj
 0001:000021e4       ??_C@_15ODEHAHHF@?$AAA?$AAM@ 00000001800031e4     libucrt:nlsdata.obj
 0001:000021ec       ??_C@_15CLMNNGEL@?$AAP?$AAM@ 00000001800031ec     libucrt:nlsdata.obj
 0001:000021f8       ??_C@_1BC@IEBCMHCM@?$AAM?$AAM?$AA?1?$AAd?$AAd?$AA?1?$AAy?$AAy@ 00000001800031f8     libucrt:nlsdata.obj
 0001:00002210       ??_C@_1CI@KNAKOEBC@?$AAd?$AAd?$AAd?$AAd?$AA?0?$AA?5?$AAM?$AAM?$AAM?$AAM?$AA?5?$AAd?$AAd?$AA?0?$AA?5@ 0000000180003210     libucrt:nlsdata.obj
 0001:00002238       ??_C@_1BC@GDGBMEMK@?$AAH?$AAH?$AA?3?$AAm?$AAm?$AA?3?$AAs?$AAs@ 0000000180003238     libucrt:nlsdata.obj
 0001:00002250       ??_C@_1M@BMHNFIME@?$AAe?$AAn?$AA?9?$AAU?$AAS@ 0000000180003250     libucrt:nlsdata.obj
 0001:00002260       __newctype                 0000000180003260     libucrt:ctype.obj
 0001:00002560       __newclmap                 0000000180003560     libucrt:ctype.obj
 0001:000026e0       __newcumap                 00000001800036e0     libucrt:ctype.obj
 0001:000036a0       ??_C@_15EMKDOKLE@?$AAa?$AAr@ 00000001800046a0     libucrt:lcidtoname_downlevel.obj
 0001:000036a8       ??_C@_15KNPADPLH@?$AAb?$AAg@ 00000001800046a8     libucrt:lcidtoname_downlevel.obj
 0001:000036b0       ??_C@_15EDMHLDMO@?$AAc?$AAa@ 00000001800046b0     libucrt:lcidtoname_downlevel.obj
 0001:000036b8       ??_C@_1O@BPEAJADD@?$AAz?$AAh?$AA?9?$AAC?$AAH?$AAS@ 00000001800046b8     libucrt:lcidtoname_downlevel.obj
 0001:000036c8       ??_C@_15LJNHCMNK@?$AAc?$AAs@ 00000001800046c8     libucrt:lcidtoname_downlevel.obj
 0001:000036d0       ??_C@_15FOMCIDHG@?$AAd?$AAa@ 00000001800046d0     libucrt:lcidtoname_downlevel.obj
 0001:000036d8       ??_C@_15NBKABECB@?$AAd?$AAe@ 00000001800046d8     libucrt:lcidtoname_downlevel.obj
 0001:000036e0       ??_C@_15GHPEIIAO@?$AAe?$AAl@ 00000001800046e0     libucrt:lcidtoname_downlevel.obj
 0001:000036e8       ??_C@_15MNPNEAIF@?$AAe?$AAn@ 00000001800046e8     libucrt:lcidtoname_downlevel.obj
 0001:000036f0       ??_C@_15GPIOMPMH@?$AAe?$AAs@ 00000001800046f0     libucrt:lcidtoname_downlevel.obj
 0001:000036f8       ??_C@_15NGLOAKJC@?$AAf?$AAi@ 00000001800046f8     libucrt:lcidtoname_downlevel.obj
 0001:00003700       ??_C@_15FBKGNKAM@?$AAf?$AAr@ 0000000180004700     libucrt:lcidtoname_downlevel.obj
 0001:00003708       ??_C@_15KGGCNEFK@?$AAh?$AAe@ 0000000180004708     libucrt:lcidtoname_downlevel.obj
 0001:00003710       ??_C@_15PGHLIDMF@?$AAh?$AAu@ 0000000180004710     libucrt:lcidtoname_downlevel.obj
 0001:00003718       ??_C@_15BIEMAPLM@?$AAi?$AAs@ 0000000180004718     libucrt:lcidtoname_downlevel.obj
 0001:00003720       ??_C@_15IFJLDHAF@?$AAi?$AAt@ 0000000180004720     libucrt:lcidtoname_downlevel.obj
 0001:00003728       ??_C@_15GEMIOCAG@?$AAj?$AAa@ 0000000180004728     libucrt:lcidtoname_downlevel.obj
 0001:00003730       ??_C@_15EPELEGJA@?$AAk?$AAo@ 0000000180004730     libucrt:lcidtoname_downlevel.obj
 0001:00003738       ??_C@_15NDDHIMN@?$AAn?$AAl@ 0000000180004738     libucrt:lcidtoname_downlevel.obj
 0001:00003740       ??_C@_15BPIGNHCD@?$AAn?$AAo@ 0000000180004740     libucrt:lcidtoname_downlevel.obj
 0001:00003748       ??_C@_15DEOPBLCG@?$AAp?$AAl@ 0000000180004748     libucrt:lcidtoname_downlevel.obj
 0001:00003750       ??_C@_15KBECGEFG@?$AAp?$AAt@ 0000000180004750     libucrt:lcidtoname_downlevel.obj
 0001:00003758       ??_C@_15GLJCBFMD@?$AAr?$AAo@ 0000000180004758     libucrt:lcidtoname_downlevel.obj
 0001:00003760       ??_C@_15FEDGKCDI@?$AAr?$AAu@ 0000000180004760     libucrt:lcidtoname_downlevel.obj
 0001:00003768       ??_C@_15GLKMLLHM@?$AAh?$AAr@ 0000000180004768     libucrt:lcidtoname_downlevel.obj
 0001:00003770       ??_C@_15CPKMFBDB@?$AAs?$AAk@ 0000000180004770     libucrt:lcidtoname_downlevel.obj
 0001:00003778       ??_C@_15BAAIOGMK@?$AAs?$AAq@ 0000000180004778     libucrt:lcidtoname_downlevel.obj
 0001:00003780       ??_C@_15INNPNOHD@?$AAs?$AAv@ 0000000180004780     libucrt:lcidtoname_downlevel.obj
 0001:00003788       ??_C@_15CABMMOGH@?$AAt?$AAh@ 0000000180004788     libucrt:lcidtoname_downlevel.obj
 0001:00003790       ??_C@_15BPLIHJJM@?$AAt?$AAr@ 0000000180004790     libucrt:lcidtoname_downlevel.obj
 0001:00003798       ??_C@_15NEOEKKDJ@?$AAu?$AAr@ 0000000180004798     libucrt:lcidtoname_downlevel.obj
 0001:000037a0       ??_C@_15NFICGAJK@?$AAi?$AAd@ 00000001800047a0     libucrt:lcidtoname_downlevel.obj
 0001:000037a8       ??_C@_15PJPFLCCM@?$AAu?$AAk@ 00000001800047a8     libucrt:lcidtoname_downlevel.obj
 0001:000037b0       ??_C@_15HPJPHDM@?$AAb?$AAe@ 00000001800047b0     libucrt:lcidtoname_downlevel.obj
 0001:000037b8       ??_C@_15LCHLGJII@?$AAs?$AAl@ 00000001800047b8     libucrt:lcidtoname_downlevel.obj
 0001:000037c0       ??_C@_15PCFJPHHO@?$AAe?$AAt@ 00000001800047c0     libucrt:lcidtoname_downlevel.obj
 0001:000037c8       ??_C@_15HPFPGODN@?$AAl?$AAv@ 00000001800047c8     libucrt:lcidtoname_downlevel.obj
 0001:000037d0       ??_C@_15NFFGKGLG@?$AAl?$AAt@ 00000001800047d0     libucrt:lcidtoname_downlevel.obj
 0001:000037d8       ??_C@_15BDAKCCHN@?$AAf?$AAa@ 00000001800047d8     libucrt:lcidtoname_downlevel.obj
 0001:000037e0       ??_C@_15NFGIAIAJ@?$AAv?$AAi@ 00000001800047e0     libucrt:lcidtoname_downlevel.obj
 0001:000037e8       ??_C@_15LMKNDMHN@?$AAh?$AAy@ 00000001800047e8     libucrt:lcidtoname_downlevel.obj
 0001:000037f0       ??_C@_15IJBHMCFL@?$AAa?$AAz@ 00000001800047f0     libucrt:lcidtoname_downlevel.obj
 0001:000037f8       ??_C@_15EKOFJABL@?$AAe?$AAu@ 00000001800047f8     libucrt:lcidtoname_downlevel.obj
 0001:00003800       ??_C@_15BGHADCNK@?$AAm?$AAk@ 0000000180004800     libucrt:lcidtoname_downlevel.obj
 0001:00003808       ??_C@_15JDNICKHM@?$AAa?$AAf@ 0000000180004808     libucrt:lcidtoname_downlevel.obj
 0001:00003810       ??_C@_15KPJEDBKD@?$AAk?$AAa@ 0000000180004810     libucrt:lcidtoname_downlevel.obj
 0001:00003818       ??_C@_15PDNFFFEO@?$AAf?$AAo@ 0000000180004818     libucrt:lcidtoname_downlevel.obj
 0001:00003820       ??_C@_15OMLEGLOC@?$AAh?$AAi@ 0000000180004820     libucrt:lcidtoname_downlevel.obj
 0001:00003828       ??_C@_15IDNNENKK@?$AAm?$AAs@ 0000000180004828     libucrt:lcidtoname_downlevel.obj
 0001:00003830       ??_C@_15MACJNBMH@?$AAk?$AAk@ 0000000180004830     libucrt:lcidtoname_downlevel.obj
 0001:00003838       ??_C@_15DKDJEOND@?$AAk?$AAy@ 0000000180004838     libucrt:lcidtoname_downlevel.obj
 0001:00003840       ??_C@_15DFGDLJBG@?$AAs?$AAw@ 0000000180004840     libucrt:lcidtoname_downlevel.obj
 0001:00003848       ??_C@_15BBFAICNG@?$AAu?$AAz@ 0000000180004848     libucrt:lcidtoname_downlevel.obj
 0001:00003850       ??_C@_15DKNDCGEA@?$AAt?$AAt@ 0000000180004850     libucrt:lcidtoname_downlevel.obj
 0001:00003858       ??_C@_15MGIFMDPL@?$AAp?$AAa@ 0000000180004858     libucrt:lcidtoname_downlevel.obj
 0001:00003860       ??_C@_15HCNDBBA@?$AAg?$AAu@ 0000000180004860     libucrt:lcidtoname_downlevel.obj
 0001:00003868       ??_C@_15FNBEIBON@?$AAt?$AAa@ 0000000180004868     libucrt:lcidtoname_downlevel.obj
 0001:00003870       ??_C@_15NCHGBGLK@?$AAt?$AAe@ 0000000180004870     libucrt:lcidtoname_downlevel.obj
 0001:00003878       ??_C@_15PHPHCBPF@?$AAk?$AAn@ 0000000180004878     libucrt:lcidtoname_downlevel.obj
 0001:00003880       ??_C@_15DLGBCKMP@?$AAm?$AAr@ 0000000180004880     libucrt:lcidtoname_downlevel.obj
 0001:00003888       ??_C@_15EABBLBFF@?$AAs?$AAa@ 0000000180004888     libucrt:lcidtoname_downlevel.obj
 0001:00003890       ??_C@_15CBKOMCOI@?$AAm?$AAn@ 0000000180004890     libucrt:lcidtoname_downlevel.obj
 0001:00003898       ??_C@_15CKDMCJAF@?$AAg?$AAl@ 0000000180004898     libucrt:lcidtoname_downlevel.obj
 0001:000038a0       ??_C@_17CNJFBPG@?$AAk?$AAo?$AAk@ 00000001800048a0     libucrt:lcidtoname_downlevel.obj
 0001:000038a8       ??_C@_17FFBJICPL@?$AAs?$AAy?$AAr@ 00000001800048a8     libucrt:lcidtoname_downlevel.obj
 0001:000038b0       ??_C@_17KPNDCPAF@?$AAd?$AAi?$AAv@ 00000001800048b0     libucrt:lcidtoname_downlevel.obj
 0001:000038b8       ??_C@_1M@OKAHONE@?$AAa?$AAr?$AA?9?$AAS?$AAA@ 00000001800048b8     libucrt:lcidtoname_downlevel.obj
 0001:000038c8       ??_C@_1M@FFFIGIGK@?$AAb?$AAg?$AA?9?$AAB?$AAG@ 00000001800048c8     libucrt:lcidtoname_downlevel.obj
 0001:000038d8       ??_C@_1M@BJNKEDC@?$AAc?$AAa?$AA?9?$AAE?$AAS@ 00000001800048d8     libucrt:lcidtoname_downlevel.obj
 0001:000038e8       ??_C@_1M@IJJHFJHA@?$AAc?$AAs?$AA?9?$AAC?$AAZ@ 00000001800048e8     libucrt:lcidtoname_downlevel.obj
 0001:000038f8       ??_C@_1M@CLPEOBGI@?$AAd?$AAa?$AA?9?$AAD?$AAK@ 00000001800048f8     libucrt:lcidtoname_downlevel.obj
 0001:00003908       ??_C@_1M@MCMADGCB@?$AAd?$AAe?$AA?9?$AAD?$AAE@ 0000000180004908     libucrt:lcidtoname_downlevel.obj
 0001:00003918       ??_C@_1M@OOCKEMAM@?$AAe?$AAl?$AA?9?$AAG?$AAR@ 0000000180004918     libucrt:lcidtoname_downlevel.obj
 0001:00003928       ??_C@_1M@DDNJFGID@?$AAf?$AAi?$AA?9?$AAF?$AAI@ 0000000180004928     libucrt:lcidtoname_downlevel.obj
 0001:00003938       ??_C@_1M@GLIPPMAC@?$AAf?$AAr?$AA?9?$AAF?$AAR@ 0000000180004938     libucrt:lcidtoname_downlevel.obj
 0001:00003948       ??_C@_1M@GFMCHPE@?$AAh?$AAe?$AA?9?$AAI?$AAL@ 0000000180004948     libucrt:lcidtoname_downlevel.obj
 0001:00003958       ??_C@_1M@MHLPGNKM@?$AAh?$AAu?$AA?9?$AAH?$AAU@ 0000000180004958     libucrt:lcidtoname_downlevel.obj
 0001:00003968       ??_C@_1M@LPDDNNPN@?$AAi?$AAs?$AA?9?$AAI?$AAS@ 0000000180004968     libucrt:lcidtoname_downlevel.obj
 0001:00003978       ??_C@_1M@MADIPODN@?$AAi?$AAt?$AA?9?$AAI?$AAT@ 0000000180004978     libucrt:lcidtoname_downlevel.obj
 0001:00003988       ??_C@_1M@IHBJJGG@?$AAn?$AAl?$AA?9?$AAN?$AAL@ 0000000180004988     libucrt:lcidtoname_downlevel.obj
 0001:00003998       ??_C@_1M@EANAGDL@?$AAn?$AAb?$AA?9?$AAN?$AAO@ 0000000180004998     libucrt:lcidtoname_downlevel.obj
 0001:000039a8       ??_C@_1M@NEIEMEGP@?$AAp?$AAl?$AA?9?$AAP?$AAL@ 00000001800049a8     libucrt:lcidtoname_downlevel.obj
 0001:000039b8       ??_C@_1M@BOCFIGEP@?$AAp?$AAt?$AA?9?$AAB?$AAR@ 00000001800049b8     libucrt:lcidtoname_downlevel.obj
 0001:000039c8       ??_C@_1M@IMPFOPBG@?$AAr?$AAo?$AA?9?$AAR?$AAO@ 00000001800049c8     libucrt:lcidtoname_downlevel.obj
 0001:000039d8       ??_C@_1M@IDNNEJMM@?$AAr?$AAu?$AA?9?$AAR?$AAU@ 00000001800049d8     libucrt:lcidtoname_downlevel.obj
 0001:000039e8       ??_C@_1M@LILEEOGM@?$AAh?$AAr?$AA?9?$AAH?$AAR@ 00000001800049e8     libucrt:lcidtoname_downlevel.obj
 0001:000039f8       ??_C@_1M@FKIFEHPB@?$AAs?$AAk?$AA?9?$AAS?$AAK@ 00000001800049f8     libucrt:lcidtoname_downlevel.obj
 0001:00003a08       ??_C@_1M@LJMAMNPJ@?$AAs?$AAq?$AA?9?$AAA?$AAL@ 0000000180004a08     libucrt:lcidtoname_downlevel.obj
 0001:00003a18       ??_C@_1M@GIAKDKJK@?$AAs?$AAv?$AA?9?$AAS?$AAE@ 0000000180004a18     libucrt:lcidtoname_downlevel.obj
 0001:00003a28       ??_C@_1M@MKJKIKCL@?$AAt?$AAh?$AA?9?$AAT?$AAH@ 0000000180004a28     libucrt:lcidtoname_downlevel.obj
 0001:00003a38       ??_C@_1M@MFLCCMPB@?$AAt?$AAr?$AA?9?$AAT?$AAR@ 0000000180004a38     libucrt:lcidtoname_downlevel.obj
 0001:00003a48       ??_C@_1M@OIJHDKJN@?$AAu?$AAr?$AA?9?$AAP?$AAK@ 0000000180004a48     libucrt:lcidtoname_downlevel.obj
 0001:00003a58       ??_C@_1M@LHIPCIEK@?$AAi?$AAd?$AA?9?$AAI?$AAD@ 0000000180004a58     libucrt:lcidtoname_downlevel.obj
 0001:00003a68       ??_C@_1M@MFMOBGI@?$AAu?$AAk?$AA?9?$AAU?$AAA@ 0000000180004a68     libucrt:lcidtoname_downlevel.obj
 0001:00003a78       ??_C@_1M@OBGLJIPL@?$AAb?$AAe?$AA?9?$AAB?$AAY@ 0000000180004a78     libucrt:lcidtoname_downlevel.obj
 0001:00003a88       ??_C@_1M@BCFAJEAD@?$AAs?$AAl?$AA?9?$AAS?$AAI@ 0000000180004a88     libucrt:lcidtoname_downlevel.obj
 0001:00003a98       ??_C@_1M@FKFFEDDN@?$AAe?$AAt?$AA?9?$AAE?$AAE@ 0000000180004a98     libucrt:lcidtoname_downlevel.obj
 0001:00003aa8       ??_C@_1M@KGKKAACI@?$AAl?$AAv?$AA?9?$AAL?$AAV@ 0000000180004aa8     libucrt:lcidtoname_downlevel.obj
 0001:00003ab8       ??_C@_1M@IFGBIJO@?$AAl?$AAt?$AA?9?$AAL?$AAT@ 0000000180004ab8     libucrt:lcidtoname_downlevel.obj
 0001:00003ac8       ??_C@_1M@FGEAHEDM@?$AAf?$AAa?$AA?9?$AAI?$AAR@ 0000000180004ac8     libucrt:lcidtoname_downlevel.obj
 0001:00003ad8       ??_C@_1M@KBMAIBFN@?$AAv?$AAi?$AA?9?$AAV?$AAN@ 0000000180004ad8     libucrt:lcidtoname_downlevel.obj
 0001:00003ae8       ??_C@_1M@GPCBKDJK@?$AAh?$AAy?$AA?9?$AAA?$AAM@ 0000000180004ae8     libucrt:lcidtoname_downlevel.obj
 0001:00003af8       ??_C@_1BG@BECMDDJB@?$AAa?$AAz?$AA?9?$AAA?$AAZ?$AA?9?$AAL?$AAa?$AAt?$AAn@ 0000000180004af8     libucrt:lcidtoname_downlevel.obj
 0001:00003b10       ??_C@_1M@MAOFCAEA@?$AAe?$AAu?$AA?9?$AAE?$AAS@ 0000000180004b10     libucrt:lcidtoname_downlevel.obj
 0001:00003b20       ??_C@_1M@IGHABKPI@?$AAm?$AAk?$AA?9?$AAM?$AAK@ 0000000180004b20     libucrt:lcidtoname_downlevel.obj
 0001:00003b30       ??_C@_1M@IAIGNEJG@?$AAt?$AAn?$AA?9?$AAZ?$AAA@ 0000000180004b30     libucrt:lcidtoname_downlevel.obj
 0001:00003b40       ??_C@_1M@IIJCOJFA@?$AAx?$AAh?$AA?9?$AAZ?$AAA@ 0000000180004b40     libucrt:lcidtoname_downlevel.obj
 0001:00003b50       ??_C@_1M@LGPJHNJH@?$AAz?$AAu?$AA?9?$AAZ?$AAA@ 0000000180004b50     libucrt:lcidtoname_downlevel.obj
 0001:00003b60       ??_C@_1M@HOKAOIO@?$AAa?$AAf?$AA?9?$AAZ?$AAA@ 0000000180004b60     libucrt:lcidtoname_downlevel.obj
 0001:00003b70       ??_C@_1M@DPCLHLIE@?$AAk?$AAa?$AA?9?$AAG?$AAE@ 0000000180004b70     libucrt:lcidtoname_downlevel.obj
 0001:00003b80       ??_C@_1M@BLKMHJBI@?$AAf?$AAo?$AA?9?$AAF?$AAO@ 0000000180004b80     libucrt:lcidtoname_downlevel.obj
 0001:00003b90       ??_C@_1M@LGGJAPPB@?$AAh?$AAi?$AA?9?$AAI?$AAN@ 0000000180004b90     libucrt:lcidtoname_downlevel.obj
 0001:00003ba0       ??_C@_1M@FIKPIHFE@?$AAm?$AAt?$AA?9?$AAM?$AAT@ 0000000180004ba0     libucrt:lcidtoname_downlevel.obj
 0001:00003bb0       ??_C@_1M@HEGGPBFA@?$AAs?$AAe?$AA?9?$AAN?$AAO@ 0000000180004bb0     libucrt:lcidtoname_downlevel.obj
 0001:00003bc0       ??_C@_1M@EIBJEEPA@?$AAm?$AAs?$AA?9?$AAM?$AAY@ 0000000180004bc0     libucrt:lcidtoname_downlevel.obj
 0001:00003bd0       ??_C@_1M@FHLBGMPP@?$AAk?$AAk?$AA?9?$AAK?$AAZ@ 0000000180004bd0     libucrt:lcidtoname_downlevel.obj
 0001:00003be0       ??_C@_1M@NGJJLCGI@?$AAk?$AAy?$AA?9?$AAK?$AAG@ 0000000180004be0     libucrt:lcidtoname_downlevel.obj
 0001:00003bf0       ??_C@_1M@GIENNBFC@?$AAs?$AAw?$AA?9?$AAK?$AAE@ 0000000180004bf0     libucrt:lcidtoname_downlevel.obj
 0001:00003c00       ??_C@_1BG@NDGMJIMJ@?$AAu?$AAz?$AA?9?$AAU?$AAZ?$AA?9?$AAL?$AAa?$AAt?$AAn@ 0000000180004c00     libucrt:lcidtoname_downlevel.obj
 0001:00003c18       ??_C@_1M@IDCCIHBC@?$AAt?$AAt?$AA?9?$AAR?$AAU@ 0000000180004c18     libucrt:lcidtoname_downlevel.obj
 0001:00003c28       ??_C@_1M@LOICPMOJ@?$AAb?$AAn?$AA?9?$AAI?$AAN@ 0000000180004c28     libucrt:lcidtoname_downlevel.obj
 0001:00003c38       ??_C@_1M@KPKKNEAH@?$AAp?$AAa?$AA?9?$AAI?$AAN@ 0000000180004c38     libucrt:lcidtoname_downlevel.obj
 0001:00003c48       ??_C@_1M@PJGPPBOG@?$AAg?$AAu?$AA?9?$AAI?$AAN@ 0000000180004c48     libucrt:lcidtoname_downlevel.obj
 0001:00003c58       ??_C@_1M@KMKMOPHI@?$AAt?$AAa?$AA?9?$AAI?$AAN@ 0000000180004c58     libucrt:lcidtoname_downlevel.obj
 0001:00003c68       ??_C@_1M@KFEHEPAC@?$AAt?$AAe?$AA?9?$AAI?$AAN@ 0000000180004c68     libucrt:lcidtoname_downlevel.obj
 0001:00003c78       ??_C@_1M@CDCLMGHI@?$AAk?$AAn?$AA?9?$AAI?$AAN@ 0000000180004c78     libucrt:lcidtoname_downlevel.obj
 0001:00003c88       ??_C@_1M@MIODLDKF@?$AAm?$AAl?$AA?9?$AAI?$AAN@ 0000000180004c88     libucrt:lcidtoname_downlevel.obj
 0001:00003c98       ??_C@_1M@PBIEACPO@?$AAm?$AAr?$AA?9?$AAI?$AAN@ 0000000180004c98     libucrt:lcidtoname_downlevel.obj
 0001:00003ca8       ??_C@_1M@NIDEAGPH@?$AAs?$AAa?$AA?9?$AAI?$AAN@ 0000000180004ca8     libucrt:lcidtoname_downlevel.obj
 0001:00003cb8       ??_C@_1M@FHIHCBIO@?$AAm?$AAn?$AA?9?$AAM?$AAN@ 0000000180004cb8     libucrt:lcidtoname_downlevel.obj
 0001:00003cc8       ??_C@_1M@JAIJPENP@?$AAc?$AAy?$AA?9?$AAG?$AAB@ 0000000180004cc8     libucrt:lcidtoname_downlevel.obj
 0001:00003cd8       ??_C@_1M@PHGFBEPN@?$AAg?$AAl?$AA?9?$AAE?$AAS@ 0000000180004cd8     libucrt:lcidtoname_downlevel.obj
 0001:00003ce8       ??_C@_1O@KPIPDNCP@?$AAk?$AAo?$AAk?$AA?9?$AAI?$AAN@ 0000000180004ce8     libucrt:lcidtoname_downlevel.obj
 0001:00003cf8       ??_C@_1O@KNHJLDJA@?$AAs?$AAy?$AAr?$AA?9?$AAS?$AAY@ 0000000180004cf8     libucrt:lcidtoname_downlevel.obj
 0001:00003d08       ??_C@_1O@MKEKBLAH@?$AAd?$AAi?$AAv?$AA?9?$AAM?$AAV@ 0000000180004d08     libucrt:lcidtoname_downlevel.obj
 0001:00003d18       ??_C@_1O@OHDCKDDF@?$AAq?$AAu?$AAz?$AA?9?$AAB?$AAO@ 0000000180004d18     libucrt:lcidtoname_downlevel.obj
 0001:00003d28       ??_C@_1M@LEPJNLFD@?$AAn?$AAs?$AA?9?$AAZ?$AAA@ 0000000180004d28     libucrt:lcidtoname_downlevel.obj
 0001:00003d38       ??_C@_1M@OMLEIIJB@?$AAm?$AAi?$AA?9?$AAN?$AAZ@ 0000000180004d38     libucrt:lcidtoname_downlevel.obj
 0001:00003d48       ??_C@_1M@PMPEAILG@?$AAa?$AAr?$AA?9?$AAI?$AAQ@ 0000000180004d48     libucrt:lcidtoname_downlevel.obj
 0001:00003d58       ??_C@_1M@CNKPNOEE@?$AAd?$AAe?$AA?9?$AAC?$AAH@ 0000000180004d58     libucrt:lcidtoname_downlevel.obj
 0001:00003d68       ??_C@_1M@LKMGMLKO@?$AAe?$AAn?$AA?9?$AAG?$AAB@ 0000000180004d68     libucrt:lcidtoname_downlevel.obj
 0001:00003d78       ??_C@_1M@PGKJFFGL@?$AAe?$AAs?$AA?9?$AAM?$AAX@ 0000000180004d78     libucrt:lcidtoname_downlevel.obj
 0001:00003d88       ??_C@_1M@DNNANBDC@?$AAf?$AAr?$AA?9?$AAB?$AAE@ 0000000180004d88     libucrt:lcidtoname_downlevel.obj
 0001:00003d98       ??_C@_1M@HLGMDFHM@?$AAi?$AAt?$AA?9?$AAC?$AAH@ 0000000180004d98     libucrt:lcidtoname_downlevel.obj
 0001:00003da8       ??_C@_1M@CLLBGJH@?$AAn?$AAl?$AA?9?$AAB?$AAE@ 0000000180004da8     libucrt:lcidtoname_downlevel.obj
 0001:00003db8       ??_C@_1M@BODBOGLF@?$AAn?$AAn?$AA?9?$AAN?$AAO@ 0000000180004db8     libucrt:lcidtoname_downlevel.obj
 0001:00003dc8       ??_C@_1M@HFFAHKAD@?$AAp?$AAt?$AA?9?$AAP?$AAT@ 0000000180004dc8     libucrt:lcidtoname_downlevel.obj
 0001:00003dd8       ??_C@_1BG@LNOAKHIE@?$AAs?$AAr?$AA?9?$AAS?$AAP?$AA?9?$AAL?$AAa?$AAt?$AAn@ 0000000180004dd8     libucrt:lcidtoname_downlevel.obj
 0001:00003df0       ??_C@_1M@HBMHBGAK@?$AAs?$AAv?$AA?9?$AAF?$AAI@ 0000000180004df0     libucrt:lcidtoname_downlevel.obj
 0001:00003e00       ??_C@_1BG@DGCJGJBE@?$AAa?$AAz?$AA?9?$AAA?$AAZ?$AA?9?$AAC?$AAy?$AAr?$AAl@ 0000000180004e00     libucrt:lcidtoname_downlevel.obj
 0001:00003e18       ??_C@_1M@KEJDAAHB@?$AAs?$AAe?$AA?9?$AAS?$AAE@ 0000000180004e18     libucrt:lcidtoname_downlevel.obj
 0001:00003e28       ??_C@_1M@HEIBJJAD@?$AAm?$AAs?$AA?9?$AAB?$AAN@ 0000000180004e28     libucrt:lcidtoname_downlevel.obj
 0001:00003e38       ??_C@_1BG@PBGJMCEM@?$AAu?$AAz?$AA?9?$AAU?$AAZ?$AA?9?$AAC?$AAy?$AAr?$AAl@ 0000000180004e38     libucrt:lcidtoname_downlevel.obj
 0001:00003e50       ??_C@_1O@LAOBCMDF@?$AAq?$AAu?$AAz?$AA?9?$AAE?$AAC@ 0000000180004e50     libucrt:lcidtoname_downlevel.obj
 0001:00003e60       ??_C@_1M@POEEMAIO@?$AAa?$AAr?$AA?9?$AAE?$AAG@ 0000000180004e60     libucrt:lcidtoname_downlevel.obj
 0001:00003e70       ??_C@_1M@EFAKDEDL@?$AAz?$AAh?$AA?9?$AAH?$AAK@ 0000000180004e70     libucrt:lcidtoname_downlevel.obj
 0001:00003e80       ??_C@_1M@HKKIJHGI@?$AAd?$AAe?$AA?9?$AAA?$AAT@ 0000000180004e80     libucrt:lcidtoname_downlevel.obj
 0001:00003e90       ??_C@_1M@KBFBEHJF@?$AAe?$AAn?$AA?9?$AAA?$AAU@ 0000000180004e90     libucrt:lcidtoname_downlevel.obj
 0001:00003ea0       ??_C@_1M@MNPLFAAH@?$AAe?$AAs?$AA?9?$AAE?$AAS@ 0000000180004ea0     libucrt:lcidtoname_downlevel.obj
 0001:00003eb0       ??_C@_1M@HJOOJFMA@?$AAf?$AAr?$AA?9?$AAC?$AAA@ 0000000180004eb0     libucrt:lcidtoname_downlevel.obj
 0001:00003ec0       ??_C@_1BG@JPOFPNAB@?$AAs?$AAr?$AA?9?$AAS?$AAP?$AA?9?$AAC?$AAy?$AAr?$AAl@ 0000000180004ec0     libucrt:lcidtoname_downlevel.obj
 0001:00003ed8       ??_C@_1M@LNFOCMOB@?$AAs?$AAe?$AA?9?$AAF?$AAI@ 0000000180004ed8     libucrt:lcidtoname_downlevel.obj
 0001:00003ee8       ??_C@_1O@MGJBOAMB@?$AAq?$AAu?$AAz?$AA?9?$AAP?$AAE@ 0000000180004ee8     libucrt:lcidtoname_downlevel.obj
 0001:00003ef8       ??_C@_1M@GJINLBOK@?$AAa?$AAr?$AA?9?$AAL?$AAY@ 0000000180004ef8     libucrt:lcidtoname_downlevel.obj
 0001:00003f08       ??_C@_1M@GGMNHJNL@?$AAz?$AAh?$AA?9?$AAS?$AAG@ 0000000180004f08     libucrt:lcidtoname_downlevel.obj
 0001:00003f18       ??_C@_1M@HOIKODND@?$AAd?$AAe?$AA?9?$AAL?$AAU@ 0000000180004f18     libucrt:lcidtoname_downlevel.obj
 0001:00003f28       ??_C@_1M@DDOCCGFG@?$AAe?$AAn?$AA?9?$AAC?$AAA@ 0000000180004f28     libucrt:lcidtoname_downlevel.obj
 0001:00003f38       ??_C@_1M@BNOEMJLF@?$AAe?$AAs?$AA?9?$AAG?$AAT@ 0000000180004f38     libucrt:lcidtoname_downlevel.obj
 0001:00003f48       ??_C@_1M@EOGNKEK@?$AAf?$AAr?$AA?9?$AAC?$AAH@ 0000000180004f48     libucrt:lcidtoname_downlevel.obj
 0001:00003f58       ??_C@_1M@FLIDJFHL@?$AAh?$AAr?$AA?9?$AAB?$AAA@ 0000000180004f58     libucrt:lcidtoname_downlevel.obj
 0001:00003f68       ??_C@_1O@FMCELNAJ@?$AAs?$AAm?$AAj?$AA?9?$AAN?$AAO@ 0000000180004f68     libucrt:lcidtoname_downlevel.obj
 0001:00003f78       ??_C@_1M@JHGLJMGJ@?$AAa?$AAr?$AA?9?$AAD?$AAZ@ 0000000180004f78     libucrt:lcidtoname_downlevel.obj
 0001:00003f88       ??_C@_1M@JKKFDCNP@?$AAz?$AAh?$AA?9?$AAM?$AAO@ 0000000180004f88     libucrt:lcidtoname_downlevel.obj
 0001:00003f98       ??_C@_1M@GEEFALPE@?$AAd?$AAe?$AA?9?$AAL?$AAI@ 0000000180004f98     libucrt:lcidtoname_downlevel.obj
 0001:00003fa8       ??_C@_1M@IGEOFBG@?$AAe?$AAn?$AA?9?$AAN?$AAZ@ 0000000180004fa8     libucrt:lcidtoname_downlevel.obj
 0001:00003fb8       ??_C@_1M@KDBONEHP@?$AAe?$AAs?$AA?9?$AAC?$AAR@ 0000000180004fb8     libucrt:lcidtoname_downlevel.obj
 0001:00003fc8       ??_C@_1M@FHMDOHNN@?$AAf?$AAr?$AA?9?$AAL?$AAU@ 0000000180004fc8     libucrt:lcidtoname_downlevel.obj
 0001:00003fd8       ??_C@_1BG@NFKKMAFG@?$AAb?$AAs?$AA?9?$AAB?$AAA?$AA?9?$AAL?$AAa?$AAt?$AAn@ 0000000180004fd8     libucrt:lcidtoname_downlevel.obj
 0001:00003ff0       ??_C@_1O@IMNBEMCI@?$AAs?$AAm?$AAj?$AA?9?$AAS?$AAE@ 0000000180004ff0     libucrt:lcidtoname_downlevel.obj
 0001:00004000       ??_C@_1M@DHHMBNDP@?$AAa?$AAr?$AA?9?$AAM?$AAA@ 0000000180005000     libucrt:lcidtoname_downlevel.obj
 0001:00004010       ??_C@_1M@BNBLJCGH@?$AAe?$AAn?$AA?9?$AAI?$AAE@ 0000000180005010     libucrt:lcidtoname_downlevel.obj
 0001:00004020       ??_C@_1M@GEPAFMDL@?$AAe?$AAs?$AA?9?$AAP?$AAA@ 0000000180005020     libucrt:lcidtoname_downlevel.obj
 0001:00004030       ??_C@_1M@OJONDMDL@?$AAf?$AAr?$AA?9?$AAM?$AAC@ 0000000180005030     libucrt:lcidtoname_downlevel.obj
 0001:00004040       ??_C@_1BG@OBCNFJB@?$AAs?$AAr?$AA?9?$AAB?$AAA?$AA?9?$AAL?$AAa?$AAt?$AAn@ 0000000180005040     libucrt:lcidtoname_downlevel.obj
 0001:00004058       ??_C@_1O@KEMEEGPO@?$AAs?$AAm?$AAa?$AA?9?$AAN?$AAO@ 0000000180005058     libucrt:lcidtoname_downlevel.obj
 0001:00004068       ??_C@_1M@ELMGFODK@?$AAa?$AAr?$AA?9?$AAT?$AAN@ 0000000180005068     libucrt:lcidtoname_downlevel.obj
 0001:00004078       ??_C@_1M@BHDLHFAF@?$AAe?$AAn?$AA?9?$AAZ?$AAA@ 0000000180005078     libucrt:lcidtoname_downlevel.obj
 0001:00004088       ??_C@_1M@BMGIGLIF@?$AAe?$AAs?$AA?9?$AAD?$AAO@ 0000000180005088     libucrt:lcidtoname_downlevel.obj
 0001:00004098       ??_C@_1BG@CMBHIPBE@?$AAs?$AAr?$AA?9?$AAB?$AAA?$AA?9?$AAC?$AAy?$AAr?$AAl@ 0000000180005098     libucrt:lcidtoname_downlevel.obj
 0001:000040b0       ??_C@_1O@HEDBLHNP@?$AAs?$AAm?$AAa?$AA?9?$AAS?$AAE@ 00000001800050b0     libucrt:lcidtoname_downlevel.obj
 0001:000040c0       ??_C@_1M@DAGCADIM@?$AAa?$AAr?$AA?9?$AAO?$AAM@ 00000001800050c0     libucrt:lcidtoname_downlevel.obj
 0001:000040d0       ??_C@_1M@FODLMICG@?$AAe?$AAn?$AA?9?$AAJ?$AAM@ 00000001800050d0     libucrt:lcidtoname_downlevel.obj
 0001:000040e0       ??_C@_1M@DNMLCIHB@?$AAe?$AAs?$AA?9?$AAV?$AAE@ 00000001800050e0     libucrt:lcidtoname_downlevel.obj
 0001:000040f0       ??_C@_1O@EOKHMKJK@?$AAs?$AAm?$AAs?$AA?9?$AAF?$AAI@ 00000001800050f0     libucrt:lcidtoname_downlevel.obj
 0001:00004100       ??_C@_1M@CAFJMKOF@?$AAa?$AAr?$AA?9?$AAY?$AAE@ 0000000180005100     libucrt:lcidtoname_downlevel.obj
 0001:00004110       ??_C@_1M@CBFHIJLI@?$AAe?$AAn?$AA?9?$AAC?$AAB@ 0000000180005110     libucrt:lcidtoname_downlevel.obj
 0001:00004120       ??_C@_1M@BGNFLDN@?$AAe?$AAs?$AA?9?$AAC?$AAO@ 0000000180005120     libucrt:lcidtoname_downlevel.obj
 0001:00004130       ??_C@_1O@JMPHMAMC@?$AAs?$AAm?$AAn?$AA?9?$AAF?$AAI@ 0000000180005130     libucrt:lcidtoname_downlevel.obj
 0001:00004140       ??_C@_1M@JLANABKE@?$AAa?$AAr?$AA?9?$AAS?$AAY@ 0000000180005140     libucrt:lcidtoname_downlevel.obj
 0001:00004150       ??_C@_1M@HPKGCFGN@?$AAe?$AAn?$AA?9?$AAB?$AAZ@ 0000000180005150     libucrt:lcidtoname_downlevel.obj
 0001:00004160       ??_C@_1M@OLJCMLGM@?$AAe?$AAs?$AA?9?$AAP?$AAE@ 0000000180005160     libucrt:lcidtoname_downlevel.obj
 0001:00004170       ??_C@_1M@MKKGFKLE@?$AAa?$AAr?$AA?9?$AAJ?$AAO@ 0000000180005170     libucrt:lcidtoname_downlevel.obj
 0001:00004180       ??_C@_1M@EKPGLDNI@?$AAe?$AAn?$AA?9?$AAT?$AAT@ 0000000180005180     libucrt:lcidtoname_downlevel.obj
 0001:00004190       ??_C@_1M@OONGHFHE@?$AAe?$AAs?$AA?9?$AAA?$AAR@ 0000000180005190     libucrt:lcidtoname_downlevel.obj
 0001:000041a0       ??_C@_1M@OOJFGBHE@?$AAa?$AAr?$AA?9?$AAL?$AAB@ 00000001800051a0     libucrt:lcidtoname_downlevel.obj
 0001:000041b0       ??_C@_1M@GCEJHNEG@?$AAe?$AAn?$AA?9?$AAZ?$AAW@ 00000001800051b0     libucrt:lcidtoname_downlevel.obj
 0001:000041c0       ??_C@_1M@JNOCAHJI@?$AAe?$AAs?$AA?9?$AAE?$AAC@ 00000001800051c0     libucrt:lcidtoname_downlevel.obj
 0001:000041d0       ??_C@_1M@JEFHPGGB@?$AAa?$AAr?$AA?9?$AAK?$AAW@ 00000001800051d0     libucrt:lcidtoname_downlevel.obj
 0001:000041e0       ??_C@_1M@MLKIBJOJ@?$AAe?$AAn?$AA?9?$AAP?$AAH@ 00000001800051e0     libucrt:lcidtoname_downlevel.obj
 0001:000041f0       ??_C@_1M@BDNIPEND@?$AAe?$AAs?$AA?9?$AAC?$AAL@ 00000001800051f0     libucrt:lcidtoname_downlevel.obj
 0001:00004200       ??_C@_1M@MPNMEKBD@?$AAa?$AAr?$AA?9?$AAA?$AAE@ 0000000180005200     libucrt:lcidtoname_downlevel.obj
 0001:00004210       ??_C@_1M@KBJALCPI@?$AAe?$AAs?$AA?9?$AAU?$AAY@ 0000000180005210     libucrt:lcidtoname_downlevel.obj
 0001:00004220       ??_C@_1M@LLCCOAGA@?$AAa?$AAr?$AA?9?$AAB?$AAH@ 0000000180005220     libucrt:lcidtoname_downlevel.obj
 0001:00004230       ??_C@_1M@PBFNCDEL@?$AAe?$AAs?$AA?9?$AAP?$AAY@ 0000000180005230     libucrt:lcidtoname_downlevel.obj
 0001:00004240       ??_C@_1M@EDGINPNP@?$AAa?$AAr?$AA?9?$AAQ?$AAA@ 0000000180005240     libucrt:lcidtoname_downlevel.obj
 0001:00004250       ??_C@_1M@MKDBIIJI@?$AAe?$AAs?$AA?9?$AAB?$AAO@ 0000000180005250     libucrt:lcidtoname_downlevel.obj
 0001:00004260       ??_C@_1M@CPKKEBLD@?$AAe?$AAs?$AA?9?$AAS?$AAV@ 0000000180005260     libucrt:lcidtoname_downlevel.obj
 0001:00004270       ??_C@_1M@NDBGMMJL@?$AAe?$AAs?$AA?9?$AAH?$AAN@ 0000000180005270     libucrt:lcidtoname_downlevel.obj
 0001:00004280       ??_C@_1M@JIJIBHDP@?$AAe?$AAs?$AA?9?$AAN?$AAI@ 0000000180005280     libucrt:lcidtoname_downlevel.obj
 0001:00004290       ??_C@_1M@CGFMKEEK@?$AAe?$AAs?$AA?9?$AAP?$AAR@ 0000000180005290     libucrt:lcidtoname_downlevel.obj
 0001:000042a0       ??_C@_1O@ICJHKIIK@?$AAz?$AAh?$AA?9?$AAC?$AAH?$AAT@ 00000001800052a0     libucrt:lcidtoname_downlevel.obj
 0001:000042b0       ??_C@_15CLNEJCE@?$AAs?$AAr@ 00000001800052b0     libucrt:lcidtoname_downlevel.obj
 0001:00005100       ??_C@_1M@KAHEKEIG@?$AAa?$AAf?$AA?9?$AAz?$AAa@ 0000000180006100     libucrt:lcidtoname_downlevel.obj
 0001:00005110       ??_C@_1M@GIECOABL@?$AAa?$AAr?$AA?9?$AAa?$AAe@ 0000000180006110     libucrt:lcidtoname_downlevel.obj
 0001:00005120       ??_C@_1M@BMLMEKGI@?$AAa?$AAr?$AA?9?$AAb?$AAh@ 0000000180006120     libucrt:lcidtoname_downlevel.obj
 0001:00005130       ??_C@_1M@DAPFDGGB@?$AAa?$AAr?$AA?9?$AAd?$AAz@ 0000000180006130     libucrt:lcidtoname_downlevel.obj
 0001:00005140       ??_C@_1M@FJNKGKIG@?$AAa?$AAr?$AA?9?$AAe?$AAg@ 0000000180006140     libucrt:lcidtoname_downlevel.obj
 0001:00005150       ??_C@_1M@FLGKKCLO@?$AAa?$AAr?$AA?9?$AAi?$AAq@ 0000000180006150     libucrt:lcidtoname_downlevel.obj
 0001:00005160       ??_C@_1M@GNDIPALM@?$AAa?$AAr?$AA?9?$AAj?$AAo@ 0000000180006160     libucrt:lcidtoname_downlevel.obj
 0001:00005170       ??_C@_1M@DDMJFMGJ@?$AAa?$AAr?$AA?9?$AAk?$AAw@ 0000000180006170     libucrt:lcidtoname_downlevel.obj
 0001:00005180       ??_C@_1M@EJALMLHM@?$AAa?$AAr?$AA?9?$AAl?$AAb@ 0000000180006180     libucrt:lcidtoname_downlevel.obj
 0001:00005190       ??_C@_1M@MOBDBLOC@?$AAa?$AAr?$AA?9?$AAl?$AAy@ 0000000180006190     libucrt:lcidtoname_downlevel.obj
 0001:000051a0       ??_C@_1M@JAOCLHDH@?$AAa?$AAr?$AA?9?$AAm?$AAa@ 00000001800061a0     libucrt:lcidtoname_downlevel.obj
 0001:000051b0       ??_C@_1M@JHPMKJIE@?$AAa?$AAr?$AA?9?$AAo?$AAm@ 00000001800061b0     libucrt:lcidtoname_downlevel.obj
 0001:000051c0       ??_C@_1M@OEPGHFNH@?$AAa?$AAr?$AA?9?$AAq?$AAa@ 00000001800061c0     libucrt:lcidtoname_downlevel.obj
 0001:000051d0       ??_C@_1M@KJDONENM@?$AAa?$AAr?$AA?9?$AAs?$AAa@ 00000001800061d0     libucrt:lcidtoname_downlevel.obj
 0001:000051e0       ??_C@_1M@DMJDKLKM@?$AAa?$AAr?$AA?9?$AAs?$AAy@ 00000001800061e0     libucrt:lcidtoname_downlevel.obj
 0001:000051f0       ??_C@_1M@OMFIPEDC@?$AAa?$AAr?$AA?9?$AAt?$AAn@ 00000001800061f0     libucrt:lcidtoname_downlevel.obj
 0001:00005200       ??_C@_1M@IHMHGAON@?$AAa?$AAr?$AA?9?$AAy?$AAe@ 0000000180006200     libucrt:lcidtoname_downlevel.obj
 0001:00005210       ??_C@_1BG@KDCPGJGB@?$AAa?$AAz?$AA?9?$AAa?$AAz?$AA?9?$AAc?$AAy?$AAr?$AAl@ 0000000180006210     libucrt:lcidtoname_downlevel.obj
 0001:00005228       ??_C@_1BG@IBCKDDOE@?$AAa?$AAz?$AA?9?$AAa?$AAz?$AA?9?$AAl?$AAa?$AAt?$AAn@ 0000000180006228     libucrt:lcidtoname_downlevel.obj
 0001:00005240       ??_C@_1M@EGPFDCPD@?$AAb?$AAe?$AA?9?$AAb?$AAy@ 0000000180006240     libucrt:lcidtoname_downlevel.obj
 0001:00005250       ??_C@_1M@PCMGMCGC@?$AAb?$AAg?$AA?9?$AAb?$AAg@ 0000000180006250     libucrt:lcidtoname_downlevel.obj
 0001:00005260       ??_C@_1M@BJBMFGOB@?$AAb?$AAn?$AA?9?$AAi?$AAn@ 0000000180006260     libucrt:lcidtoname_downlevel.obj
 0001:00005270       ??_C@_1BG@EAKMMACD@?$AAb?$AAs?$AA?9?$AAb?$AAa?$AA?9?$AAl?$AAa?$AAt?$AAn@ 0000000180006270     libucrt:lcidtoname_downlevel.obj
 0001:00005288       ??_C@_1M@KGADAODK@?$AAc?$AAa?$AA?9?$AAe?$AAs@ 0000000180006288     libucrt:lcidtoname_downlevel.obj
 0001:00005298       ??_C@_1M@COAJPDHI@?$AAc?$AAs?$AA?9?$AAc?$AAz@ 0000000180006298     libucrt:lcidtoname_downlevel.obj
 0001:000052a8       ??_C@_1M@DHBHFONH@?$AAc?$AAy?$AA?9?$AAg?$AAb@ 00000001800062a8     libucrt:lcidtoname_downlevel.obj
 0001:000052b8       ??_C@_1M@IMGKELGA@?$AAd?$AAa?$AA?9?$AAd?$AAk@ 00000001800062b8     libucrt:lcidtoname_downlevel.obj
 0001:000052c8       ??_C@_1M@NNDGDNGA@?$AAd?$AAe?$AA?9?$AAa?$AAt@ 00000001800062c8     libucrt:lcidtoname_downlevel.obj
 0001:000052d8       ??_C@_1M@IKDBHEEM@?$AAd?$AAe?$AA?9?$AAc?$AAh@ 00000001800062d8     libucrt:lcidtoname_downlevel.obj
 0001:000052e8       ??_C@_1M@GFFOJMCJ@?$AAd?$AAe?$AA?9?$AAd?$AAe@ 00000001800062e8     libucrt:lcidtoname_downlevel.obj
 0001:000052f8       ??_C@_1M@MDNLKBPM@?$AAd?$AAe?$AA?9?$AAl?$AAi@ 00000001800062f8     libucrt:lcidtoname_downlevel.obj
 0001:00005308       ??_C@_1M@NJBEEJNL@?$AAd?$AAe?$AA?9?$AAl?$AAu@ 0000000180006308     libucrt:lcidtoname_downlevel.obj
 0001:00005318       ??_C@_1O@GNNELBAP@?$AAd?$AAi?$AAv?$AA?9?$AAm?$AAv@ 0000000180006318     libucrt:lcidtoname_downlevel.obj
 0001:00005328       ??_C@_1M@EJLEOGAE@?$AAe?$AAl?$AA?9?$AAg?$AAr@ 0000000180006328     libucrt:lcidtoname_downlevel.obj
 0001:00005338       ??_C@_1M@GMPONJN@?$AAe?$AAn?$AA?9?$AAa?$AAu@ 0000000180006338     libucrt:lcidtoname_downlevel.obj
 0001:00005348       ??_C@_1M@NIDIIPGF@?$AAe?$AAn?$AA?9?$AAb?$AAz@ 0000000180006348     libucrt:lcidtoname_downlevel.obj
 0001:00005358       ??_C@_1M@JEHMIMFO@?$AAe?$AAn?$AA?9?$AAc?$AAa@ 0000000180006358     libucrt:lcidtoname_downlevel.obj
 0001:00005368       ??_C@_1M@IGMJCDLA@?$AAe?$AAn?$AA?9?$AAc?$AAb@ 0000000180006368     libucrt:lcidtoname_downlevel.obj
 0001:00005378       ??_C@_1M@BNFIGBKG@?$AAe?$AAn?$AA?9?$AAg?$AAb@ 0000000180006378     libucrt:lcidtoname_downlevel.obj
 0001:00005388       ??_C@_1M@LKIFDIGP@?$AAe?$AAn?$AA?9?$AAi?$AAe@ 0000000180006388     libucrt:lcidtoname_downlevel.obj
 0001:00005398       ??_C@_1M@PJKFGCCO@?$AAe?$AAn?$AA?9?$AAj?$AAm@ 0000000180006398     libucrt:lcidtoname_downlevel.obj
 0001:000053a8       ??_C@_1M@KPPKEPBO@?$AAe?$AAn?$AA?9?$AAn?$AAz@ 00000001800063a8     libucrt:lcidtoname_downlevel.obj
 0001:000053b8       ??_C@_1M@GMDGLDOB@?$AAe?$AAn?$AA?9?$AAp?$AAh@ 00000001800063b8     libucrt:lcidtoname_downlevel.obj
 0001:000053c8       ??_C@_1M@ONGIBJNA@?$AAe?$AAn?$AA?9?$AAt?$AAt@ 00000001800063c8     libucrt:lcidtoname_downlevel.obj
 0001:000053d8       ??_C@_1M@LLODPCMM@?$AAe?$AAn?$AA?9?$AAu?$AAs@ 00000001800063d8     libucrt:lcidtoname_downlevel.obj
 0001:000053e8       ??_C@_1M@LAKFNPAN@?$AAe?$AAn?$AA?9?$AAz?$AAa@ 00000001800063e8     libucrt:lcidtoname_downlevel.obj
 0001:000053f8       ??_C@_1M@MFNHNHEO@?$AAe?$AAn?$AA?9?$AAz?$AAw@ 00000001800063f8     libucrt:lcidtoname_downlevel.obj
 0001:00005408       ??_C@_1M@EJEINPHM@?$AAe?$AAs?$AA?9?$AAa?$AAr@ 0000000180006408     libucrt:lcidtoname_downlevel.obj
 0001:00005418       ??_C@_1M@GNKPCCJA@?$AAe?$AAs?$AA?9?$AAb?$AAo@ 0000000180006418     libucrt:lcidtoname_downlevel.obj
 0001:00005428       ??_C@_1M@LEEGFONL@?$AAe?$AAs?$AA?9?$AAc?$AAl@ 0000000180006428     libucrt:lcidtoname_downlevel.obj
 0001:00005438       ??_C@_1M@KGPDPBDF@?$AAe?$AAs?$AA?9?$AAc?$AAo@ 0000000180006438     libucrt:lcidtoname_downlevel.obj
 0001:00005448       ??_C@_1M@EIAHOHH@?$AAe?$AAs?$AA?9?$AAc?$AAr@ 0000000180006448     libucrt:lcidtoname_downlevel.obj
 0001:00005458       ??_C@_1M@LLPGMBIN@?$AAe?$AAs?$AA?9?$AAd?$AAo@ 0000000180006458     libucrt:lcidtoname_downlevel.obj
 0001:00005468       ??_C@_1M@DKHMKNJA@?$AAe?$AAs?$AA?9?$AAe?$AAc@ 0000000180006468     libucrt:lcidtoname_downlevel.obj
 0001:00005478       ??_C@_1M@GKGFPKAP@?$AAe?$AAs?$AA?9?$AAe?$AAs@ 0000000180006478     libucrt:lcidtoname_downlevel.obj
 0001:00005488       ??_C@_1M@LKHKGDLN@?$AAe?$AAs?$AA?9?$AAg?$AAt@ 0000000180006488     libucrt:lcidtoname_downlevel.obj
 0001:00005498       ??_C@_1M@HEIIGGJD@?$AAe?$AAs?$AA?9?$AAh?$AAn@ 0000000180006498     libucrt:lcidtoname_downlevel.obj
 0001:000054a8       ??_C@_1M@FBDHPPGD@?$AAe?$AAs?$AA?9?$AAm?$AAx@ 00000001800064a8     libucrt:lcidtoname_downlevel.obj
 0001:000054b8       ??_C@_1M@DPAGLNDH@?$AAe?$AAs?$AA?9?$AAn?$AAi@ 00000001800064b8     libucrt:lcidtoname_downlevel.obj
 0001:000054c8       ??_C@_1M@MDGOPGDD@?$AAe?$AAs?$AA?9?$AAp?$AAa@ 00000001800064c8     libucrt:lcidtoname_downlevel.obj
 0001:000054d8       ??_C@_1M@EMAMGBGE@?$AAe?$AAs?$AA?9?$AAp?$AAe@ 00000001800064d8     libucrt:lcidtoname_downlevel.obj
 0001:000054e8       ??_C@_1M@IBMCAOEC@?$AAe?$AAs?$AA?9?$AAp?$AAr@ 00000001800064e8     libucrt:lcidtoname_downlevel.obj
 0001:000054f8       ??_C@_1M@FGMDIJED@?$AAe?$AAs?$AA?9?$AAp?$AAy@ 00000001800064f8     libucrt:lcidtoname_downlevel.obj
 0001:00005508       ??_C@_1M@IIDEOLLL@?$AAe?$AAs?$AA?9?$AAs?$AAv@ 0000000180006508     libucrt:lcidtoname_downlevel.obj
 0001:00005518       ??_C@_1M@GAOBIPA@?$AAe?$AAs?$AA?9?$AAu?$AAy@ 0000000180006518     libucrt:lcidtoname_downlevel.obj
 0001:00005528       ??_C@_1M@JKFFICHJ@?$AAe?$AAs?$AA?9?$AAv?$AAe@ 0000000180006528     libucrt:lcidtoname_downlevel.obj
 0001:00005538       ??_C@_1M@PNMLOJDF@?$AAe?$AAt?$AA?9?$AAe?$AAe@ 0000000180006538     libucrt:lcidtoname_downlevel.obj
 0001:00005548       ??_C@_1M@GHHLIKEI@?$AAe?$AAu?$AA?9?$AAe?$AAs@ 0000000180006548     libucrt:lcidtoname_downlevel.obj
 0001:00005558       ??_C@_1M@PBNONODE@?$AAf?$AAa?$AA?9?$AAi?$AAr@ 0000000180006558     libucrt:lcidtoname_downlevel.obj
 0001:00005568       ??_C@_1M@JEEHPMIL@?$AAf?$AAi?$AA?9?$AAf?$AAi@ 0000000180006568     libucrt:lcidtoname_downlevel.obj
 0001:00005578       ??_C@_1M@LMDCNDBA@?$AAf?$AAo?$AA?9?$AAf?$AAo@ 0000000180006578     libucrt:lcidtoname_downlevel.obj
 0001:00005588       ??_C@_1M@JKEOHLDK@?$AAf?$AAr?$AA?9?$AAb?$AAe@ 0000000180006588     libucrt:lcidtoname_downlevel.obj
 0001:00005598       ??_C@_1M@NOHADPMI@?$AAf?$AAr?$AA?9?$AAc?$AAa@ 0000000180006598     libucrt:lcidtoname_downlevel.obj
 0001:000055a8       ??_C@_1M@KDHIHAEC@?$AAf?$AAr?$AA?9?$AAc?$AAh@ 00000001800065a8     libucrt:lcidtoname_downlevel.obj
 0001:000055b8       ??_C@_1M@MMBBFGAK@?$AAf?$AAr?$AA?9?$AAf?$AAr@ 00000001800065b8     libucrt:lcidtoname_downlevel.obj
 0001:000055c8       ??_C@_1M@PAFNENNF@?$AAf?$AAr?$AA?9?$AAl?$AAu@ 00000001800065c8     libucrt:lcidtoname_downlevel.obj
 0001:000055d8       ??_C@_1M@EOHDJGDD@?$AAf?$AAr?$AA?9?$AAm?$AAc@ 00000001800065d8     libucrt:lcidtoname_downlevel.obj
 0001:000055e8       ??_C@_1M@FAPLLOPF@?$AAg?$AAl?$AA?9?$AAe?$AAs@ 00000001800065e8     libucrt:lcidtoname_downlevel.obj
 0001:000055f8       ??_C@_1M@FOPBFLOO@?$AAg?$AAu?$AA?9?$AAi?$AAn@ 00000001800065f8     libucrt:lcidtoname_downlevel.obj
 0001:00005608       ??_C@_1M@KBMCINPM@?$AAh?$AAe?$AA?9?$AAi?$AAl@ 0000000180006608     libucrt:lcidtoname_downlevel.obj
 0001:00005618       ??_C@_1M@BBPHKFPJ@?$AAh?$AAi?$AA?9?$AAi?$AAn@ 0000000180006618     libucrt:lcidtoname_downlevel.obj
 0001:00005628       ??_C@_1M@PMBNDPHD@?$AAh?$AAr?$AA?9?$AAb?$AAa@ 0000000180006628     libucrt:lcidtoname_downlevel.obj
 0001:00005638       ??_C@_1M@BPCKOEGE@?$AAh?$AAr?$AA?9?$AAh?$AAr@ 0000000180006638     libucrt:lcidtoname_downlevel.obj
 0001:00005648       ??_C@_1M@GACBMHKE@?$AAh?$AAu?$AA?9?$AAh?$AAu@ 0000000180006648     libucrt:lcidtoname_downlevel.obj
 0001:00005658       ??_C@_1M@MILPAJJC@?$AAh?$AAy?$AA?9?$AAa?$AAm@ 0000000180006658     libucrt:lcidtoname_downlevel.obj
 0001:00005668       ??_C@_1M@BABBICEC@?$AAi?$AAd?$AA?9?$AAi?$AAd@ 0000000180006668     libucrt:lcidtoname_downlevel.obj
 0001:00005678       ??_C@_1M@BIKNHHPF@?$AAi?$AAs?$AA?9?$AAi?$AAs@ 0000000180006678     libucrt:lcidtoname_downlevel.obj
 0001:00005688       ??_C@_1M@NMPCJPHE@?$AAi?$AAt?$AA?9?$AAc?$AAh@ 0000000180006688     libucrt:lcidtoname_downlevel.obj
 0001:00005698       ??_C@_1M@GHKGFEDF@?$AAi?$AAt?$AA?9?$AAi?$AAt@ 0000000180006698     libucrt:lcidtoname_downlevel.obj
 0001:000056a8       ??_C@_1M@NIEJCJJA@?$AAj?$AAa?$AA?9?$AAj?$AAp@ 00000001800066a8     libucrt:lcidtoname_downlevel.obj
 0001:000056b8       ??_C@_1M@JILFNBIM@?$AAk?$AAa?$AA?9?$AAg?$AAe@ 00000001800066b8     libucrt:lcidtoname_downlevel.obj
 0001:000056c8       ??_C@_1M@PACPMGPH@?$AAk?$AAk?$AA?9?$AAk?$AAz@ 00000001800066c8     libucrt:lcidtoname_downlevel.obj
 0001:000056d8       ??_C@_1M@IELFGMHA@?$AAk?$AAn?$AA?9?$AAi?$AAn@ 00000001800066d8     libucrt:lcidtoname_downlevel.obj
 0001:000056e8       ??_C@_1O@IBBJHCH@?$AAk?$AAo?$AAk?$AA?9?$AAi?$AAn@ 00000001800066e8     libucrt:lcidtoname_downlevel.obj
 0001:000056f8       ??_C@_1M@DMHAEOGC@?$AAk?$AAo?$AA?9?$AAk?$AAr@ 00000001800066f8     libucrt:lcidtoname_downlevel.obj
 0001:00005708       ??_C@_1M@HBAHBIGA@?$AAk?$AAy?$AA?9?$AAk?$AAg@ 0000000180006708     libucrt:lcidtoname_downlevel.obj
 0001:00005718       ??_C@_1M@KPMILCJG@?$AAl?$AAt?$AA?9?$AAl?$AAt@ 0000000180006718     libucrt:lcidtoname_downlevel.obj
 0001:00005728       ??_C@_1M@BDEKKCA@?$AAl?$AAv?$AA?9?$AAl?$AAv@ 0000000180006728     libucrt:lcidtoname_downlevel.obj
 0001:00005738       ??_C@_1M@ELCKCCJJ@?$AAm?$AAi?$AA?9?$AAn?$AAz@ 0000000180006738     libucrt:lcidtoname_downlevel.obj
 0001:00005748       ??_C@_1M@CBOOLAPA@?$AAm?$AAk?$AA?9?$AAm?$AAk@ 0000000180006748     libucrt:lcidtoname_downlevel.obj
 0001:00005758       ??_C@_1M@GPHNBJKN@?$AAm?$AAl?$AA?9?$AAi?$AAn@ 0000000180006758     libucrt:lcidtoname_downlevel.obj
 0001:00005768       ??_C@_1M@PABJILIG@?$AAm?$AAn?$AA?9?$AAm?$AAn@ 0000000180006768     libucrt:lcidtoname_downlevel.obj
 0001:00005778       ??_C@_1M@FGBKKIPG@?$AAm?$AAr?$AA?9?$AAi?$AAn@ 0000000180006778     libucrt:lcidtoname_downlevel.obj
 0001:00005788       ??_C@_1M@NDBPDDAL@?$AAm?$AAs?$AA?9?$AAb?$AAn@ 0000000180006788     libucrt:lcidtoname_downlevel.obj
 0001:00005798       ??_C@_1M@OPIHOOPI@?$AAm?$AAs?$AA?9?$AAm?$AAy@ 0000000180006798     libucrt:lcidtoname_downlevel.obj
 0001:000057a8       ??_C@_1M@PPDBCNFM@?$AAm?$AAt?$AA?9?$AAm?$AAt@ 00000001800067a8     libucrt:lcidtoname_downlevel.obj
 0001:000057b8       ??_C@_1M@KDJDKMDD@?$AAn?$AAb?$AA?9?$AAn?$AAo@ 00000001800067b8     libucrt:lcidtoname_downlevel.obj
 0001:000057c8       ??_C@_1M@KFCFLMJP@?$AAn?$AAl?$AA?9?$AAb?$AAe@ 00000001800067c8     libucrt:lcidtoname_downlevel.obj
 0001:000057d8       ??_C@_1M@KPOPDDGO@?$AAn?$AAl?$AA?9?$AAn?$AAl@ 00000001800067d8     libucrt:lcidtoname_downlevel.obj
 0001:000057e8       ??_C@_1M@LJKPEMLN@?$AAn?$AAn?$AA?9?$AAn?$AAo@ 00000001800067e8     libucrt:lcidtoname_downlevel.obj
 0001:000057f8       ??_C@_1M@BDGHHBFL@?$AAn?$AAs?$AA?9?$AAz?$AAa@ 00000001800067f8     libucrt:lcidtoname_downlevel.obj
 0001:00005808       ??_C@_1M@IDEHOAP@?$AAp?$AAa?$AA?9?$AAi?$AAn@ 0000000180006808     libucrt:lcidtoname_downlevel.obj
 0001:00005818       ??_C@_1M@HDBKGOGH@?$AAp?$AAl?$AA?9?$AAp?$AAl@ 0000000180006818     libucrt:lcidtoname_downlevel.obj
 0001:00005828       ??_C@_1M@LJLLCMEH@?$AAp?$AAt?$AA?9?$AAb?$AAr@ 0000000180006828     libucrt:lcidtoname_downlevel.obj
 0001:00005838       ??_C@_1M@NCMONAAL@?$AAp?$AAt?$AA?9?$AAp?$AAt@ 0000000180006838     libucrt:lcidtoname_downlevel.obj
 0001:00005848       ??_C@_1O@EAKMAJDN@?$AAq?$AAu?$AAz?$AA?9?$AAb?$AAo@ 0000000180006848     libucrt:lcidtoname_downlevel.obj
 0001:00005858       ??_C@_1O@BHHPIGDN@?$AAq?$AAu?$AAz?$AA?9?$AAe?$AAc@ 0000000180006858     libucrt:lcidtoname_downlevel.obj
 0001:00005868       ??_C@_1O@GBAPEKMJ@?$AAq?$AAu?$AAz?$AA?9?$AAp?$AAe@ 0000000180006868     libucrt:lcidtoname_downlevel.obj
 0001:00005878       ??_C@_1M@CLGLEFBO@?$AAr?$AAo?$AA?9?$AAr?$AAo@ 0000000180006878     libucrt:lcidtoname_downlevel.obj
 0001:00005888       ??_C@_1M@CEEDODME@?$AAr?$AAu?$AA?9?$AAr?$AAu@ 0000000180006888     libucrt:lcidtoname_downlevel.obj
 0001:00005898       ??_C@_1M@HPKKKMPP@?$AAs?$AAa?$AA?9?$AAi?$AAn@ 0000000180006898     libucrt:lcidtoname_downlevel.obj
 0001:000058a8       ??_C@_1M@BKMAIGOJ@?$AAs?$AAe?$AA?9?$AAf?$AAi@ 00000001800068a8     libucrt:lcidtoname_downlevel.obj
 0001:000058b8       ??_C@_1M@NDPIFLFI@?$AAs?$AAe?$AA?9?$AAn?$AAo@ 00000001800068b8     libucrt:lcidtoname_downlevel.obj
 0001:000058c8       ??_C@_1M@DANKKHJ@?$AAs?$AAe?$AA?9?$AAs?$AAe@ 00000001800068c8     libucrt:lcidtoname_downlevel.obj
 0001:000058d8       ??_C@_1M@PNBLONPJ@?$AAs?$AAk?$AA?9?$AAs?$AAk@ 00000001800068d8     libucrt:lcidtoname_downlevel.obj
 0001:000058e8       ??_C@_1M@LFMODOAL@?$AAs?$AAl?$AA?9?$AAs?$AAi@ 00000001800068e8     libucrt:lcidtoname_downlevel.obj
 0001:000058f8       ??_C@_1O@DFKOMPG@?$AAs?$AAm?$AAa?$AA?9?$AAn?$AAo@ 00000001800068f8     libucrt:lcidtoname_downlevel.obj
 0001:00005908       ??_C@_1O@NDKPBNNH@?$AAs?$AAm?$AAa?$AA?9?$AAs?$AAe@ 0000000180006908     libucrt:lcidtoname_downlevel.obj
 0001:00005918       ??_C@_1O@PLLKBHAB@?$AAs?$AAm?$AAj?$AA?9?$AAn?$AAo@ 0000000180006918     libucrt:lcidtoname_downlevel.obj
 0001:00005928       ??_C@_1O@CLEPOGCA@?$AAs?$AAm?$AAj?$AA?9?$AAs?$AAe@ 0000000180006928     libucrt:lcidtoname_downlevel.obj
 0001:00005938       ??_C@_1O@DLGJGKMK@?$AAs?$AAm?$AAn?$AA?9?$AAf?$AAi@ 0000000180006938     libucrt:lcidtoname_downlevel.obj
 0001:00005948       ??_C@_1O@OJDJGAJC@?$AAs?$AAm?$AAs?$AA?9?$AAf?$AAi@ 0000000180006948     libucrt:lcidtoname_downlevel.obj
 0001:00005958       ??_C@_1M@BOFOGHPB@?$AAs?$AAq?$AA?9?$AAa?$AAl@ 0000000180006958     libucrt:lcidtoname_downlevel.obj
 0001:00005968       ??_C@_1BG@LJBBIPGB@?$AAs?$AAr?$AA?9?$AAb?$AAa?$AA?9?$AAc?$AAy?$AAr?$AAl@ 0000000180006968     libucrt:lcidtoname_downlevel.obj
 0001:00005980       ??_C@_1BG@JLBENFOE@?$AAs?$AAr?$AA?9?$AAb?$AAa?$AA?9?$AAl?$AAa?$AAt?$AAn@ 0000000180006980     libucrt:lcidtoname_downlevel.obj
 0001:00005998       ??_C@_1BG@KODPNHE@?$AAs?$AAr?$AA?9?$AAs?$AAp?$AA?9?$AAc?$AAy?$AAr?$AAl@ 0000000180006998     libucrt:lcidtoname_downlevel.obj
 0001:000059b0       ??_C@_1BG@CIOGKHPB@?$AAs?$AAr?$AA?9?$AAs?$AAp?$AA?9?$AAl?$AAa?$AAt?$AAn@ 00000001800069b0     libucrt:lcidtoname_downlevel.obj
 0001:000059c8       ??_C@_1M@NGFJLMAC@?$AAs?$AAv?$AA?9?$AAf?$AAi@ 00000001800069c8     libucrt:lcidtoname_downlevel.obj
 0001:000059d8       ??_C@_1M@MPJEJAJC@?$AAs?$AAv?$AA?9?$AAs?$AAe@ 00000001800069d8     libucrt:lcidtoname_downlevel.obj
 0001:000059e8       ??_C@_1M@MPNDHLFK@?$AAs?$AAw?$AA?9?$AAk?$AAe@ 00000001800069e8     libucrt:lcidtoname_downlevel.obj
 0001:000059f8       ??_C@_1O@KOHBJJI@?$AAs?$AAy?$AAr?$AA?9?$AAs?$AAy@ 00000001800069f8     libucrt:lcidtoname_downlevel.obj
 0001:00005a08       ??_C@_1M@LDCEFHA@?$AAt?$AAa?$AA?9?$AAi?$AAn@ 0000000180006a08     libucrt:lcidtoname_downlevel.obj
 0001:00005a18       ??_C@_1M@CNJOFAK@?$AAt?$AAe?$AA?9?$AAi?$AAn@ 0000000180006a18     libucrt:lcidtoname_downlevel.obj
 0001:00005a28       ??_C@_1M@GNAECACD@?$AAt?$AAh?$AA?9?$AAt?$AAh@ 0000000180006a28     libucrt:lcidtoname_downlevel.obj
 0001:00005a38       ??_C@_1M@CHBIHOJO@?$AAt?$AAn?$AA?9?$AAz?$AAa@ 0000000180006a38     libucrt:lcidtoname_downlevel.obj
 0001:00005a48       ??_C@_1M@GCCMIGPJ@?$AAt?$AAr?$AA?9?$AAt?$AAr@ 0000000180006a48     libucrt:lcidtoname_downlevel.obj
 0001:00005a58       ??_C@_1M@CELMCNBK@?$AAt?$AAt?$AA?9?$AAr?$AAu@ 0000000180006a58     libucrt:lcidtoname_downlevel.obj
 0001:00005a68       ??_C@_1M@KLMCELGA@?$AAu?$AAk?$AA?9?$AAu?$AAa@ 0000000180006a68     libucrt:lcidtoname_downlevel.obj
 0001:00005a78       ??_C@_1M@EPAJJAJF@?$AAu?$AAr?$AA?9?$AAp?$AAk@ 0000000180006a78     libucrt:lcidtoname_downlevel.obj
 0001:00005a88       ??_C@_1BG@GEGPMCDJ@?$AAu?$AAz?$AA?9?$AAu?$AAz?$AA?9?$AAc?$AAy?$AAr?$AAl@ 0000000180006a88     libucrt:lcidtoname_downlevel.obj
 0001:00005aa0       ??_C@_1BG@EGGKJILM@?$AAu?$AAz?$AA?9?$AAu?$AAz?$AA?9?$AAl?$AAa?$AAt?$AAn@ 0000000180006aa0     libucrt:lcidtoname_downlevel.obj
 0001:00005ab8       ??_C@_1M@GFOCLFF@?$AAv?$AAi?$AA?9?$AAv?$AAn@ 0000000180006ab8     libucrt:lcidtoname_downlevel.obj
 0001:00005ac8       ??_C@_1M@CPAMEDFI@?$AAx?$AAh?$AA?9?$AAz?$AAa@ 0000000180006ac8     libucrt:lcidtoname_downlevel.obj
 0001:00005ad8       ??_C@_1O@EBKIFIGN@?$AAz?$AAh?$AA?9?$AAc?$AAh?$AAs@ 0000000180006ad8     libucrt:lcidtoname_downlevel.obj
 0001:00005ae8       ??_C@_1O@NMHPGANE@?$AAz?$AAh?$AA?9?$AAc?$AAh?$AAt@ 0000000180006ae8     libucrt:lcidtoname_downlevel.obj
 0001:00005af8       ??_C@_1M@LPINJOMC@?$AAz?$AAh?$AA?9?$AAc?$AAn@ 0000000180006af8     libucrt:lcidtoname_downlevel.obj
 0001:00005b08       ??_C@_1M@OCJEJODD@?$AAz?$AAh?$AA?9?$AAh?$AAk@ 0000000180006b08     libucrt:lcidtoname_downlevel.obj
 0001:00005b18       ??_C@_1M@DNDLJINH@?$AAz?$AAh?$AA?9?$AAm?$AAo@ 0000000180006b18     libucrt:lcidtoname_downlevel.obj
 0001:00005b28       ??_C@_1M@MBFDNDND@?$AAz?$AAh?$AA?9?$AAs?$AAg@ 0000000180006b28     libucrt:lcidtoname_downlevel.obj
 0001:00005b38       ??_C@_1M@IMEPLEPE@?$AAz?$AAh?$AA?9?$AAt?$AAw@ 0000000180006b38     libucrt:lcidtoname_downlevel.obj
 0001:00005b48       ??_C@_1M@BBGHNHJP@?$AAz?$AAu?$AA?9?$AAz?$AAa@ 0000000180006b48     libucrt:lcidtoname_downlevel.obj
 0001:00005db0       ??_C@_1BA@BALFACEM@?$AAC?$AAO?$AAN?$AAO?$AAU?$AAT?$AA$@ 0000000180006db0     libucrt:initcon.obj
 0001:00005dc0       __log10_256_lead           0000000180006dc0     libucrt:log10_256_lead_tail_table.obj
 0001:000065d0       __log10_256_tail           00000001800075d0     libucrt:log10_256_lead_tail_table.obj
 0001:00006de0       __log_F_inv_qword          0000000180007de0     libucrt:log_f_inv_qword_table.obj
[...]
 0003:000007e0       $pdata$__acrt_call_reportfault 000000018001c7e0     libucrt:invalid_parameter.obj
 0003:000007ec       $pdata$_invalid_parameter  000000018001c7ec     libucrt:invalid_parameter.obj
 0003:000007f8       $pdata$_errno              000000018001c7f8     libucrt:errno.obj
 0003:00000804       $pdata$__doserrno          000000018001c804     libucrt:errno.obj
 0003:00000810       $pdata$__acrt_errno_map_os_error 000000018001c810     libucrt:errno.obj
 0003:0000081c       $pdata$_calloc_base        000000018001c81c     libucrt:calloc_base.obj
 0003:00000828       $pdata$??$__acrt_mbs_to_wcs_cp@U__crt_win32_buffer_internal_dynamic_resizing@@@@YAHQEBDAEAV?$__crt_win32_buffer@_WU__crt_win32_buffer_internal_dynamic_resizing@@@@I@Z 000000018001c828     libucrt:argv_wildcards.obj
 0003:00000834       $pdata$??$__acrt_wcs_to_mbs_cp@U__crt_win32_buffer_internal_dynamic_resizing@@@@YAHQEB_WAEAV?$__crt_win32_buffer@DU__crt_win32_buffer_internal_dynamic_resizing@@@@I@Z 000000018001c834     libucrt:argv_wildcards.obj
 0003:00000840       $pdata$??$common_expand_argv_wildcards@D@@YAHQEAPEADQEAPEAPEAD@Z 000000018001c840     libucrt:argv_wildcards.obj
 0003:0000084c       $pdata$??$copy_and_add_argument_to_buffer@D@@YAHQEBD0_KAEAV?$argument_list@D@?A0x5f5c8891@@@Z 000000018001c84c     libucrt:argv_wildcards.obj
 0003:00000858       $pdata$??$expand_argument_wildcards@D@@YAHQEAD0AEAV?$argument_list@D@?A0x5f5c8891@@@Z 000000018001c858     libucrt:argv_wildcards.obj
 0003:00000864       $pdata$__acrt_GetModuleFileNameA 000000018001c864     libucrt:getmodulefilenamea.obj
 0003:00000870       $pdata$??$__acrt_wcs_to_mbs_cp@U__crt_win32_buffer_no_resizing@@@@YAHQEB_WAEAV?$__crt_win32_buffer@DU__crt_win32_buffer_no_resizing@@@@I@Z 000000018001c870     libucrt:getmodulefilenamea.obj
 0003:0000087c       $pdata$__acrt_update_thread_multibyte_data 000000018001c87c     libucrt:mbctype.obj
 0003:00000888       $pdata$__acrt_initialize_multibyte 000000018001c888     libucrt:mbctype.obj
 0003:00000894       $pdata$_setmbcp_nolock     000000018001c894     libucrt:mbctype.obj
 0003:000008a0       $pdata$?getSystemCP@@YAHH@Z 000000018001c8a0     libucrt:mbctype.obj
 0003:000008ac       $pdata$?setSBCS@@YAXPEAU__crt_multibyte_data@@@Z 000000018001c8ac     libucrt:mbctype.obj
 0003:000008b8       $pdata$?update_thread_multibyte_data_internal@@YAPEAU__crt_multibyte_data@@QEAU__acrt_ptd@@QEAPEAU1@@Z 000000018001c8b8     libucrt:mbctype.obj
 0003:000008c4       $pdata$?fin$0@?0??update_thread_multibyte_data_internal@@YAPEAU__crt_multibyte_data@@QEAU__acrt_ptd@@QEAPEAU1@@Z@4HA 000000018001c8c4     libucrt:mbctype.obj
 0003:000008d0       $pdata$?setmbcp_internal@@YAHH_NQEAU__acrt_ptd@@QEAPEAU__crt_multibyte_data@@@Z 000000018001c8d0     libucrt:mbctype.obj
 0003:000008dc       $pdata$?setSBUpLow@@YAXPEAU__crt_multibyte_data@@@Z 000000018001c8dc     libucrt:mbctype.obj
 0003:000008e8       $pdata$??$?RV<lambda_efdfa57d1f175319df784efa44bb7b81>@@AEAV<lambda_5f0a4c1567f8adc6734073e5d1e1b35c>@@V<lambda_2e8a7d3640ea6ccb4c2413664c2db6fd>@@@?$__crt_seh_guarded_call@X@@QEAAX$$QEAV<lambda_efdfa57d1f175319df784efa44bb7b81>@@AEAV<lambda_5f0a4c1567f8adc6734073e5d1e1b35c>@@$$QEAV<lambda_2e8a7d3640ea6ccb4c2413664c2db6fd>@@@Z 000000018001c8e8     libucrt:mbctype.obj
 0003:000008f4       $pdata$?x_ismbbtype_l@@YAHPEAU__crt_locale_pointers@@IHH@Z 000000018001c8f4     libucrt:ismbbyte.obj
 0003:00000900       $pdata$__acrt_initialize_command_line 000000018001c900     libucrt:argv_data.obj
 0003:0000090c       $pdata$__acrt_WideCharToMultiByte 000000018001c90c     libucrt:widechartomultibyte.obj
 0003:00000918       $pdata$__dcrt_get_narrow_environment_from_os 000000018001c918     libucrt:get_environment_from_os.obj
 0003:00000924       $pdata$_recalloc_base      000000018001c924     libucrt:recalloc.obj
 0003:00000930       $pdata$__acrt_initialize_winapi_thunks 000000018001c930     libucrt:winapi_thunks.obj
 0003:0000093c       $pdata$__acrt_uninitialize_winapi_thunks 000000018001c93c     libucrt:winapi_thunks.obj
 0003:00000948       $pdata$__acrt_AreFileApisANSI 000000018001c948     libucrt:winapi_thunks.obj
 0003:00000954       $pdata$__acrt_FlsAlloc     000000018001c954     libucrt:winapi_thunks.obj
 0003:00000960       $pdata$__acrt_FlsFree      000000018001c960     libucrt:winapi_thunks.obj
 0003:0000096c       $pdata$__acrt_FlsGetValue  000000018001c96c     libucrt:winapi_thunks.obj
 0003:00000978       $pdata$__acrt_FlsSetValue  000000018001c978     libucrt:winapi_thunks.obj
 0003:00000984       $pdata$__acrt_InitializeCriticalSectionEx 000000018001c984     libucrt:winapi_thunks.obj
 0003:00000990       $pdata$__acrt_LCMapStringEx 000000018001c990     libucrt:winapi_thunks.obj
 0003:0000099c       $pdata$__acrt_LocaleNameToLCID 000000018001c99c     libucrt:winapi_thunks.obj
 0003:000009a8       $pdata$__acrt_AppPolicyGetProcessTerminationMethodInternal 000000018001c9a8     libucrt:winapi_thunks.obj
 0003:000009b4       $pdata$?try_get_function@@YAPEAXW4function_id@?A0x391cf84c@@QEBDQEBW4module_id@2@2@Z 000000018001c9b4     libucrt:winapi_thunks.obj
 0003:000009c0       $pdata$__acrt_initialize_heap 000000018001c9c0     libucrt:heap_handle.obj
 0003:000009cc       $pdata$__acrt_initialize_lowio 000000018001c9cc     libucrt:ioinit.obj
 0003:000009d8       $pdata$__acrt_initialize_lowio$fin$0 000000018001c9d8     libucrt:ioinit.obj
 0003:000009d8       $pdata$__acrt_lowio_ensure_fh_exists$fin$0 000000018001c9d8     libucrt:osfinfo.obj
 0003:000009e4       $pdata$__acrt_uninitialize_lowio 000000018001c9e4     libucrt:ioinit.obj
 0003:000009f0       $pdata$?initialize_inherited_file_handles_nolock@@YAXXZ 000000018001c9f0     libucrt:ioinit.obj
 0003:000009fc       $pdata$?initialize_stdio_handles_nolock@@YAXXZ 000000018001c9fc     libucrt:ioinit.obj
 0003:00000a08       $pdata$__acrt_execute_initializers 000000018001ca08     libucrt:shared_initialization.obj
 0003:00000a14       $pdata$__acrt_execute_uninitializers 000000018001ca14     libucrt:shared_initialization.obj
 0003:00000a20       $pdata$__acrt_get_sigabrt_handler 000000018001ca20     libucrt:signal.obj
 0003:00000a2c       $pdata$raise               000000018001ca2c     libucrt:signal.obj
 0003:00000a38       $pdata$raise$fin$0         000000018001ca38     libucrt:signal.obj
 0003:00000a44       $pdata$??$?RV<lambda_450d765d439847d4c735a33c368b5fc0>@@AEAV<lambda_44731a7d0e6d81c3e6aa82d741081786>@@V<lambda_601a2a7da3b7a96e9554ac7215c4b07c>@@@?$__crt_seh_guarded_call@P6AXH@Z@@QEAAP6AXH@Z$$QEAV<lambda_450d765d439847d4c735a33c368b5fc0>@@AEAV<lambda_44731a7d0e6d81c3e6aa82d741081786>@@$$QEAV<lambda_601a2a7da3b7a96e9554ac7215c4b07c>@@@Z 000000018001ca44     libucrt:signal.obj
 0003:00000a50       $pdata$_fflush_nolock      000000018001ca50     libucrt:fflush.obj
 0003:00000a5c       $pdata$__acrt_stdio_flush_nolock 000000018001ca5c     libucrt:fflush.obj
 0003:00000a68       $pdata$?common_flush_all@@YAH_N@Z 000000018001ca68     libucrt:fflush.obj
 0003:00000a74       $pdata$??$?RV<lambda_842d9ff0dc9ef11c61343bbaebe7f885>@@AEAV<lambda_c5860995281e5c4ce005b3de8f5874ee>@@V<lambda_d90129c13df834fdcbf8d2b88dafcf2d>@@@?$__crt_seh_guarded_call@X@@QEAAX$$QEAV<lambda_842d9ff0dc9ef11c61343bbaebe7f885>@@AEAV<lambda_c5860995281e5c4ce005b3de8f5874ee>@@$$QEAV<lambda_d90129c13df834fdcbf8d2b88dafcf2d>@@@Z 000000018001ca74     libucrt:fflush.obj
 0003:00000a80       $pdata$?fin$0@?0???$?RV<lambda_842d9ff0dc9ef11c61343bbaebe7f885>@@AEAV<lambda_c5860995281e5c4ce005b3de8f5874ee>@@V<lambda_d90129c13df834fdcbf8d2b88dafcf2d>@@@?$__crt_seh_guarded_call@X@@QEAAX$$QEAV<lambda_842d9ff0dc9ef11c61343bbaebe7f885>@@AEAV<lambda_c5860995281e5c4ce005b3de8f5874ee>@@$$QEAV<lambda_d90129c13df834fdcbf8d2b88dafcf2d>@@@Z@4HA 000000018001ca80     libucrt:fflush.obj
 0003:00000a8c       $pdata$??$?RV<lambda_886d6c58226a84441f68b9f2b8217b83>@@AEAV<lambda_ab61a845afdef5b7c387490eaf3616ee>@@V<lambda_f7f22ab5edc0698d5f6905b0d3f44752>@@@?$__crt_seh_guarded_call@X@@QEAAX$$QEAV<lambda_886d6c58226a84441f68b9f2b8217b83>@@AEAV<lambda_ab61a845afdef5b7c387490eaf3616ee>@@$$QEAV<lambda_f7f22ab5edc0698d5f6905b0d3f44752>@@@Z 000000018001ca8c     libucrt:fflush.obj
 0003:00000a98       $pdata$?fin$0@?0???$?RV<lambda_886d6c58226a84441f68b9f2b8217b83>@@AEAV<lambda_ab61a845afdef5b7c387490eaf3616ee>@@V<lambda_f7f22ab5edc0698d5f6905b0d3f44752>@@@?$__crt_seh_guarded_call@X@@QEAAX$$QEAV<lambda_886d6c58226a84441f68b9f2b8217b83>@@AEAV<lambda_ab61a845afdef5b7c387490eaf3616ee>@@$$QEAV<lambda_f7f22ab5edc0698d5f6905b0d3f44752>@@@Z@4HA 000000018001ca98     libucrt:fflush.obj
 0003:00000aa4       $pdata$__acrt_initialize_stdio 000000018001caa4     libucrt:_file.obj
 0003:00000ab0       $pdata$__acrt_uninitialize_stdio 000000018001cab0     libucrt:_file.obj
 0003:00000abc       $pdata$_mbtowc_l           000000018001cabc     libucrt:mbtowc.obj
 0003:00000ac8       $pdata$__acrt_update_locale_info 000000018001cac8     libucrt:locale_update.obj
 0003:00000ad4       $pdata$__acrt_update_multibyte_info 000000018001cad4     libucrt:locale_update.obj
 0003:00000ae0       $pdata$_fileno             000000018001cae0     libucrt:fileno.obj
 0003:00000aec       $pdata$__acrt_uninitialize_locale 000000018001caec     libucrt:wsetlocale.obj
 0003:00000af8       $pdata$??$?RV<lambda_410d79af7f07d98d83a3f525b3859a53>@@AEAV<lambda_3e16ef9562a7dcce91392c22ab16ea36>@@V<lambda_38119f0e861e05405d8a144b9b982f0a>@@@?$__crt_seh_guarded_call@X@@QEAAX$$QEAV<lambda_410d79af7f07d98d83a3f525b3859a53>@@AEAV<lambda_3e16ef9562a7dcce91392c22ab16ea36>@@$$QEAV<lambda_38119f0e861e05405d8a144b9b982f0a>@@@Z 000000018001caf8     libucrt:wsetlocale.obj
 0003:00000b04       $pdata$?fin$0@?0???$?RV<lambda_410d79af7f07d98d83a3f525b3859a53>@@AEAV<lambda_3e16ef9562a7dcce91392c22ab16ea36>@@V<lambda_38119f0e861e05405d8a144b9b982f0a>@@@?$__crt_seh_guarded_call@X@@QEAAX$$QEAV<lambda_410d79af7f07d98d83a3f525b3859a53>@@AEAV<lambda_3e16ef9562a7dcce91392c22ab16ea36>@@$$QEAV<lambda_38119f0e861e05405d8a144b9b982f0a>@@@Z@4HA 000000018001cb04     libucrt:wsetlocale.obj
 0003:00000b10       $pdata$__pctype_func       000000018001cb10     libucrt:ctype.obj
 0003:00000b1c       $pdata$__acrt_release_locale_ref 000000018001cb1c     libucrt:locale_refcounting.obj
 0003:00000b28       $pdata$__acrt_free_locale  000000018001cb28     libucrt:locale_refcounting.obj
 0003:00000b34       $pdata$__acrt_locale_free_lc_time_if_unreferenced 000000018001cb34     libucrt:locale_refcounting.obj
 0003:00000b40       $pdata$__acrt_update_thread_locale_data 000000018001cb40     libucrt:locale_refcounting.obj
 0003:00000b4c       $pdata$__acrt_update_thread_locale_data$fin$0 000000018001cb4c     libucrt:locale_refcounting.obj
 0003:00000b58       $pdata$_updatetlocinfoEx_nolock 000000018001cb58     libucrt:locale_refcounting.obj
 0003:00000b64       $pdata$qsort               000000018001cb64     libucrt:qsort.obj
 0003:00000b70       $pdata$4$qsort             000000018001cb70     libucrt:qsort.obj
 0003:00000b7c       $pdata$5$qsort             000000018001cb7c     libucrt:qsort.obj
 0003:00000b88       $pdata$strncpy_s           000000018001cb88     libucrt:strncpy_s.obj
 0003:00000b94       $pdata$strpbrk             000000018001cb94     libucrt:strpbrk.obj
 0003:00000ba0       $pdata$fallbackMethod      000000018001cba0     libucrt:strpbrk.obj
 0003:00000bac       $pdata$_mbsdec_l           000000018001cbac     libucrt:mbsdec.obj
 0003:00000bb8       $pdata$__acrt_GetStringTypeA 000000018001cbb8     libucrt:getstringtypea.obj
 0003:00000bc4       $pdata$__acrt_LCMapStringA 000000018001cbc4     libucrt:lcmapstringa.obj
 0003:00000bd0       $pdata$?__acrt_LCMapStringA_stat@@YAHPEAU__crt_locale_pointers@@PEB_WKPEBDHPEADHHH@Z 000000018001cbd0     libucrt:lcmapstringa.obj
 0003:00000bdc       $pdata$?initialize_multibyte@@YAHXZ 000000018001cbdc     libucrt:multibyte_initializer.obj
 0003:00000be8       $pdata$_msize_base         000000018001cbe8     libucrt:msize.obj
 0003:00000bf4       $pdata$_realloc_base       000000018001cbf4     libucrt:realloc_base.obj
 0003:00000c00       $pdata$__acrt_DownlevelLocaleNameToLCID 000000018001cc00     libucrt:lcidtoname_downlevel.obj
 0003:00000c0c       $pdata$_get_osfhandle      000000018001cc0c     libucrt:osfinfo.obj
 0003:00000c18       $pdata$_free_osfhnd        000000018001cc18     libucrt:osfinfo.obj
 0003:00000c24       $pdata$__acrt_lowio_create_handle_array 000000018001cc24     libucrt:osfinfo.obj
 0003:00000c30       $pdata$__acrt_lowio_destroy_handle_array 000000018001cc30     libucrt:osfinfo.obj
 0003:00000c3c       $pdata$__acrt_lowio_ensure_fh_exists 000000018001cc3c     libucrt:osfinfo.obj
 0003:00000c48       $pdata$_commit             000000018001cc48     libucrt:commit.obj
 0003:00000c54       $pdata$??$?RV<lambda_a37b2b86f63e897a80ea819b0eb08c01>@@AEAV<lambda_38ce7e780aa69e748d6df282ebc68efe>@@V<lambda_99fb1378e971ab6e7edea83e3a7a83a2>@@@?$__crt_seh_guarded_call@H@@QEAAH$$QEAV<lambda_a37b2b86f63e897a80ea819b0eb08c01>@@AEAV<lambda_38ce7e780aa69e748d6df282ebc68efe>@@$$QEAV<lambda_99fb1378e971ab6e7edea83e3a7a83a2>@@@Z 000000018001cc54     libucrt:commit.obj
 0003:00000c60       $pdata$?fin$0@?0???$?RV<lambda_751a882b2c74d4b022dec766aa51a29a>@@AEAV<lambda_628dfdc04ba53c8bfc02c9951375f3f5>@@V<lambda_f6c7be5f7998530c34de24c7437d6b54>@@@?$__crt_seh_guarded_call@H@@QEAAH$$QEAV<lambda_751a882b2c74d4b022dec766aa51a29a>@@AEAV<lambda_628dfdc04ba53c8bfc02c9951375f3f5>@@$$QEAV<lambda_f6c7be5f7998530c34de24c7437d6b54>@@@Z@4HA 000000018001cc60     libucrt:close.obj
 0003:00000c60       $pdata$?fin$0@?0???$?RV<lambda_a37b2b86f63e897a80ea819b0eb08c01>@@AEAV<lambda_38ce7e780aa69e748d6df282ebc68efe>@@V<lambda_99fb1378e971ab6e7edea83e3a7a83a2>@@@?$__crt_seh_guarded_call@H@@QEAAH$$QEAV<lambda_a37b2b86f63e897a80ea819b0eb08c01>@@AEAV<lambda_38ce7e780aa69e748d6df282ebc68efe>@@$$QEAV<lambda_99fb1378e971ab6e7edea83e3a7a83a2>@@@Z@4HA 000000018001cc60     libucrt:commit.obj
 0003:00000c6c       $pdata$_write              000000018001cc6c     libucrt:write.obj
 0003:00000c78       $pdata$_write$fin$0        000000018001cc78     libucrt:write.obj
 0003:00000c84       $pdata$_write_nolock       000000018001cc84     libucrt:write.obj
 0003:00000c90       $pdata$?write_double_translated_ansi_nolock@@YA?AUwrite_result@?A0x17268360@@HQEBDI@Z 000000018001cc90     libucrt:write.obj
 0003:00000c9c       $pdata$?write_text_ansi_nolock@@YA?AUwrite_result@?A0x17268360@@HQEBDI@Z 000000018001cc9c     libucrt:write.obj
 0003:00000ca8       $pdata$?write_text_utf16le_nolock@@YA?AUwrite_result@?A0x17268360@@HQEBDI@Z 000000018001cca8     libucrt:write.obj
 0003:00000cb4       $pdata$?write_text_utf8_nolock@@YA?AUwrite_result@?A0x17268360@@HQEBDI@Z 000000018001ccb4     libucrt:write.obj
 0003:00000cc0       $pdata$_fcloseall          000000018001ccc0     libucrt:closeall.obj
 0003:00000ccc       $pdata$_fcloseall$fin$0    000000018001cccc     libucrt:closeall.obj
 0003:00000cd8       $pdata$__acrt_stdio_free_buffer_nolock 000000018001ccd8     libucrt:_freebuf.obj
 0003:00000ce4       $pdata$_isatty             000000018001cce4     libucrt:isatty.obj
 0003:00000cf0       $pdata$_isleadbyte_l       000000018001ccf0     libucrt:_wctype.obj
 0003:00000cfc       $pdata$?__mbrtowc_utf8@__crt_mbstring@@YA_KPEA_WPEBD_KPEAU_Mbstatet@@@Z 000000018001ccfc     libucrt:mbrtowc.obj
 0003:00000d08       $pdata$?__mbsrtowcs_utf8@__crt_mbstring@@YA_KPEA_WPEAPEBD_KPEAU_Mbstatet@@@Z 000000018001cd08     libucrt:mbrtowc.obj
 0003:00000d14       $pdata$__acrt_locale_free_monetary 000000018001cd14     libucrt:initmon.obj
 0003:00000d20       $pdata$__acrt_locale_free_numeric 000000018001cd20     libucrt:initnum.obj
 0003:00000d2c       $pdata$__acrt_locale_free_time 000000018001cd2c     libucrt:inittime.obj
 0003:00000d38       $pdata$?free_crt_array_internal@@YAXQEAPEBX_K@Z 000000018001cd38     libucrt:inittime.obj
 0003:00000d44       $pdata$??$common_lseek_nolock@_J@@YA_JH_JH@Z 000000018001cd44     libucrt:lseek.obj
 0003:00000d50       $pdata$_putwch_nolock      000000018001cd50     libucrt:putwch.obj
 0003:00000d5c       $pdata$fclose              000000018001cd5c     libucrt:fclose.obj
 0003:00000d68       $pdata$fclose$fin$0        000000018001cd68     libucrt:fclose.obj
 0003:00000d74       $pdata$_fclose_nolock      000000018001cd74     libucrt:fclose.obj
 0003:00000d80       $pdata$?__mbrtoc32_utf8@__crt_mbstring@@YA_KPEA_UPEBD_KPEAU_Mbstatet@@@Z 000000018001cd80     libucrt:mbrtoc32.obj
 0003:00000d98       $pdata$__dcrt_lowio_ensure_console_output_initialized 000000018001cd98     libucrt:initcon.obj
 0003:00000da4       $pdata$__dcrt_write_console 000000018001cda4     libucrt:initcon.obj
 0003:00000db0       $pdata$__dcrt_terminate_console_output 000000018001cdb0     libucrt:initcon.obj
 0003:00000dbc       $pdata$_close              000000018001cdbc     libucrt:close.obj
 0003:00000dc8       $pdata$_close_nolock       000000018001cdc8     libucrt:close.obj
 0003:00000dd4       $pdata$??$?RV<lambda_751a882b2c74d4b022dec766aa51a29a>@@AEAV<lambda_628dfdc04ba53c8bfc02c9951375f3f5>@@V<lambda_f6c7be5f7998530c34de24c7437d6b54>@@@?$__crt_seh_guarded_call@H@@QEAAH$$QEAV<lambda_751a882b2c74d4b022dec766aa51a29a>@@AEAV<lambda_628dfdc04ba53c8bfc02c9951375f3f5>@@$$QEAV<lambda_f6c7be5f7998530c34de24c7437d6b54>@@@Z 000000018001cdd4     libucrt:close.obj
 0003:00000de0       $pdata$_call_matherr       000000018001cde0     libucrt:libm_error.obj
 0003:00000dec       $pdata$_exception_enabled  000000018001cdec     libucrt:libm_error.obj
 0003:00000df8       $pdata$_handle_error       000000018001cdf8     libucrt:libm_error.obj
 0003:00000e04       $pdata$__acrt_initialize_fma3 000000018001ce04     libucrt:fma3_available.obj
 0003:00000e10       $pdata$_log_special_common 000000018001ce10     libucrt:log_special.obj
 0003:00000e1c       $pdata$_log10_special      000000018001ce1c     libucrt:log_special.obj
 0003:00000e34       $pdata$_set_errno_from_matherr 000000018001ce34     libucrt:fpexcept.obj
 0003:00000e40       $pdata$_raise_exc          000000018001ce40     libucrt:fpexcept.obj
 0003:00000e4c       $pdata$_raise_exc_ex       000000018001ce4c     libucrt:fpexcept.obj
 0003:00000e58       $pdata$_clrfp              000000018001ce58     libucrt:fpctrl.obj
 0003:00000e64       $pdata$_ctrlfp             000000018001ce64     libucrt:fpctrl.obj
 0003:00000e70       $pdata$_ctrlfp$filt$0      000000018001ce70     libucrt:fpctrl.obj
 0003:00000e7c       $pdata$_statfp             000000018001ce7c     libucrt:fpctrl.obj
 0003:00000e88       $pdata$_set_statfp         000000018001ce88     libucrt:fpctrl.obj
 0003:00000e94       $pdata$_IsNonwritableInCurrentImage 000000018001ce94     LIBCMT:pesect.obj
 0003:00000ea0       $pdata$_IsNonwritableInCurrentImage$filt$0 000000018001cea0     LIBCMT:pesect.obj
 0003:00000eac       $pdata$__GSHandlerCheckCommon 000000018001ceac     LIBCMT:gshandler.obj
 0003:00000eb8       $pdata$__GSHandlerCheck    000000018001ceb8     LIBCMT:gshandler.obj
 0003:00000ed0       $pdata$__report_securityfailure 000000018001ced0     LIBCMT:gs_report.obj
 0003:00000edc       $pdata$__report_rangecheckfailure 000000018001cedc     LIBCMT:gs_report.obj
 0003:00000ee8       $pdata$__report_gsfailure  000000018001cee8     LIBCMT:gs_report.obj
 0003:00000ef4       $pdata$capture_current_context 000000018001cef4     LIBCMT:gs_report.obj
 0003:00000f00       $pdata$capture_previous_context 000000018001cf00     LIBCMT:gs_report.obj
 0003:00000f0c       $pdata$__raise_securityfailure 000000018001cf0c     LIBCMT:gs_report.obj
 0004:00000504       .idata$6                   000000018001d504     kernel32:KERNEL32.dll
 0005:00000000       MsetTab                    000000018001e000     libvcruntime:memset.obj
 0005:00000050       MoveSmall                  000000018001e050     libvcruntime:memcpy.obj
 0006:00000060       $R000000                   000000018001f060     FileCase.res
